
--- Iterative Run Started at Tue Jul  7 14:04:29 2026 ---
Building Q_global...
QUBO Matrix completed in 0.0001s
Partitioning in Sub-QUBOs...
3 sub-QUBOs | sizes: [4, 4, 2]
Starting Iterative Loop...

[Sub-QUBO 1/3] 4 entities | weight=2.7505
  phi before: [0. 0.]
  residual capacity: [2.1619 2.1619]
  Solved in 1728.6ms | energy=-28.108604 | feasible=True
  phi after:  [1.4028 1.3477]

[Sub-QUBO 2/3] 4 entities | weight=1.3970
  phi before: [1.4028 1.3477]
  residual capacity: [0.7591 0.8142]
  Solved in 1768.8ms | energy=-21.222026 | feasible=True
  phi after:  [2.0459 2.1016]

[Sub-QUBO 3/3] 2 entities | weight=0.1763
  phi before: [2.0459 2.1016]
  residual capacity: [0.116  0.0603]
  Solved in 736.0ms | energy=-10.013038 | feasible=True
  phi after:  [2.2069 2.1169]

--- Run Complete ---
Final core loads: [2.2069 2.1169]
Load imbalance:   0.089976  (L_avg=2.1619)
Movable entities assigned: 10/10 | Fixed RT assignments: 0
Validating assembled global assignment...
Global assignment feasible: True
Global candidate energy:   -59.343668
Global optimum energy:     -59.347716
Globally optimal:          False
