
--- Iterative Run Started at Tue Jul  7 14:04:33 2026 ---
Building Q_global...
QUBO Matrix completed in 0.0001s
Partitioning in Sub-QUBOs...
3 sub-QUBOs | sizes: [4, 4, 2]
Starting Iterative Loop...

[Sub-QUBO 1/3] 4 entities | weight=2.9084
  phi before: [0. 0.]
  residual capacity: [2.4165 2.4165]
  Solved in 1809.3ms | energy=-29.809539 | feasible=True
  phi after:  [1.5466 1.3617]

[Sub-QUBO 2/3] 4 entities | weight=1.7194
  phi before: [1.5466 1.3617]
  residual capacity: [0.8698 1.0547]
  Solved in 1670.5ms | energy=-21.847746 | feasible=True
  phi after:  [2.3028 2.325 ]

[Sub-QUBO 3/3] 2 entities | weight=0.2051
  phi before: [2.3028 2.325 ]
  residual capacity: [0.1136 0.0915]
  Solved in 697.4ms | energy=-10.021130 | feasible=True
  phi after:  [2.4252 2.4077]

--- Run Complete ---
Final core loads: [2.4252 2.4077]
Load imbalance:   0.017536  (L_avg=2.4165)
Movable entities assigned: 10/10 | Fixed RT assignments: 0
Validating assembled global assignment...
Global assignment feasible: True
Global candidate energy:   -61.678414
Global optimum energy:     -61.678568
Globally optimal:          False
