
--- Iterative Run Started at Tue Jul  7 14:04:07 2026 ---
Building Q_global...
QUBO Matrix completed in 0.0002s
Partitioning in Sub-QUBOs...
3 sub-QUBOs | sizes: [4, 4, 2]
Starting Iterative Loop...

[Sub-QUBO 1/3] 4 entities | weight=3.3716
  phi before: [0. 0.]
  residual capacity: [2.3433 2.3433]
  Solved in 1742.4ms | energy=-30.108079 | feasible=True
  phi after:  [1.7544 1.6172]

[Sub-QUBO 2/3] 4 entities | weight=1.0206
  phi before: [1.7544 1.6172]
  residual capacity: [0.5889 0.7261]
  Solved in 1611.9ms | energy=-20.830628 | feasible=True
  phi after:  [2.1946 2.1976]

[Sub-QUBO 3/3] 2 entities | weight=0.2944
  phi before: [2.1946 2.1976]
  residual capacity: [0.1487 0.1457]
  Solved in 726.1ms | energy=-10.041461 | feasible=True
  phi after:  [2.3739 2.3127]

--- Run Complete ---
Final core loads: [2.3739 2.3127]
Load imbalance:   0.061168  (L_avg=2.3433)
Movable entities assigned: 10/10 | Fixed RT assignments: 0
Validating assembled global assignment...
Global assignment feasible: True
Global candidate energy:   -60.980167
Global optimum energy:     -60.982037
Globally optimal:          False
