
--- Iterative Run Started at Sun Jul  5 16:44:48 2026 ---
Building Q_global...
QUBO Matrix completed in 0.0012s
Partitioning in Sub-QUBOs...
13 sub-QUBOs | sizes: [4, 4, 4, 4, 4, 4, 4, 4, 4, 4, 4, 4, 2]
Starting Iterative Loop...

[Sub-QUBO 1/13] 4 entities | weight=3.8315
  phi before: [0. 0.]
  residual capacity: [12.7216 12.7216]
  Solved in 2295.2ms | energy=-110.142888 | feasible=True
  phi after:  [1.9493 1.8822]

[Sub-QUBO 2/13] 4 entities | weight=3.5296
  phi before: [1.9493 1.8822]
  residual capacity: [10.7723 10.8393]
  Solved in 2225.3ms | energy=-90.053660 | feasible=True
  phi after:  [3.6972 3.6639]

[Sub-QUBO 3/13] 4 entities | weight=3.3940
  phi before: [3.6972 3.6639]
  residual capacity: [9.0244 9.0577]
  Solved in 2219.6ms | energy=-75.611573 | feasible=True
  phi after:  [5.3752 5.38  ]

[Sub-QUBO 4/13] 4 entities | weight=3.1468
  phi before: [5.3752 5.38  ]
  residual capacity: [7.3464 7.3416]
  Solved in 2258.7ms | energy=-61.269339 | feasible=True
  phi after:  [6.9616 6.9403]

[Sub-QUBO 5/13] 4 entities | weight=2.6145
  phi before: [6.9616 6.9403]
  residual capacity: [5.76   5.7813]
  Solved in 2244.6ms | energy=-46.756554 | feasible=True
  phi after:  [8.2634 8.253 ]

[Sub-QUBO 6/13] 4 entities | weight=2.2041
  phi before: [8.2634 8.253 ]
  residual capacity: [4.4582 4.4686]
  Solved in 2315.2ms | energy=-37.245953 | feasible=True
  phi after:  [9.3425 9.378 ]

[Sub-QUBO 7/13] 4 entities | weight=1.8279
  phi before: [9.3425 9.378 ]
  residual capacity: [3.3791 3.3436]
  Solved in 2256.7ms | energy=-30.618352 | feasible=True
  phi after:  [10.2766 10.2718]

[Sub-QUBO 8/13] 4 entities | weight=1.5941
  phi before: [10.2766 10.2718]
  residual capacity: [2.4449 2.4498]
  Solved in 2381.0ms | energy=-26.532132 | feasible=True
  phi after:  [11.0692 11.0734]

[Sub-QUBO 9/13] 4 entities | weight=1.3542
  phi before: [11.0692 11.0734]
  residual capacity: [1.6524 1.6482]
  Solved in 2245.7ms | energy=-23.552824 | feasible=True
  phi after:  [11.7502 11.7466]

[Sub-QUBO 10/13] 4 entities | weight=1.0343
  phi before: [11.7502 11.7466]
  residual capacity: [0.9714 0.975 ]
  Solved in 2264.9ms | energy=-21.478211 | feasible=True
  phi after:  [12.265  12.2661]

[Sub-QUBO 11/13] 4 entities | weight=0.5713
  phi before: [12.265  12.2661]
  residual capacity: [0.4566 0.4555]
  Solved in 2233.7ms | energy=-20.356863 | feasible=True
  phi after:  [12.5736 12.5287]

[Sub-QUBO 12/13] 4 entities | weight=0.2839
  phi before: [12.5736 12.5287]
  residual capacity: [0.148  0.1929]
  Solved in 2222.3ms | energy=-20.057461 | feasible=True
  phi after:  [12.6908 12.6954]

[Sub-QUBO 13/13] 2 entities | weight=0.0570
  phi before: [12.6908 12.6954]
  residual capacity: [0.0308 0.0262]
  Solved in 1175.7ms | energy=-10.001033 | feasible=True
  phi after:  [12.7389 12.7043]

--- Run Complete ---
Final core loads: [12.7389 12.7043]
Load imbalance:   0.034664  (L_avg=12.7216)
Movable entities assigned: 50/50 | Fixed RT assignments: 0
Validating assembled global assignment...
Global assignment feasible: True
Global candidate energy:   -573.676843
Global brute-force skipped: None
