
--- Iterative Run Started at Sun Jul  5 16:39:53 2026 ---
Building Q_global...
QUBO Matrix completed in 0.0008s
Partitioning in Sub-QUBOs...
10 sub-QUBOs | sizes: [4, 4, 4, 4, 4, 4, 4, 4, 4, 4]
Starting Iterative Loop...

[Sub-QUBO 1/10] 4 entities | weight=3.8801
  phi before: [0. 0.]
  residual capacity: [10.8898 10.8898]
  Solved in 2173.4ms | energy=-96.978461 | feasible=True
  phi after:  [1.9364 1.9436]

[Sub-QUBO 2/10] 4 entities | weight=3.6010
  phi before: [1.9364 1.9436]
  residual capacity: [8.9533 8.9461]
  Solved in 2354.3ms | energy=-77.972015 | feasible=True
  phi after:  [3.7598 3.7213]

[Sub-QUBO 3/10] 4 entities | weight=3.2278
  phi before: [3.7598 3.7213]
  residual capacity: [7.13   7.1684]
  Solved in 2235.7ms | energy=-60.943903 | feasible=True
  phi after:  [5.3641 5.3448]

[Sub-QUBO 4/10] 4 entities | weight=2.7964
  phi before: [5.3641 5.3448]
  residual capacity: [5.5256 5.545 ]
  Solved in 2250.0ms | energy=-47.048492 | feasible=True
  phi after:  [6.7514 6.754 ]

[Sub-QUBO 5/10] 4 entities | weight=2.5799
  phi before: [6.7514 6.754 ]
  residual capacity: [4.1384 4.1358]
  Solved in 2256.6ms | energy=-38.018859 | feasible=True
  phi after:  [8.0465 8.0388]

[Sub-QUBO 6/10] 4 entities | weight=2.1406
  phi before: [8.0465 8.0388]
  residual capacity: [2.8433 2.851 ]
  Solved in 2229.7ms | energy=-29.892181 | feasible=True
  phi after:  [9.0591 9.1668]

[Sub-QUBO 7/10] 4 entities | weight=1.6006
  phi before: [9.0591 9.1668]
  residual capacity: [1.8307 1.723 ]
  Solved in 2251.8ms | energy=-24.410615 | feasible=True
  phi after:  [9.8801 9.9464]

[Sub-QUBO 8/10] 4 entities | weight=1.1102
  phi before: [9.8801 9.9464]
  residual capacity: [1.0097 0.9433]
  Solved in 2310.3ms | energy=-21.553943 | feasible=True
  phi after:  [10.4574 10.4793]

[Sub-QUBO 9/10] 4 entities | weight=0.6062
  phi before: [10.4574 10.4793]
  residual capacity: [0.4323 0.4105]
  Solved in 2304.5ms | energy=-20.327414 | feasible=True
  phi after:  [10.7699 10.773 ]

[Sub-QUBO 10/10] 4 entities | weight=0.2366
  phi before: [10.7699 10.773 ]
  residual capacity: [0.1198 0.1167]
  Solved in 2305.1ms | energy=-20.027982 | feasible=True
  phi after:  [10.8908 10.8888]

--- Run Complete ---
Final core loads: [10.8908 10.8888]
Load imbalance:   0.001992  (L_avg=10.8898)
Movable entities assigned: 40/40 | Fixed RT assignments: 0
Validating assembled global assignment...
Global assignment feasible: True
Global candidate energy:   -437.173865
Global brute-force skipped: None
