INITIATING QAOA SCHEDULING JOB
WORKLOAD:   10 processes on 2 cores
WEIGHTS:    5.113 total CPU load
QUBO CFG:   Penalty (P) = 5.0
QAOA CFG:   Layers (p) = 2 | Steps = 100 | η = 0.1 | Mixer = xy | Init γ/β = 0.5/0.5
----------------------------------------


--- Iterative Run Started at Sun Jul  5 15:26:31 2026 ---
Building Q_global...
QUBO Matrix completed in 0.0001s
Partitioning in Sub-QUBOs...
3 sub-QUBOs | sizes: [4, 4, 2]
Starting Iterative Loop...

[Sub-QUBO 1/3] 4 entities | weight=3.2033
  phi before: [0. 0.]
  residual capacity: [2.5564 2.5564]
  Solved in 2492.9ms | energy=-31.237974 | feasible=True
  phi after:  [1.5346 1.6687]

[Sub-QUBO 2/3] 4 entities | weight=1.7184
  phi before: [1.5346 1.6687]
  residual capacity: [1.0218 0.8877]
  Solved in 2386.3ms | energy=-21.813569 | feasible=True
  phi after:  [2.4515 2.4701]

[Sub-QUBO 3/3] 2 entities | weight=0.1911
  phi before: [2.4515 2.4701]
  residual capacity: [0.1048 0.0863]
  Solved in 1151.2ms | energy=-10.014996 | feasible=True
  phi after:  [2.5978 2.5149]

--- Run Complete ---
Final core loads: [2.5978 2.5149]
Load imbalance:   0.082852  (L_avg=2.5564)
Movable entities assigned: 10/10 | Fixed RT assignments: 0
Validating assembled global assignment...
Global assignment feasible: True
Global candidate energy:   -63.066539
Global optimum energy:     -63.069969
Globally optimal:          False
