
--- Iterative Run Started at Sun Jul  5 18:00:15 2026 ---
Building Q_global...
QUBO Matrix completed in 0.0225s
Partitioning in Sub-QUBOs...
50 sub-QUBOs | sizes: [4, 4, 4, 4, 4, 4, 4, 4, 4, 4, 4, 4, 4, 4, 4, 4, 4, 4, 4, 4, 4, 4, 4, 4, 4, 4, 4, 4, 4, 4, 4, 4, 4, 4, 4, 4, 4, 4, 4, 4, 4, 4, 4, 4, 4, 4, 4, 4, 4, 4]
Starting Iterative Loop...

[Sub-QUBO 1/50] 4 entities | weight=3.9464
  phi before: [0. 0.]
  residual capacity: [54.5714 54.5714]
  Solved in 2416.1ms | energy=-442.929167 | feasible=True
  phi after:  [1.9747 1.9717]

[Sub-QUBO 2/50] 4 entities | weight=3.8812
  phi before: [1.9747 1.9717]
  residual capacity: [52.5968 52.5997]
  Solved in 2290.8ms | energy=-420.754323 | feasible=True
  phi after:  [3.9137 3.9139]

[Sub-QUBO 3/50] 4 entities | weight=3.8494
  phi before: [3.9137 3.9139]
  residual capacity: [50.6578 50.6575]
  Solved in 2424.7ms | energy=-402.591519 | feasible=True
  phi after:  [5.8393 5.8376]

[Sub-QUBO 4/50] 4 entities | weight=3.7817
  phi before: [5.8393 5.8376]
  residual capacity: [48.7321 48.7338]
  Solved in 2257.5ms | energy=-381.432774 | feasible=True
  phi after:  [7.7252 7.7334]

[Sub-QUBO 5/50] 4 entities | weight=3.7369
  phi before: [7.7252 7.7334]
  residual capacity: [46.8462 46.838 ]
  Solved in 2390.9ms | energy=-363.102103 | feasible=True
  phi after:  [9.5973 9.5981]

[Sub-QUBO 6/50] 4 entities | weight=3.7015
  phi before: [9.5973 9.5981]
  residual capacity: [44.9741 44.9733]
  Solved in 2425.3ms | energy=-346.091511 | feasible=True
  phi after:  [11.4514 11.4455]

[Sub-QUBO 7/50] 4 entities | weight=3.6276
  phi before: [11.4514 11.4455]
  residual capacity: [43.12   43.1259]
  Solved in 2393.5ms | energy=-326.284382 | feasible=True
  phi after:  [13.2617 13.2628]

[Sub-QUBO 8/50] 4 entities | weight=3.5819
  phi before: [13.2617 13.2628]
  residual capacity: [41.3097 41.3086]
  Solved in 2302.9ms | energy=-309.511696 | feasible=True
  phi after:  [15.0553 15.0511]

[Sub-QUBO 9/50] 4 entities | weight=3.5218
  phi before: [15.0553 15.0511]
  residual capacity: [39.5161 39.5204]
  Solved in 2337.4ms | energy=-292.151077 | feasible=True
  phi after:  [16.8141 16.8141]

[Sub-QUBO 10/50] 4 entities | weight=3.3944
  phi before: [16.8141 16.8141]
  residual capacity: [37.7573 37.7573]
  Solved in 2430.2ms | energy=-270.567791 | feasible=True
  phi after:  [18.5022 18.5205]

[Sub-QUBO 11/50] 4 entities | weight=3.3065
  phi before: [18.5022 18.5205]
  residual capacity: [36.0692 36.051 ]
  Solved in 2304.9ms | energy=-252.999604 | feasible=True
  phi after:  [20.1569 20.1722]

[Sub-QUBO 12/50] 4 entities | weight=3.2109
  phi before: [20.1569 20.1722]
  residual capacity: [34.4145 34.3992]
  Solved in 2386.6ms | energy=-235.801326 | feasible=True
  phi after:  [21.7714 21.7687]

[Sub-QUBO 13/50] 4 entities | weight=3.1467
  phi before: [21.7714 21.7687]
  residual capacity: [32.8    32.8027]
  Solved in 2353.7ms | energy=-221.481626 | feasible=True
  phi after:  [23.3434 23.3434]

[Sub-QUBO 14/50] 4 entities | weight=3.0991
  phi before: [23.3434 23.3434]
  residual capacity: [31.228 31.228]
  Solved in 2425.7ms | energy=-208.756300 | feasible=True
  phi after:  [24.8982 24.8877]

[Sub-QUBO 15/50] 4 entities | weight=3.0156
  phi before: [24.8982 24.8877]
  residual capacity: [29.6732 29.6838]
  Solved in 2233.3ms | energy=-194.449828 | feasible=True
  phi after:  [26.4042 26.3972]

[Sub-QUBO 16/50] 4 entities | weight=2.9731
  phi before: [26.4042 26.3972]
  residual capacity: [28.1672 28.1742]
  Solved in 2264.2ms | energy=-183.089049 | feasible=True
  phi after:  [27.8898 27.8848]

[Sub-QUBO 17/50] 4 entities | weight=2.8153
  phi before: [27.8898 27.8848]
  residual capacity: [26.6816 26.6866]
  Solved in 2341.0ms | energy=-166.284522 | feasible=True
  phi after:  [29.2947 29.2951]

[Sub-QUBO 18/50] 4 entities | weight=2.7572
  phi before: [29.2947 29.2951]
  residual capacity: [25.2767 25.2763]
  Solved in 2360.7ms | energy=-155.585259 | feasible=True
  phi after:  [30.6804 30.6667]

[Sub-QUBO 19/50] 4 entities | weight=2.6799
  phi before: [30.6804 30.6667]
  residual capacity: [23.891  23.9047]
  Solved in 2257.7ms | energy=-144.497147 | feasible=True
  phi after:  [32.0137 32.0134]

[Sub-QUBO 20/50] 4 entities | weight=2.5926
  phi before: [32.0137 32.0134]
  residual capacity: [22.5577 22.5581]
  Solved in 2266.8ms | energy=-133.608095 | feasible=True
  phi after:  [33.3054 33.3142]

[Sub-QUBO 21/50] 4 entities | weight=2.5319
  phi before: [33.3054 33.3142]
  residual capacity: [21.266  21.2572]
  Solved in 2419.9ms | energy=-124.459244 | feasible=True
  phi after:  [34.5723 34.5793]

[Sub-QUBO 22/50] 4 entities | weight=2.5063
  phi before: [34.5723 34.5793]
  residual capacity: [19.9991 19.9921]
  Solved in 2310.3ms | energy=-117.088117 | feasible=True
  phi after:  [35.8277 35.8302]

[Sub-QUBO 23/50] 4 entities | weight=2.4551
  phi before: [35.8277 35.8302]
  residual capacity: [18.7438 18.7412]
  Solved in 2248.2ms | energy=-109.015661 | feasible=True
  phi after:  [37.0568 37.0562]

[Sub-QUBO 24/50] 4 entities | weight=2.3691
  phi before: [37.0568 37.0562]
  residual capacity: [17.5146 17.5153]
  Solved in 2248.0ms | energy=-100.182216 | feasible=True
  phi after:  [38.2407 38.2413]

[Sub-QUBO 25/50] 4 entities | weight=2.2448
  phi before: [38.2407 38.2413]
  residual capacity: [16.3307 16.3301]
  Solved in 2365.2ms | energy=-90.796736 | feasible=True
  phi after:  [39.3666 39.3602]

[Sub-QUBO 26/50] 4 entities | weight=2.1377
  phi before: [39.3666 39.3602]
  residual capacity: [15.2048 15.2113]
  Solved in 2268.6ms | energy=-82.735384 | feasible=True
  phi after:  [40.4318 40.4327]

[Sub-QUBO 27/50] 4 entities | weight=2.0694
  phi before: [40.4318 40.4327]
  residual capacity: [14.1396 14.1387]
  Solved in 2388.5ms | energy=-76.377609 | feasible=True
  phi after:  [41.4677 41.4661]

[Sub-QUBO 28/50] 4 entities | weight=2.0082
  phi before: [41.4677 41.4661]
  residual capacity: [13.1037 13.1053]
  Solved in 2400.5ms | energy=-70.617569 | feasible=True
  phi after:  [42.4699 42.4722]

[Sub-QUBO 29/50] 4 entities | weight=1.9905
  phi before: [42.4699 42.4722]
  residual capacity: [12.1015 12.0992]
  Solved in 2388.3ms | energy=-66.190219 | feasible=True
  phi after:  [43.4671 43.4656]

[Sub-QUBO 30/50] 4 entities | weight=1.9525
  phi before: [43.4671 43.4656]
  residual capacity: [11.1044 11.1059]
  Solved in 2362.3ms | energy=-61.459909 | feasible=True
  phi after:  [44.443  44.4421]

[Sub-QUBO 31/50] 4 entities | weight=1.9133
  phi before: [44.443  44.4421]
  residual capacity: [10.1284 10.1293]
  Solved in 2335.9ms | energy=-56.928177 | feasible=True
  phi after:  [45.3992 45.3992]

[Sub-QUBO 32/50] 4 entities | weight=1.7352
  phi before: [45.3992 45.3992]
  residual capacity: [9.1722 9.1722]
  Solved in 2305.9ms | energy=-50.326146 | feasible=True
  phi after:  [46.2592 46.2745]

[Sub-QUBO 33/50] 4 entities | weight=1.5958
  phi before: [46.2592 46.2745]
  residual capacity: [8.3122 8.297 ]
  Solved in 2330.8ms | energy=-45.231297 | feasible=True
  phi after:  [47.0667 47.0627]

[Sub-QUBO 34/50] 4 entities | weight=1.5420
  phi before: [47.0667 47.0627]
  residual capacity: [7.5047 7.5087]
  Solved in 2404.5ms | energy=-41.962097 | feasible=True
  phi after:  [47.8346 47.8368]

[Sub-QUBO 35/50] 4 entities | weight=1.5117
  phi before: [47.8346 47.8368]
  residual capacity: [6.7368 6.7346]
  Solved in 2350.9ms | energy=-39.222177 | feasible=True
  phi after:  [48.5908 48.5923]

[Sub-QUBO 36/50] 4 entities | weight=1.4748
  phi before: [48.5908 48.5923]
  residual capacity: [5.9806 5.9791]
  Solved in 2333.6ms | energy=-36.550570 | feasible=True
  phi after:  [49.3309 49.3271]

[Sub-QUBO 37/50] 4 entities | weight=1.4136
  phi before: [49.3309 49.3271]
  residual capacity: [5.2405 5.2444]
  Solved in 2368.5ms | energy=-33.822220 | feasible=True
  phi after:  [50.0346 50.0369]

[Sub-QUBO 38/50] 4 entities | weight=1.3267
  phi before: [50.0346 50.0369]
  residual capacity: [4.5368 4.5345]
  Solved in 2369.2ms | energy=-31.154890 | feasible=True
  phi after:  [50.6986 50.6996]

[Sub-QUBO 39/50] 4 entities | weight=1.2176
  phi before: [50.6986 50.6996]
  residual capacity: [3.8728 3.8718]
  Solved in 2267.6ms | energy=-28.688547 | feasible=True
  phi after:  [51.3106 51.3053]

[Sub-QUBO 40/50] 4 entities | weight=1.1286
  phi before: [51.3106 51.3053]
  residual capacity: [3.2608 3.2662]
  Solved in 2357.1ms | energy=-26.729638 | feasible=True
  phi after:  [51.8726 51.8718]

[Sub-QUBO 41/50] 4 entities | weight=1.0044
  phi before: [51.8726 51.8718]
  residual capacity: [2.6988 2.6996]
  Solved in 2329.6ms | energy=-24.917559 | feasible=True
  phi after:  [52.3717 52.3771]

[Sub-QUBO 42/50] 4 entities | weight=0.9145
  phi before: [52.3717 52.3771]
  residual capacity: [2.1997 2.1943]
  Solved in 2363.0ms | energy=-23.600063 | feasible=True
  phi after:  [52.8303 52.833 ]

[Sub-QUBO 43/50] 4 entities | weight=0.8121
  phi before: [52.8303 52.833 ]
  residual capacity: [1.7411 1.7384]
  Solved in 2280.7ms | energy=-22.496003 | feasible=True
  phi after:  [53.2381 53.2373]

[Sub-QUBO 44/50] 4 entities | weight=0.6913
  phi before: [53.2381 53.2373]
  residual capacity: [1.3334 1.3341]
  Solved in 2417.1ms | energy=-21.605128 | feasible=True
  phi after:  [53.5833 53.5834]

[Sub-QUBO 45/50] 4 entities | weight=0.5466
  phi before: [53.5833 53.5834]
  residual capacity: [0.9881 0.988 ]
  Solved in 2426.6ms | energy=-20.930728 | feasible=True
  phi after:  [53.8623 53.851 ]

[Sub-QUBO 46/50] 4 entities | weight=0.4563
  phi before: [53.8623 53.851 ]
  residual capacity: [0.7091 0.7204]
  Solved in 2287.9ms | energy=-20.548227 | feasible=True
  phi after:  [54.0828 54.0868]

[Sub-QUBO 47/50] 4 entities | weight=0.3512
  phi before: [54.0828 54.0868]
  residual capacity: [0.4886 0.4846]
  Solved in 2428.6ms | energy=-20.280117 | feasible=True
  phi after:  [54.2609 54.2599]

[Sub-QUBO 48/50] 4 entities | weight=0.3029
  phi before: [54.2609 54.2599]
  residual capacity: [0.3105 0.3115]
  Solved in 2277.3ms | energy=-20.142534 | feasible=True
  phi after:  [54.4115 54.4121]

[Sub-QUBO 49/50] 4 entities | weight=0.2341
  phi before: [54.4115 54.4121]
  residual capacity: [0.1599 0.1593]
  Solved in 2343.9ms | energy=-20.047177 | feasible=True
  phi after:  [54.5372 54.5206]

[Sub-QUBO 50/50] 4 entities | weight=0.0851
  phi before: [54.5372 54.5206]
  residual capacity: [0.0343 0.0508]
  Solved in 2420.3ms | energy=-20.003733 | feasible=True
  phi after:  [54.5746 54.5682]

--- Run Complete ---
Final core loads: [54.5746 54.5682]
Load imbalance:   0.006352  (L_avg=54.5714)
Movable entities assigned: 200/200 | Fixed RT assignments: 0
Validating assembled global assignment...
Global assignment feasible: True
Global candidate energy:   -6956.078795
Global brute-force skipped: None
