
--- Iterative Run Started at Sun Jul  5 16:53:42 2026 ---
Building Q_global...
QUBO Matrix completed in 0.0020s
Partitioning in Sub-QUBOs...
17 sub-QUBOs | sizes: [4, 4, 4, 4, 4, 4, 4, 4, 4, 4, 4, 4, 4, 4, 4, 4, 1]
Starting Iterative Loop...

[Sub-QUBO 1/17] 4 entities | weight=3.7631
  phi before: [0. 0.]
  residual capacity: [16.1666 16.1666]
  Solved in 2272.8ms | energy=-134.591563 | feasible=True
  phi after:  [1.8714 1.8917]

[Sub-QUBO 2/17] 4 entities | weight=3.5300
  phi before: [1.8714 1.8917]
  residual capacity: [14.2952 14.275 ]
  Solved in 2293.6ms | energy=-114.622891 | feasible=True
  phi after:  [3.6471 3.646 ]

[Sub-QUBO 3/17] 4 entities | weight=3.3280
  phi before: [3.6471 3.646 ]
  residual capacity: [12.5195 12.5206]
  Solved in 2269.5ms | energy=-97.795873 | feasible=True
  phi after:  [5.3105 5.3106]

[Sub-QUBO 4/17] 4 entities | weight=2.9720
  phi before: [5.3105 5.3106]
  residual capacity: [10.8561 10.8561]
  Solved in 2355.3ms | energy=-80.111183 | feasible=True
  phi after:  [6.805  6.7881]

[Sub-QUBO 5/17] 4 entities | weight=2.7492
  phi before: [6.805  6.7881]
  residual capacity: [9.3616 9.3786]
  Solved in 2226.2ms | energy=-67.740871 | feasible=True
  phi after:  [8.1679 8.1743]

[Sub-QUBO 6/17] 4 entities | weight=2.6044
  phi before: [8.1679 8.1743]
  residual capacity: [7.9988 7.9923]
  Solved in 2224.7ms | energy=-58.254970 | feasible=True
  phi after:  [9.4703 9.4762]

[Sub-QUBO 7/17] 4 entities | weight=2.4111
  phi before: [9.4703 9.4762]
  residual capacity: [6.6963 6.6904]
  Solved in 2207.5ms | energy=-49.369597 | feasible=True
  phi after:  [10.6775 10.6801]

[Sub-QUBO 8/17] 4 entities | weight=2.1937
  phi before: [10.6775 10.6801]
  residual capacity: [5.4891 5.4865]
  Solved in 2269.4ms | energy=-41.671156 | feasible=True
  phi after:  [11.7861 11.7652]

[Sub-QUBO 9/17] 4 entities | weight=1.9365
  phi before: [11.7861 11.7652]
  residual capacity: [4.3805 4.4014]
  Solved in 2303.2ms | energy=-35.131056 | feasible=True
  phi after:  [12.7406 12.7472]

[Sub-QUBO 10/17] 4 entities | weight=1.7008
  phi before: [12.7406 12.7472]
  residual capacity: [3.426  3.4194]
  Solved in 2240.7ms | energy=-30.196339 | feasible=True
  phi after:  [13.596  13.5926]

[Sub-QUBO 11/17] 4 entities | weight=1.5292
  phi before: [13.596  13.5926]
  residual capacity: [2.5706 2.5741]
  Solved in 2362.7ms | energy=-26.697820 | feasible=True
  phi after:  [14.3485 14.3693]

[Sub-QUBO 12/17] 4 entities | weight=1.2306
  phi before: [14.3485 14.3693]
  residual capacity: [1.8181 1.7973]
  Solved in 2265.7ms | energy=-23.692063 | feasible=True
  phi after:  [14.9652 14.9833]

[Sub-QUBO 13/17] 4 entities | weight=0.8759
  phi before: [14.9652 14.9833]
  residual capacity: [1.2014 1.1833]
  Solved in 2319.4ms | energy=-21.705177 | feasible=True
  phi after:  [15.423  15.4014]

[Sub-QUBO 14/17] 4 entities | weight=0.7281
  phi before: [15.423  15.4014]
  residual capacity: [0.7437 0.7652]
  Solved in 2304.5ms | energy=-20.833734 | feasible=True
  phi after:  [15.782  15.7705]

[Sub-QUBO 15/17] 4 entities | weight=0.4744
  phi before: [15.782  15.7705]
  residual capacity: [0.3846 0.3961]
  Solved in 2349.1ms | energy=-20.257658 | feasible=True
  phi after:  [16.0018 16.0251]

[Sub-QUBO 16/17] 4 entities | weight=0.2864
  phi before: [16.0018 16.0251]
  residual capacity: [0.1648 0.1415]
  Solved in 2286.2ms | energy=-20.046975 | feasible=True
  phi after:  [16.1577 16.1556]

[Sub-QUBO 17/17] 1 entities | weight=0.0199
  phi before: [16.1577 16.1556]
  residual capacity: [0.0089 0.011 ]
  Solved in 715.0ms | energy=-5.000041 | feasible=True
  phi after:  [16.1577 16.1756]

--- Run Complete ---
Final core loads: [16.1577 16.1756]
Load imbalance:   0.017875  (L_avg=16.1666)
Movable entities assigned: 65/65 | Fixed RT assignments: 0
Validating assembled global assignment...
Global assignment feasible: True
Global candidate energy:   -847.718966
Global brute-force skipped: None
