INITIATING QAOA SCHEDULING JOB
WORKLOAD:   10 processes on 2 cores
WEIGHTS:    5.104 total CPU load
QUBO CFG:   Penalty (P) = 5.0
QAOA CFG:   Layers (p) = 2 | Steps = 100 | η = 0.1 | Mixer = xy | Init γ/β = 0.5/0.5
----------------------------------------


--- Iterative Run Started at Sun Jul  5 15:25:06 2026 ---
Building Q_global...
QUBO Matrix completed in 0.0001s
Partitioning in Sub-QUBOs...
3 sub-QUBOs | sizes: [4, 4, 2]
Starting Iterative Loop...

[Sub-QUBO 1/3] 4 entities | weight=3.2764
  phi before: [0. 0.]
  residual capacity: [2.5522 2.5522]
  Solved in 2552.2ms | energy=-31.318200 | feasible=True
  phi after:  [1.7764 1.5001]

[Sub-QUBO 2/3] 4 entities | weight=1.6562
  phi before: [1.7764 1.5001]
  residual capacity: [0.7758 1.0521]
  Solved in 2351.5ms | energy=-21.689941 | feasible=True
  phi after:  [2.5115 2.4211]

[Sub-QUBO 3/3] 2 entities | weight=0.1717
  phi before: [2.5115 2.4211]
  residual capacity: [0.0406 0.1311]
  Solved in 1240.2ms | energy=-10.018490 | feasible=True
  phi after:  [2.5391 2.5652]

--- Run Complete ---
Final core loads: [2.5391 2.5652]
Load imbalance:   0.026169  (L_avg=2.5522)
Movable entities assigned: 10/10 | Fixed RT assignments: 0
Validating assembled global assignment...
Global assignment feasible: True
Global candidate energy:   -63.026632
Global optimum energy:     -63.026957
Globally optimal:          False
