
--- Iterative Run Started at Sun Jul  5 16:39:02 2026 ---
Building Q_global...
QUBO Matrix completed in 0.0008s
Partitioning in Sub-QUBOs...
10 sub-QUBOs | sizes: [4, 4, 4, 4, 4, 4, 4, 4, 4, 4]
Starting Iterative Loop...

[Sub-QUBO 1/10] 4 entities | weight=3.7979
  phi before: [0. 0.]
  residual capacity: [11.5542 11.5542]
  Solved in 2226.2ms | energy=-100.551885 | feasible=True
  phi after:  [1.8977 1.9002]

[Sub-QUBO 2/10] 4 entities | weight=3.4540
  phi before: [1.8977 1.9002]
  residual capacity: [9.6565 9.654 ]
  Solved in 2281.2ms | energy=-80.734091 | feasible=True
  phi after:  [3.6291 3.6228]

[Sub-QUBO 3/10] 4 entities | weight=3.1006
  phi before: [3.6291 3.6228]
  residual capacity: [7.9251 7.9314]
  Solved in 2227.9ms | energy=-64.355935 | feasible=True
  phi after:  [5.1512 5.2014]

[Sub-QUBO 4/10] 4 entities | weight=2.9675
  phi before: [5.1512 5.2014]
  residual capacity: [6.4031 6.3529]
  Solved in 2236.2ms | energy=-53.451026 | feasible=True
  phi after:  [6.6503 6.6697]

[Sub-QUBO 5/10] 4 entities | weight=2.7375
  phi before: [6.6503 6.6697]
  residual capacity: [4.904  4.8845]
  Solved in 2245.2ms | energy=-43.049317 | feasible=True
  phi after:  [8.0349 8.0227]

[Sub-QUBO 6/10] 4 entities | weight=2.4121
  phi before: [8.0349 8.0227]
  residual capacity: [3.5194 3.5316]
  Solved in 2344.0ms | energy=-34.098243 | feasible=True
  phi after:  [9.2331 9.2364]

[Sub-QUBO 7/10] 4 entities | weight=1.9855
  phi before: [9.2331 9.2364]
  residual capacity: [2.3211 2.3178]
  Solved in 2281.5ms | energy=-27.238911 | feasible=True
  phi after:  [10.2443 10.2108]

[Sub-QUBO 8/10] 4 entities | weight=1.5256
  phi before: [10.2443 10.2108]
  residual capacity: [1.3099 1.3434]
  Solved in 2233.1ms | energy=-22.884695 | feasible=True
  phi after:  [10.9875 10.9932]

[Sub-QUBO 9/10] 4 entities | weight=0.8501
  phi before: [10.9875 10.9932]
  residual capacity: [0.5667 0.561 ]
  Solved in 2176.0ms | energy=-20.595669 | feasible=True
  phi after:  [11.4445 11.3863]

[Sub-QUBO 10/10] 4 entities | weight=0.2776
  phi before: [11.4445 11.3863]
  residual capacity: [0.1098 0.1679]
  Solved in 2181.3ms | energy=-20.039761 | feasible=True
  phi after:  [11.5388 11.5696]

--- Run Complete ---
Final core loads: [11.5388 11.5696]
Load imbalance:   0.030746  (L_avg=11.5542)
Movable entities assigned: 40/40 | Fixed RT assignments: 0
Validating assembled global assignment...
Global assignment feasible: True
Global candidate energy:   -466.999533
Global brute-force skipped: None
