
--- Iterative Run Started at Sun Jul  5 17:27:28 2026 ---
Building Q_global...
QUBO Matrix completed in 0.0095s
Partitioning in Sub-QUBOs...
33 sub-QUBOs | sizes: [4, 4, 4, 4, 4, 4, 4, 4, 4, 4, 4, 4, 4, 4, 4, 4, 4, 4, 4, 4, 4, 4, 4, 4, 4, 4, 4, 4, 4, 4, 4, 4, 2]
Starting Iterative Loop...

[Sub-QUBO 1/33] 4 entities | weight=3.8996
  phi before: [0. 0.]
  residual capacity: [31.9097 31.9097]
  Solved in 2684.5ms | energy=-261.268583 | feasible=True
  phi after:  [1.9503 1.9493]

[Sub-QUBO 2/33] 4 entities | weight=3.7911
  phi before: [1.9503 1.9493]
  residual capacity: [29.9594 29.9604]
  Solved in 2419.7ms | energy=-239.977758 | feasible=True
  phi after:  [3.8422 3.8485]

[Sub-QUBO 3/33] 4 entities | weight=3.6349
  phi before: [3.8422 3.8485]
  residual capacity: [28.0674 28.0611]
  Solved in 2450.9ms | energy=-217.416163 | feasible=True
  phi after:  [5.6642 5.6615]

[Sub-QUBO 4/33] 4 entities | weight=3.5349
  phi before: [5.6642 5.6615]
  residual capacity: [26.2455 26.2482]
  Solved in 2684.3ms | energy=-199.310646 | feasible=True
  phi after:  [7.4234 7.4372]

[Sub-QUBO 5/33] 4 entities | weight=3.3795
  phi before: [7.4234 7.4372]
  residual capacity: [24.4863 24.4725]
  Solved in 2603.6ms | energy=-179.747397 | feasible=True
  phi after:  [9.1207 9.1194]

[Sub-QUBO 6/33] 4 entities | weight=3.2951
  phi before: [9.1207 9.1194]
  residual capacity: [22.789  22.7903]
  Solved in 2598.5ms | energy=-164.758499 | feasible=True
  phi after:  [10.7643 10.7709]

[Sub-QUBO 7/33] 4 entities | weight=3.1754
  phi before: [10.7643 10.7709]
  residual capacity: [21.1454 21.1388]
  Solved in 2456.0ms | energy=-149.225912 | feasible=True
  phi after:  [12.3534 12.3571]

[Sub-QUBO 8/33] 4 entities | weight=3.0625
  phi before: [12.3534 12.3571]
  residual capacity: [19.5562 19.5526]
  Solved in 2295.0ms | energy=-135.081446 | feasible=True
  phi after:  [13.89   13.8831]

[Sub-QUBO 9/33] 4 entities | weight=2.8168
  phi before: [13.89   13.8831]
  residual capacity: [18.0197 18.0266]
  Solved in 2425.6ms | energy=-117.567511 | feasible=True
  phi after:  [15.2857 15.3041]

[Sub-QUBO 10/33] 4 entities | weight=2.7212
  phi before: [15.2857 15.3041]
  residual capacity: [16.624  16.6055]
  Solved in 2358.2ms | energy=-106.721927 | feasible=True
  phi after:  [16.6545 16.6565]

[Sub-QUBO 11/33] 4 entities | weight=2.6037
  phi before: [16.6545 16.6565]
  residual capacity: [15.2551 15.2532]
  Solved in 2351.2ms | energy=-96.046155 | feasible=True
  phi after:  [17.9564 17.9584]

[Sub-QUBO 12/33] 4 entities | weight=2.4729
  phi before: [17.9564 17.9584]
  residual capacity: [13.9533 13.9513]
  Solved in 2294.6ms | energy=-85.948313 | feasible=True
  phi after:  [19.194  19.1937]

[Sub-QUBO 13/33] 4 entities | weight=2.4310
  phi before: [19.194  19.1937]
  residual capacity: [12.7157 12.7159]
  Solved in 2513.8ms | energy=-78.868345 | feasible=True
  phi after:  [20.4078 20.4109]

[Sub-QUBO 14/33] 4 entities | weight=2.3230
  phi before: [20.4078 20.4109]
  residual capacity: [11.5019 11.4988]
  Solved in 2425.2ms | energy=-70.732365 | feasible=True
  phi after:  [21.5743 21.5673]

[Sub-QUBO 15/33] 4 entities | weight=2.1876
  phi before: [21.5743 21.5673]
  residual capacity: [10.3354 10.3423]
  Solved in 2302.3ms | energy=-62.842309 | feasible=True
  phi after:  [22.66   22.6692]

[Sub-QUBO 16/33] 4 entities | weight=2.0570
  phi before: [22.66   22.6692]
  residual capacity: [9.2496 9.2405]
  Solved in 2399.3ms | energy=-55.918916 | feasible=True
  phi after:  [23.6939 23.6924]

[Sub-QUBO 17/33] 4 entities | weight=1.9615
  phi before: [23.6939 23.6924]
  residual capacity: [8.2157 8.2173]
  Solved in 2505.5ms | energy=-50.309353 | feasible=True
  phi after:  [24.6689 24.6789]

[Sub-QUBO 18/33] 4 entities | weight=1.8103
  phi before: [24.6689 24.6789]
  residual capacity: [7.2408 7.2308]
  Solved in 2428.5ms | energy=-44.559834 | feasible=True
  phi after:  [25.5762 25.5819]

[Sub-QUBO 19/33] 4 entities | weight=1.7572
  phi before: [25.5762 25.5819]
  residual capacity: [6.3335 6.3277]
  Solved in 2605.8ms | energy=-40.704368 | feasible=True
  phi after:  [26.4602 26.4551]

[Sub-QUBO 20/33] 4 entities | weight=1.6425
  phi before: [26.4602 26.4551]
  residual capacity: [5.4495 5.4546]
  Solved in 2439.1ms | energy=-36.561208 | feasible=True
  phi after:  [27.274  27.2839]

[Sub-QUBO 21/33] 4 entities | weight=1.5520
  phi before: [27.274  27.2839]
  residual capacity: [4.6357 4.6258]
  Solved in 2388.6ms | energy=-33.169239 | feasible=True
  phi after:  [28.0552 28.0546]

[Sub-QUBO 22/33] 4 entities | weight=1.3694
  phi before: [28.0552 28.0546]
  residual capacity: [3.8545 3.8551]
  Solved in 2518.7ms | energy=-29.619971 | feasible=True
  phi after:  [28.7396 28.7396]

[Sub-QUBO 23/33] 4 entities | weight=1.2156
  phi before: [28.7396 28.7396]
  residual capacity: [3.1701 3.1701]
  Solved in 2464.5ms | energy=-26.967981 | feasible=True
  phi after:  [29.3404 29.3544]

[Sub-QUBO 24/33] 4 entities | weight=1.1182
  phi before: [29.3404 29.3544]
  residual capacity: [2.5693 2.5553]
  Solved in 2637.4ms | energy=-25.105026 | feasible=True
  phi after:  [29.9115 29.9014]

[Sub-QUBO 25/33] 4 entities | weight=0.9077
  phi before: [29.9115 29.9014]
  residual capacity: [1.9982 2.0083]
  Solved in 2439.5ms | energy=-23.224539 | feasible=True
  phi after:  [30.3544 30.3662]

[Sub-QUBO 26/33] 4 entities | weight=0.7950
  phi before: [30.3544 30.3662]
  residual capacity: [1.5553 1.5435]
  Solved in 2476.3ms | energy=-22.147649 | feasible=True
  phi after:  [30.7596 30.756 ]

[Sub-QUBO 27/33] 4 entities | weight=0.7250
  phi before: [30.7596 30.756 ]
  residual capacity: [1.1501 1.1536]
  Solved in 2511.4ms | energy=-21.407443 | feasible=True
  phi after:  [31.1186 31.122 ]

[Sub-QUBO 28/33] 4 entities | weight=0.5210
  phi before: [31.1186 31.122 ]
  residual capacity: [0.791  0.7876]
  Solved in 2379.6ms | energy=-20.686803 | feasible=True
  phi after:  [31.3813 31.3804]

[Sub-QUBO 29/33] 4 entities | weight=0.4119
  phi before: [31.3813 31.3804]
  residual capacity: [0.5283 0.5293]
  Solved in 2686.6ms | energy=-20.350794 | feasible=True
  phi after:  [31.5866 31.587 ]

[Sub-QUBO 30/33] 4 entities | weight=0.3015
  phi before: [31.5866 31.587 ]
  residual capacity: [0.3231 0.3227]
  Solved in 2610.1ms | energy=-20.149250 | feasible=True
  phi after:  [31.7379 31.7371]

[Sub-QUBO 31/33] 4 entities | weight=0.2143
  phi before: [31.7379 31.7371]
  residual capacity: [0.1717 0.1725]
  Solved in 2319.7ms | energy=-20.050827 | feasible=True
  phi after:  [31.8444 31.845 ]

[Sub-QUBO 32/33] 4 entities | weight=0.1134
  phi before: [31.8444 31.845 ]
  residual capacity: [0.0653 0.0647]
  Solved in 2289.3ms | energy=-20.008301 | feasible=True
  phi after:  [31.9029 31.8999]

[Sub-QUBO 33/33] 2 entities | weight=0.0166
  phi before: [31.9029 31.8999]
  residual capacity: [0.0068 0.0098]
  Solved in 1129.7ms | energy=-10.000142 | feasible=True
  phi after:  [31.9097 31.9097]

--- Run Complete ---
Final core loads: [31.9097 31.9097]
Load imbalance:   0.000039  (L_avg=31.9097)
Movable entities assigned: 130/130 | Fixed RT assignments: 0
Validating assembled global assignment...
Global assignment feasible: True
Global candidate energy:   -2686.454973
Global brute-force skipped: None
