
--- Iterative Run Started at Sun Jul  5 16:31:29 2026 ---
Building Q_global...
QUBO Matrix completed in 0.0005s
Partitioning in Sub-QUBOs...
8 sub-QUBOs | sizes: [4, 4, 4, 4, 4, 4, 4, 2]
Starting Iterative Loop...

[Sub-QUBO 1/8] 4 entities | weight=3.8295
  phi before: [0. 0.]
  residual capacity: [8.7313 8.7313]
  Solved in 2237.9ms | energy=-79.541104 | feasible=True
  phi after:  [1.9176 1.912 ]

[Sub-QUBO 2/8] 4 entities | weight=3.4574
  phi before: [1.9176 1.912 ]
  residual capacity: [6.8138 6.8193]
  Solved in 2220.7ms | energy=-61.158387 | feasible=True
  phi after:  [3.642 3.645]

[Sub-QUBO 3/8] 4 entities | weight=3.1292
  phi before: [3.642 3.645]
  residual capacity: [5.0893 5.0864]
  Solved in 2207.5ms | energy=-46.945696 | feasible=True
  phi after:  [5.2068 5.2093]

[Sub-QUBO 4/8] 4 entities | weight=2.5709
  phi before: [5.2068 5.2093]
  residual capacity: [3.5245 3.522 ]
  Solved in 2326.4ms | energy=-34.811050 | feasible=True
  phi after:  [6.4972 6.4898]

[Sub-QUBO 5/8] 4 entities | weight=2.0138
  phi before: [6.4972 6.4898]
  residual capacity: [2.2341 2.2415]
  Solved in 2266.5ms | energy=-26.985405 | feasible=True
  phi after:  [7.4989 7.502 ]

[Sub-QUBO 6/8] 4 entities | weight=1.4410
  phi before: [7.4989 7.502 ]
  residual capacity: [1.2324 1.2293]
  Solved in 2259.3ms | energy=-22.508897 | feasible=True
  phi after:  [8.2331 8.2089]

[Sub-QUBO 7/8] 4 entities | weight=0.9575
  phi before: [8.2331 8.2089]
  residual capacity: [0.4982 0.5225]
  Solved in 2201.1ms | energy=-20.518985 | feasible=True
  phi after:  [8.7103 8.6891]

[Sub-QUBO 8/8] 2 entities | weight=0.0632
  phi before: [8.7103 8.6891]
  residual capacity: [0.021  0.0422]
  Solved in 1093.8ms | energy=-10.002205 | feasible=True
  phi after:  [8.7286 8.734 ]

--- Run Complete ---
Final core loads: [8.7286 8.734 ]
Load imbalance:   0.005338  (L_avg=8.7313)
Movable entities assigned: 30/30 | Fixed RT assignments: 0
Validating assembled global assignment...
Global assignment feasible: True
Global candidate energy:   -302.471730
Global brute-force skipped: None
