INITIATING QAOA SCHEDULING JOB
WORKLOAD:   10 processes on 2 cores
WEIGHTS:    4.324 total CPU load
QUBO CFG:   Penalty (P) = 5.0
QAOA CFG:   Layers (p) = 2 | Steps = 100 | η = 0.1 | Mixer = xy | Init γ/β = 0.5/0.5
----------------------------------------


--- Iterative Run Started at Sun Jul  5 15:26:43 2026 ---
Building Q_global...
QUBO Matrix completed in 0.0001s
Partitioning in Sub-QUBOs...
3 sub-QUBOs | sizes: [4, 4, 2]
Starting Iterative Loop...

[Sub-QUBO 1/3] 4 entities | weight=2.7505
  phi before: [0. 0.]
  residual capacity: [2.1619 2.1619]
  Solved in 2404.3ms | energy=-28.108604 | feasible=True
  phi after:  [1.4028 1.3477]

[Sub-QUBO 2/3] 4 entities | weight=1.3970
  phi before: [1.4028 1.3477]
  residual capacity: [0.7591 0.8142]
  Solved in 2322.7ms | energy=-21.222026 | feasible=True
  phi after:  [2.0459 2.1016]

[Sub-QUBO 3/3] 2 entities | weight=0.1763
  phi before: [2.0459 2.1016]
  residual capacity: [0.116  0.0603]
  Solved in 1152.5ms | energy=-10.013038 | feasible=True
  phi after:  [2.2069 2.1169]

--- Run Complete ---
Final core loads: [2.2069 2.1169]
Load imbalance:   0.089976  (L_avg=2.1619)
Movable entities assigned: 10/10 | Fixed RT assignments: 0
Validating assembled global assignment...
Global assignment feasible: True
Global candidate energy:   -59.343668
Global optimum energy:     -59.347716
Globally optimal:          False
