
--- Iterative Run Started at Sun Jul  5 16:10:43 2026 ---
Building Q_global...
QUBO Matrix completed in 0.0003s
Partitioning in Sub-QUBOs...
5 sub-QUBOs | sizes: [4, 4, 4, 4, 4]
Starting Iterative Loop...

[Sub-QUBO 1/5] 4 entities | weight=3.7153
  phi before: [0. 0.]
  residual capacity: [5.0069 5.0069]
  Solved in 2469.3ms | energy=-50.302305 | feasible=True
  phi after:  [1.8719 1.8434]

[Sub-QUBO 2/5] 4 entities | weight=2.9420
  phi before: [1.8719 1.8434]
  residual capacity: [3.1351 3.1635]
  Solved in 2491.3ms | energy=-34.203278 | feasible=True
  phi after:  [3.3292 3.328 ]

[Sub-QUBO 3/5] 4 entities | weight=1.8518
  phi before: [3.3292 3.328 ]
  residual capacity: [1.6777 1.6789]
  Solved in 2364.4ms | energy=-24.501159 | feasible=True
  phi after:  [4.253 4.256]

[Sub-QUBO 4/5] 4 entities | weight=1.2961
  phi before: [4.253 4.256]
  residual capacity: [0.7539 0.7509]
  Solved in 2386.2ms | energy=-21.109730 | feasible=True
  phi after:  [4.9222 4.8829]

[Sub-QUBO 5/5] 4 entities | weight=0.2088
  phi before: [4.9222 4.8829]
  residual capacity: [0.0847 0.124 ]
  Solved in 2374.9ms | energy=-20.022391 | feasible=True
  phi after:  [5.0162 4.9977]

--- Run Complete ---
Final core loads: [5.0162 4.9977]
Load imbalance:   0.018582  (L_avg=5.0069)
Movable entities assigned: 20/20 | Fixed RT assignments: 0
Validating assembled global assignment...
Global assignment feasible: True
Global candidate energy:   -150.138863
Global optimum energy:     -150.139036
Globally optimal:          False
