
--- Iterative Run Started at Sun Jul  5 17:55:46 2026 ---
Building Q_global...
QUBO Matrix completed in 0.0216s
Partitioning in Sub-QUBOs...
50 sub-QUBOs | sizes: [4, 4, 4, 4, 4, 4, 4, 4, 4, 4, 4, 4, 4, 4, 4, 4, 4, 4, 4, 4, 4, 4, 4, 4, 4, 4, 4, 4, 4, 4, 4, 4, 4, 4, 4, 4, 4, 4, 4, 4, 4, 4, 4, 4, 4, 4, 4, 4, 4, 4]
Starting Iterative Loop...

[Sub-QUBO 1/50] 4 entities | weight=3.9067
  phi before: [0. 0.]
  residual capacity: [50.2393 50.2393]
  Solved in 2386.8ms | energy=-404.906448 | feasible=True
  phi after:  [1.9511 1.9556]

[Sub-QUBO 2/50] 4 entities | weight=3.8756
  phi before: [1.9511 1.9556]
  residual capacity: [48.2881 48.2837]
  Solved in 2252.4ms | energy=-386.767078 | feasible=True
  phi after:  [3.8913 3.891 ]

[Sub-QUBO 3/50] 4 entities | weight=3.8500
  phi before: [3.8913 3.891 ]
  residual capacity: [46.348  46.3482]
  Solved in 2319.3ms | energy=-369.467349 | feasible=True
  phi after:  [5.816  5.8163]

[Sub-QUBO 4/50] 4 entities | weight=3.7601
  phi before: [5.816  5.8163]
  residual capacity: [44.4233 44.4229]
  Solved in 2294.0ms | energy=-347.004531 | feasible=True
  phi after:  [7.6972 7.6952]

[Sub-QUBO 5/50] 4 entities | weight=3.6558
  phi before: [7.6972 7.6952]
  residual capacity: [42.5421 42.5441]
  Solved in 2361.7ms | energy=-324.373743 | feasible=True
  phi after:  [9.5206 9.5276]

[Sub-QUBO 6/50] 4 entities | weight=3.6001
  phi before: [9.5206 9.5276]
  residual capacity: [40.7187 40.7116]
  Solved in 2286.0ms | energy=-306.680263 | feasible=True
  phi after:  [11.3252 11.3232]

[Sub-QUBO 7/50] 4 entities | weight=3.5497
  phi before: [11.3252 11.3232]
  residual capacity: [38.9141 38.9161]
  Solved in 2370.2ms | energy=-289.976079 | feasible=True
  phi after:  [13.0991 13.099 ]

[Sub-QUBO 8/50] 4 entities | weight=3.4605
  phi before: [13.0991 13.099 ]
  residual capacity: [37.1402 37.1402]
  Solved in 2352.2ms | energy=-271.060254 | feasible=True
  phi after:  [14.8282 14.8304]

[Sub-QUBO 9/50] 4 entities | weight=3.3269
  phi before: [14.8282 14.8304]
  residual capacity: [35.4111 35.4088]
  Solved in 2377.7ms | energy=-250.073767 | feasible=True
  phi after:  [16.4927 16.4927]

[Sub-QUBO 10/50] 4 entities | weight=3.2840
  phi before: [16.4927 16.4927]
  residual capacity: [33.7466 33.7465]
  Solved in 2385.9ms | energy=-236.255682 | feasible=True
  phi after:  [18.135  18.1344]

[Sub-QUBO 11/50] 4 entities | weight=3.1800
  phi before: [18.135  18.1344]
  residual capacity: [32.1043 32.1048]
  Solved in 2376.3ms | energy=-219.131409 | feasible=True
  phi after:  [19.7212 19.7283]

[Sub-QUBO 12/50] 4 entities | weight=3.0967
  phi before: [19.7212 19.7283]
  residual capacity: [30.518 30.511]
  Solved in 2290.7ms | energy=-204.192254 | feasible=True
  phi after:  [21.2717 21.2745]

[Sub-QUBO 13/50] 4 entities | weight=2.9709
  phi before: [21.2717 21.2745]
  residual capacity: [28.9676 28.9648]
  Solved in 2362.0ms | energy=-187.700399 | feasible=True
  phi after:  [22.759  22.7582]

[Sub-QUBO 14/50] 4 entities | weight=2.8848
  phi before: [22.759  22.7582]
  residual capacity: [27.4803 27.4811]
  Solved in 2308.4ms | energy=-174.392085 | feasible=True
  phi after:  [24.2012 24.2008]

[Sub-QUBO 15/50] 4 entities | weight=2.8094
  phi before: [24.2012 24.2008]
  residual capacity: [26.0381 26.0385]
  Solved in 2282.5ms | energy=-162.356318 | feasible=True
  phi after:  [25.6027 25.6086]

[Sub-QUBO 16/50] 4 entities | weight=2.7681
  phi before: [25.6027 25.6086]
  residual capacity: [24.6366 24.6307]
  Solved in 2196.2ms | energy=-152.545455 | feasible=True
  phi after:  [26.989  26.9904]

[Sub-QUBO 17/50] 4 entities | weight=2.7114
  phi before: [26.989  26.9904]
  residual capacity: [23.2503 23.2489]
  Solved in 2243.6ms | energy=-142.400115 | feasible=True
  phi after:  [28.3464 28.3444]

[Sub-QUBO 18/50] 4 entities | weight=2.6465
  phi before: [28.3464 28.3444]
  residual capacity: [21.8929 21.8949]
  Solved in 2403.7ms | energy=-132.383385 | feasible=True
  phi after:  [29.6668 29.6705]

[Sub-QUBO 19/50] 4 entities | weight=2.5449
  phi before: [29.6668 29.6705]
  residual capacity: [20.5725 20.5688]
  Solved in 2225.1ms | energy=-121.461296 | feasible=True
  phi after:  [30.9407 30.9414]

[Sub-QUBO 20/50] 4 entities | weight=2.4729
  phi before: [30.9407 30.9414]
  residual capacity: [19.2985 19.2979]
  Solved in 2328.4ms | energy=-112.388328 | feasible=True
  phi after:  [32.1783 32.1768]

[Sub-QUBO 21/50] 4 entities | weight=2.4360
  phi before: [32.1783 32.1768]
  residual capacity: [18.061  18.0625]
  Solved in 2258.0ms | energy=-105.029997 | feasible=True
  phi after:  [33.3954 33.3957]

[Sub-QUBO 22/50] 4 entities | weight=2.3741
  phi before: [33.3954 33.3957]
  residual capacity: [16.8438 16.8436]
  Solved in 2252.5ms | energy=-97.159081 | feasible=True
  phi after:  [34.584  34.5812]

[Sub-QUBO 23/50] 4 entities | weight=2.2686
  phi before: [34.584  34.5812]
  residual capacity: [15.6553 15.6581]
  Solved in 2300.6ms | energy=-88.463707 | feasible=True
  phi after:  [35.7159 35.7179]

[Sub-QUBO 24/50] 4 entities | weight=2.2100
  phi before: [35.7159 35.7179]
  residual capacity: [14.5234 14.5214]
  Solved in 2290.2ms | energy=-81.745596 | feasible=True
  phi after:  [36.822  36.8217]

[Sub-QUBO 25/50] 4 entities | weight=2.0808
  phi before: [36.822  36.8217]
  residual capacity: [13.4172 13.4176]
  Solved in 2356.5ms | energy=-73.673880 | feasible=True
  phi after:  [37.8621 37.8625]

[Sub-QUBO 26/50] 4 entities | weight=2.0197
  phi before: [37.8621 37.8625]
  residual capacity: [12.3772 12.3768]
  Solved in 2290.8ms | energy=-67.955737 | feasible=True
  phi after:  [38.8727 38.8716]

[Sub-QUBO 27/50] 4 entities | weight=1.9400
  phi before: [38.8727 38.8716]
  residual capacity: [11.3666 11.3677]
  Solved in 2283.8ms | energy=-62.222858 | feasible=True
  phi after:  [39.8367 39.8475]

[Sub-QUBO 28/50] 4 entities | weight=1.8487
  phi before: [39.8367 39.8475]
  residual capacity: [10.4025 10.3917]
  Solved in 2399.6ms | energy=-56.733782 | feasible=True
  phi after:  [40.7634 40.7695]

[Sub-QUBO 29/50] 4 entities | weight=1.7836
  phi before: [40.7634 40.7695]
  residual capacity: [9.4758 9.4697]
  Solved in 2262.6ms | energy=-52.200067 | feasible=True
  phi after:  [41.6599 41.6567]

[Sub-QUBO 30/50] 4 entities | weight=1.7161
  phi before: [41.6599 41.6567]
  residual capacity: [8.5794 8.5826]
  Solved in 2298.1ms | energy=-47.979875 | feasible=True
  phi after:  [42.5153 42.5174]

[Sub-QUBO 31/50] 4 entities | weight=1.6114
  phi before: [42.5153 42.5174]
  residual capacity: [7.724  7.7219]
  Solved in 2302.8ms | energy=-43.590628 | feasible=True
  phi after:  [43.3278 43.3162]

[Sub-QUBO 32/50] 4 entities | weight=1.5509
  phi before: [43.3278 43.3162]
  residual capacity: [6.9114 6.9231]
  Solved in 2281.1ms | energy=-40.253751 | feasible=True
  phi after:  [44.1025 44.0924]

[Sub-QUBO 33/50] 4 entities | weight=1.4111
  phi before: [44.1025 44.0924]
  residual capacity: [6.1367 6.1468]
  Solved in 2273.3ms | energy=-36.338020 | feasible=True
  phi after:  [44.8017 44.8044]

[Sub-QUBO 34/50] 4 entities | weight=1.2373
  phi before: [44.8017 44.8044]
  residual capacity: [5.4376 5.4348]
  Solved in 2366.5ms | energy=-32.687341 | feasible=True
  phi after:  [45.4221 45.4213]

[Sub-QUBO 35/50] 4 entities | weight=1.1775
  phi before: [45.4221 45.4213]
  residual capacity: [4.8172 4.8179]
  Solved in 2384.5ms | energy=-30.651849 | feasible=True
  phi after:  [46.008  46.0129]

[Sub-QUBO 36/50] 4 entities | weight=1.1142
  phi before: [46.008  46.0129]
  residual capacity: [4.2313 4.2264]
  Solved in 2505.5ms | energy=-28.803144 | feasible=True
  phi after:  [46.5684 46.5667]

[Sub-QUBO 37/50] 4 entities | weight=1.0466
  phi before: [46.5684 46.5667]
  residual capacity: [3.6709 3.6725]
  Solved in 2325.7ms | energy=-27.138114 | feasible=True
  phi after:  [47.0895 47.0923]

[Sub-QUBO 38/50] 4 entities | weight=0.9783
  phi before: [47.0895 47.0923]
  residual capacity: [3.1498 3.147 ]
  Solved in 2400.5ms | energy=-25.681362 | feasible=True
  phi after:  [47.5818 47.5782]

[Sub-QUBO 39/50] 4 entities | weight=0.8618
  phi before: [47.5818 47.5782]
  residual capacity: [2.6574 2.661 ]
  Solved in 2260.2ms | energy=-24.212086 | feasible=True
  phi after:  [48.0079 48.0139]

[Sub-QUBO 40/50] 4 entities | weight=0.7989
  phi before: [48.0079 48.0139]
  residual capacity: [2.2313 2.2254]
  Solved in 2327.3ms | energy=-23.241202 | feasible=True
  phi after:  [48.4091 48.4116]

[Sub-QUBO 41/50] 4 entities | weight=0.7526
  phi before: [48.4091 48.4116]
  residual capacity: [1.8301 1.8277]
  Solved in 2311.7ms | energy=-22.469534 | feasible=True
  phi after:  [48.7865 48.7867]

[Sub-QUBO 42/50] 4 entities | weight=0.6597
  phi before: [48.7865 48.7867]
  residual capacity: [1.4527 1.4525]
  Solved in 2458.2ms | energy=-21.698940 | feasible=True
  phi after:  [49.1209 49.112 ]

[Sub-QUBO 43/50] 4 entities | weight=0.5283
  phi before: [49.1209 49.112 ]
  residual capacity: [1.1183 1.1272]
  Solved in 2305.9ms | energy=-21.046800 | feasible=True
  phi after:  [49.3815 49.3797]

[Sub-QUBO 44/50] 4 entities | weight=0.4348
  phi before: [49.3815 49.3797]
  residual capacity: [0.8577 0.8596]
  Solved in 2330.4ms | energy=-20.652182 | feasible=True
  phi after:  [49.5974 49.5987]

[Sub-QUBO 45/50] 4 entities | weight=0.3966
  phi before: [49.5974 49.5987]
  residual capacity: [0.6419 0.6406]
  Solved in 2326.0ms | energy=-20.429960 | feasible=True
  phi after:  [49.7975 49.7951]

[Sub-QUBO 46/50] 4 entities | weight=0.3148
  phi before: [49.7975 49.7951]
  residual capacity: [0.4418 0.4441]
  Solved in 2199.1ms | energy=-20.229292 | feasible=True
  phi after:  [49.9501 49.9573]

[Sub-QUBO 47/50] 4 entities | weight=0.2361
  phi before: [49.9501 49.9573]
  residual capacity: [0.2892 0.282 ]
  Solved in 2337.1ms | energy=-20.106986 | feasible=True
  phi after:  [50.0716 50.0719]

[Sub-QUBO 48/50] 4 entities | weight=0.1879
  phi before: [50.0716 50.0719]
  residual capacity: [0.1677 0.1674]
  Solved in 2391.3ms | energy=-20.045312 | feasible=True
  phi after:  [50.1665 50.1649]

[Sub-QUBO 49/50] 4 entities | weight=0.1145
  phi before: [50.1665 50.1649]
  residual capacity: [0.0727 0.0744]
  Solved in 2319.7ms | energy=-20.010284 | feasible=True
  phi after:  [50.2251 50.2209]

[Sub-QUBO 50/50] 4 entities | weight=0.0326
  phi before: [50.2251 50.2209]
  residual capacity: [0.0142 0.0184]
  Solved in 2348.4ms | energy=-20.000537 | feasible=True
  phi after:  [50.238  50.2405]

--- Run Complete ---
Final core loads: [50.238  50.2405]
Load imbalance:   0.002442  (L_avg=50.2393)
Movable entities assigned: 200/200 | Fixed RT assignments: 0
Validating assembled global assignment...
Global assignment feasible: True
Global candidate energy:   -6047.968145
Global brute-force skipped: None
