
--- Iterative Run Started at Sun Jul  5 16:11:01 2026 ---
Building Q_global...
QUBO Matrix completed in 0.0002s
Partitioning in Sub-QUBOs...
5 sub-QUBOs | sizes: [4, 4, 4, 4, 4]
Starting Iterative Loop...

[Sub-QUBO 1/5] 4 entities | weight=3.6663
  phi before: [0. 0.]
  residual capacity: [5.046 5.046]
  Solved in 2543.6ms | energy=-50.279408 | feasible=True
  phi after:  [1.829  1.8373]

[Sub-QUBO 2/5] 4 entities | weight=2.9665
  phi before: [1.829  1.8373]
  residual capacity: [3.2171 3.2087]
  Solved in 2306.3ms | energy=-34.661537 | feasible=True
  phi after:  [3.3303 3.3024]

[Sub-QUBO 3/5] 4 entities | weight=1.9779
  phi before: [3.3303 3.3024]
  residual capacity: [1.7157 1.7436]
  Solved in 2255.3ms | energy=-24.886540 | feasible=True
  phi after:  [4.3009 4.3097]

[Sub-QUBO 4/5] 4 entities | weight=1.2497
  phi before: [4.3009 4.3097]
  residual capacity: [0.7451 0.7363]
  Solved in 2370.2ms | energy=-21.066635 | feasible=True
  phi after:  [4.9742 4.8862]

[Sub-QUBO 5/5] 4 entities | weight=0.2317
  phi before: [4.9742 4.8862]
  residual capacity: [0.0719 0.1598]
  Solved in 2377.3ms | energy=-20.030456 | feasible=True
  phi after:  [5.0348 5.0573]

--- Run Complete ---
Final core loads: [5.0348 5.0573]
Load imbalance:   0.022450  (L_avg=5.0460)
Movable entities assigned: 20/20 | Fixed RT assignments: 0
Validating assembled global assignment...
Global assignment feasible: True
Global candidate energy:   -150.924576
Global optimum energy:     -150.924828
Globally optimal:          False
