INITIATING QAOA SCHEDULING JOB
WORKLOAD:   15 processes on 2 cores
WEIGHTS:    8.253 total CPU load
QUBO CFG:   Penalty (P) = 5.0
QAOA CFG:   Layers (p) = 2 | Steps = 100 | η = 0.1 | Mixer = xy | Init γ/β = 0.5/0.5
----------------------------------------


--- Iterative Run Started at Sun Jul  5 15:29:18 2026 ---
Building Q_global...
QUBO Matrix completed in 0.0002s
Partitioning in Sub-QUBOs...
4 sub-QUBOs | sizes: [4, 4, 4, 3]
Starting Iterative Loop...

[Sub-QUBO 1/4] 4 entities | weight=3.5772
  phi before: [0. 0.]
  residual capacity: [4.1265 4.1265]
  Solved in 2548.2ms | energy=-43.124422 | feasible=True
  phi after:  [1.7918 1.7854]

[Sub-QUBO 2/4] 4 entities | weight=2.7646
  phi before: [1.7918 1.7854]
  residual capacity: [2.3348 2.3411]
  Solved in 2395.8ms | energy=-29.104037 | feasible=True
  phi after:  [3.1448 3.1969]

[Sub-QUBO 3/4] 4 entities | weight=1.7019
  phi before: [3.1448 3.1969]
  residual capacity: [0.9817 0.9296]
  Solved in 2435.4ms | energy=-21.804944 | feasible=True
  phi after:  [4.0443 3.9993]

[Sub-QUBO 4/4] 3 entities | weight=0.2094
  phi before: [4.0443 3.9993]
  residual capacity: [0.0822 0.1272]
  Solved in 2006.6ms | energy=-15.022217 | feasible=True
  phi after:  [4.1075 4.1455]

--- Run Complete ---
Final core loads: [4.1075 4.1455]
Load imbalance:   0.038034  (L_avg=4.1265)
Movable entities assigned: 15/15 | Fixed RT assignments: 0
Validating assembled global assignment...
Global assignment feasible: True
Global candidate energy:   -109.055621
Global optimum energy:     -109.056344
Globally optimal:          False
