INITIATING QAOA SCHEDULING JOB
WORKLOAD:   10 processes on 2 cores
WEIGHTS:    6.328 total CPU load
QUBO CFG:   Penalty (P) = 5.0
QAOA CFG:   Layers (p) = 2 | Steps = 100 | η = 0.1 | Mixer = xy | Init γ/β = 0.5/0.5
----------------------------------------


--- Iterative Run Started at Sun Jul  5 15:26:19 2026 ---
Building Q_global...
QUBO Matrix completed in 0.0001s
Partitioning in Sub-QUBOs...
3 sub-QUBOs | sizes: [4, 4, 2]
Starting Iterative Loop...

[Sub-QUBO 1/3] 4 entities | weight=3.7065
  phi before: [0. 0.]
  residual capacity: [3.1639 3.1639]
  Solved in 2358.3ms | energy=-36.585078 | feasible=True
  phi after:  [1.8569 1.8496]

[Sub-QUBO 2/3] 4 entities | weight=2.5416
  phi before: [1.8569 1.8496]
  residual capacity: [1.3071 1.3143]
  Solved in 2470.0ms | energy=-23.387455 | feasible=True
  phi after:  [2.9736 3.2744]

[Sub-QUBO 3/3] 2 entities | weight=0.0798
  phi before: [2.9736 3.2744]
  residual capacity: [ 0.1903 -0.1105]
  Solved in 1225.9ms | energy=-10.024012 | feasible=True
  phi after:  [3.0535 3.2744]

--- Run Complete ---
Final core loads: [3.0535 3.2744]
Load imbalance:   0.220964  (L_avg=3.1639)
Movable entities assigned: 10/10 | Fixed RT assignments: 0
Validating assembled global assignment...
Global assignment feasible: True
Global candidate energy:   -69.996545
Global optimum energy:     -70.020421
Globally optimal:          False
