
--- Iterative Run Started at Sun Jul  5 17:25:54 2026 ---
Building Q_global...
QUBO Matrix completed in 0.0082s
Partitioning in Sub-QUBOs...
33 sub-QUBOs | sizes: [4, 4, 4, 4, 4, 4, 4, 4, 4, 4, 4, 4, 4, 4, 4, 4, 4, 4, 4, 4, 4, 4, 4, 4, 4, 4, 4, 4, 4, 4, 4, 4, 2]
Starting Iterative Loop...

[Sub-QUBO 1/33] 4 entities | weight=3.9105
  phi before: [0. 0.]
  residual capacity: [32.6816 32.6816]
  Solved in 2523.4ms | energy=-267.955044 | feasible=True
  phi after:  [1.9598 1.9507]

[Sub-QUBO 2/33] 4 entities | weight=3.7799
  phi before: [1.9598 1.9507]
  residual capacity: [30.7218 30.7309]
  Solved in 2431.0ms | energy=-245.138825 | feasible=True
  phi after:  [3.8406 3.8498]

[Sub-QUBO 3/33] 4 entities | weight=3.5741
  phi before: [3.8406 3.8498]
  residual capacity: [28.841  28.8318]
  Solved in 2306.0ms | energy=-219.739823 | feasible=True
  phi after:  [5.6344 5.63  ]

[Sub-QUBO 4/33] 4 entities | weight=3.4365
  phi before: [5.6344 5.63  ]
  residual capacity: [27.0472 27.0516]
  Solved in 2256.0ms | energy=-200.003792 | feasible=True
  phi after:  [7.3509 7.35  ]

[Sub-QUBO 5/33] 4 entities | weight=3.3464
  phi before: [7.3509 7.35  ]
  residual capacity: [25.3307 25.3316]
  Solved in 2547.5ms | energy=-183.937582 | feasible=True
  phi after:  [9.0221 9.0252]

[Sub-QUBO 6/33] 4 entities | weight=3.2996
  phi before: [9.0221 9.0252]
  residual capacity: [23.6595 23.6564]
  Solved in 2527.6ms | energy=-170.681683 | feasible=True
  phi after:  [10.6744 10.6725]

[Sub-QUBO 7/33] 4 entities | weight=3.2061
  phi before: [10.6744 10.6725]
  residual capacity: [22.0072 22.009 ]
  Solved in 2657.3ms | energy=-155.981811 | feasible=True
  phi after:  [12.2731 12.28  ]

[Sub-QUBO 8/33] 4 entities | weight=3.0954
  phi before: [12.2731 12.28  ]
  residual capacity: [20.4085 20.4016]
  Solved in 2319.6ms | energy=-141.533880 | feasible=True
  phi after:  [13.8233 13.8252]

[Sub-QUBO 9/33] 4 entities | weight=2.9834
  phi before: [13.8233 13.8252]
  residual capacity: [18.8583 18.8564]
  Solved in 2521.8ms | energy=-128.066811 | feasible=True
  phi after:  [15.3267 15.3052]

[Sub-QUBO 10/33] 4 entities | weight=2.8679
  phi before: [15.3267 15.3052]
  residual capacity: [17.3549 17.3764]
  Solved in 2572.6ms | energy=-115.493318 | feasible=True
  phi after:  [16.7499 16.7499]

[Sub-QUBO 11/33] 4 entities | weight=2.7131
  phi before: [16.7499 16.7499]
  residual capacity: [15.9317 15.9317]
  Solved in 2430.1ms | energy=-102.767273 | feasible=True
  phi after:  [18.1062 18.1066]

[Sub-QUBO 12/33] 4 entities | weight=2.6013
  phi before: [18.1062 18.1066]
  residual capacity: [14.5754 14.575 ]
  Solved in 2349.3ms | energy=-92.444658 | feasible=True
  phi after:  [19.4079 19.4062]

[Sub-QUBO 13/33] 4 entities | weight=2.5281
  phi before: [19.4079 19.4062]
  residual capacity: [13.2737 13.2754]
  Solved in 2265.8ms | energy=-83.923492 | feasible=True
  phi after:  [20.6707 20.6715]

[Sub-QUBO 14/33] 4 entities | weight=2.3820
  phi before: [20.6707 20.6715]
  residual capacity: [12.0109 12.0101]
  Solved in 2418.3ms | energy=-74.380094 | feasible=True
  phi after:  [21.8702 21.8539]

[Sub-QUBO 15/33] 4 entities | weight=2.1726
  phi before: [21.8702 21.8539]
  residual capacity: [10.8114 10.8277]
  Solved in 2351.9ms | energy=-64.653585 | feasible=True
  phi after:  [22.9496 22.9472]

[Sub-QUBO 16/33] 4 entities | weight=2.0674
  phi before: [22.9496 22.9472]
  residual capacity: [9.732  9.7344]
  Solved in 2513.8ms | energy=-58.107118 | feasible=True
  phi after:  [23.9775 23.9867]

[Sub-QUBO 17/33] 4 entities | weight=1.9488
  phi before: [23.9775 23.9867]
  residual capacity: [8.7041 8.6949]
  Solved in 2398.5ms | energy=-52.008438 | feasible=True
  phi after:  [24.9589 24.9541]

[Sub-QUBO 18/33] 4 entities | weight=1.8172
  phi before: [24.9589 24.9541]
  residual capacity: [7.7227 7.7275]
  Solved in 2509.3ms | energy=-46.424436 | feasible=True
  phi after:  [25.8666 25.8635]

[Sub-QUBO 19/33] 4 entities | weight=1.6985
  phi before: [25.8666 25.8635]
  residual capacity: [6.815  6.8181]
  Solved in 2648.7ms | energy=-41.712771 | feasible=True
  phi after:  [26.7127 26.7159]

[Sub-QUBO 20/33] 4 entities | weight=1.6295
  phi before: [26.7127 26.7159]
  residual capacity: [5.9689 5.9657]
  Solved in 2755.3ms | energy=-38.119657 | feasible=True
  phi after:  [27.5299 27.5282]

[Sub-QUBO 21/33] 4 entities | weight=1.4995
  phi before: [27.5299 27.5282]
  residual capacity: [5.1517 5.1534]
  Solved in 2601.6ms | energy=-34.328311 | feasible=True
  phi after:  [28.278  28.2796]

[Sub-QUBO 22/33] 4 entities | weight=1.3533
  phi before: [28.278  28.2796]
  residual capacity: [4.4036 4.402 ]
  Solved in 2571.5ms | energy=-31.000634 | feasible=True
  phi after:  [28.9597 28.9511]

[Sub-QUBO 23/33] 4 entities | weight=1.2130
  phi before: [28.9597 28.9511]
  residual capacity: [3.7219 3.7304]
  Solved in 2613.2ms | energy=-28.303756 | feasible=True
  phi after:  [29.5577 29.5662]

[Sub-QUBO 24/33] 4 entities | weight=1.1132
  phi before: [29.5577 29.5662]
  residual capacity: [3.1239 3.1154]
  Solved in 2496.3ms | energy=-26.326193 | feasible=True
  phi after:  [30.1199 30.1171]

[Sub-QUBO 25/33] 4 entities | weight=1.0427
  phi before: [30.1199 30.1171]
  residual capacity: [2.5616 2.5645]
  Solved in 2894.4ms | energy=-24.801427 | feasible=True
  phi after:  [30.6401 30.6397]

[Sub-QUBO 26/33] 4 entities | weight=0.9609
  phi before: [30.6401 30.6397]
  residual capacity: [2.0415 2.0419]
  Solved in 2659.6ms | energy=-23.461801 | feasible=True
  phi after:  [31.1121 31.1285]

[Sub-QUBO 27/33] 4 entities | weight=0.8147
  phi before: [31.1121 31.1285]
  residual capacity: [1.5694 1.5531]
  Solved in 2669.1ms | energy=-22.212135 | feasible=True
  phi after:  [31.5273 31.528 ]

[Sub-QUBO 28/33] 4 entities | weight=0.7260
  phi before: [31.5273 31.528 ]
  residual capacity: [1.1543 1.1536]
  Solved in 2526.2ms | energy=-21.411931 | feasible=True
  phi after:  [31.8972 31.8841]

[Sub-QUBO 29/33] 4 entities | weight=0.6033
  phi before: [31.8972 31.8841]
  residual capacity: [0.7844 0.7975]
  Solved in 2644.8ms | energy=-20.772397 | feasible=True
  phi after:  [32.1919 32.1927]

[Sub-QUBO 30/33] 4 entities | weight=0.4883
  phi before: [32.1919 32.1927]
  residual capacity: [0.4897 0.4889]
  Solved in 2455.9ms | energy=-20.358643 | feasible=True
  phi after:  [32.4364 32.4365]

[Sub-QUBO 31/33] 4 entities | weight=0.3234
  phi before: [32.4364 32.4365]
  residual capacity: [0.2452 0.2451]
  Solved in 2514.1ms | energy=-20.106168 | feasible=True
  phi after:  [32.605  32.5912]

[Sub-QUBO 32/33] 4 entities | weight=0.1540
  phi before: [32.605  32.5912]
  residual capacity: [0.0765 0.0904]
  Solved in 2700.2ms | energy=-20.013924 | feasible=True
  phi after:  [32.6722 32.6781]

[Sub-QUBO 33/33] 2 entities | weight=0.0129
  phi before: [32.6722 32.6781]
  residual capacity: [0.0094 0.0035]
  Solved in 1379.3ms | energy=-10.000090 | feasible=True
  phi after:  [32.6793 32.6839]

--- Run Complete ---
Final core loads: [32.6793 32.6839]
Load imbalance:   0.004601  (L_avg=32.6816)
Movable entities assigned: 130/130 | Fixed RT assignments: 0
Validating assembled global assignment...
Global assignment feasible: True
Global candidate energy:   -2786.171502
Global brute-force skipped: None
