
--- Iterative Run Started at Sun Jul  5 16:44:16 2026 ---
Building Q_global...
QUBO Matrix completed in 0.0014s
Partitioning in Sub-QUBOs...
13 sub-QUBOs | sizes: [4, 4, 4, 4, 4, 4, 4, 4, 4, 4, 4, 4, 2]
Starting Iterative Loop...

[Sub-QUBO 1/13] 4 entities | weight=3.8043
  phi before: [0. 0.]
  residual capacity: [12.1474 12.1474]
  Solved in 2234.4ms | energy=-105.187440 | feasible=True
  phi after:  [1.9074 1.8969]

[Sub-QUBO 2/13] 4 entities | weight=3.5174
  phi before: [1.9074 1.8969]
  residual capacity: [10.24   10.2505]
  Solved in 2367.2ms | energy=-85.887017 | feasible=True
  phi after:  [3.6593 3.6624]

[Sub-QUBO 3/13] 4 entities | weight=3.2634
  phi before: [3.6593 3.6624]
  residual capacity: [8.4881 8.485 ]
  Solved in 2256.3ms | energy=-70.064552 | feasible=True
  phi after:  [5.3085 5.2765]

[Sub-QUBO 4/13] 4 entities | weight=3.0048
  phi before: [5.3085 5.2765]
  residual capacity: [6.8389 6.8708]
  Solved in 2243.2ms | energy=-56.681140 | feasible=True
  phi after:  [6.8059 6.7839]

[Sub-QUBO 5/13] 4 entities | weight=2.5638
  phi before: [6.8059 6.7839]
  residual capacity: [5.3414 5.3635]
  Solved in 2247.5ms | energy=-44.156624 | feasible=True
  phi after:  [8.0407 8.113 ]

[Sub-QUBO 6/13] 4 entities | weight=2.0321
  phi before: [8.0407 8.113 ]
  residual capacity: [4.1067 4.0344]
  Solved in 2272.3ms | energy=-34.479844 | feasible=True
  phi after:  [9.0631 9.1227]

[Sub-QUBO 7/13] 4 entities | weight=1.8132
  phi before: [9.0631 9.1227]
  residual capacity: [3.0843 3.0247]
  Solved in 2333.7ms | energy=-29.434502 | feasible=True
  phi after:  [10.0047  9.9943]

[Sub-QUBO 8/13] 4 entities | weight=1.5092
  phi before: [10.0047  9.9943]
  residual capacity: [2.1427 2.153 ]
  Solved in 2240.7ms | energy=-25.343805 | feasible=True
  phi after:  [10.7381 10.7701]

[Sub-QUBO 9/13] 4 entities | weight=1.1935
  phi before: [10.7381 10.7701]
  residual capacity: [1.4093 1.3773]
  Solved in 2281.4ms | energy=-22.613925 | feasible=True
  phi after:  [11.3437 11.358 ]

[Sub-QUBO 10/13] 4 entities | weight=0.9335
  phi before: [11.3437 11.358 ]
  residual capacity: [0.8037 0.7894]
  Solved in 2207.2ms | energy=-21.051523 | feasible=True
  phi after:  [11.8144 11.8209]

[Sub-QUBO 11/13] 4 entities | weight=0.4773
  phi before: [11.8144 11.8209]
  residual capacity: [0.333  0.3265]
  Solved in 2234.9ms | energy=-20.199924 | feasible=True
  phi after:  [12.0784 12.0341]

[Sub-QUBO 12/13] 4 entities | weight=0.1665
  phi before: [12.0784 12.0341]
  residual capacity: [0.0689 0.1133]
  Solved in 2277.3ms | energy=-20.017383 | feasible=True
  phi after:  [12.1457 12.1333]

[Sub-QUBO 13/13] 2 entities | weight=0.0157
  phi before: [12.1457 12.1333]
  residual capacity: [0.0017 0.0141]
  Solved in 1120.7ms | energy=-10.000200 | feasible=True
  phi after:  [12.1469 12.1479]

--- Run Complete ---
Final core loads: [12.1469 12.1479]
Load imbalance:   0.000934  (L_avg=12.1474)
Movable entities assigned: 50/50 | Fixed RT assignments: 0
Validating assembled global assignment...
Global assignment feasible: True
Global candidate energy:   -545.117879
Global brute-force skipped: None
