
--- Iterative Run Started at Sun Jul  5 16:20:24 2026 ---
Building Q_global...
QUBO Matrix completed in 0.0002s
Partitioning in Sub-QUBOs...
5 sub-QUBOs | sizes: [4, 4, 4, 4, 4]
Starting Iterative Loop...

[Sub-QUBO 1/5] 4 entities | weight=3.4116
  phi before: [0. 0.]
  residual capacity: [4.2478 4.2478]
  Solved in 2292.9ms | energy=-43.162058 | feasible=True
  phi after:  [1.7341 1.6774]

[Sub-QUBO 2/5] 4 entities | weight=2.3924
  phi before: [1.7341 1.6774]
  residual capacity: [2.5136 2.5703]
  Solved in 2364.1ms | energy=-29.302554 | feasible=True
  phi after:  [2.9058 2.8981]

[Sub-QUBO 3/5] 4 entities | weight=1.7398
  phi before: [2.9058 2.8981]
  residual capacity: [1.3419 1.3497]
  Solved in 2222.8ms | energy=-23.163988 | feasible=True
  phi after:  [3.7198 3.8239]

[Sub-QUBO 4/5] 4 entities | weight=0.8090
  phi before: [3.7198 3.8239]
  residual capacity: [0.5279 0.4238]
  Solved in 2211.9ms | energy=-20.447858 | feasible=True
  phi after:  [4.1888 4.164 ]

[Sub-QUBO 5/5] 4 entities | weight=0.1427
  phi before: [4.1888 4.164 ]
  residual capacity: [0.059  0.0838]
  Solved in 2295.6ms | energy=-20.010399 | feasible=True
  phi after:  [4.2409 4.2546]

--- Run Complete ---
Final core loads: [4.2409 4.2546]
Load imbalance:   0.013775  (L_avg=4.2478)
Movable entities assigned: 20/20 | Fixed RT assignments: 0
Validating assembled global assignment...
Global assignment feasible: True
Global candidate energy:   -136.086857
Global optimum energy:     -136.086952
Globally optimal:          False
