
--- Iterative Run Started at Sun Jul  5 16:46:57 2026 ---
Building Q_global...
QUBO Matrix completed in 0.0012s
Partitioning in Sub-QUBOs...
13 sub-QUBOs | sizes: [4, 4, 4, 4, 4, 4, 4, 4, 4, 4, 4, 4, 2]
Starting Iterative Loop...

[Sub-QUBO 1/13] 4 entities | weight=3.8162
  phi before: [0. 0.]
  residual capacity: [12.6927 12.6927]
  Solved in 2218.3ms | energy=-109.594254 | feasible=True
  phi after:  [1.9129 1.9033]

[Sub-QUBO 2/13] 4 entities | weight=3.4714
  phi before: [1.9129 1.9033]
  residual capacity: [10.7798 10.7895]
  Solved in 2335.6ms | energy=-88.850416 | feasible=True
  phi after:  [3.6361 3.6515]

[Sub-QUBO 3/13] 4 entities | weight=3.3184
  phi before: [3.6361 3.6515]
  residual capacity: [9.0567 9.0412]
  Solved in 2238.2ms | energy=-74.550881 | feasible=True
  phi after:  [5.3021 5.304 ]

[Sub-QUBO 4/13] 4 entities | weight=2.9640
  phi before: [5.3021 5.304 ]
  residual capacity: [7.3907 7.3888]
  Solved in 2244.4ms | energy=-59.412481 | feasible=True
  phi after:  [6.801  6.7691]

[Sub-QUBO 5/13] 4 entities | weight=2.5674
  phi before: [6.801  6.7691]
  residual capacity: [5.8918 5.9237]
  Solved in 2222.2ms | energy=-47.039629 | feasible=True
  phi after:  [8.0559 8.0815]

[Sub-QUBO 6/13] 4 entities | weight=2.2682
  phi before: [8.0559 8.0815]
  residual capacity: [4.6368 4.6112]
  Solved in 2282.2ms | energy=-38.404252 | feasible=True
  phi after:  [9.2059 9.1997]

[Sub-QUBO 7/13] 4 entities | weight=1.8332
  phi before: [9.2059 9.1997]
  residual capacity: [3.4869 3.493 ]
  Solved in 2202.4ms | energy=-31.114512 | feasible=True
  phi after:  [10.1008 10.138 ]

[Sub-QUBO 8/13] 4 entities | weight=1.4338
  phi before: [10.1008 10.138 ]
  residual capacity: [2.592  2.5547]
  Solved in 2252.4ms | energy=-26.351858 | feasible=True
  phi after:  [10.8231 10.8495]

[Sub-QUBO 9/13] 4 entities | weight=1.2450
  phi before: [10.8231 10.8495]
  residual capacity: [1.8696 1.8432]
  Solved in 2263.1ms | energy=-23.847781 | feasible=True
  phi after:  [11.4632 11.4544]

[Sub-QUBO 10/13] 4 entities | weight=0.9868
  phi before: [11.4632 11.4544]
  residual capacity: [1.2296 1.2383]
  Solved in 2237.4ms | energy=-21.948430 | feasible=True
  phi after:  [11.9513 11.9531]

[Sub-QUBO 11/13] 4 entities | weight=0.6608
  phi before: [11.9513 11.9531]
  residual capacity: [0.7415 0.7396]
  Solved in 2243.3ms | energy=-20.759054 | feasible=True
  phi after:  [12.3082 12.257 ]

[Sub-QUBO 12/13] 4 entities | weight=0.5697
  phi before: [12.3082 12.257 ]
  residual capacity: [0.3845 0.4358]
  Solved in 2207.5ms | energy=-20.305324 | feasible=True
  phi after:  [12.59   12.5449]

[Sub-QUBO 13/13] 2 entities | weight=0.2506
  phi before: [12.59   12.5449]
  residual capacity: [0.1027 0.1479]
  Solved in 1109.2ms | energy=-10.032125 | feasible=True
  phi after:  [12.7047 12.6808]

--- Run Complete ---
Final core loads: [12.7047 12.6808]
Load imbalance:   0.023862  (L_avg=12.6927)
Movable entities assigned: 50/50 | Fixed RT assignments: 0
Validating assembled global assignment...
Global assignment feasible: True
Global candidate energy:   -572.210997
Global brute-force skipped: None
