
--- Iterative Run Started at Sun Jul  5 16:12:46 2026 ---
Building Q_global...
QUBO Matrix completed in 0.0002s
Partitioning in Sub-QUBOs...
5 sub-QUBOs | sizes: [4, 4, 4, 4, 4]
Starting Iterative Loop...

[Sub-QUBO 1/5] 4 entities | weight=3.6287
  phi before: [0. 0.]
  residual capacity: [4.1543 4.1543]
  Solved in 2361.7ms | energy=-43.565263 | feasible=True
  phi after:  [1.8238 1.8049]

[Sub-QUBO 2/5] 4 entities | weight=2.1337
  phi before: [1.8238 1.8049]
  residual capacity: [2.3304 2.3494]
  Solved in 2339.4ms | energy=-27.704530 | feasible=True
  phi after:  [2.8334 2.9289]

[Sub-QUBO 3/5] 4 entities | weight=1.2835
  phi before: [2.8334 2.9289]
  residual capacity: [1.3208 1.2253]
  Solved in 2326.8ms | energy=-22.448472 | feasible=True
  phi after:  [3.5091 3.5368]

[Sub-QUBO 4/5] 4 entities | weight=0.8586
  phi before: [3.5091 3.5368]
  residual capacity: [0.6452 0.6175]
  Solved in 2326.8ms | energy=-20.715849 | feasible=True
  phi after:  [3.9493 3.9552]

[Sub-QUBO 5/5] 4 entities | weight=0.4040
  phi before: [3.9493 3.9552]
  residual capacity: [0.205 0.199]
  Solved in 2278.5ms | energy=-20.081073 | feasible=True
  phi after:  [4.1712 4.1373]

--- Run Complete ---
Final core loads: [4.1712 4.1373]
Load imbalance:   0.033842  (L_avg=4.1543)
Movable entities assigned: 20/20 | Fixed RT assignments: 0
Validating assembled global assignment...
Global assignment feasible: True
Global candidate energy:   -134.515187
Global optimum energy:     -134.515759
Globally optimal:          False
