
--- Iterative Run Started at Sun Jul  5 17:33:46 2026 ---
Building Q_global...
QUBO Matrix completed in 0.0092s
Partitioning in Sub-QUBOs...
33 sub-QUBOs | sizes: [4, 4, 4, 4, 4, 4, 4, 4, 4, 4, 4, 4, 4, 4, 4, 4, 4, 4, 4, 4, 4, 4, 4, 4, 4, 4, 4, 4, 4, 4, 4, 4, 2]
Starting Iterative Loop...

[Sub-QUBO 1/33] 4 entities | weight=3.9648
  phi before: [0. 0.]
  residual capacity: [34.8335 34.8335]
  Solved in 2562.4ms | energy=-288.352655 | feasible=True
  phi after:  [1.9813 1.9834]

[Sub-QUBO 2/33] 4 entities | weight=3.9099
  phi before: [1.9813 1.9834]
  residual capacity: [32.8522 32.8501]
  Solved in 2783.6ms | energy=-269.244608 | feasible=True
  phi after:  [3.9388 3.9358]

[Sub-QUBO 3/33] 4 entities | weight=3.8440
  phi before: [3.9388 3.9358]
  residual capacity: [30.8947 30.8977]
  Solved in 2410.9ms | energy=-250.144002 | feasible=True
  phi after:  [5.8587 5.8599]

[Sub-QUBO 4/33] 4 entities | weight=3.6525
  phi before: [5.8587 5.8599]
  residual capacity: [28.9748 28.9735]
  Solved in 2781.7ms | energy=-224.984463 | feasible=True
  phi after:  [7.7072 7.664 ]

[Sub-QUBO 5/33] 4 entities | weight=3.5258
  phi before: [7.7072 7.664 ]
  residual capacity: [27.1263 27.1695]
  Solved in 2464.6ms | energy=-205.219652 | feasible=True
  phi after:  [9.4607 9.4362]

[Sub-QUBO 6/33] 4 entities | weight=3.4814
  phi before: [9.4607 9.4362]
  residual capacity: [25.3727 25.3973]
  Solved in 2450.6ms | energy=-190.689754 | feasible=True
  phi after:  [11.1983 11.18  ]

[Sub-QUBO 7/33] 4 entities | weight=3.4329
  phi before: [11.1983 11.18  ]
  residual capacity: [23.6352 23.6535]
  Solved in 2627.2ms | energy=-176.444823 | feasible=True
  phi after:  [12.8983 12.9129]

[Sub-QUBO 8/33] 4 entities | weight=3.3316
  phi before: [12.8983 12.9129]
  residual capacity: [21.9351 21.9206]
  Solved in 2543.8ms | energy=-160.561044 | feasible=True
  phi after:  [14.5747 14.5682]

[Sub-QUBO 9/33] 4 entities | weight=3.2585
  phi before: [14.5747 14.5682]
  residual capacity: [20.2588 20.2653]
  Solved in 2635.7ms | energy=-146.737352 | feasible=True
  phi after:  [16.1993 16.202 ]

[Sub-QUBO 10/33] 4 entities | weight=3.1504
  phi before: [16.1993 16.202 ]
  residual capacity: [18.6342 18.6315]
  Solved in 2547.3ms | energy=-132.439724 | feasible=True
  phi after:  [17.7804 17.7713]

[Sub-QUBO 11/33] 4 entities | weight=3.0739
  phi before: [17.7804 17.7713]
  residual capacity: [17.0531 17.0622]
  Solved in 2549.0ms | energy=-120.142094 | feasible=True
  phi after:  [19.3117 19.3139]

[Sub-QUBO 12/33] 4 entities | weight=2.8574
  phi before: [19.3117 19.3139]
  residual capacity: [15.5218 15.5196]
  Solved in 2551.0ms | energy=-104.614017 | feasible=True
  phi after:  [20.7436 20.7394]

[Sub-QUBO 13/33] 4 entities | weight=2.7009
  phi before: [20.7436 20.7394]
  residual capacity: [14.0899 14.0941]
  Solved in 2667.1ms | energy=-92.473836 | feasible=True
  phi after:  [22.0902 22.0936]

[Sub-QUBO 14/33] 4 entities | weight=2.5224
  phi before: [22.0902 22.0936]
  residual capacity: [12.7433 12.7399]
  Solved in 2622.0ms | energy=-81.096814 | feasible=True
  phi after:  [23.3538 23.3524]

[Sub-QUBO 15/33] 4 entities | weight=2.3427
  phi before: [23.3538 23.3524]
  residual capacity: [11.4797 11.4811]
  Solved in 3006.6ms | energy=-71.047045 | feasible=True
  phi after:  [24.5225 24.5265]

[Sub-QUBO 16/33] 4 entities | weight=2.2199
  phi before: [24.5225 24.5265]
  residual capacity: [10.311 10.307]
  Solved in 2999.4ms | energy=-63.305688 | feasible=True
  phi after:  [25.638  25.6308]

[Sub-QUBO 17/33] 4 entities | weight=2.1510
  phi before: [25.638  25.6308]
  residual capacity: [9.1955 9.2027]
  Solved in 2543.7ms | energy=-57.260292 | feasible=True
  phi after:  [26.7099 26.7099]

[Sub-QUBO 18/33] 4 entities | weight=2.0461
  phi before: [26.7099 26.7099]
  residual capacity: [8.1236 8.1236]
  Solved in 2595.3ms | energy=-51.149803 | feasible=True
  phi after:  [27.7334 27.7324]

[Sub-QUBO 19/33] 4 entities | weight=1.8427
  phi before: [27.7334 27.7324]
  residual capacity: [7.1    7.1011]
  Solved in 2640.6ms | energy=-44.470797 | feasible=True
  phi after:  [28.6485 28.6601]

[Sub-QUBO 20/33] 4 entities | weight=1.7747
  phi before: [28.6485 28.6601]
  residual capacity: [6.185  6.1734]
  Solved in 2535.4ms | energy=-40.358082 | feasible=True
  phi after:  [29.5378 29.5455]

[Sub-QUBO 21/33] 4 entities | weight=1.6686
  phi before: [29.5378 29.5455]
  residual capacity: [5.2957 5.288 ]
  Solved in 2737.5ms | energy=-36.268103 | feasible=True
  phi after:  [30.3742 30.3777]

[Sub-QUBO 22/33] 4 entities | weight=1.5030
  phi before: [30.3742 30.3777]
  residual capacity: [4.4593 4.4558]
  Solved in 2618.5ms | energy=-32.269712 | feasible=True
  phi after:  [31.1336 31.1213]

[Sub-QUBO 23/33] 4 entities | weight=1.3060
  phi before: [31.1336 31.1213]
  residual capacity: [3.6999 3.7122]
  Solved in 2754.4ms | energy=-28.827494 | feasible=True
  phi after:  [31.7827 31.7782]

[Sub-QUBO 24/33] 4 entities | weight=1.1739
  phi before: [31.7827 31.7782]
  residual capacity: [3.0507 3.0553]
  Solved in 2740.9ms | energy=-26.478978 | feasible=True
  phi after:  [32.3686 32.3662]

[Sub-QUBO 25/33] 4 entities | weight=1.0488
  phi before: [32.3686 32.3662]
  residual capacity: [2.4649 2.4673]
  Solved in 2814.2ms | energy=-24.622958 | feasible=True
  phi after:  [32.8912 32.8924]

[Sub-QUBO 26/33] 4 entities | weight=0.8769
  phi before: [32.8912 32.8924]
  residual capacity: [1.9423 1.9411]
  Solved in 2824.1ms | energy=-23.020634 | feasible=True
  phi after:  [33.3382 33.3223]

[Sub-QUBO 27/33] 4 entities | weight=0.7921
  phi before: [33.3382 33.3223]
  residual capacity: [1.4952 1.5112]
  Solved in 2828.2ms | energy=-22.067813 | feasible=True
  phi after:  [33.7243 33.7283]

[Sub-QUBO 28/33] 4 entities | weight=0.6992
  phi before: [33.7243 33.7283]
  residual capacity: [1.1092 1.1052]
  Solved in 2505.5ms | energy=-21.303850 | feasible=True
  phi after:  [34.0828 34.0691]

[Sub-QUBO 29/33] 4 entities | weight=0.5383
  phi before: [34.0828 34.0691]
  residual capacity: [0.7507 0.7644]
  Solved in 2744.9ms | energy=-20.670780 | feasible=True
  phi after:  [34.3454 34.3447]

[Sub-QUBO 30/33] 4 entities | weight=0.4600
  phi before: [34.3454 34.3447]
  residual capacity: [0.4881 0.4888]
  Solved in 2745.8ms | energy=-20.343584 | feasible=True
  phi after:  [34.5746 34.5756]

[Sub-QUBO 31/33] 4 entities | weight=0.3018
  phi before: [34.5746 34.5756]
  residual capacity: [0.2589 0.2579]
  Solved in 2622.3ms | energy=-20.110439 | feasible=True
  phi after:  [34.7261 34.7258]

[Sub-QUBO 32/33] 4 entities | weight=0.2008
  phi before: [34.7261 34.7258]
  residual capacity: [0.1074 0.1077]
  Solved in 2552.7ms | energy=-20.023016 | feasible=True
  phi after:  [34.8259 34.8268]

[Sub-QUBO 33/33] 2 entities | weight=0.0142
  phi before: [34.8259 34.8268]
  residual capacity: [0.0076 0.0067]
  Solved in 1286.4ms | energy=-10.000098 | feasible=True
  phi after:  [34.8348 34.8322]

--- Run Complete ---
Final core loads: [34.8348 34.8322]
Load imbalance:   0.002679  (L_avg=34.8335)
Movable entities assigned: 130/130 | Fixed RT assignments: 0
Validating assembled global assignment...
Global assignment feasible: True
Global candidate energy:   -3076.744003
Global brute-force skipped: None
