
--- Iterative Run Started at Sun Jul  5 16:19:32 2026 ---
Building Q_global...
QUBO Matrix completed in 0.0003s
Partitioning in Sub-QUBOs...
5 sub-QUBOs | sizes: [4, 4, 4, 4, 4]
Starting Iterative Loop...

[Sub-QUBO 1/5] 4 entities | weight=3.4247
  phi before: [0. 0.]
  residual capacity: [5.8552 5.8552]
  Solved in 2320.1ms | energy=-54.239408 | feasible=True
  phi after:  [1.6911 1.7336]

[Sub-QUBO 2/5] 4 entities | weight=2.9014
  phi before: [1.6911 1.7336]
  residual capacity: [4.1641 4.1216]
  Solved in 2245.4ms | energy=-39.831969 | feasible=True
  phi after:  [3.1537 3.1724]

[Sub-QUBO 3/5] 4 entities | weight=2.5108
  phi before: [3.1537 3.1724]
  residual capacity: [2.7015 2.6828]
  Solved in 2414.8ms | energy=-30.365961 | feasible=True
  phi after:  [4.4419 4.395 ]

[Sub-QUBO 4/5] 4 entities | weight=1.9215
  phi before: [4.4419 4.395 ]
  residual capacity: [1.4133 1.4602]
  Solved in 2289.3ms | energy=-23.676071 | feasible=True
  phi after:  [5.3891 5.3694]

[Sub-QUBO 5/5] 4 entities | weight=0.9519
  phi before: [5.3891 5.3694]
  residual capacity: [0.4661 0.4858]
  Solved in 2362.9ms | energy=-20.445779 | feasible=True
  phi after:  [5.9165 5.7939]

--- Run Complete ---
Final core loads: [5.9165 5.7939]
Load imbalance:   0.122579  (L_avg=5.8552)
Movable entities assigned: 20/20 | Fixed RT assignments: 0
Validating assembled global assignment...
Global assignment feasible: True
Global candidate energy:   -168.559189
Global optimum energy:     -168.566702
Globally optimal:          False
