INITIATING QAOA SCHEDULING JOB
WORKLOAD:   15 processes on 2 cores
WEIGHTS:    8.766 total CPU load
QUBO CFG:   Penalty (P) = 5.0
QAOA CFG:   Layers (p) = 2 | Steps = 100 | η = 0.1 | Mixer = xy | Init γ/β = 0.5/0.5
----------------------------------------


--- Iterative Run Started at Sun Jul  5 15:28:59 2026 ---
Building Q_global...
QUBO Matrix completed in 0.0002s
Partitioning in Sub-QUBOs...
4 sub-QUBOs | sizes: [4, 4, 4, 3]
Starting Iterative Loop...

[Sub-QUBO 1/4] 4 entities | weight=3.7065
  phi before: [0. 0.]
  residual capacity: [4.3831 4.3831]
  Solved in 2596.1ms | energy=-45.622757 | feasible=True
  phi after:  [1.8569 1.8496]

[Sub-QUBO 2/4] 4 entities | weight=3.2977
  phi before: [1.8569 1.8496]
  residual capacity: [2.5262 2.5335]
  Solved in 2491.7ms | energy=-31.247731 | feasible=True
  phi after:  [3.4882 3.5159]

[Sub-QUBO 3/4] 4 entities | weight=1.5998
  phi before: [3.4882 3.5159]
  residual capacity: [0.8949 0.8672]
  Solved in 2458.5ms | energy=-21.532077 | feasible=True
  phi after:  [4.3635 4.2405]

[Sub-QUBO 4/4] 3 entities | weight=0.1622
  phi before: [4.3635 4.2405]
  residual capacity: [0.0196 0.1426]
  Solved in 1743.3ms | energy=-15.020144 | feasible=True
  phi after:  [4.3661 4.4001]

--- Run Complete ---
Final core loads: [4.3661 4.4001]
Load imbalance:   0.034004  (L_avg=4.3831)
Movable entities assigned: 15/15 | Fixed RT assignments: 0
Validating assembled global assignment...
Global assignment feasible: True
Global candidate energy:   -113.422708
Global optimum energy:     -113.423286
Globally optimal:          False
