INITIATING QAOA SCHEDULING JOB
WORKLOAD:   15 processes on 2 cores
WEIGHTS:    8.358 total CPU load
QUBO CFG:   Penalty (P) = 5.0
QAOA CFG:   Layers (p) = 2 | Steps = 100 | η = 0.1 | Mixer = xy | Init γ/β = 0.5/0.5
----------------------------------------


--- Iterative Run Started at Sun Jul  5 15:29:55 2026 ---
Building Q_global...
QUBO Matrix completed in 0.0001s
Partitioning in Sub-QUBOs...
4 sub-QUBOs | sizes: [4, 4, 4, 3]
Starting Iterative Loop...

[Sub-QUBO 1/4] 4 entities | weight=3.5513
  phi before: [0. 0.]
  residual capacity: [4.1789 4.1789]
  Solved in 2444.9ms | energy=-43.365858 | feasible=True
  phi after:  [1.709  1.8422]

[Sub-QUBO 2/4] 4 entities | weight=2.5837
  phi before: [1.709  1.8422]
  residual capacity: [2.4698 2.3366]
  Solved in 2390.1ms | energy=-29.088210 | feasible=True
  phi after:  [3.0405 3.0945]

[Sub-QUBO 3/4] 4 entities | weight=1.5783
  phi before: [3.0405 3.0945]
  residual capacity: [1.1384 1.0843]
  Solved in 2446.7ms | energy=-22.263650 | feasible=True
  phi after:  [3.8705 3.8427]

[Sub-QUBO 4/4] 3 entities | weight=0.6445
  phi before: [3.8705 3.8427]
  residual capacity: [0.3083 0.3361]
  Solved in 1634.0ms | energy=-15.208043 | feasible=True
  phi after:  [4.1811 4.1766]

--- Run Complete ---
Final core loads: [4.1811 4.1766]
Load imbalance:   0.004449  (L_avg=4.1789)
Movable entities assigned: 15/15 | Fixed RT assignments: 0
Validating assembled global assignment...
Global assignment feasible: True
Global candidate energy:   -109.925760
Global optimum energy:     -109.925770
Globally optimal:          False
