INITIATING QAOA SCHEDULING JOB
WORKLOAD:   15 processes on 2 cores
WEIGHTS:    9.470 total CPU load
QUBO CFG:   Penalty (P) = 5.0
QAOA CFG:   Layers (p) = 2 | Steps = 100 | η = 0.1 | Mixer = xy | Init γ/β = 0.5/0.5
----------------------------------------


--- Iterative Run Started at Sun Jul  5 15:27:37 2026 ---
Building Q_global...
QUBO Matrix completed in 0.0002s
Partitioning in Sub-QUBOs...
4 sub-QUBOs | sizes: [4, 4, 4, 3]
Starting Iterative Loop...

[Sub-QUBO 1/4] 4 entities | weight=3.8057
  phi before: [0. 0.]
  residual capacity: [4.7351 4.7351]
  Solved in 2426.1ms | energy=-48.798629 | feasible=True
  phi after:  [1.9193 1.8864]

[Sub-QUBO 2/4] 4 entities | weight=3.0698
  phi before: [1.9193 1.8864]
  residual capacity: [2.8158 2.8488]
  Solved in 2291.7ms | energy=-32.674907 | feasible=True
  phi after:  [3.3983 3.4772]

[Sub-QUBO 3/4] 4 entities | weight=1.9629
  phi before: [3.3983 3.4772]
  residual capacity: [1.3368 1.2579]
  Solved in 2379.9ms | energy=-23.169911 | feasible=True
  phi after:  [4.4194 4.419 ]

[Sub-QUBO 4/4] 3 entities | weight=0.6319
  phi before: [4.4194 4.419 ]
  residual capacity: [0.3158 0.3161]
  Solved in 1657.9ms | energy=-15.192324 | feasible=True
  phi after:  [4.6747 4.7955]

--- Run Complete ---
Final core loads: [4.6747 4.7955]
Load imbalance:   0.120777  (L_avg=4.7351)
Movable entities assigned: 15/15 | Fixed RT assignments: 0
Validating assembled global assignment...
Global assignment feasible: True
Global candidate energy:   -119.835771
Global optimum energy:     -119.843064
Globally optimal:          False
