
--- Iterative Run Started at Sun Jul  5 16:33:30 2026 ---
Building Q_global...
QUBO Matrix completed in 0.0009s
Partitioning in Sub-QUBOs...
10 sub-QUBOs | sizes: [4, 4, 4, 4, 4, 4, 4, 4, 4, 4]
Starting Iterative Loop...

[Sub-QUBO 1/10] 4 entities | weight=3.8628
  phi before: [0. 0.]
  residual capacity: [10.0289 10.0289]
  Solved in 2221.9ms | energy=-90.018621 | feasible=True
  phi after:  [1.9316 1.9312]

[Sub-QUBO 2/10] 4 entities | weight=3.4821
  phi before: [1.9316 1.9312]
  residual capacity: [8.0973 8.0977]
  Solved in 2279.5ms | energy=-70.330062 | feasible=True
  phi after:  [3.6687 3.6762]

[Sub-QUBO 3/10] 4 entities | weight=3.0054
  phi before: [3.6687 3.6762]
  residual capacity: [6.3603 6.3527]
  Solved in 2212.1ms | energy=-53.690966 | feasible=True
  phi after:  [5.1725 5.1777]

[Sub-QUBO 4/10] 4 entities | weight=2.3273
  phi before: [5.1725 5.1777]
  residual capacity: [4.8564 4.8513]
  Solved in 2306.2ms | energy=-39.884553 | feasible=True
  phi after:  [6.3373 6.3403]

[Sub-QUBO 5/10] 4 entities | weight=2.0946
  phi before: [6.3373 6.3403]
  residual capacity: [3.6917 3.6887]
  Solved in 2237.7ms | energy=-33.265294 | feasible=True
  phi after:  [7.3872 7.3849]

[Sub-QUBO 6/10] 4 entities | weight=1.8214
  phi before: [7.3872 7.3849]
  residual capacity: [2.6417 2.644 ]
  Solved in 2237.7ms | energy=-27.968475 | feasible=True
  phi after:  [8.2957 8.2978]

[Sub-QUBO 7/10] 4 entities | weight=1.4539
  phi before: [8.2957 8.2978]
  residual capacity: [1.7332 1.7312]
  Solved in 2271.4ms | energy=-23.979824 | feasible=True
  phi after:  [9.0286 9.0188]

[Sub-QUBO 8/10] 4 entities | weight=1.1228
  phi before: [9.0286 9.0188]
  residual capacity: [1.0003 1.0101]
  Solved in 2231.9ms | energy=-21.627085 | feasible=True
  phi after:  [9.5859 9.5843]

[Sub-QUBO 9/10] 4 entities | weight=0.6423
  phi before: [9.5859 9.5843]
  residual capacity: [0.443  0.4446]
  Solved in 2272.9ms | energy=-20.363399 | feasible=True
  phi after:  [9.8907 9.9218]

[Sub-QUBO 10/10] 4 entities | weight=0.2454
  phi before: [9.8907 9.9218]
  residual capacity: [0.1382 0.1071]
  Solved in 2230.8ms | energy=-20.030532 | feasible=True
  phi after:  [10.0341 10.0237]

--- Run Complete ---
Final core loads: [10.0341 10.0237]
Load imbalance:   0.010378  (L_avg=10.0289)
Movable entities assigned: 40/40 | Fixed RT assignments: 0
Validating assembled global assignment...
Global assignment feasible: True
Global candidate energy:   -401.158811
Global brute-force skipped: None
