
--- Iterative Run Started at Sun Jul  5 17:47:35 2026 ---
Building Q_global...
QUBO Matrix completed in 0.0130s
Partitioning in Sub-QUBOs...
40 sub-QUBOs | sizes: [4, 4, 4, 4, 4, 4, 4, 4, 4, 4, 4, 4, 4, 4, 4, 4, 4, 4, 4, 4, 4, 4, 4, 4, 4, 4, 4, 4, 4, 4, 4, 4, 4, 4, 4, 4, 4, 4, 4, 4]
Starting Iterative Loop...

[Sub-QUBO 1/40] 4 entities | weight=3.9648
  phi before: [0. 0.]
  residual capacity: [42.3292 42.3292]
  Solved in 2642.6ms | energy=-347.790093 | feasible=True
  phi after:  [1.9813 1.9834]

[Sub-QUBO 2/40] 4 entities | weight=3.9099
  phi before: [1.9813 1.9834]
  residual capacity: [40.3479 40.3458]
  Solved in 2458.0ms | energy=-327.859526 | feasible=True
  phi after:  [3.9388 3.9358]

[Sub-QUBO 3/40] 4 entities | weight=3.8440
  phi before: [3.9388 3.9358]
  residual capacity: [38.3904 38.3934]
  Solved in 2667.6ms | energy=-307.771816 | feasible=True
  phi after:  [5.8587 5.8599]

[Sub-QUBO 4/40] 4 entities | weight=3.7288
  phi before: [5.8587 5.8599]
  residual capacity: [36.4705 36.4693]
  Solved in 2445.4ms | energy=-285.025594 | feasible=True
  phi after:  [7.7245 7.7229]

[Sub-QUBO 5/40] 4 entities | weight=3.5898
  phi before: [7.7245 7.7229]
  residual capacity: [34.6047 34.6063]
  Solved in 2402.1ms | energy=-262.008041 | feasible=True
  phi after:  [9.5158 9.5215]

[Sub-QUBO 6/40] 4 entities | weight=3.5258
  phi before: [9.5158 9.5215]
  residual capacity: [32.8134 32.8078]
  Solved in 2309.9ms | energy=-245.149770 | feasible=True
  phi after:  [11.2823 11.2807]

[Sub-QUBO 7/40] 4 entities | weight=3.4814
  phi before: [11.2823 11.2807]
  residual capacity: [31.0469 31.0486]
  Solved in 2251.3ms | energy=-230.117580 | feasible=True
  phi after:  [13.0227 13.0216]

[Sub-QUBO 8/40] 4 entities | weight=3.4329
  phi before: [13.0227 13.0216]
  residual capacity: [29.3065 29.3076]
  Solved in 2287.4ms | energy=-215.323685 | feasible=True
  phi after:  [14.7388 14.7385]

[Sub-QUBO 9/40] 4 entities | weight=3.3521
  phi before: [14.7388 14.7385]
  residual capacity: [27.5904 27.5907]
  Solved in 2559.2ms | energy=-199.353571 | feasible=True
  phi after:  [16.4146 16.4148]

[Sub-QUBO 10/40] 4 entities | weight=3.2862
  phi before: [16.4146 16.4148]
  residual capacity: [25.9147 25.9144]
  Solved in 2422.3ms | energy=-184.919410 | feasible=True
  phi after:  [18.058  18.0576]

[Sub-QUBO 11/40] 4 entities | weight=3.2113
  phi before: [18.058  18.0576]
  residual capacity: [24.2713 24.2716]
  Solved in 2497.2ms | energy=-170.729060 | feasible=True
  phi after:  [19.6626 19.6642]

[Sub-QUBO 12/40] 4 entities | weight=3.1258
  phi before: [19.6626 19.6642]
  residual capacity: [22.6666 22.665 ]
  Solved in 2511.2ms | energy=-156.812152 | feasible=True
  phi after:  [21.228  21.2246]

[Sub-QUBO 13/40] 4 entities | weight=3.0757
  phi before: [21.228  21.2246]
  residual capacity: [21.1012 21.1046]
  Solved in 2498.5ms | energy=-145.081192 | feasible=True
  phi after:  [22.764  22.7643]

[Sub-QUBO 14/40] 4 entities | weight=2.9767
  phi before: [22.764  22.7643]
  residual capacity: [19.5652 19.5649]
  Solved in 2380.2ms | energy=-132.048832 | feasible=True
  phi after:  [24.2525 24.2525]

[Sub-QUBO 15/40] 4 entities | weight=2.8177
  phi before: [24.2525 24.2525]
  residual capacity: [18.0767 18.0767]
  Solved in 2375.0ms | energy=-117.901212 | feasible=True
  phi after:  [25.6533 25.6694]

[Sub-QUBO 16/40] 4 entities | weight=2.7114
  phi before: [25.6533 25.6694]
  residual capacity: [16.6759 16.6598]
  Solved in 2477.3ms | energy=-106.711388 | feasible=True
  phi after:  [27.018  27.0161]

[Sub-QUBO 17/40] 4 entities | weight=2.5489
  phi before: [27.018  27.0161]
  residual capacity: [15.3112 15.3131]
  Solved in 2293.6ms | energy=-94.809656 | feasible=True
  phi after:  [28.282 28.301]

[Sub-QUBO 18/40] 4 entities | weight=2.3972
  phi before: [28.282 28.301]
  residual capacity: [14.0472 14.0282]
  Solved in 2197.7ms | energy=-84.428667 | feasible=True
  phi after:  [29.4968 29.4835]

[Sub-QUBO 19/40] 4 entities | weight=2.2946
  phi before: [29.4968 29.4835]
  residual capacity: [12.8325 12.8457]
  Solved in 2360.9ms | energy=-76.288130 | feasible=True
  phi after:  [30.6421 30.6327]

[Sub-QUBO 20/40] 4 entities | weight=2.1869
  phi before: [30.6421 30.6327]
  residual capacity: [11.6871 11.6965]
  Solved in 2517.2ms | energy=-68.746796 | feasible=True
  phi after:  [31.7317 31.73  ]

[Sub-QUBO 21/40] 4 entities | weight=2.1419
  phi before: [31.7317 31.73  ]
  residual capacity: [10.5975 10.5992]
  Solved in 2297.3ms | energy=-63.107461 | feasible=True
  phi after:  [32.8018 32.8019]

[Sub-QUBO 22/40] 4 entities | weight=1.9912
  phi before: [32.8018 32.8019]
  residual capacity: [9.5274 9.5274]
  Solved in 2318.4ms | energy=-55.958878 | feasible=True
  phi after:  [33.804  33.7908]

[Sub-QUBO 23/40] 4 entities | weight=1.8165
  phi before: [33.804  33.7908]
  residual capacity: [8.5252 8.5384]
  Solved in 2305.3ms | energy=-49.345724 | feasible=True
  phi after:  [34.7054 34.7058]

[Sub-QUBO 24/40] 4 entities | weight=1.7658
  phi before: [34.7054 34.7058]
  residual capacity: [7.6238 7.6234]
  Solved in 2392.0ms | energy=-45.364583 | feasible=True
  phi after:  [35.5909 35.5862]

[Sub-QUBO 25/40] 4 entities | weight=1.6686
  phi before: [35.5909 35.5862]
  residual capacity: [6.7384 6.743 ]
  Solved in 2500.1ms | energy=-41.103151 | feasible=True
  phi after:  [36.4231 36.4226]

[Sub-QUBO 26/40] 4 entities | weight=1.5258
  phi before: [36.4231 36.4226]
  residual capacity: [5.9061 5.9066]
  Solved in 2599.0ms | energy=-36.860097 | feasible=True
  phi after:  [37.1823 37.1893]

[Sub-QUBO 27/40] 4 entities | weight=1.4072
  phi before: [37.1823 37.1893]
  residual capacity: [5.1469 5.1399]
  Solved in 2339.2ms | energy=-33.485294 | feasible=True
  phi after:  [37.8874 37.8913]

[Sub-QUBO 28/40] 4 entities | weight=1.2748
  phi before: [37.8874 37.8913]
  residual capacity: [4.4418 4.4379]
  Solved in 2328.9ms | energy=-30.507141 | feasible=True
  phi after:  [38.5294 38.5241]

[Sub-QUBO 29/40] 4 entities | weight=1.1644
  phi before: [38.5294 38.5241]
  residual capacity: [3.7998 3.8051]
  Solved in 2283.8ms | energy=-28.177357 | feasible=True
  phi after:  [39.1079 39.11  ]

[Sub-QUBO 30/40] 4 entities | weight=1.0564
  phi before: [39.1079 39.11  ]
  residual capacity: [3.2213 3.2192]
  Solved in 2291.5ms | energy=-26.245487 | feasible=True
  phi after:  [39.6417 39.6326]

[Sub-QUBO 31/40] 4 entities | weight=0.9787
  phi before: [39.6417 39.6326]
  residual capacity: [2.6875 2.6966]
  Solved in 2228.2ms | energy=-24.790668 | feasible=True
  phi after:  [40.1296 40.1233]

[Sub-QUBO 32/40] 4 entities | weight=0.8660
  phi before: [40.1296 40.1233]
  residual capacity: [2.1996 2.2059]
  Solved in 2236.6ms | energy=-23.440034 | feasible=True
  phi after:  [40.5595 40.5594]

[Sub-QUBO 33/40] 4 entities | weight=0.8076
  phi before: [40.5595 40.5594]
  residual capacity: [1.7697 1.7698]
  Solved in 2225.0ms | energy=-22.532516 | feasible=True
  phi after:  [40.9611 40.9655]

[Sub-QUBO 34/40] 4 entities | weight=0.7307
  phi before: [40.9611 40.9655]
  residual capacity: [1.3681 1.3638]
  Solved in 2205.4ms | energy=-21.729099 | feasible=True
  phi after:  [41.3319 41.3254]

[Sub-QUBO 35/40] 4 entities | weight=0.5702
  phi before: [41.3319 41.3254]
  residual capacity: [0.9974 1.0038]
  Solved in 2231.1ms | energy=-20.978578 | feasible=True
  phi after:  [41.6118 41.6157]

[Sub-QUBO 36/40] 4 entities | weight=0.4798
  phi before: [41.6118 41.6157]
  residual capacity: [0.7175 0.7135]
  Solved in 2251.0ms | energy=-20.571440 | feasible=True
  phi after:  [41.8528 41.8544]

[Sub-QUBO 37/40] 4 entities | weight=0.3962
  phi before: [41.8528 41.8544]
  residual capacity: [0.4764 0.4748]
  Solved in 2232.3ms | energy=-20.298413 | feasible=True
  phi after:  [42.0515 42.052 ]

[Sub-QUBO 38/40] 4 entities | weight=0.2876
  phi before: [42.0515 42.052 ]
  residual capacity: [0.2777 0.2773]
  Solved in 2269.1ms | energy=-20.118245 | feasible=True
  phi after:  [42.1956 42.1955]

[Sub-QUBO 39/40] 4 entities | weight=0.2008
  phi before: [42.1956 42.1955]
  residual capacity: [0.1337 0.1338]
  Solved in 2214.6ms | energy=-20.033537 | feasible=True
  phi after:  [42.2954 42.2965]

[Sub-QUBO 40/40] 4 entities | weight=0.0666
  phi before: [42.2954 42.2965]
  residual capacity: [0.0339 0.0327]
  Solved in 2251.3ms | energy=-20.002101 | feasible=True
  phi after:  [42.3216 42.3369]

--- Run Complete ---
Final core loads: [42.3216 42.3369]
Load imbalance:   0.015343  (L_avg=42.3292)
Movable entities assigned: 160/160 | Fixed RT assignments: 0
Validating assembled global assignment...
Global assignment feasible: True
Global candidate energy:   -4383.525974
Global brute-force skipped: None
