
--- Iterative Run Started at Sun Jul  5 17:05:56 2026 ---
Building Q_global...
QUBO Matrix completed in 0.0031s
Partitioning in Sub-QUBOs...
20 sub-QUBOs | sizes: [4, 4, 4, 4, 4, 4, 4, 4, 4, 4, 4, 4, 4, 4, 4, 4, 4, 4, 4, 4]
Starting Iterative Loop...

[Sub-QUBO 1/20] 4 entities | weight=3.9274
  phi before: [0. 0.]
  residual capacity: [20.916 20.916]
  Solved in 2220.4ms | energy=-176.577884 | feasible=True
  phi after:  [1.9662 1.9612]

[Sub-QUBO 2/20] 4 entities | weight=3.6692
  phi before: [1.9662 1.9612]
  residual capacity: [18.9498 18.9548]
  Solved in 2249.9ms | energy=-152.347458 | feasible=True
  phi after:  [3.7702 3.8264]

[Sub-QUBO 3/20] 4 entities | weight=3.5058
  phi before: [3.7702 3.8264]
  residual capacity: [17.1458 17.0896]
  Solved in 2233.1ms | energy=-133.878557 | feasible=True
  phi after:  [5.5385 5.5639]

[Sub-QUBO 4/20] 4 entities | weight=3.4329
  phi before: [5.5385 5.5639]
  residual capacity: [15.3775 15.3521]
  Solved in 2287.7ms | energy=-119.599518 | feasible=True
  phi after:  [7.2713 7.264 ]

[Sub-QUBO 5/20] 4 entities | weight=3.2959
  phi before: [7.2713 7.264 ]
  residual capacity: [13.6447 13.652 ]
  Solved in 2332.8ms | energy=-104.535778 | feasible=True
  phi after:  [8.9125 8.9187]

[Sub-QUBO 6/20] 4 entities | weight=3.1092
  phi before: [8.9125 8.9187]
  residual capacity: [12.0035 11.9973]
  Solved in 2343.7ms | energy=-89.789945 | feasible=True
  phi after:  [10.469  10.4714]

[Sub-QUBO 7/20] 4 entities | weight=2.8063
  phi before: [10.469  10.4714]
  residual capacity: [10.447  10.4446]
  Solved in 2237.2ms | energy=-74.689213 | feasible=True
  phi after:  [11.9028 11.8439]

[Sub-QUBO 8/20] 4 entities | weight=2.5489
  phi before: [11.9028 11.8439]
  residual capacity: [9.0132 9.0721]
  Solved in 2326.0ms | energy=-62.850287 | feasible=True
  phi after:  [13.1649 13.1307]

[Sub-QUBO 9/20] 4 entities | weight=2.3794
  phi before: [13.1649 13.1307]
  residual capacity: [7.7511 7.7853]
  Solved in 2254.3ms | energy=-54.136433 | feasible=True
  phi after:  [14.344 14.331]

[Sub-QUBO 10/20] 4 entities | weight=2.1600
  phi before: [14.344 14.331]
  residual capacity: [6.572 6.585]
  Solved in 2217.9ms | energy=-46.086428 | feasible=True
  phi after:  [15.4214 15.4136]

[Sub-QUBO 11/20] 4 entities | weight=2.0114
  phi before: [15.4214 15.4136]
  residual capacity: [5.4946 5.5024]
  Solved in 2333.7ms | energy=-40.096205 | feasible=True
  phi after:  [16.4092 16.4372]

[Sub-QUBO 12/20] 4 entities | weight=1.7779
  phi before: [16.4092 16.4372]
  residual capacity: [4.5068 4.4788]
  Solved in 2321.9ms | energy=-34.395641 | feasible=True
  phi after:  [17.3107 17.3137]

[Sub-QUBO 13/20] 4 entities | weight=1.6665
  phi before: [17.3107 17.3137]
  residual capacity: [3.6053 3.6023]
  Solved in 2274.0ms | energy=-30.622762 | feasible=True
  phi after:  [18.1471 18.1437]

[Sub-QUBO 14/20] 4 entities | weight=1.4487
  phi before: [18.1471 18.1437]
  residual capacity: [2.7689 2.7723]
  Solved in 2211.1ms | energy=-26.978108 | feasible=True
  phi after:  [18.8648 18.8747]

[Sub-QUBO 15/20] 4 entities | weight=1.2748
  phi before: [18.8648 18.8747]
  residual capacity: [2.0512 2.0414]
  Solved in 2298.6ms | energy=-24.404579 | feasible=True
  phi after:  [19.5068 19.5074]

[Sub-QUBO 16/20] 4 entities | weight=1.0410
  phi before: [19.5068 19.5074]
  residual capacity: [1.4092 1.4086]
  Solved in 2208.0ms | energy=-22.391398 | feasible=True
  phi after:  [20.0331 20.0222]

[Sub-QUBO 17/20] 4 entities | weight=0.8032
  phi before: [20.0331 20.0222]
  residual capacity: [0.8829 0.8938]
  Solved in 2238.6ms | energy=-21.104550 | feasible=True
  phi after:  [20.4302 20.4282]

[Sub-QUBO 18/20] 4 entities | weight=0.5356
  phi before: [20.4302 20.4282]
  residual capacity: [0.4858 0.4878]
  Solved in 2259.8ms | energy=-20.377953 | feasible=True
  phi after:  [20.6929 20.7012]

[Sub-QUBO 19/20] 4 entities | weight=0.3239
  phi before: [20.6929 20.7012]
  residual capacity: [0.2231 0.2148]
  Solved in 2272.6ms | energy=-20.089440 | feasible=True
  phi after:  [20.8595 20.8585]

[Sub-QUBO 20/20] 4 entities | weight=0.1140
  phi before: [20.8595 20.8585]
  residual capacity: [0.0565 0.0575]
  Solved in 2321.2ms | energy=-20.006501 | feasible=True
  phi after:  [20.9165 20.9155]

--- Run Complete ---
Final core loads: [20.9165 20.9155]
Load imbalance:   0.000941  (L_avg=20.9160)
Movable entities assigned: 80/80 | Fixed RT assignments: 0
Validating assembled global assignment...
Global assignment feasible: True
Global candidate energy:   -1274.958639
Global brute-force skipped: None
