
--- Iterative Run Started at Sun Jul  5 17:24:19 2026 ---
Building Q_global...
QUBO Matrix completed in 0.0086s
Partitioning in Sub-QUBOs...
33 sub-QUBOs | sizes: [4, 4, 4, 4, 4, 4, 4, 4, 4, 4, 4, 4, 4, 4, 4, 4, 4, 4, 4, 4, 4, 4, 4, 4, 4, 4, 4, 4, 4, 4, 4, 4, 2]
Starting Iterative Loop...

[Sub-QUBO 1/33] 4 entities | weight=3.9543
  phi before: [0. 0.]
  residual capacity: [34.5502 34.5502]
  Solved in 2398.2ms | energy=-285.427831 | feasible=True
  phi after:  [1.978  1.9763]

[Sub-QUBO 2/33] 4 entities | weight=3.8638
  phi before: [1.978  1.9763]
  residual capacity: [32.5722 32.5739]
  Solved in 2801.2ms | energy=-264.248521 | feasible=True
  phi after:  [3.9079 3.9103]

[Sub-QUBO 3/33] 4 entities | weight=3.7807
  phi before: [3.9079 3.9103]
  residual capacity: [30.6423 30.6399]
  Solved in 2840.7ms | energy=-244.544007 | feasible=True
  phi after:  [5.7989 5.7999]

[Sub-QUBO 4/33] 4 entities | weight=3.7262
  phi before: [5.7989 5.7999]
  residual capacity: [28.7513 28.7503]
  Solved in 2876.7ms | energy=-227.321166 | feasible=True
  phi after:  [7.6621 7.663 ]

[Sub-QUBO 5/33] 4 entities | weight=3.6909
  phi before: [7.6621 7.663 ]
  residual capacity: [26.8881 26.8872]
  Solved in 2822.3ms | energy=-211.665983 | feasible=True
  phi after:  [9.5128 9.5032]

[Sub-QUBO 6/33] 4 entities | weight=3.5578
  phi before: [9.5128 9.5032]
  residual capacity: [25.0374 25.047 ]
  Solved in 2836.3ms | energy=-191.862144 | feasible=True
  phi after:  [11.2904 11.2834]

[Sub-QUBO 7/33] 4 entities | weight=3.4607
  phi before: [11.2904 11.2834]
  residual capacity: [23.2598 23.2668]
  Solved in 2714.3ms | energy=-175.026740 | feasible=True
  phi after:  [13.0172 13.0173]

[Sub-QUBO 8/33] 4 entities | weight=3.3122
  phi before: [13.0172 13.0173]
  residual capacity: [21.533  21.5329]
  Solved in 2393.7ms | energy=-157.157077 | feasible=True
  phi after:  [14.6744 14.6723]

[Sub-QUBO 9/33] 4 entities | weight=3.1986
  phi before: [14.6744 14.6723]
  residual capacity: [19.8758 19.8779]
  Solved in 2472.5ms | energy=-142.039714 | feasible=True
  phi after:  [16.2726 16.2727]

[Sub-QUBO 10/33] 4 entities | weight=3.0359
  phi before: [16.2726 16.2727]
  residual capacity: [18.2776 18.2775]
  Solved in 2554.7ms | energy=-126.371020 | feasible=True
  phi after:  [17.7928 17.7884]

[Sub-QUBO 11/33] 4 entities | weight=2.9202
  phi before: [17.7928 17.7884]
  residual capacity: [16.7574 16.7618]
  Solved in 2518.4ms | energy=-113.618130 | feasible=True
  phi after:  [19.2514 19.25  ]

[Sub-QUBO 12/33] 4 entities | weight=2.8403
  phi before: [19.2514 19.25  ]
  residual capacity: [15.2988 15.3002]
  Solved in 2682.9ms | energy=-102.876473 | feasible=True
  phi after:  [20.6613 20.6804]

[Sub-QUBO 13/33] 4 entities | weight=2.6786
  phi before: [20.6613 20.6804]
  residual capacity: [13.8889 13.8698]
  Solved in 2420.5ms | energy=-90.767659 | feasible=True
  phi after:  [22.0039 22.0164]

[Sub-QUBO 14/33] 4 entities | weight=2.5364
  phi before: [22.0039 22.0164]
  residual capacity: [12.5463 12.5338]
  Solved in 2416.8ms | energy=-80.397603 | feasible=True
  phi after:  [23.2802 23.2765]

[Sub-QUBO 15/33] 4 entities | weight=2.4566
  phi before: [23.2802 23.2765]
  residual capacity: [11.27   11.2737]
  Solved in 2509.4ms | energy=-72.363437 | feasible=True
  phi after:  [24.5071 24.5063]

[Sub-QUBO 16/33] 4 entities | weight=2.3084
  phi before: [24.5071 24.5063]
  residual capacity: [10.0431 10.0439]
  Solved in 2416.3ms | energy=-63.704451 | feasible=True
  phi after:  [25.6589 25.6628]

[Sub-QUBO 17/33] 4 entities | weight=2.1533
  phi before: [25.6589 25.6628]
  residual capacity: [8.8913 8.8874]
  Solved in 2429.3ms | energy=-55.964918 | feasible=True
  phi after:  [26.7393 26.7358]

[Sub-QUBO 18/33] 4 entities | weight=2.0354
  phi before: [26.7393 26.7358]
  residual capacity: [7.8109 7.8144]
  Solved in 2606.9ms | energy=-49.732746 | feasible=True
  phi after:  [27.752  27.7585]

[Sub-QUBO 19/33] 4 entities | weight=1.8762
  phi before: [27.752  27.7585]
  residual capacity: [6.7982 6.7917]
  Solved in 2568.9ms | energy=-43.737378 | feasible=True
  phi after:  [28.692  28.6947]

[Sub-QUBO 20/33] 4 entities | weight=1.7387
  phi before: [28.692  28.6947]
  residual capacity: [5.8582 5.8555]
  Solved in 2455.4ms | energy=-38.854601 | feasible=True
  phi after:  [29.5627 29.5627]

[Sub-QUBO 21/33] 4 entities | weight=1.6335
  phi before: [29.5627 29.5627]
  residual capacity: [4.9875 4.9875]
  Solved in 2548.7ms | energy=-34.960129 | feasible=True
  phi after:  [30.3819 30.377 ]

[Sub-QUBO 22/33] 4 entities | weight=1.4955
  phi before: [30.3819 30.377 ]
  residual capacity: [4.1683 4.1732]
  Solved in 2698.9ms | energy=-31.356492 | feasible=True
  phi after:  [31.1286 31.1258]

[Sub-QUBO 23/33] 4 entities | weight=1.3402
  phi before: [31.1286 31.1258]
  residual capacity: [3.4216 3.4244]
  Solved in 2443.1ms | energy=-28.276970 | feasible=True
  phi after:  [31.7948 31.7998]

[Sub-QUBO 24/33] 4 entities | weight=1.1970
  phi before: [31.7948 31.7998]
  residual capacity: [2.7554 2.7504]
  Solved in 2444.1ms | energy=-25.873942 | feasible=True
  phi after:  [32.3934 32.3982]

[Sub-QUBO 25/33] 4 entities | weight=1.0365
  phi before: [32.3934 32.3982]
  residual capacity: [2.1568 2.152 ]
  Solved in 2660.9ms | energy=-23.928748 | feasible=True
  phi after:  [32.9183 32.9097]

[Sub-QUBO 26/33] 4 entities | weight=0.9295
  phi before: [32.9183 32.9097]
  residual capacity: [1.6318 1.6405]
  Solved in 2451.5ms | energy=-22.609800 | feasible=True
  phi after:  [33.3779 33.3797]

[Sub-QUBO 27/33] 4 entities | weight=0.7996
  phi before: [33.3779 33.3797]
  residual capacity: [1.1723 1.1705]
  Solved in 2543.6ms | energy=-21.553558 | feasible=True
  phi after:  [33.7794 33.7777]

[Sub-QUBO 28/33] 4 entities | weight=0.5587
  phi before: [33.7794 33.7777]
  residual capacity: [0.7708 0.7725]
  Solved in 2535.9ms | energy=-20.706113 | feasible=True
  phi after:  [34.0542 34.0616]

[Sub-QUBO 29/33] 4 entities | weight=0.4355
  phi before: [34.0542 34.0616]
  residual capacity: [0.496  0.4886]
  Solved in 2520.4ms | energy=-20.333951 | feasible=True
  phi after:  [34.2747 34.2766]

[Sub-QUBO 30/33] 4 entities | weight=0.2754
  phi before: [34.2747 34.2766]
  residual capacity: [0.2755 0.2736]
  Solved in 2593.5ms | energy=-20.113258 | feasible=True
  phi after:  [34.4173 34.4094]

[Sub-QUBO 31/33] 4 entities | weight=0.1671
  phi before: [34.4173 34.4094]
  residual capacity: [0.1329 0.1408]
  Solved in 2546.9ms | energy=-20.031804 | feasible=True
  phi after:  [34.4987 34.495 ]

[Sub-QUBO 32/33] 4 entities | weight=0.0892
  phi before: [34.4987 34.495 ]
  residual capacity: [0.0515 0.0552]
  Solved in 2343.7ms | energy=-20.005537 | feasible=True
  phi after:  [34.543  34.5399]

[Sub-QUBO 33/33] 2 entities | weight=0.0174
  phi before: [34.543  34.5399]
  residual capacity: [0.0072 0.0103]
  Solved in 1207.1ms | energy=-10.000118 | feasible=True
  phi after:  [34.5458 34.5546]

--- Run Complete ---
Final core loads: [34.5458 34.5546]
Load imbalance:   0.008823  (L_avg=34.5502)
Movable entities assigned: 130/130 | Fixed RT assignments: 0
Validating assembled global assignment...
Global assignment feasible: True
Global candidate energy:   -3037.432019
Global brute-force skipped: None
