
--- Iterative Run Started at Sun Jul  5 17:40:46 2026 ---
Building Q_global...
QUBO Matrix completed in 0.0130s
Partitioning in Sub-QUBOs...
40 sub-QUBOs | sizes: [4, 4, 4, 4, 4, 4, 4, 4, 4, 4, 4, 4, 4, 4, 4, 4, 4, 4, 4, 4, 4, 4, 4, 4, 4, 4, 4, 4, 4, 4, 4, 4, 4, 4, 4, 4, 4, 4, 4, 4]
Starting Iterative Loop...

[Sub-QUBO 1/40] 4 entities | weight=3.9067
  phi before: [0. 0.]
  residual capacity: [39.7335 39.7335]
  Solved in 2190.2ms | energy=-322.820758 | feasible=True
  phi after:  [1.9511 1.9556]

[Sub-QUBO 2/40] 4 entities | weight=3.8677
  phi before: [1.9511 1.9556]
  residual capacity: [37.7823 37.7779]
  Solved in 2156.6ms | energy=-304.763386 | feasible=True
  phi after:  [3.8866 3.8878]

[Sub-QUBO 3/40] 4 entities | weight=3.7703
  phi before: [3.8866 3.8878]
  residual capacity: [35.8469 35.8457]
  Solved in 2142.2ms | energy=-283.194211 | feasible=True
  phi after:  [5.7756 5.769 ]

[Sub-QUBO 4/40] 4 entities | weight=3.6440
  phi before: [5.7756 5.769 ]
  residual capacity: [33.9578 33.9644]
  Solved in 2187.9ms | energy=-260.870520 | feasible=True
  phi after:  [7.5921 7.5966]

[Sub-QUBO 5/40] 4 entities | weight=3.5656
  phi before: [7.5921 7.5966]
  residual capacity: [32.1413 32.1369]
  Solved in 2185.8ms | energy=-242.835790 | feasible=True
  phi after:  [9.3756 9.3787]

[Sub-QUBO 6/40] 4 entities | weight=3.4610
  phi before: [9.3756 9.3787]
  residual capacity: [30.3579 30.3547]
  Solved in 2140.9ms | energy=-224.138237 | feasible=True
  phi after:  [11.1075 11.1078]

[Sub-QUBO 7/40] 4 entities | weight=3.3250
  phi before: [11.1075 11.1078]
  residual capacity: [28.626  28.6256]
  Solved in 2145.2ms | energy=-204.833907 | feasible=True
  phi after:  [12.7701 12.7702]

[Sub-QUBO 8/40] 4 entities | weight=3.2611
  phi before: [12.7701 12.7702]
  residual capacity: [26.9633 26.9633]
  Solved in 2134.9ms | energy=-190.544077 | feasible=True
  phi after:  [14.4027 14.3988]

[Sub-QUBO 9/40] 4 entities | weight=3.1463
  phi before: [14.4027 14.3988]
  residual capacity: [25.3308 25.3347]
  Solved in 2132.4ms | energy=-174.460814 | feasible=True
  phi after:  [15.972  15.9758]

[Sub-QUBO 10/40] 4 entities | weight=3.0155
  phi before: [15.972  15.9758]
  residual capacity: [23.7615 23.7576]
  Solved in 2137.6ms | energy=-158.747251 | feasible=True
  phi after:  [17.4883 17.475 ]

[Sub-QUBO 11/40] 4 entities | weight=2.8067
  phi before: [17.4883 17.475 ]
  residual capacity: [22.2452 22.2584]
  Solved in 2145.7ms | energy=-140.968403 | feasible=True
  phi after:  [18.884 18.886]

[Sub-QUBO 12/40] 4 entities | weight=2.7574
  phi before: [18.884 18.886]
  residual capacity: [20.8495 20.8475]
  Solved in 2137.7ms | energy=-131.173764 | feasible=True
  phi after:  [20.2655 20.2619]

[Sub-QUBO 13/40] 4 entities | weight=2.6887
  phi before: [20.2655 20.2619]
  residual capacity: [19.468  19.4716]
  Solved in 2134.3ms | energy=-121.082344 | feasible=True
  phi after:  [21.6057 21.6104]

[Sub-QUBO 14/40] 4 entities | weight=2.5758
  phi before: [21.6057 21.6104]
  residual capacity: [18.1278 18.1231]
  Solved in 2128.1ms | energy=-110.058759 | feasible=True
  phi after:  [22.8963 22.8956]

[Sub-QUBO 15/40] 4 entities | weight=2.4848
  phi before: [22.8963 22.8956]
  residual capacity: [16.8371 16.8379]
  Solved in 2202.8ms | energy=-100.587745 | feasible=True
  phi after:  [24.1374 24.1393]

[Sub-QUBO 16/40] 4 entities | weight=2.4468
  phi before: [24.1374 24.1393]
  residual capacity: [15.5961 15.5941]
  Solved in 2150.3ms | energy=-93.323750 | feasible=True
  phi after:  [25.3644 25.3591]

[Sub-QUBO 17/40] 4 entities | weight=2.3894
  phi before: [25.3644 25.3591]
  residual capacity: [14.3691 14.3743]
  Solved in 2142.2ms | energy=-85.825189 | feasible=True
  phi after:  [26.5566 26.5564]

[Sub-QUBO 18/40] 4 entities | weight=2.2882
  phi before: [26.5566 26.5564]
  residual capacity: [13.1769 13.1771]
  Solved in 2136.0ms | energy=-77.686298 | feasible=True
  phi after:  [27.694  27.7071]

[Sub-QUBO 19/40] 4 entities | weight=2.2100
  phi before: [27.694  27.7071]
  residual capacity: [12.0394 12.0263]
  Solved in 2153.5ms | energy=-70.742263 | feasible=True
  phi after:  [28.8021 28.809 ]

[Sub-QUBO 20/40] 4 entities | weight=2.0740
  phi before: [28.8021 28.809 ]
  residual capacity: [10.9313 10.9245]
  Solved in 2147.1ms | energy=-63.177279 | feasible=True
  phi after:  [29.8422 29.8429]

[Sub-QUBO 21/40] 4 entities | weight=1.9971
  phi before: [29.8422 29.8429]
  residual capacity: [9.8913 9.8906]
  Solved in 2137.5ms | energy=-57.512453 | feasible=True
  phi after:  [30.8442 30.838 ]

[Sub-QUBO 22/40] 4 entities | weight=1.8632
  phi before: [30.8442 30.838 ]
  residual capacity: [8.8892 8.8955]
  Solved in 2126.5ms | energy=-51.400593 | feasible=True
  phi after:  [31.7719 31.7735]

[Sub-QUBO 23/40] 4 entities | weight=1.7995
  phi before: [31.7719 31.7735]
  residual capacity: [7.9616 7.9599]
  Solved in 2123.6ms | energy=-47.031523 | feasible=True
  phi after:  [32.6742 32.6707]

[Sub-QUBO 24/40] 4 entities | weight=1.7341
  phi before: [32.6742 32.6707]
  residual capacity: [7.0593 7.0628]
  Solved in 2120.0ms | energy=-42.985552 | feasible=True
  phi after:  [33.5375 33.5415]

[Sub-QUBO 25/40] 4 entities | weight=1.6114
  phi before: [33.5375 33.5415]
  residual capacity: [6.196  6.1919]
  Solved in 2202.3ms | energy=-38.663212 | feasible=True
  phi after:  [34.35   34.3403]

[Sub-QUBO 26/40] 4 entities | weight=1.5264
  phi before: [34.35   34.3403]
  residual capacity: [5.3834 5.3931]
  Solved in 2125.1ms | energy=-35.284154 | feasible=True
  phi after:  [35.1056 35.1111]

[Sub-QUBO 27/40] 4 entities | weight=1.3635
  phi before: [35.1056 35.1111]
  residual capacity: [4.6278 4.6224]
  Solved in 2138.1ms | energy=-31.682908 | feasible=True
  phi after:  [35.7906 35.7896]

[Sub-QUBO 28/40] 4 entities | weight=1.2156
  phi before: [35.7906 35.7896]
  residual capacity: [3.9428 3.9439]
  Solved in 2130.6ms | energy=-28.847956 | feasible=True
  phi after:  [36.3914 36.4043]

[Sub-QUBO 29/40] 4 entities | weight=1.1458
  phi before: [36.3914 36.4043]
  residual capacity: [3.342  3.3291]
  Solved in 2143.6ms | energy=-26.987618 | feasible=True
  phi after:  [36.973  36.9686]

[Sub-QUBO 30/40] 4 entities | weight=1.0190
  phi before: [36.973  36.9686]
  residual capacity: [2.7604 2.7649]
  Solved in 2146.0ms | energy=-25.111221 | feasible=True
  phi after:  [37.4793 37.4813]

[Sub-QUBO 31/40] 4 entities | weight=0.8618
  phi before: [37.4793 37.4813]
  residual capacity: [2.2542 2.2521]
  Solved in 2140.1ms | energy=-23.512141 | feasible=True
  phi after:  [37.915  37.9074]

[Sub-QUBO 32/40] 4 entities | weight=0.7957
  phi before: [37.915  37.9074]
  residual capacity: [1.8185 1.826 ]
  Solved in 2135.8ms | energy=-22.583377 | feasible=True
  phi after:  [38.3095 38.3086]

[Sub-QUBO 33/40] 4 entities | weight=0.7412
  phi before: [38.3095 38.3086]
  residual capacity: [1.424  1.4248]
  Solved in 2128.6ms | energy=-21.836772 | feasible=True
  phi after:  [38.6786 38.6807]

[Sub-QUBO 34/40] 4 entities | weight=0.5874
  phi before: [38.6786 38.6807]
  residual capacity: [1.0549 1.0528]
  Solved in 2132.9ms | energy=-21.065538 | feasible=True
  phi after:  [38.9766 38.9701]

[Sub-QUBO 35/40] 4 entities | weight=0.4357
  phi before: [38.9766 38.9701]
  residual capacity: [0.7569 0.7634]
  Solved in 2148.8ms | energy=-20.567450 | feasible=True
  phi after:  [39.1925 39.1899]

[Sub-QUBO 36/40] 4 entities | weight=0.3966
  phi before: [39.1925 39.1899]
  residual capacity: [0.541  0.5435]
  Solved in 2198.2ms | energy=-20.351466 | feasible=True
  phi after:  [39.3889 39.39  ]

[Sub-QUBO 37/40] 4 entities | weight=0.2965
  phi before: [39.3889 39.39  ]
  residual capacity: [0.3445 0.3434]
  Solved in 2153.9ms | energy=-20.160018 | feasible=True
  phi after:  [39.5391 39.5364]

[Sub-QUBO 38/40] 4 entities | weight=0.2143
  phi before: [39.5391 39.5364]
  residual capacity: [0.1944 0.1971]
  Solved in 2143.6ms | energy=-20.060941 | feasible=True
  phi after:  [39.6455 39.6443]

[Sub-QUBO 39/40] 4 entities | weight=0.1445
  phi before: [39.6455 39.6443]
  residual capacity: [0.0879 0.0892]
  Solved in 2144.0ms | energy=-20.014994 | feasible=True
  phi after:  [39.7261 39.7082]

[Sub-QUBO 40/40] 4 entities | weight=0.0326
  phi before: [39.7261 39.7082]
  residual capacity: [0.0073 0.0253]
  Solved in 2128.6ms | energy=-20.000692 | feasible=True
  phi after:  [39.7329 39.734 ]

--- Run Complete ---
Final core loads: [39.7329 39.734 ]
Load imbalance:   0.001073  (L_avg=39.7335)
Movable entities assigned: 160/160 | Fixed RT assignments: 0
Validating assembled global assignment...
Global assignment feasible: True
Global candidate energy:   -3957.495323
Global brute-force skipped: None
