
--- Iterative Run Started at Sun Jul  5 16:30:13 2026 ---
Building Q_global...
QUBO Matrix completed in 0.0005s
Partitioning in Sub-QUBOs...
8 sub-QUBOs | sizes: [4, 4, 4, 4, 4, 4, 4, 2]
Starting Iterative Loop...

[Sub-QUBO 1/8] 4 entities | weight=3.7248
  phi before: [0. 0.]
  residual capacity: [7.2995 7.2995]
  Solved in 2240.2ms | energy=-67.440451 | feasible=True
  phi after:  [1.8765 1.8482]

[Sub-QUBO 2/8] 4 entities | weight=3.0773
  phi before: [1.8765 1.8482]
  residual capacity: [5.4229 5.4512]
  Solved in 2278.8ms | energy=-48.725993 | feasible=True
  phi after:  [3.3636 3.4385]

[Sub-QUBO 3/8] 4 entities | weight=2.4778
  phi before: [3.3636 3.4385]
  residual capacity: [3.9358 3.861 ]
  Solved in 2164.6ms | energy=-36.251922 | feasible=True
  phi after:  [4.6484 4.6316]

[Sub-QUBO 4/8] 4 entities | weight=2.1266
  phi before: [4.6484 4.6316]
  residual capacity: [2.6511 2.6679]
  Solved in 2267.9ms | energy=-29.050128 | feasible=True
  phi after:  [5.7088 5.6977]

[Sub-QUBO 5/8] 4 entities | weight=1.7052
  phi before: [5.7088 5.6977]
  residual capacity: [1.5906 1.6018]
  Solved in 2179.4ms | energy=-23.989780 | feasible=True
  phi after:  [6.5614 6.5503]

[Sub-QUBO 6/8] 4 entities | weight=0.8630
  phi before: [6.5614 6.5503]
  residual capacity: [0.7381 0.7491]
  Solved in 2176.6ms | energy=-20.911167 | feasible=True
  phi after:  [6.9846 6.9901]

[Sub-QUBO 7/8] 4 entities | weight=0.5251
  phi before: [6.9846 6.9901]
  residual capacity: [0.3148 0.3093]
  Solved in 2251.9ms | energy=-20.189902 | feasible=True
  phi after:  [7.2512 7.2487]

[Sub-QUBO 8/8] 2 entities | weight=0.0991
  phi before: [7.2512 7.2487]
  residual capacity: [0.0483 0.0508]
  Solved in 1031.6ms | energy=-10.004145 | feasible=True
  phi after:  [7.2798 7.3191]

--- Run Complete ---
Final core loads: [7.2798 7.3191]
Load imbalance:   0.039235  (L_avg=7.2995)
Movable entities assigned: 30/30 | Fixed RT assignments: 0
Validating assembled global assignment...
Global assignment feasible: True
Global candidate energy:   -256.563488
Global brute-force skipped: None
