
--- Iterative Run Started at Sun Jul  5 16:20:59 2026 ---
Building Q_global...
QUBO Matrix completed in 0.0003s
Partitioning in Sub-QUBOs...
5 sub-QUBOs | sizes: [4, 4, 4, 4, 4]
Starting Iterative Loop...

[Sub-QUBO 1/5] 4 entities | weight=3.6882
  phi before: [0. 0.]
  residual capacity: [5.7083 5.7083]
  Solved in 2371.9ms | energy=-55.304826 | feasible=True
  phi after:  [1.8437 1.8444]

[Sub-QUBO 2/5] 4 entities | weight=2.8588
  phi before: [1.8437 1.8444]
  residual capacity: [3.8645 3.8639]
  Solved in 2273.4ms | energy=-38.007379 | feasible=True
  phi after:  [3.2755 3.2714]

[Sub-QUBO 3/5] 4 entities | weight=2.2140
  phi before: [3.2755 3.2714]
  residual capacity: [2.4327 2.4369]
  Solved in 2360.4ms | energy=-28.326717 | feasible=True
  phi after:  [4.3375 4.4233]

[Sub-QUBO 4/5] 4 entities | weight=1.6996
  phi before: [4.3375 4.4233]
  residual capacity: [1.3707 1.2849]
  Solved in 2253.4ms | energy=-23.070354 | feasible=True
  phi after:  [5.1944 5.266 ]

[Sub-QUBO 5/5] 4 entities | weight=0.9561
  phi before: [5.1944 5.266 ]
  residual capacity: [0.5138 0.4423]
  Solved in 2287.1ms | energy=-20.449366 | feasible=True
  phi after:  [5.78   5.6366]

--- Run Complete ---
Final core loads: [5.78   5.6366]
Load imbalance:   0.143405  (L_avg=5.7083)
Movable entities assigned: 20/20 | Fixed RT assignments: 0
Validating assembled global assignment...
Global assignment feasible: True
Global candidate energy:   -165.158642
Global optimum energy:     -165.168925
Globally optimal:          False
