INITIATING QAOA SCHEDULING JOB
WORKLOAD:   15 processes on 2 cores
WEIGHTS:    6.770 total CPU load
QUBO CFG:   Penalty (P) = 5.0
QAOA CFG:   Layers (p) = 2 | Steps = 100 | η = 0.1 | Mixer = xy | Init γ/β = 0.5/0.5
----------------------------------------


--- Iterative Run Started at Sun Jul  5 15:28:13 2026 ---
Building Q_global...
QUBO Matrix completed in 0.0002s
Partitioning in Sub-QUBOs...
4 sub-QUBOs | sizes: [4, 4, 4, 3]
Starting Iterative Loop...

[Sub-QUBO 1/4] 4 entities | weight=3.4595
  phi before: [0. 0.]
  residual capacity: [3.385 3.385]
  Solved in 2353.0ms | energy=-37.432535 | feasible=True
  phi after:  [1.7758 1.6837]

[Sub-QUBO 2/4] 4 entities | weight=1.6807
  phi before: [1.7758 1.6837]
  residual capacity: [1.6092 1.7013]
  Solved in 2365.0ms | energy=-24.155108 | feasible=True
  phi after:  [2.5865 2.5538]

[Sub-QUBO 3/4] 4 entities | weight=1.1442
  phi before: [2.5865 2.5538]
  residual capacity: [0.7985 0.8312]
  Solved in 2293.5ms | energy=-21.210628 | feasible=True
  phi after:  [3.1465 3.1379]

[Sub-QUBO 4/4] 3 entities | weight=0.4855
  phi before: [3.1465 3.1379]
  residual capacity: [0.2385 0.2471]
  Solved in 1738.4ms | energy=-15.113939 | feasible=True
  phi after:  [3.3404 3.4296]

--- Run Complete ---
Final core loads: [3.3404 3.4296]
Load imbalance:   0.089193  (L_avg=3.3850)
Movable entities assigned: 15/15 | Fixed RT assignments: 0
Validating assembled global assignment...
Global assignment feasible: True
Global candidate energy:   -97.912210
Global optimum energy:     -97.916187
Globally optimal:          False
