INITIATING QAOA SCHEDULING JOB
WORKLOAD:   10 processes on 2 cores
WEIGHTS:    5.788 total CPU load
QUBO CFG:   Penalty (P) = 5.0
QAOA CFG:   Layers (p) = 2 | Steps = 100 | η = 0.1 | Mixer = xy | Init γ/β = 0.5/0.5
----------------------------------------


--- Iterative Run Started at Sun Jul  5 15:25:43 2026 ---
Building Q_global...
QUBO Matrix completed in 0.0001s
Partitioning in Sub-QUBOs...
3 sub-QUBOs | sizes: [4, 4, 2]
Starting Iterative Loop...

[Sub-QUBO 1/3] 4 entities | weight=3.3891
  phi before: [0. 0.]
  residual capacity: [2.8942 2.8942]
  Solved in 2439.1ms | energy=-33.874451 | feasible=True
  phi after:  [1.6943 1.6948]

[Sub-QUBO 2/3] 4 entities | weight=2.1689
  phi before: [1.6943 1.6948]
  residual capacity: [1.1999 1.1994]
  Solved in 2402.5ms | energy=-22.851754 | feasible=True
  phi after:  [2.7873 2.7706]

[Sub-QUBO 3/3] 2 entities | weight=0.2305
  phi before: [2.7873 2.7706]
  residual capacity: [0.1069 0.1236]
  Solved in 1208.7ms | energy=-10.006040 | feasible=True
  phi after:  [2.7926 2.9958]

--- Run Complete ---
Final core loads: [2.7926 2.9958]
Load imbalance:   0.203262  (L_avg=2.8942)
Movable entities assigned: 10/10 | Fixed RT assignments: 0
Validating assembled global assignment...
Global assignment feasible: True
Global candidate energy:   -66.732245
Global optimum energy:     -66.752895
Globally optimal:          False
