INITIATING QAOA SCHEDULING JOB
WORKLOAD:   15 processes on 2 cores
WEIGHTS:    6.013 total CPU load
QUBO CFG:   Penalty (P) = 5.0
QAOA CFG:   Layers (p) = 2 | Steps = 100 | η = 0.1 | Mixer = xy | Init γ/β = 0.5/0.5
----------------------------------------


--- Iterative Run Started at Sun Jul  5 15:28:50 2026 ---
Building Q_global...
QUBO Matrix completed in 0.0002s
Partitioning in Sub-QUBOs...
4 sub-QUBOs | sizes: [4, 4, 4, 3]
Starting Iterative Loop...

[Sub-QUBO 1/4] 4 entities | weight=3.3716
  phi before: [0. 0.]
  residual capacity: [3.0063 3.0063]
  Solved in 2531.9ms | energy=-34.578856 | feasible=True
  phi after:  [1.7544 1.6172]

[Sub-QUBO 2/4] 4 entities | weight=1.5662
  phi before: [1.7544 1.6172]
  residual capacity: [1.2519 1.3891]
  Solved in 2453.0ms | energy=-22.916035 | feasible=True
  phi after:  [2.4293 2.5086]

[Sub-QUBO 3/4] 4 entities | weight=0.8500
  phi before: [2.4293 2.5086]
  residual capacity: [0.577  0.4977]
  Solved in 2567.8ms | energy=-20.554213 | feasible=True
  phi after:  [2.8694 2.9184]

[Sub-QUBO 4/4] 3 entities | weight=0.2248
  phi before: [2.8694 2.9184]
  residual capacity: [0.1369 0.0879]
  Solved in 1645.7ms | energy=-15.025738 | feasible=True
  phi after:  [2.9873 3.0252]

--- Run Complete ---
Final core loads: [2.9873 3.0252]
Load imbalance:   0.037896  (L_avg=3.0063)
Movable entities assigned: 15/15 | Fixed RT assignments: 0
Validating assembled global assignment...
Global assignment feasible: True
Global candidate energy:   -93.074842
Global optimum energy:     -93.075560
Globally optimal:          False
