
--- Iterative Run Started at Sun Jul  5 16:13:03 2026 ---
Building Q_global...
QUBO Matrix completed in 0.0002s
Partitioning in Sub-QUBOs...
5 sub-QUBOs | sizes: [4, 4, 4, 4, 4]
Starting Iterative Loop...

[Sub-QUBO 1/5] 4 entities | weight=3.7065
  phi before: [0. 0.]
  residual capacity: [5.5608 5.5608]
  Solved in 2407.1ms | energy=-54.352974 | feasible=True
  phi after:  [1.8569 1.8496]

[Sub-QUBO 2/5] 4 entities | weight=3.3007
  phi before: [1.8569 1.8496]
  residual capacity: [3.7039 3.7112]
  Solved in 2384.0ms | energy=-39.027314 | feasible=True
  phi after:  [3.4886 3.5186]

[Sub-QUBO 3/5] 4 entities | weight=2.4404
  phi before: [3.4886 3.5186]
  residual capacity: [2.0722 2.0422]
  Solved in 2319.3ms | energy=-27.052813 | feasible=True
  phi after:  [4.7975 4.6501]

[Sub-QUBO 4/5] 4 entities | weight=1.3948
  phi before: [4.7975 4.6501]
  residual capacity: [0.7633 0.9107]
  Solved in 2386.6ms | energy=-21.368734 | feasible=True
  phi after:  [5.4677 5.3747]

[Sub-QUBO 5/5] 4 entities | weight=0.2793
  phi before: [5.4677 5.3747]
  residual capacity: [0.0932 0.1861]
  Solved in 2346.2ms | energy=-20.043188 | feasible=True
  phi after:  [5.5527 5.5689]

--- Run Complete ---
Final core loads: [5.5527 5.5689]
Load imbalance:   0.016230  (L_avg=5.5608)
Movable entities assigned: 20/20 | Fixed RT assignments: 0
Validating assembled global assignment...
Global assignment feasible: True
Global candidate energy:   -161.845023
Global optimum energy:     -161.845155
Globally optimal:          False
