
--- Iterative Run Started at Sun Jul  5 16:55:49 2026 ---
Building Q_global...
QUBO Matrix completed in 0.0021s
Partitioning in Sub-QUBOs...
17 sub-QUBOs | sizes: [4, 4, 4, 4, 4, 4, 4, 4, 4, 4, 4, 4, 4, 4, 4, 4, 1]
Starting Iterative Loop...

[Sub-QUBO 1/17] 4 entities | weight=3.8608
  phi before: [0. 0.]
  residual capacity: [16.1052 16.1052]
  Solved in 2226.8ms | energy=-136.905537 | feasible=True
  phi after:  [1.9356 1.9252]

[Sub-QUBO 2/17] 4 entities | weight=3.6060
  phi before: [1.9356 1.9252]
  residual capacity: [14.1696 14.18  ]
  Solved in 2307.5ms | energy=-115.726780 | feasible=True
  phi after:  [3.7287 3.7381]

[Sub-QUBO 3/17] 4 entities | weight=3.4314
  phi before: [3.7287 3.7381]
  residual capacity: [12.3764 12.3671]
  Solved in 2256.5ms | energy=-99.018567 | feasible=True
  phi after:  [5.4459 5.4524]

[Sub-QUBO 4/17] 4 entities | weight=3.2190
  phi before: [5.4459 5.4524]
  residual capacity: [10.6593 10.6528]
  Solved in 2327.3ms | energy=-83.423311 | feasible=True
  phi after:  [7.0588 7.0585]

[Sub-QUBO 5/17] 4 entities | weight=2.9464
  phi before: [7.0588 7.0585]
  residual capacity: [9.0464 9.0467]
  Solved in 2312.3ms | energy=-68.967052 | feasible=True
  phi after:  [8.5077 8.556 ]

[Sub-QUBO 6/17] 4 entities | weight=2.7145
  phi before: [8.5077 8.556 ]
  residual capacity: [7.5974 7.5492]
  Solved in 2206.9ms | energy=-57.431470 | feasible=True
  phi after:  [9.8711 9.907 ]

[Sub-QUBO 7/17] 4 entities | weight=2.4051
  phi before: [9.8711 9.907 ]
  residual capacity: [6.2341 6.1981]
  Solved in 2353.1ms | energy=-47.008447 | feasible=True
  phi after:  [11.0796 11.1036]

[Sub-QUBO 8/17] 4 entities | weight=2.0321
  phi before: [11.0796 11.1036]
  residual capacity: [5.0255 5.0016]
  Solved in 2228.0ms | energy=-38.311995 | feasible=True
  phi after:  [12.102  12.1133]

[Sub-QUBO 9/17] 4 entities | weight=1.8421
  phi before: [12.102  12.1133]
  residual capacity: [4.0031 3.9919]
  Solved in 2262.8ms | energy=-33.030704 | feasible=True
  phi after:  [13.0317 13.0257]

[Sub-QUBO 10/17] 4 entities | weight=1.6353
  phi before: [13.0317 13.0257]
  residual capacity: [3.0734 3.0795]
  Solved in 2180.0ms | energy=-28.724500 | feasible=True
  phi after:  [13.8396 13.853 ]

[Sub-QUBO 11/17] 4 entities | weight=1.3960
  phi before: [13.8396 13.853 ]
  residual capacity: [2.2655 2.2521]
  Solved in 2407.6ms | energy=-25.332295 | feasible=True
  phi after:  [14.5428 14.5459]

[Sub-QUBO 12/17] 4 entities | weight=1.1138
  phi before: [14.5428 14.5459]
  residual capacity: [1.5624 1.5593]
  Solved in 2345.5ms | energy=-22.856767 | feasible=True
  phi after:  [15.1    15.1024]

[Sub-QUBO 13/17] 4 entities | weight=0.9335
  phi before: [15.1    15.1024]
  residual capacity: [1.0051 1.0027]
  Solved in 2325.8ms | energy=-21.438671 | feasible=True
  phi after:  [15.5701 15.566 ]

[Sub-QUBO 14/17] 4 entities | weight=0.6813
  phi before: [15.5701 15.566 ]
  residual capacity: [0.5351 0.5392]
  Solved in 2243.3ms | energy=-20.499667 | feasible=True
  phi after:  [15.899  15.9182]

[Sub-QUBO 15/17] 4 entities | weight=0.2648
  phi before: [15.899  15.9182]
  residual capacity: [0.2061 0.1869]
  Solved in 2228.9ms | energy=-20.069194 | feasible=True
  phi after:  [16.0388 16.0433]

[Sub-QUBO 16/17] 4 entities | weight=0.1271
  phi before: [16.0388 16.0433]
  residual capacity: [0.0664 0.0619]
  Solved in 2202.6ms | energy=-20.008233 | feasible=True
  phi after:  [16.1061 16.1031]

[Sub-QUBO 17/17] 1 entities | weight=0.0012
  phi before: [16.1061 16.1031]
  residual capacity: [-0.0009  0.0021]
  Solved in 693.1ms | energy=-5.000004 | feasible=True
  phi after:  [16.1061 16.1043]

--- Run Complete ---
Final core loads: [16.1061 16.1043]
Load imbalance:   0.001789  (L_avg=16.1052)
Movable entities assigned: 65/65 | Fixed RT assignments: 0
Validating assembled global assignment...
Global assignment feasible: True
Global candidate energy:   -843.753195
Global brute-force skipped: None
