
--- Iterative Run Started at Sun Jul  5 16:26:43 2026 ---
Building Q_global...
QUBO Matrix completed in 0.0005s
Partitioning in Sub-QUBOs...
8 sub-QUBOs | sizes: [4, 4, 4, 4, 4, 4, 4, 2]
Starting Iterative Loop...

[Sub-QUBO 1/8] 4 entities | weight=3.8259
  phi before: [0. 0.]
  residual capacity: [8.0153 8.0153]
  Solved in 2212.7ms | energy=-74.012233 | feasible=True
  phi after:  [1.9159 1.91  ]

[Sub-QUBO 2/8] 4 entities | weight=3.3497
  phi before: [1.9159 1.91  ]
  residual capacity: [6.0994 6.1053]
  Solved in 2310.5ms | energy=-55.271882 | feasible=True
  phi after:  [3.5866 3.589 ]

[Sub-QUBO 3/8] 4 entities | weight=2.8153
  phi before: [3.5866 3.589 ]
  residual capacity: [4.4287 4.4263]
  Solved in 2250.4ms | energy=-40.966515 | feasible=True
  phi after:  [5.0016 4.9893]

[Sub-QUBO 4/8] 4 entities | weight=2.5500
  phi before: [5.0016 4.9893]
  residual capacity: [3.0137 3.026 ]
  Solved in 2171.9ms | energy=-32.149938 | feasible=True
  phi after:  [6.2675 6.2734]

[Sub-QUBO 5/8] 4 entities | weight=2.1144
  phi before: [6.2675 6.2734]
  residual capacity: [1.7478 1.7419]
  Solved in 2255.2ms | energy=-25.142003 | feasible=True
  phi after:  [7.3526 7.3028]

[Sub-QUBO 6/8] 4 entities | weight=1.1288
  phi before: [7.3526 7.3028]
  residual capacity: [0.6627 0.7125]
  Solved in 2228.0ms | energy=-20.915761 | feasible=True
  phi after:  [7.9119 7.8723]

[Sub-QUBO 7/8] 4 entities | weight=0.2272
  phi before: [7.9119 7.8723]
  residual capacity: [0.1034 0.143 ]
  Solved in 2234.2ms | energy=-20.030226 | feasible=True
  phi after:  [7.9864 8.0249]

[Sub-QUBO 8/8] 2 entities | weight=0.0193
  phi before: [7.9864 8.0249]
  residual capacity: [ 0.0288 -0.0096]
  Solved in 1054.1ms | energy=-10.000740 | feasible=True
  phi after:  [8.0057 8.0249]

--- Run Complete ---
Final core loads: [8.0057 8.0249]
Load imbalance:   0.019144  (L_avg=8.0153)
Movable entities assigned: 30/30 | Fixed RT assignments: 0
Validating assembled global assignment...
Global assignment feasible: True
Global candidate energy:   -278.489299
Global brute-force skipped: None
