
--- Iterative Run Started at Sun Jul  5 16:29:15 2026 ---
Building Q_global...
QUBO Matrix completed in 0.0005s
Partitioning in Sub-QUBOs...
8 sub-QUBOs | sizes: [4, 4, 4, 4, 4, 4, 4, 2]
Starting Iterative Loop...

[Sub-QUBO 1/8] 4 entities | weight=3.5824
  phi before: [0. 0.]
  residual capacity: [6.5319 6.5319]
  Solved in 2235.6ms | energy=-60.382286 | feasible=True
  phi after:  [1.8011 1.7813]

[Sub-QUBO 2/8] 4 entities | weight=2.6564
  phi before: [1.8011 1.7813]
  residual capacity: [4.7308 4.7506]
  Solved in 2240.6ms | energy=-41.652482 | feasible=True
  phi after:  [3.0647 3.1741]

[Sub-QUBO 3/8] 4 entities | weight=1.9600
  phi before: [3.0647 3.1741]
  residual capacity: [3.4672 3.3578]
  Solved in 2217.7ms | energy=-31.462222 | feasible=True
  phi after:  [4.0935 4.1053]

[Sub-QUBO 4/8] 4 entities | weight=1.6020
  phi before: [4.0935 4.1053]
  residual capacity: [2.4384 2.4266]
  Solved in 2281.2ms | energy=-26.510650 | feasible=True
  phi after:  [4.9075 4.8933]

[Sub-QUBO 5/8] 4 entities | weight=1.3898
  phi before: [4.9075 4.8933]
  residual capacity: [1.6243 1.6386]
  Solved in 2200.9ms | energy=-23.569202 | feasible=True
  phi after:  [5.5976 5.593 ]

[Sub-QUBO 6/8] 4 entities | weight=1.0390
  phi before: [5.5976 5.593 ]
  residual capacity: [0.9342 0.9389]
  Solved in 2271.2ms | energy=-21.406431 | feasible=True
  phi after:  [6.1107 6.119 ]

[Sub-QUBO 7/8] 4 entities | weight=0.7104
  phi before: [6.1107 6.119 ]
  residual capacity: [0.4212 0.4129]
  Solved in 2281.7ms | energy=-20.340136 | feasible=True
  phi after:  [6.477  6.4631]

[Sub-QUBO 8/8] 2 entities | weight=0.1237
  phi before: [6.477  6.4631]
  residual capacity: [0.0549 0.0688]
  Solved in 1076.2ms | energy=-10.004847 | feasible=True
  phi after:  [6.4938 6.57  ]

--- Run Complete ---
Final core loads: [6.4938 6.57  ]
Load imbalance:   0.076228  (L_avg=6.5319)
Movable entities assigned: 30/30 | Fixed RT assignments: 0
Validating assembled global assignment...
Global assignment feasible: True
Global candidate energy:   -235.328257
Global brute-force skipped: None
