
--- Iterative Run Started at Sun Jul  5 16:26:11 2026 ---
Building Q_global...
QUBO Matrix completed in 0.0003s
Partitioning in Sub-QUBOs...
7 sub-QUBOs | sizes: [4, 4, 4, 4, 4, 4, 1]
Starting Iterative Loop...

[Sub-QUBO 1/7] 4 entities | weight=3.7465
  phi before: [0. 0.]
  residual capacity: [6.8969 6.8969]
  Solved in 2217.1ms | energy=-64.660812 | feasible=True
  phi after:  [1.8772 1.8694]

[Sub-QUBO 2/7] 4 entities | weight=3.1499
  phi before: [1.8772 1.8694]
  residual capacity: [5.0198 5.0276]
  Solved in 2229.5ms | energy=-46.683278 | feasible=True
  phi after:  [3.4023 3.4942]

[Sub-QUBO 3/7] 4 entities | weight=2.6720
  phi before: [3.4023 3.4942]
  residual capacity: [3.4946 3.4028]
  Solved in 2249.1ms | energy=-34.863984 | feasible=True
  phi after:  [4.7923 4.7761]

[Sub-QUBO 4/7] 4 entities | weight=2.3922
  phi before: [4.7923 4.7761]
  residual capacity: [2.1046 2.1208]
  Solved in 2200.5ms | energy=-27.246830 | feasible=True
  phi after:  [5.9814 5.9792]

[Sub-QUBO 5/7] 4 entities | weight=1.4691
  phi before: [5.9814 5.9792]
  residual capacity: [0.9155 0.9178]
  Solved in 2382.4ms | energy=-21.613314 | feasible=True
  phi after:  [6.6943 6.7353]

[Sub-QUBO 6/7] 4 entities | weight=0.3568
  phi before: [6.6943 6.7353]
  residual capacity: [0.2026 0.1616]
  Solved in 2237.3ms | energy=-20.066932 | feasible=True
  phi after:  [6.9033 6.8831]

[Sub-QUBO 7/7] 1 entities | weight=0.0074
  phi before: [6.9033 6.8831]
  residual capacity: [-0.0064  0.0138]
  Solved in 701.9ms | energy=-5.000149 | feasible=True
  phi after:  [6.9033 6.8905]

--- Run Complete ---
Final core loads: [6.9033 6.8905]
Load imbalance:   0.012768  (L_avg=6.8969)
Movable entities assigned: 25/25 | Fixed RT assignments: 0
Validating assembled global assignment...
Global assignment feasible: True
Global candidate energy:   -220.135299
Global brute-force skipped: None
