
--- Iterative Run Started at Sun Jul  5 16:32:45 2026 ---
Building Q_global...
QUBO Matrix completed in 0.0005s
Partitioning in Sub-QUBOs...
8 sub-QUBOs | sizes: [4, 4, 4, 4, 4, 4, 4, 2]
Starting Iterative Loop...

[Sub-QUBO 1/8] 4 entities | weight=3.7260
  phi before: [0. 0.]
  residual capacity: [8.2617 8.2617]
  Solved in 2199.0ms | energy=-74.624187 | feasible=True
  phi after:  [1.8539 1.872 ]

[Sub-QUBO 2/8] 4 entities | weight=3.2360
  phi before: [1.8539 1.872 ]
  residual capacity: [6.4077 6.3896]
  Solved in 2260.2ms | energy=-56.171622 | feasible=True
  phi after:  [3.5318 3.4302]

[Sub-QUBO 3/8] 4 entities | weight=2.7248
  phi before: [3.5318 3.4302]
  residual capacity: [4.7299 4.8315]
  Solved in 2157.6ms | energy=-42.341192 | feasible=True
  phi after:  [4.8914 4.7954]

[Sub-QUBO 4/8] 4 entities | weight=2.3115
  phi before: [4.8914 4.7954]
  residual capacity: [3.3702 3.4663]
  Solved in 2262.3ms | energy=-33.131722 | feasible=True
  phi after:  [6.0434 5.9549]

[Sub-QUBO 5/8] 4 entities | weight=1.8000
  phi before: [6.0434 5.9549]
  residual capacity: [2.2183 2.3068]
  Solved in 2201.6ms | energy=-26.528041 | feasible=True
  phi after:  [6.9218 6.8764]

[Sub-QUBO 6/8] 4 entities | weight=1.6314
  phi before: [6.9218 6.8764]
  residual capacity: [1.3399 1.3853]
  Solved in 2224.3ms | energy=-23.116064 | feasible=True
  phi after:  [7.7106 7.7191]

[Sub-QUBO 7/8] 4 entities | weight=0.9857
  phi before: [7.7106 7.7191]
  residual capacity: [0.5511 0.5426]
  Solved in 2162.3ms | energy=-20.576689 | feasible=True
  phi after:  [8.2961 8.1193]

[Sub-QUBO 8/8] 2 entities | weight=0.1080
  phi before: [8.2961 8.1193]
  residual capacity: [-0.0344  0.1424]
  Solved in 1091.2ms | energy=-10.019099 | feasible=True
  phi after:  [8.2961 8.2273]

--- Run Complete ---
Final core loads: [8.2961 8.2273]
Load imbalance:   0.068827  (L_avg=8.2617)
Movable entities assigned: 30/30 | Fixed RT assignments: 0
Validating assembled global assignment...
Global assignment feasible: True
Global candidate energy:   -286.508616
Global brute-force skipped: None
