INITIATING QAOA SCHEDULING JOB
WORKLOAD:   15 processes on 2 cores
WEIGHTS:    8.627 total CPU load
QUBO CFG:   Penalty (P) = 5.0
QAOA CFG:   Layers (p) = 2 | Steps = 100 | η = 0.1 | Mixer = xy | Init γ/β = 0.5/0.5
----------------------------------------


--- Iterative Run Started at Sun Jul  5 15:29:46 2026 ---
Building Q_global...
QUBO Matrix completed in 0.0002s
Partitioning in Sub-QUBOs...
4 sub-QUBOs | sizes: [4, 4, 4, 3]
Starting Iterative Loop...

[Sub-QUBO 1/4] 4 entities | weight=3.7141
  phi before: [0. 0.]
  residual capacity: [4.3135 4.3135]
  Solved in 2462.2ms | energy=-45.144329 | feasible=True
  phi after:  [1.8584 1.8557]

[Sub-QUBO 2/4] 4 entities | weight=2.6748
  phi before: [1.8584 1.8557]
  residual capacity: [2.4551 2.4578]
  Solved in 2338.1ms | energy=-29.562877 | feasible=True
  phi after:  [3.1715 3.2174]

[Sub-QUBO 3/4] 4 entities | weight=1.7522
  phi before: [3.1715 3.2174]
  residual capacity: [1.1421 1.0961]
  Solved in 2266.2ms | energy=-22.386688 | feasible=True
  phi after:  [4.049  4.0921]

[Sub-QUBO 4/4] 3 entities | weight=0.4860
  phi before: [4.049  4.0921]
  residual capacity: [0.2645 0.2214]
  Solved in 1648.8ms | energy=-15.118474 | feasible=True
  phi after:  [4.3298 4.2972]

--- Run Complete ---
Final core loads: [4.3298 4.2972]
Load imbalance:   0.032560  (L_avg=4.3135)
Movable entities assigned: 15/15 | Fixed RT assignments: 0
Validating assembled global assignment...
Global assignment feasible: True
Global candidate energy:   -112.212368
Global optimum energy:     -112.212898
Globally optimal:          False
