
--- Iterative Run Started at Sun Jul  5 16:24:17 2026 ---
Building Q_global...
QUBO Matrix completed in 0.0003s
Partitioning in Sub-QUBOs...
7 sub-QUBOs | sizes: [4, 4, 4, 4, 4, 4, 1]
Starting Iterative Loop...

[Sub-QUBO 1/7] 4 entities | weight=3.6742
  phi before: [0. 0.]
  residual capacity: [5.9869 5.9869]
  Solved in 2328.9ms | energy=-57.240805 | feasible=True
  phi after:  [1.8765 1.7977]

[Sub-QUBO 2/7] 4 entities | weight=2.7431
  phi before: [1.8765 1.7977]
  residual capacity: [4.1103 4.1892]
  Solved in 2275.0ms | energy=-39.007427 | feasible=True
  phi after:  [3.2097 3.2076]

[Sub-QUBO 3/7] 4 entities | weight=2.2167
  phi before: [3.2097 3.2076]
  residual capacity: [2.7771 2.7793]
  Solved in 2289.3ms | energy=-29.859938 | feasible=True
  phi after:  [4.3125 4.3215]

[Sub-QUBO 4/7] 4 entities | weight=1.8633
  phi before: [4.3125 4.3215]
  residual capacity: [1.6743 1.6654]
  Solved in 2294.9ms | energy=-24.482606 | feasible=True
  phi after:  [5.2955 5.2018]

[Sub-QUBO 5/7] 4 entities | weight=0.9810
  phi before: [5.2955 5.2018]
  residual capacity: [0.6914 0.785 ]
  Solved in 2437.6ms | energy=-20.970762 | feasible=True
  phi after:  [5.7187 5.7596]

[Sub-QUBO 6/7] 4 entities | weight=0.4667
  phi before: [5.7187 5.7596]
  residual capacity: [0.2682 0.2272]
  Solved in 2311.2ms | energy=-20.122825 | feasible=True
  phi after:  [5.9852 5.9598]

[Sub-QUBO 7/7] 1 entities | weight=0.0287
  phi before: [5.9852 5.9598]
  residual capacity: [0.0016 0.027 ]
  Solved in 712.8ms | energy=-5.000729 | feasible=True
  phi after:  [5.9852 5.9885]

--- Run Complete ---
Final core loads: [5.9852 5.9885]
Load imbalance:   0.003281  (L_avg=5.9869)
Movable entities assigned: 25/25 | Fixed RT assignments: 0
Validating assembled global assignment...
Global assignment feasible: True
Global candidate energy:   -196.685091
Global brute-force skipped: None
