INITIATING QAOA SCHEDULING JOB
WORKLOAD:   15 processes on 2 cores
WEIGHTS:    7.769 total CPU load
QUBO CFG:   Penalty (P) = 5.0
QAOA CFG:   Layers (p) = 2 | Steps = 100 | η = 0.1 | Mixer = xy | Init γ/β = 0.5/0.5
----------------------------------------


--- Iterative Run Started at Sun Jul  5 15:27:55 2026 ---
Building Q_global...
QUBO Matrix completed in 0.0002s
Partitioning in Sub-QUBOs...
4 sub-QUBOs | sizes: [4, 4, 4, 3]
Starting Iterative Loop...

[Sub-QUBO 1/4] 4 entities | weight=3.6434
  phi before: [0. 0.]
  residual capacity: [3.8845 3.8845]
  Solved in 2442.7ms | energy=-41.668188 | feasible=True
  phi after:  [1.829  1.8144]

[Sub-QUBO 2/4] 4 entities | weight=2.5252
  phi before: [1.829  1.8144]
  residual capacity: [2.0555 2.07  ]
  Solved in 2395.6ms | energy=-27.226812 | feasible=True
  phi after:  [3.047  3.1215]

[Sub-QUBO 3/4] 4 entities | weight=1.4168
  phi before: [3.047  3.1215]
  residual capacity: [0.8374 0.763 ]
  Solved in 2284.6ms | energy=-21.266545 | feasible=True
  phi after:  [3.7906 3.7948]

[Sub-QUBO 4/4] 3 entities | weight=0.1836
  phi before: [3.7906 3.7948]
  residual capacity: [0.0939 0.0897]
  Solved in 1611.6ms | energy=-15.015170 | feasible=True
  phi after:  [3.9136 3.8554]

--- Run Complete ---
Final core loads: [3.9136 3.8554]
Load imbalance:   0.058190  (L_avg=3.8845)
Movable entities assigned: 15/15 | Fixed RT assignments: 0
Validating assembled global assignment...
Global assignment feasible: True
Global candidate energy:   -105.176715
Global optimum energy:     -105.178408
Globally optimal:          False
