
--- Iterative Run Started at Sun Jul  5 16:32:07 2026 ---
Building Q_global...
QUBO Matrix completed in 0.0005s
Partitioning in Sub-QUBOs...
8 sub-QUBOs | sizes: [4, 4, 4, 4, 4, 4, 4, 2]
Starting Iterative Loop...

[Sub-QUBO 1/8] 4 entities | weight=3.6246
  phi before: [0. 0.]
  residual capacity: [6.8504 6.8504]
  Solved in 2278.9ms | energy=-63.089341 | feasible=True
  phi after:  [1.7818 1.8428]

[Sub-QUBO 2/8] 4 entities | weight=2.9950
  phi before: [1.7818 1.8428]
  residual capacity: [5.0685 5.0075]
  Solved in 2232.0ms | energy=-45.693542 | feasible=True
  phi after:  [3.3331 3.2865]

[Sub-QUBO 3/8] 4 entities | weight=2.3480
  phi before: [3.3331 3.2865]
  residual capacity: [3.5172 3.5638]
  Solved in 2278.6ms | energy=-33.870467 | feasible=True
  phi after:  [4.4677 4.5   ]

[Sub-QUBO 4/8] 4 entities | weight=1.8998
  phi before: [4.4677 4.5   ]
  residual capacity: [2.3827 2.3503]
  Solved in 2237.6ms | energy=-27.186850 | feasible=True
  phi after:  [5.4536 5.4139]

[Sub-QUBO 5/8] 4 entities | weight=1.5134
  phi before: [5.4536 5.4139]
  residual capacity: [1.3968 1.4365]
  Solved in 2334.1ms | energy=-23.143325 | feasible=True
  phi after:  [6.1977 6.1831]

[Sub-QUBO 6/8] 4 entities | weight=0.8512
  phi before: [6.1977 6.1831]
  residual capacity: [0.6526 0.6672]
  Solved in 2293.4ms | energy=-20.761309 | feasible=True
  phi after:  [6.6158 6.6163]

[Sub-QUBO 7/8] 4 entities | weight=0.4464
  phi before: [6.6158 6.6163]
  residual capacity: [0.2345 0.2341]
  Solved in 2210.2ms | energy=-20.108652 | feasible=True
  phi after:  [6.8605 6.818 ]

[Sub-QUBO 8/8] 2 entities | weight=0.0222
  phi before: [6.8605 6.818 ]
  residual capacity: [-0.0102  0.0324]
  Solved in 1073.2ms | energy=-10.000946 | feasible=True
  phi after:  [6.8605 6.8402]

--- Run Complete ---
Final core loads: [6.8605 6.8402]
Load imbalance:   0.020369  (L_avg=6.8504)
Movable entities assigned: 30/30 | Fixed RT assignments: 0
Validating assembled global assignment...
Global assignment feasible: True
Global candidate energy:   -243.854432
Global brute-force skipped: None
