
--- Iterative Run Started at Sun Jul  5 16:39:28 2026 ---
Building Q_global...
QUBO Matrix completed in 0.0008s
Partitioning in Sub-QUBOs...
10 sub-QUBOs | sizes: [4, 4, 4, 4, 4, 4, 4, 4, 4, 4]
Starting Iterative Loop...

[Sub-QUBO 1/10] 4 entities | weight=3.8295
  phi before: [0. 0.]
  residual capacity: [10.0454 10.0454]
  Solved in 2286.2ms | energy=-89.606119 | feasible=True
  phi after:  [1.9176 1.912 ]

[Sub-QUBO 2/10] 4 entities | weight=3.4574
  phi before: [1.9176 1.912 ]
  residual capacity: [8.1279 8.1335]
  Solved in 2226.9ms | energy=-70.245361 | feasible=True
  phi after:  [3.642 3.645]

[Sub-QUBO 3/10] 4 entities | weight=3.1292
  phi before: [3.642 3.645]
  residual capacity: [6.4034 6.4005]
  Solved in 2362.5ms | energy=-55.170005 | feasible=True
  phi after:  [5.2068 5.2093]

[Sub-QUBO 4/10] 4 entities | weight=2.6719
  phi before: [5.2068 5.2093]
  residual capacity: [4.8386 4.8361]
  Solved in 2198.4ms | energy=-42.278958 | feasible=True
  phi after:  [6.5722 6.5159]

[Sub-QUBO 5/10] 4 entities | weight=2.1284
  phi before: [6.5722 6.5159]
  residual capacity: [3.4733 3.5296]
  Solved in 2179.3ms | energy=-32.641557 | feasible=True
  phi after:  [7.6111 7.6054]

[Sub-QUBO 6/10] 4 entities | weight=1.5664
  phi before: [7.6111 7.6054]
  residual capacity: [2.4343 2.4401]
  Solved in 2297.0ms | energy=-26.406843 | feasible=True
  phi after:  [8.3624 8.4205]

[Sub-QUBO 7/10] 4 entities | weight=1.3636
  phi before: [8.3624 8.4205]
  residual capacity: [1.6831 1.6249]
  Solved in 2308.9ms | energy=-23.581928 | feasible=True
  phi after:  [9.0521 9.0944]

[Sub-QUBO 8/10] 4 entities | weight=1.0142
  phi before: [9.0521 9.0944]
  residual capacity: [0.9933 0.9511]
  Solved in 2268.3ms | energy=-21.458420 | feasible=True
  phi after:  [9.571  9.5898]

[Sub-QUBO 9/10] 4 entities | weight=0.7518
  phi before: [9.571  9.5898]
  residual capacity: [0.4745 0.4556]
  Solved in 2309.4ms | energy=-20.416738 | feasible=True
  phi after:  [9.949  9.9637]

[Sub-QUBO 10/10] 4 entities | weight=0.1783
  phi before: [9.949  9.9637]
  residual capacity: [0.0965 0.0818]
  Solved in 2226.1ms | energy=-20.015983 | feasible=True
  phi after:  [10.0426 10.0483]

--- Run Complete ---
Final core loads: [10.0426 10.0483]
Load imbalance:   0.005635  (L_avg=10.0454)
Movable entities assigned: 40/40 | Fixed RT assignments: 0
Validating assembled global assignment...
Global assignment feasible: True
Global candidate energy:   -401.821913
Global brute-force skipped: None
