
--- Iterative Run Started at Sun Jul  5 16:34:46 2026 ---
Building Q_global...
QUBO Matrix completed in 0.0010s
Partitioning in Sub-QUBOs...
10 sub-QUBOs | sizes: [4, 4, 4, 4, 4, 4, 4, 4, 4, 4]
Starting Iterative Loop...

[Sub-QUBO 1/10] 4 entities | weight=3.8879
  phi before: [0. 0.]
  residual capacity: [11.8689 11.8689]
  Solved in 2231.8ms | energy=-104.732407 | feasible=True
  phi after:  [1.9452 1.9427]

[Sub-QUBO 2/10] 4 entities | weight=3.7547
  phi before: [1.9452 1.9427]
  residual capacity: [9.9237 9.9261]
  Solved in 2266.5ms | energy=-87.482008 | feasible=True
  phi after:  [3.818  3.8246]

[Sub-QUBO 3/10] 4 entities | weight=3.5048
  phi before: [3.818  3.8246]
  residual capacity: [8.0509 8.0442]
  Solved in 2199.4ms | energy=-70.267423 | feasible=True
  phi after:  [5.5919 5.5556]

[Sub-QUBO 4/10] 4 entities | weight=2.8353
  phi before: [5.5919 5.5556]
  residual capacity: [6.277  6.3133]
  Solved in 2208.9ms | energy=-51.677565 | feasible=True
  phi after:  [6.9725 7.0102]

[Sub-QUBO 5/10] 4 entities | weight=2.4394
  phi before: [6.9725 7.0102]
  residual capacity: [4.8964 4.8587]
  Solved in 2268.6ms | energy=-40.821634 | feasible=True
  phi after:  [8.2211 8.201 ]

[Sub-QUBO 6/10] 4 entities | weight=2.0776
  phi before: [8.2211 8.201 ]
  residual capacity: [3.6478 3.6678]
  Solved in 2197.9ms | energy=-33.040889 | feasible=True
  phi after:  [9.2545 9.2452]

[Sub-QUBO 7/10] 4 entities | weight=1.9604
  phi before: [9.2545 9.2452]
  residual capacity: [2.6144 2.6237]
  Solved in 2310.3ms | energy=-28.347095 | feasible=True
  phi after:  [10.2295 10.2306]

[Sub-QUBO 8/10] 4 entities | weight=1.6527
  phi before: [10.2295 10.2306]
  residual capacity: [1.6394 1.6383]
  Solved in 2257.4ms | energy=-24.050749 | feasible=True
  phi after:  [11.0753 11.0375]

[Sub-QUBO 9/10] 4 entities | weight=1.0585
  phi before: [11.0753 11.0375]
  residual capacity: [0.7936 0.8313]
  Solved in 2232.0ms | energy=-21.159840 | feasible=True
  phi after:  [11.5669 11.6045]

[Sub-QUBO 10/10] 4 entities | weight=0.5665
  phi before: [11.5669 11.6045]
  residual capacity: [0.302  0.2644]
  Solved in 2204.9ms | energy=-20.161072 | feasible=True
  phi after:  [11.8748 11.863 ]

--- Run Complete ---
Final core loads: [11.8748 11.863 ]
Load imbalance:   0.011792  (L_avg=11.8689)
Movable entities assigned: 40/40 | Fixed RT assignments: 0
Validating assembled global assignment...
Global assignment feasible: True
Global candidate energy:   -481.740683
Global brute-force skipped: None
