
--- Iterative Run Started at Sun Jul  5 16:12:28 2026 ---
Building Q_global...
QUBO Matrix completed in 0.0002s
Partitioning in Sub-QUBOs...
5 sub-QUBOs | sizes: [4, 4, 4, 4, 4]
Starting Iterative Loop...

[Sub-QUBO 1/5] 4 entities | weight=3.4813
  phi before: [0. 0.]
  residual capacity: [4.6988 4.6988]
  Solved in 2382.2ms | energy=-46.656461 | feasible=True
  phi after:  [1.7449 1.7364]

[Sub-QUBO 2/5] 4 entities | weight=2.5566
  phi before: [1.7449 1.7364]
  residual capacity: [2.9539 2.9625]
  Solved in 2389.7ms | energy=-31.857645 | feasible=True
  phi after:  [3.0168 3.0211]

[Sub-QUBO 3/5] 4 entities | weight=2.0721
  phi before: [3.0168 3.0211]
  residual capacity: [1.682  1.6777]
  Solved in 2496.7ms | energy=-24.814827 | feasible=True
  phi after:  [4.0652 4.0449]

[Sub-QUBO 4/5] 4 entities | weight=0.9302
  phi before: [4.0652 4.0449]
  residual capacity: [0.6337 0.654 ]
  Solved in 2334.0ms | energy=-20.761867 | feasible=True
  phi after:  [4.4784 4.5618]

[Sub-QUBO 5/5] 4 entities | weight=0.3575
  phi before: [4.4784 4.5618]
  residual capacity: [0.2204 0.1371]
  Solved in 2318.0ms | energy=-20.067254 | feasible=True
  phi after:  [4.7061 4.6916]

--- Run Complete ---
Final core loads: [4.7061 4.6916]
Load imbalance:   0.014556  (L_avg=4.6988)
Movable entities assigned: 20/20 | Fixed RT assignments: 0
Validating assembled global assignment...
Global assignment feasible: True
Global candidate energy:   -144.158054
Global optimum energy:     -144.158160
Globally optimal:          False
