INITIATING QAOA SCHEDULING JOB
WORKLOAD:   15 processes on 2 cores
WEIGHTS:    7.817 total CPU load
QUBO CFG:   Penalty (P) = 5.0
QAOA CFG:   Layers (p) = 2 | Steps = 100 | η = 0.1 | Mixer = xy | Init γ/β = 0.5/0.5
----------------------------------------


--- Iterative Run Started at Sun Jul  5 15:27:10 2026 ---
Building Q_global...
QUBO Matrix completed in 0.0002s
Partitioning in Sub-QUBOs...
4 sub-QUBOs | sizes: [4, 4, 4, 3]
Starting Iterative Loop...

[Sub-QUBO 1/4] 4 entities | weight=3.5152
  phi before: [0. 0.]
  residual capacity: [3.9087 3.9087]
  Solved in 2380.0ms | energy=-41.300612 | feasible=True
  phi after:  [1.7764 1.7389]

[Sub-QUBO 2/4] 4 entities | weight=2.3531
  phi before: [1.7764 1.7389]
  residual capacity: [2.1323 2.1698]
  Solved in 2414.3ms | energy=-27.345498 | feasible=True
  phi after:  [2.8641 3.0042]

[Sub-QUBO 3/4] 4 entities | weight=1.4741
  phi before: [2.8641 3.0042]
  residual capacity: [1.0446 0.9044]
  Solved in 2380.4ms | energy=-21.795061 | feasible=True
  phi after:  [3.6966 3.6458]

[Sub-QUBO 4/4] 3 entities | weight=0.4749
  phi before: [3.6966 3.6458]
  residual capacity: [0.212  0.2629]
  Solved in 1740.0ms | energy=-15.110811 | feasible=True
  phi after:  [3.8683 3.949 ]

--- Run Complete ---
Final core loads: [3.8683 3.949 ]
Load imbalance:   0.080652  (L_avg=3.9087)
Movable entities assigned: 15/15 | Fixed RT assignments: 0
Validating assembled global assignment...
Global assignment feasible: True
Global candidate energy:   -105.551982
Global optimum energy:     -105.555234
Globally optimal:          False
