
--- Iterative Run Started at Sun Jul  5 16:27:02 2026 ---
Building Q_global...
QUBO Matrix completed in 0.0005s
Partitioning in Sub-QUBOs...
8 sub-QUBOs | sizes: [4, 4, 4, 4, 4, 4, 4, 2]
Starting Iterative Loop...

[Sub-QUBO 1/8] 4 entities | weight=3.8628
  phi before: [0. 0.]
  residual capacity: [7.7028 7.7028]
  Solved in 2234.2ms | energy=-72.047887 | feasible=True
  phi after:  [1.9316 1.9312]

[Sub-QUBO 2/8] 4 entities | weight=3.3183
  phi before: [1.9316 1.9312]
  residual capacity: [5.7712 5.7716]
  Solved in 2259.6ms | energy=-52.793199 | feasible=True
  phi after:  [3.5477 3.6334]

[Sub-QUBO 3/8] 4 entities | weight=2.5660
  phi before: [3.5477 3.6334]
  residual capacity: [4.1551 4.0694]
  Solved in 2238.2ms | energy=-37.814096 | feasible=True
  phi after:  [4.8477 4.8994]

[Sub-QUBO 4/8] 4 entities | weight=1.9887
  phi before: [4.8477 4.8994]
  residual capacity: [2.8551 2.8034]
  Solved in 2303.5ms | energy=-29.276805 | feasible=True
  phi after:  [5.871  5.8647]

[Sub-QUBO 5/8] 4 entities | weight=1.5654
  phi before: [5.871  5.8647]
  residual capacity: [1.8318 1.8381]
  Solved in 2275.1ms | energy=-24.518143 | feasible=True
  phi after:  [6.6241 6.677 ]

[Sub-QUBO 6/8] 4 entities | weight=1.1723
  phi before: [6.6241 6.677 ]
  residual capacity: [1.0787 1.0258]
  Solved in 2233.5ms | energy=-21.781385 | feasible=True
  phi after:  [7.2391 7.2343]

[Sub-QUBO 7/8] 4 entities | weight=0.7706
  phi before: [7.2391 7.2343]
  residual capacity: [0.4637 0.4685]
  Solved in 2207.8ms | energy=-20.420728 | feasible=True
  phi after:  [7.6032 7.6408]

[Sub-QUBO 8/8] 2 entities | weight=0.1616
  phi before: [7.6032 7.6408]
  residual capacity: [0.0996 0.062 ]
  Solved in 1053.2ms | energy=-10.011390 | feasible=True
  phi after:  [7.7372 7.6683]

--- Run Complete ---
Final core loads: [7.7372 7.6683]
Load imbalance:   0.068896  (L_avg=7.7028)
Movable entities assigned: 30/30 | Fixed RT assignments: 0
Validating assembled global assignment...
Global assignment feasible: True
Global candidate energy:   -268.663634
Global brute-force skipped: None
