
--- Iterative Run Started at Sun Jul  5 16:49:37 2026 ---
Building Q_global...
QUBO Matrix completed in 0.0013s
Partitioning in Sub-QUBOs...
13 sub-QUBOs | sizes: [4, 4, 4, 4, 4, 4, 4, 4, 4, 4, 4, 4, 2]
Starting Iterative Loop...

[Sub-QUBO 1/13] 4 entities | weight=3.8641
  phi before: [0. 0.]
  residual capacity: [12.5674 12.5674]
  Solved in 2224.3ms | energy=-109.657782 | feasible=True
  phi after:  [1.9432 1.9209]

[Sub-QUBO 2/13] 4 entities | weight=3.6390
  phi before: [1.9432 1.9209]
  residual capacity: [10.6242 10.6465]
  Solved in 2273.6ms | energy=-90.782126 | feasible=True
  phi after:  [3.7514 3.7517]

[Sub-QUBO 3/13] 4 entities | weight=3.2431
  phi before: [3.7514 3.7517]
  residual capacity: [8.816  8.8157]
  Solved in 2219.7ms | energy=-71.922468 | feasible=True
  phi after:  [5.3785 5.3677]

[Sub-QUBO 4/13] 4 entities | weight=3.0375
  phi before: [5.3785 5.3677]
  residual capacity: [7.1889 7.1997]
  Solved in 2309.8ms | energy=-59.091480 | feasible=True
  phi after:  [6.8788 6.9049]

[Sub-QUBO 5/13] 4 entities | weight=2.5771
  phi before: [6.8788 6.9049]
  residual capacity: [5.6886 5.6625]
  Solved in 2337.7ms | energy=-45.932658 | feasible=True
  phi after:  [8.1753 8.1854]

[Sub-QUBO 6/13] 4 entities | weight=2.1294
  phi before: [8.1753 8.1854]
  residual capacity: [4.3921 4.382 ]
  Solved in 2187.3ms | energy=-36.415230 | feasible=True
  phi after:  [9.2648 9.2253]

[Sub-QUBO 7/13] 4 entities | weight=1.7637
  phi before: [9.2648 9.2253]
  residual capacity: [3.3026 3.3421]
  Solved in 2188.1ms | energy=-30.164407 | feasible=True
  phi after:  [10.1392 10.1146]

[Sub-QUBO 8/13] 4 entities | weight=1.4581
  phi before: [10.1392 10.1146]
  residual capacity: [2.4282 2.4528]
  Solved in 2213.1ms | energy=-26.054354 | feasible=True
  phi after:  [10.8588 10.8531]

[Sub-QUBO 9/13] 4 entities | weight=1.3636
  phi before: [10.8588 10.8531]
  residual capacity: [1.7085 1.7143]
  Solved in 2345.6ms | energy=-23.737736 | feasible=True
  phi after:  [11.5352 11.5404]

[Sub-QUBO 10/13] 4 entities | weight=1.0142
  phi before: [11.5352 11.5404]
  residual capacity: [1.0322 1.027 ]
  Solved in 2245.4ms | energy=-21.574195 | feasible=True
  phi after:  [12.044  12.0458]

[Sub-QUBO 11/13] 4 entities | weight=0.7518
  phi before: [12.044  12.0458]
  residual capacity: [0.5233 0.5216]
  Solved in 2270.5ms | energy=-20.503011 | feasible=True
  phi after:  [12.422  12.4196]

[Sub-QUBO 12/13] 4 entities | weight=0.2488
  phi before: [12.422  12.4196]
  residual capacity: [0.1454 0.1478]
  Solved in 2294.0ms | energy=-20.041962 | feasible=True
  phi after:  [12.5422 12.5483]

[Sub-QUBO 13/13] 2 entities | weight=0.0443
  phi before: [12.5422 12.5483]
  residual capacity: [0.0252 0.0191]
  Solved in 1058.9ms | energy=-10.000998 | feasible=True
  phi after:  [12.5682 12.5666]

--- Run Complete ---
Final core loads: [12.5682 12.5666]
Load imbalance:   0.001586  (L_avg=12.5674)
Movable entities assigned: 50/50 | Fixed RT assignments: 0
Validating assembled global assignment...
Global assignment feasible: True
Global candidate energy:   -565.878405
Global brute-force skipped: None
