
--- Iterative Run Started at Sun Jul  5 16:33:55 2026 ---
Building Q_global...
QUBO Matrix completed in 0.0008s
Partitioning in Sub-QUBOs...
10 sub-QUBOs | sizes: [4, 4, 4, 4, 4, 4, 4, 4, 4, 4]
Starting Iterative Loop...

[Sub-QUBO 1/10] 4 entities | weight=3.6673
  phi before: [0. 0.]
  residual capacity: [10.1446 10.1446]
  Solved in 2252.4ms | energy=-87.681762 | feasible=True
  phi after:  [1.8154 1.8519]

[Sub-QUBO 2/10] 4 entities | weight=3.3011
  phi before: [1.8154 1.8519]
  residual capacity: [8.3292 8.2927]
  Solved in 2317.2ms | energy=-69.423249 | feasible=True
  phi after:  [3.4789 3.4896]

[Sub-QUBO 3/10] 4 entities | weight=2.7852
  phi before: [3.4789 3.4896]
  residual capacity: [6.6657 6.6551]
  Solved in 2240.1ms | energy=-53.222205 | feasible=True
  phi after:  [4.8873 4.8664]

[Sub-QUBO 4/10] 4 entities | weight=2.6044
  phi before: [4.8873 4.8664]
  residual capacity: [5.2574 5.2782]
  Solved in 2318.4ms | energy=-44.047294 | feasible=True
  phi after:  [6.1779 6.1801]

[Sub-QUBO 5/10] 4 entities | weight=2.2724
  phi before: [6.1779 6.1801]
  residual capacity: [3.9667 3.9645]
  Solved in 2213.2ms | energy=-35.440328 | feasible=True
  phi after:  [7.3336 7.2968]

[Sub-QUBO 6/10] 4 entities | weight=1.8528
  phi before: [7.3336 7.2968]
  residual capacity: [2.811  2.8478]
  Solved in 2175.4ms | energy=-28.768951 | feasible=True
  phi after:  [8.2427 8.2405]

[Sub-QUBO 7/10] 4 entities | weight=1.5669
  phi before: [8.2427 8.2405]
  residual capacity: [1.9019 1.9041]
  Solved in 2226.2ms | energy=-24.735801 | feasible=True
  phi after:  [9.0114 9.0387]

[Sub-QUBO 8/10] 4 entities | weight=1.1532
  phi before: [9.0114 9.0387]
  residual capacity: [1.1332 1.106 ]
  Solved in 2184.2ms | energy=-21.917635 | feasible=True
  phi after:  [9.6045 9.5988]

[Sub-QUBO 9/10] 4 entities | weight=0.7271
  phi before: [9.6045 9.5988]
  residual capacity: [0.5401 0.5459]
  Solved in 2294.9ms | energy=-20.525121 | feasible=True
  phi after:  [9.9565 9.9739]

[Sub-QUBO 10/10] 4 entities | weight=0.3588
  phi before: [9.9565 9.9739]
  residual capacity: [0.1881 0.1707]
  Solved in 2172.5ms | energy=-20.064386 | feasible=True
  phi after:  [10.153  10.1363]

--- Run Complete ---
Final core loads: [10.153  10.1363]
Load imbalance:   0.016695  (L_avg=10.1446)
Movable entities assigned: 40/40 | Fixed RT assignments: 0
Validating assembled global assignment...
Global assignment feasible: True
Global candidate energy:   -405.826732
Global brute-force skipped: None
