INITIATING QAOA SCHEDULING JOB
WORKLOAD:   15 processes on 2 cores
WEIGHTS:    6.383 total CPU load
QUBO CFG:   Penalty (P) = 5.0
QAOA CFG:   Layers (p) = 2 | Steps = 100 | η = 0.1 | Mixer = xy | Init γ/β = 0.5/0.5
----------------------------------------


--- Iterative Run Started at Sun Jul  5 15:27:28 2026 ---
Building Q_global...
QUBO Matrix completed in 0.0001s
Partitioning in Sub-QUBOs...
4 sub-QUBOs | sizes: [4, 4, 4, 3]
Starting Iterative Loop...

[Sub-QUBO 1/4] 4 entities | weight=2.8605
  phi before: [0. 0.]
  residual capacity: [3.1917 3.1917]
  Solved in 2417.6ms | energy=-34.164955 | feasible=True
  phi after:  [1.4724 1.3881]

[Sub-QUBO 2/4] 4 entities | weight=2.0111
  phi before: [1.4724 1.3881]
  residual capacity: [1.7193 1.8036]
  Solved in 2345.6ms | energy=-25.065877 | feasible=True
  phi after:  [2.4223 2.4493]

[Sub-QUBO 3/4] 4 entities | weight=1.2184
  phi before: [2.4223 2.4493]
  residual capacity: [0.7694 0.7424]
  Solved in 2441.5ms | energy=-21.100105 | feasible=True
  phi after:  [3.0503 3.0397]

[Sub-QUBO 4/4] 3 entities | weight=0.2934
  phi before: [3.0503 3.0397]
  residual capacity: [0.1414 0.1521]
  Solved in 1608.1ms | energy=-15.041577 | feasible=True
  phi after:  [3.164  3.2194]

--- Run Complete ---
Final core loads: [3.164  3.2194]
Load imbalance:   0.055438  (L_avg=3.1917)
Movable entities assigned: 15/15 | Fixed RT assignments: 0
Validating assembled global assignment...
Global assignment feasible: True
Global candidate energy:   -95.372514
Global optimum energy:     -95.374050
Globally optimal:          False
