
--- Iterative Run Started at Sun Jul  5 16:48:33 2026 ---
Building Q_global...
QUBO Matrix completed in 0.0012s
Partitioning in Sub-QUBOs...
13 sub-QUBOs | sizes: [4, 4, 4, 4, 4, 4, 4, 4, 4, 4, 4, 4, 2]
Starting Iterative Loop...

[Sub-QUBO 1/13] 4 entities | weight=3.9241
  phi before: [0. 0.]
  residual capacity: [13.9371 13.9371]
  Solved in 2304.3ms | energy=-121.681763 | feasible=True
  phi after:  [1.964  1.9601]

[Sub-QUBO 2/13] 4 entities | weight=3.7438
  phi before: [1.964  1.9601]
  residual capacity: [11.9731 11.9771]
  Solved in 2232.6ms | energy=-102.657267 | feasible=True
  phi after:  [3.8329 3.835 ]

[Sub-QUBO 3/13] 4 entities | weight=3.3518
  phi before: [3.8329 3.835 ]
  residual capacity: [10.1042 10.1021]
  Solved in 2377.7ms | energy=-82.110465 | feasible=True
  phi after:  [5.5117 5.508 ]

[Sub-QUBO 4/13] 4 entities | weight=3.1483
  phi before: [5.5117 5.508 ]
  residual capacity: [8.4254 8.4291]
  Solved in 2225.9ms | energy=-68.107016 | feasible=True
  phi after:  [7.0723 7.0957]

[Sub-QUBO 5/13] 4 entities | weight=2.9532
  phi before: [7.0723 7.0957]
  residual capacity: [6.8648 6.8414]
  Solved in 2308.8ms | energy=-56.116433 | feasible=True
  phi after:  [8.5536 8.5676]

[Sub-QUBO 6/13] 4 entities | weight=2.6004
  phi before: [8.5536 8.5676]
  residual capacity: [5.3835 5.3695]
  Solved in 2247.1ms | energy=-44.580227 | feasible=True
  phi after:  [9.8805 9.8411]

[Sub-QUBO 7/13] 4 entities | weight=2.2535
  phi before: [9.8805 9.8411]
  residual capacity: [4.0566 4.0961]
  Solved in 2194.6ms | energy=-35.833812 | feasible=True
  phi after:  [10.9848 10.9903]

[Sub-QUBO 8/13] 4 entities | weight=2.1017
  phi before: [10.9848 10.9903]
  residual capacity: [2.9523 2.9468]
  Solved in 2336.4ms | energy=-30.189505 | feasible=True
  phi after:  [12.0409 12.0358]

[Sub-QUBO 9/13] 4 entities | weight=1.7807
  phi before: [12.0409 12.0358]
  residual capacity: [1.8962 1.9013]
  Solved in 2272.8ms | energy=-25.176701 | feasible=True
  phi after:  [12.9275 12.9299]

[Sub-QUBO 10/13] 4 entities | weight=1.1167
  phi before: [12.9275 12.9299]
  residual capacity: [1.0096 1.0072]
  Solved in 2262.7ms | energy=-21.628485 | feasible=True
  phi after:  [13.4965 13.4777]

[Sub-QUBO 11/13] 4 entities | weight=0.5822
  phi before: [13.4965 13.4777]
  residual capacity: [0.4406 0.4595]
  Solved in 2314.5ms | energy=-20.351581 | feasible=True
  phi after:  [13.7386 13.8178]

[Sub-QUBO 12/13] 4 entities | weight=0.2851
  phi before: [13.7386 13.8178]
  residual capacity: [0.1985 0.1193]
  Solved in 2295.8ms | energy=-20.052276 | feasible=True
  phi after:  [13.9413 13.9002]

[Sub-QUBO 13/13] 2 entities | weight=0.0328
  phi before: [13.9413 13.9002]
  residual capacity: [-0.0042  0.0369]
  Solved in 1055.9ms | energy=-10.001346 | feasible=True
  phi after:  [13.9413 13.933 ]

--- Run Complete ---
Final core loads: [13.9413 13.933 ]
Load imbalance:   0.008326  (L_avg=13.9371)
Movable entities assigned: 50/50 | Fixed RT assignments: 0
Validating assembled global assignment...
Global assignment feasible: True
Global candidate energy:   -638.486876
Global brute-force skipped: None
