
--- Iterative Run Started at Sun Jul  5 16:37:45 2026 ---
Building Q_global...
QUBO Matrix completed in 0.0008s
Partitioning in Sub-QUBOs...
10 sub-QUBOs | sizes: [4, 4, 4, 4, 4, 4, 4, 4, 4, 4]
Starting Iterative Loop...

[Sub-QUBO 1/10] 4 entities | weight=3.7589
  phi before: [0. 0.]
  residual capacity: [9.447 9.447]
  Solved in 2223.5ms | energy=-83.955732 | feasible=True
  phi after:  [1.8765 1.8823]

[Sub-QUBO 2/10] 4 entities | weight=3.3822
  phi before: [1.8765 1.8823]
  residual capacity: [7.5705 7.5647]
  Solved in 2383.1ms | energy=-65.470529 | feasible=True
  phi after:  [3.5747 3.5664]

[Sub-QUBO 3/10] 4 entities | weight=2.7946
  phi before: [3.5747 3.5664]
  residual capacity: [5.8723 5.8806]
  Solved in 2171.6ms | energy=-48.934947 | feasible=True
  phi after:  [4.9184 5.0173]

[Sub-QUBO 4/10] 4 entities | weight=2.3687
  phi before: [4.9184 5.0173]
  residual capacity: [4.5286 4.4297]
  Solved in 2290.4ms | energy=-38.418860 | feasible=True
  phi after:  [6.1418 6.1626]

[Sub-QUBO 5/10] 4 entities | weight=2.0721
  phi before: [6.1418 6.1626]
  residual capacity: [3.3052 3.2844]
  Solved in 2309.4ms | energy=-31.507804 | feasible=True
  phi after:  [7.1901 7.1864]

[Sub-QUBO 6/10] 4 entities | weight=1.7496
  phi before: [7.1901 7.1864]
  residual capacity: [2.2569 2.2606]
  Solved in 2196.0ms | energy=-26.372487 | feasible=True
  phi after:  [8.0428 8.0834]

[Sub-QUBO 7/10] 4 entities | weight=1.1410
  phi before: [8.0428 8.0834]
  residual capacity: [1.4042 1.3636]
  Solved in 2267.3ms | energy=-22.508006 | feasible=True
  phi after:  [8.6313 8.6359]

[Sub-QUBO 8/10] 4 entities | weight=0.7718
  phi before: [8.6313 8.6359]
  residual capacity: [0.8157 0.8111]
  Solved in 2225.3ms | energy=-20.956662 | feasible=True
  phi after:  [8.9964 9.0426]

[Sub-QUBO 9/10] 4 entities | weight=0.5442
  phi before: [8.9964 9.0426]
  residual capacity: [0.4506 0.4044]
  Solved in 2273.7ms | energy=-20.317645 | feasible=True
  phi after:  [9.2739 9.3093]

[Sub-QUBO 10/10] 4 entities | weight=0.3108
  phi before: [9.2739 9.3093]
  residual capacity: [0.1731 0.1377]
  Solved in 2247.4ms | energy=-20.048760 | feasible=True
  phi after:  [9.4561 9.4379]

--- Run Complete ---
Final core loads: [9.4561 9.4379]
Load imbalance:   0.018210  (L_avg=9.4470)
Movable entities assigned: 40/40 | Fixed RT assignments: 0
Validating assembled global assignment...
Global assignment feasible: True
Global candidate energy:   -378.491431
Global brute-force skipped: None
