
--- Iterative Run Started at Sun Jul  5 16:23:44 2026 ---
Building Q_global...
QUBO Matrix completed in 0.0004s
Partitioning in Sub-QUBOs...
7 sub-QUBOs | sizes: [4, 4, 4, 4, 4, 4, 1]
Starting Iterative Loop...

[Sub-QUBO 1/7] 4 entities | weight=3.8755
  phi before: [0. 0.]
  residual capacity: [7.773 7.773]
  Solved in 2283.3ms | energy=-72.736881 | feasible=True
  phi after:  [1.9695 1.906 ]

[Sub-QUBO 2/7] 4 entities | weight=3.5289
  phi before: [1.9695 1.906 ]
  residual capacity: [5.8034 5.867 ]
  Solved in 2308.3ms | energy=-54.959199 | feasible=True
  phi after:  [3.7002 3.7042]

[Sub-QUBO 3/7] 4 entities | weight=3.1754
  phi before: [3.7002 3.7042]
  residual capacity: [4.0728 4.0688]
  Solved in 2271.9ms | energy=-40.810270 | feasible=True
  phi after:  [5.3083 5.2714]

[Sub-QUBO 4/7] 4 entities | weight=2.7653
  phi before: [5.3083 5.2714]
  residual capacity: [2.4646 2.5016]
  Solved in 2279.3ms | energy=-29.909499 | feasible=True
  phi after:  [6.6522 6.6928]

[Sub-QUBO 5/7] 4 entities | weight=1.5370
  phi before: [6.6522 6.6928]
  residual capacity: [1.1208 1.0802]
  Solved in 2317.6ms | energy=-22.202378 | feasible=True
  phi after:  [7.4364 7.4457]

[Sub-QUBO 6/7] 4 entities | weight=0.6583
  phi before: [7.4364 7.4457]
  residual capacity: [0.3366 0.3273]
  Solved in 2307.0ms | energy=-20.220185 | feasible=True
  phi after:  [7.7813 7.7591]

[Sub-QUBO 7/7] 1 entities | weight=0.0056
  phi before: [7.7813 7.7591]
  residual capacity: [-0.0083  0.0139]
  Solved in 730.9ms | energy=-5.000125 | feasible=True
  phi after:  [7.7813 7.7647]

--- Run Complete ---
Final core loads: [7.7813 7.7647]
Load imbalance:   0.016550  (L_avg=7.7730)
Movable entities assigned: 25/25 | Fixed RT assignments: 0
Validating assembled global assignment...
Global assignment feasible: True
Global candidate energy:   -245.838537
Global brute-force skipped: None
