
--- Iterative Run Started at Sun Jul  5 16:30:50 2026 ---
Building Q_global...
QUBO Matrix completed in 0.0005s
Partitioning in Sub-QUBOs...
8 sub-QUBOs | sizes: [4, 4, 4, 4, 4, 4, 4, 2]
Starting Iterative Loop...

[Sub-QUBO 1/8] 4 entities | weight=3.9241
  phi before: [0. 0.]
  residual capacity: [8.5539 8.5539]
  Solved in 2299.8ms | energy=-79.433265 | feasible=True
  phi after:  [1.964  1.9601]

[Sub-QUBO 2/8] 4 entities | weight=3.5770
  phi before: [1.964  1.9601]
  residual capacity: [6.5899 6.5938]
  Solved in 2297.1ms | energy=-60.760166 | feasible=True
  phi after:  [3.7392 3.7618]

[Sub-QUBO 3/8] 4 entities | weight=3.2564
  phi before: [3.7392 3.7618]
  residual capacity: [4.8147 4.7921]
  Solved in 2174.9ms | energy=-45.981414 | feasible=True
  phi after:  [5.3709 5.3865]

[Sub-QUBO 4/8] 4 entities | weight=2.7266
  phi before: [5.3709 5.3865]
  residual capacity: [3.183  3.1674]
  Solved in 2221.5ms | energy=-33.597773 | feasible=True
  phi after:  [6.7466 6.7375]

[Sub-QUBO 5/8] 4 entities | weight=1.9922
  phi before: [6.7466 6.7375]
  residual capacity: [1.8073 1.8164]
  Solved in 2247.6ms | energy=-25.234443 | feasible=True
  phi after:  [7.7232 7.7531]

[Sub-QUBO 6/8] 4 entities | weight=1.2048
  phi before: [7.7232 7.7531]
  residual capacity: [0.8307 0.8008]
  Solved in 2272.5ms | energy=-21.237128 | feasible=True
  phi after:  [8.3802 8.3008]

[Sub-QUBO 7/8] 4 entities | weight=0.3940
  phi before: [8.3802 8.3008]
  residual capacity: [0.1737 0.2531]
  Solved in 2258.6ms | energy=-20.090940 | feasible=True
  phi after:  [8.5745 8.5006]

[Sub-QUBO 8/8] 2 entities | weight=0.0328
  phi before: [8.5745 8.5006]
  residual capacity: [-0.0206  0.0533]
  Solved in 1118.4ms | energy=-10.002422 | feasible=True
  phi after:  [8.5745 8.5333]

--- Run Complete ---
Final core loads: [8.5745 8.5333]
Load imbalance:   0.041172  (L_avg=8.5539)
Movable entities assigned: 30/30 | Fixed RT assignments: 0
Validating assembled global assignment...
Global assignment feasible: True
Global candidate energy:   -296.337551
Global brute-force skipped: None
