INITIATING QAOA SCHEDULING JOB
WORKLOAD:   15 processes on 2 cores
WEIGHTS:    9.023 total CPU load
QUBO CFG:   Penalty (P) = 5.0
QAOA CFG:   Layers (p) = 2 | Steps = 100 | η = 0.1 | Mixer = xy | Init γ/β = 0.5/0.5
----------------------------------------


--- Iterative Run Started at Sun Jul  5 15:28:31 2026 ---
Building Q_global...
QUBO Matrix completed in 0.0001s
Partitioning in Sub-QUBOs...
4 sub-QUBOs | sizes: [4, 4, 4, 3]
Starting Iterative Loop...

[Sub-QUBO 1/4] 4 entities | weight=3.5831
  phi before: [0. 0.]
  residual capacity: [4.5115 4.5115]
  Solved in 2491.7ms | energy=-45.911288 | feasible=True
  phi after:  [1.7854 1.7977]

[Sub-QUBO 2/4] 4 entities | weight=3.0948
  phi before: [1.7854 1.7977]
  residual capacity: [2.7262 2.7138]
  Solved in 2452.5ms | energy=-32.045421 | feasible=True
  phi after:  [3.364  3.3139]

[Sub-QUBO 3/4] 4 entities | weight=1.8523
  phi before: [3.364  3.3139]
  residual capacity: [1.1475 1.1976]
  Solved in 2527.9ms | energy=-22.629375 | feasible=True
  phi after:  [4.278  4.2522]

[Sub-QUBO 4/4] 3 entities | weight=0.4929
  phi before: [4.278  4.2522]
  residual capacity: [0.2336 0.2593]
  Solved in 1751.0ms | energy=-15.120461 | feasible=True
  phi after:  [4.4857 4.5374]

--- Run Complete ---
Final core loads: [4.4857 4.5374]
Load imbalance:   0.051742  (L_avg=4.5115)
Movable entities assigned: 15/15 | Fixed RT assignments: 0
Validating assembled global assignment...
Global assignment feasible: True
Global candidate energy:   -115.706544
Global optimum energy:     -115.707883
Globally optimal:          False
