
--- Iterative Run Started at Sun Jul  5 16:24:34 2026 ---
Building Q_global...
QUBO Matrix completed in 0.0004s
Partitioning in Sub-QUBOs...
7 sub-QUBOs | sizes: [4, 4, 4, 4, 4, 4, 1]
Starting Iterative Loop...

[Sub-QUBO 1/7] 4 entities | weight=3.7437
  phi before: [0. 0.]
  residual capacity: [5.8965 5.8965]
  Solved in 2259.8ms | energy=-57.142042 | feasible=True
  phi after:  [1.8696 1.8741]

[Sub-QUBO 2/7] 4 entities | weight=3.3052
  phi before: [1.8696 1.8741]
  residual capacity: [4.027  4.0224]
  Solved in 2317.6ms | energy=-41.128665 | feasible=True
  phi after:  [3.6079 3.441 ]

[Sub-QUBO 3/7] 4 entities | weight=2.1337
  phi before: [3.6079 3.441 ]
  residual capacity: [2.2886 2.4556]
  Solved in 2290.1ms | energy=-27.859892 | feasible=True
  phi after:  [4.603  4.5795]

[Sub-QUBO 4/7] 4 entities | weight=1.2835
  phi before: [4.603  4.5795]
  residual capacity: [1.2935 1.317 ]
  Solved in 2272.6ms | energy=-22.526259 | feasible=True
  phi after:  [5.2117 5.2544]

[Sub-QUBO 5/7] 4 entities | weight=0.8586
  phi before: [5.2117 5.2544]
  residual capacity: [0.6848 0.6421]
  Solved in 2351.7ms | energy=-20.771430 | feasible=True
  phi after:  [5.6518 5.6728]

[Sub-QUBO 6/7] 4 entities | weight=0.4656
  phi before: [5.6518 5.6728]
  residual capacity: [0.2447 0.2237]
  Solved in 2223.9ms | energy=-20.109918 | feasible=True
  phi after:  [5.8955 5.8948]

[Sub-QUBO 7/7] 1 entities | weight=0.0028
  phi before: [5.8955 5.8948]
  residual capacity: [0.0011 0.0018]
  Solved in 742.5ms | energy=-5.000002 | feasible=True
  phi after:  [5.8955 5.8976]

--- Run Complete ---
Final core loads: [5.8955 5.8976]
Load imbalance:   0.002109  (L_avg=5.8965)
Movable entities assigned: 25/25 | Fixed RT assignments: 0
Validating assembled global assignment...
Global assignment feasible: True
Global candidate energy:   -194.538208
Global brute-force skipped: None
