INITIATING QAOA SCHEDULING JOB
WORKLOAD:   10 processes on 2 cores
WEIGHTS:    5.052 total CPU load
QUBO CFG:   Penalty (P) = 5.0
QAOA CFG:   Layers (p) = 2 | Steps = 100 | η = 0.1 | Mixer = xy | Init γ/β = 0.5/0.5
----------------------------------------


--- Iterative Run Started at Sun Jul  5 15:25:37 2026 ---
Building Q_global...
QUBO Matrix completed in 0.0001s
Partitioning in Sub-QUBOs...
3 sub-QUBOs | sizes: [4, 4, 2]
Starting Iterative Loop...

[Sub-QUBO 1/3] 4 entities | weight=2.9744
  phi before: [0. 0.]
  residual capacity: [2.5262 2.5262]
  Solved in 2393.3ms | energy=-30.568987 | feasible=True
  phi after:  [1.6202 1.3542]

[Sub-QUBO 2/3] 4 entities | weight=1.6250
  phi before: [1.6202 1.3542]
  residual capacity: [0.906  1.1719]
  Solved in 2333.1ms | energy=-22.089545 | feasible=True
  phi after:  [2.3325 2.2669]

[Sub-QUBO 3/3] 2 entities | weight=0.4529
  phi before: [2.3325 2.2669]
  residual capacity: [0.1936 0.2593]
  Solved in 1213.4ms | energy=-10.094739 | feasible=True
  phi after:  [2.4555 2.5969]

--- Run Complete ---
Final core loads: [2.4555 2.5969]
Load imbalance:   0.141354  (L_avg=2.5262)
Movable entities assigned: 10/10 | Fixed RT assignments: 0
Validating assembled global assignment...
Global assignment feasible: True
Global candidate energy:   -62.753271
Global optimum energy:     -62.763259
Globally optimal:          False
