
--- Iterative Run Started at Sun Jul  5 16:51:14 2026 ---
Building Q_global...
QUBO Matrix completed in 0.0012s
Partitioning in Sub-QUBOs...
13 sub-QUBOs | sizes: [4, 4, 4, 4, 4, 4, 4, 4, 4, 4, 4, 4, 2]
Starting Iterative Loop...

[Sub-QUBO 1/13] 4 entities | weight=3.7465
  phi before: [0. 0.]
  residual capacity: [12.0077 12.0077]
  Solved in 2192.4ms | energy=-102.955676 | feasible=True
  phi after:  [1.8772 1.8694]

[Sub-QUBO 2/13] 4 entities | weight=3.4923
  phi before: [1.8772 1.8694]
  residual capacity: [10.1305 10.1383]
  Solved in 2278.2ms | energy=-84.685761 | feasible=True
  phi after:  [3.6156 3.6232]

[Sub-QUBO 3/13] 4 entities | weight=2.9896
  phi before: [3.6156 3.6232]
  residual capacity: [8.3921 8.3845]
  Solved in 2219.9ms | energy=-65.685749 | feasible=True
  phi after:  [5.1309 5.0974]

[Sub-QUBO 4/13] 4 entities | weight=2.7929
  phi before: [5.1309 5.0974]
  residual capacity: [6.8767 6.9102]
  Solved in 2227.1ms | energy=-54.605863 | feasible=True
  phi after:  [6.5062 6.5151]

[Sub-QUBO 5/13] 4 entities | weight=2.5338
  phi before: [6.5062 6.5151]
  residual capacity: [5.5015 5.4926]
  Solved in 2267.3ms | energy=-44.646885 | feasible=True
  phi after:  [7.7767 7.7784]

[Sub-QUBO 6/13] 4 entities | weight=2.3742
  phi before: [7.7767 7.7784]
  residual capacity: [4.231  4.2292]
  Solved in 2219.6ms | energy=-37.268028 | feasible=True
  phi after:  [8.9658 8.9636]

[Sub-QUBO 7/13] 4 entities | weight=1.9748
  phi before: [8.9658 8.9636]
  residual capacity: [3.0419 3.0441]
  Solved in 2266.7ms | energy=-30.065965 | feasible=True
  phi after:  [9.9158 9.9884]

[Sub-QUBO 8/13] 4 entities | weight=1.5548
  phi before: [9.9158 9.9884]
  residual capacity: [2.0919 2.0193]
  Solved in 2271.9ms | energy=-25.184222 | feasible=True
  phi after:  [10.7001 10.7588]

[Sub-QUBO 9/13] 4 entities | weight=1.1488
  phi before: [10.7001 10.7588]
  residual capacity: [1.3075 1.2488]
  Solved in 2279.5ms | energy=-22.278515 | feasible=True
  phi after:  [11.3108 11.2969]

[Sub-QUBO 10/13] 4 entities | weight=0.7064
  phi before: [11.3108 11.2969]
  residual capacity: [0.6968 0.7107]
  Solved in 2204.1ms | energy=-20.744912 | feasible=True
  phi after:  [11.6557 11.6585]

[Sub-QUBO 11/13] 4 entities | weight=0.4942
  phi before: [11.6557 11.6585]
  residual capacity: [0.3519 0.3492]
  Solved in 2190.6ms | energy=-20.224380 | feasible=True
  phi after:  [11.9044 11.904 ]

[Sub-QUBO 12/13] 4 entities | weight=0.1825
  phi before: [11.9044 11.904 ]
  residual capacity: [0.1033 0.1037]
  Solved in 2245.5ms | energy=-20.020976 | feasible=True
  phi after:  [11.9871 12.0038]

[Sub-QUBO 13/13] 2 entities | weight=0.0244
  phi before: [11.9871 12.0038]
  residual capacity: [0.0205 0.0039]
  Solved in 1032.5ms | energy=-10.000412 | feasible=True
  phi after:  [12.0041 12.0112]

--- Run Complete ---
Final core loads: [12.0041 12.0112]
Load imbalance:   0.007013  (L_avg=12.0077)
Movable entities assigned: 50/50 | Fixed RT assignments: 0
Validating assembled global assignment...
Global assignment feasible: True
Global candidate energy:   -538.367346
Global brute-force skipped: None
