
--- Iterative Run Started at Sun Jul  5 16:16:06 2026 ---
Building Q_global...
QUBO Matrix completed in 0.0003s
Partitioning in Sub-QUBOs...
5 sub-QUBOs | sizes: [4, 4, 4, 4, 4]
Starting Iterative Loop...

[Sub-QUBO 1/5] 4 entities | weight=3.1933
  phi before: [0. 0.]
  residual capacity: [4.535 4.535]
  Solved in 2168.6ms | energy=-43.858641 | feasible=True
  phi after:  [1.6505 1.5428]

[Sub-QUBO 2/5] 4 entities | weight=2.5600
  phi before: [1.6505 1.5428]
  residual capacity: [2.8845 2.9922]
  Solved in 2205.7ms | energy=-31.771363 | feasible=True
  phi after:  [2.908  2.8453]

[Sub-QUBO 3/5] 4 entities | weight=1.8093
  phi before: [2.908  2.8453]
  residual capacity: [1.6269 1.6897]
  Solved in 2198.6ms | energy=-24.365386 | feasible=True
  phi after:  [3.7634 3.7992]

[Sub-QUBO 4/5] 4 entities | weight=1.0230
  phi before: [3.7634 3.7992]
  residual capacity: [0.7715 0.7358]
  Solved in 2255.1ms | energy=-21.019276 | feasible=True
  phi after:  [4.3    4.2856]

[Sub-QUBO 5/5] 4 entities | weight=0.4844
  phi before: [4.3    4.2856]
  residual capacity: [0.2349 0.2494]
  Solved in 2217.2ms | energy=-20.117317 | feasible=True
  phi after:  [4.542  4.5279]

--- Run Complete ---
Final core loads: [4.542  4.5279]
Load imbalance:   0.014060  (L_avg=4.5350)
Movable entities assigned: 20/20 | Fixed RT assignments: 0
Validating assembled global assignment...
Global assignment feasible: True
Global candidate energy:   -141.131983
Global optimum energy:     -141.132081
Globally optimal:          False
