
--- Iterative Run Started at Sun Jul  5 16:40:19 2026 ---
Building Q_global...
QUBO Matrix completed in 0.0008s
Partitioning in Sub-QUBOs...
10 sub-QUBOs | sizes: [4, 4, 4, 4, 4, 4, 4, 4, 4, 4]
Starting Iterative Loop...

[Sub-QUBO 1/10] 4 entities | weight=3.7706
  phi before: [0. 0.]
  residual capacity: [9.5325 9.5325]
  Solved in 2178.2ms | energy=-84.776833 | feasible=True
  phi after:  [1.8598 1.9108]

[Sub-QUBO 2/10] 4 entities | weight=3.2287
  phi before: [1.8598 1.9108]
  residual capacity: [7.6727 7.6216]
  Solved in 2196.2ms | energy=-64.169999 | feasible=True
  phi after:  [3.5071 3.4923]

[Sub-QUBO 3/10] 4 entities | weight=2.5602
  phi before: [3.5071 3.4923]
  residual capacity: [6.0254 6.0402]
  Solved in 2195.2ms | energy=-47.612904 | feasible=True
  phi after:  [4.7786 4.7809]

[Sub-QUBO 4/10] 4 entities | weight=2.3480
  phi before: [4.7786 4.7809]
  residual capacity: [4.7538 4.7515]
  Solved in 2260.8ms | energy=-39.562283 | feasible=True
  phi after:  [5.955  5.9526]

[Sub-QUBO 5/10] 4 entities | weight=2.1173
  phi before: [5.955  5.9526]
  residual capacity: [3.5775 3.5799]
  Solved in 2292.4ms | energy=-32.912521 | feasible=True
  phi after:  [6.9999 7.025 ]

[Sub-QUBO 6/10] 4 entities | weight=1.7432
  phi before: [6.9999 7.025 ]
  residual capacity: [2.5325 2.5075]
  Solved in 2334.0ms | energy=-27.266689 | feasible=True
  phi after:  [7.88   7.8881]

[Sub-QUBO 7/10] 4 entities | weight=1.4610
  phi before: [7.88   7.8881]
  residual capacity: [1.6525 1.6444]
  Solved in 2263.6ms | energy=-23.749535 | feasible=True
  phi after:  [8.6147 8.6145]

[Sub-QUBO 8/10] 4 entities | weight=0.9849
  phi before: [8.6147 8.6145]
  residual capacity: [0.9178 0.918 ]
  Solved in 2238.9ms | energy=-21.323072 | feasible=True
  phi after:  [9.1055 9.1085]

[Sub-QUBO 9/10] 4 entities | weight=0.7081
  phi before: [9.1055 9.1085]
  residual capacity: [0.4269 0.4239]
  Solved in 2184.8ms | energy=-20.351662 | feasible=True
  phi after:  [9.4697 9.4525]

[Sub-QUBO 10/10] 4 entities | weight=0.1427
  phi before: [9.4697 9.4525]
  residual capacity: [0.0628 0.0799]
  Solved in 2209.4ms | energy=-20.010103 | feasible=True
  phi after:  [9.5217 9.5432]

--- Run Complete ---
Final core loads: [9.5217 9.5432]
Load imbalance:   0.021445  (L_avg=9.5325)
Movable entities assigned: 40/40 | Fixed RT assignments: 0
Validating assembled global assignment...
Global assignment feasible: True
Global candidate energy:   -381.735602
Global brute-force skipped: None
