
--- Iterative Run Started at Sun Jul  5 17:01:36 2026 ---
Building Q_global...
QUBO Matrix completed in 0.0030s
Partitioning in Sub-QUBOs...
20 sub-QUBOs | sizes: [4, 4, 4, 4, 4, 4, 4, 4, 4, 4, 4, 4, 4, 4, 4, 4, 4, 4, 4, 4]
Starting Iterative Loop...

[Sub-QUBO 1/20] 4 entities | weight=3.8760
  phi before: [0. 0.]
  residual capacity: [21.5222 21.5222]
  Solved in 2293.2ms | energy=-179.328204 | feasible=True
  phi after:  [1.9424 1.9336]

[Sub-QUBO 2/20] 4 entities | weight=3.7355
  phi before: [1.9424 1.9336]
  residual capacity: [19.5798 19.5886]
  Solved in 2265.2ms | energy=-159.336813 | feasible=True
  phi after:  [3.8083 3.8031]

[Sub-QUBO 3/20] 4 entities | weight=3.5181
  phi before: [3.8083 3.8031]
  residual capacity: [17.7139 17.7191]
  Solved in 2265.6ms | energy=-138.466821 | feasible=True
  phi after:  [5.5643 5.5652]

[Sub-QUBO 4/20] 4 entities | weight=3.3833
  phi before: [5.5643 5.5652]
  residual capacity: [15.9579 15.957 ]
  Solved in 2218.1ms | energy=-122.254640 | feasible=True
  phi after:  [7.2569 7.256 ]

[Sub-QUBO 5/20] 4 entities | weight=3.2792
  phi before: [7.2569 7.256 ]
  residual capacity: [14.2654 14.2662]
  Solved in 2277.9ms | energy=-108.184386 | feasible=True
  phi after:  [8.8896 8.9025]

[Sub-QUBO 6/20] 4 entities | weight=3.1546
  phi before: [8.8896 8.9025]
  residual capacity: [12.6326 12.6198]
  Solved in 2227.8ms | energy=-94.684864 | feasible=True
  phi after:  [10.4687 10.478 ]

[Sub-QUBO 7/20] 4 entities | weight=2.9817
  phi before: [10.4687 10.478 ]
  residual capacity: [11.0536 11.0442]
  Solved in 2285.6ms | energy=-81.443659 | feasible=True
  phi after:  [11.9721 11.9563]

[Sub-QUBO 8/20] 4 entities | weight=2.7224
  phi before: [11.9721 11.9563]
  residual capacity: [9.5502 9.5659]
  Solved in 2204.2ms | energy=-68.335703 | feasible=True
  phi after:  [13.3288 13.3219]

[Sub-QUBO 9/20] 4 entities | weight=2.5172
  phi before: [13.3288 13.3219]
  residual capacity: [8.1934 8.2003]
  Solved in 2341.1ms | energy=-58.097532 | feasible=True
  phi after:  [14.5831 14.5847]

[Sub-QUBO 10/20] 4 entities | weight=2.2733
  phi before: [14.5831 14.5847]
  residual capacity: [6.9391 6.9375]
  Solved in 2228.7ms | energy=-48.961267 | feasible=True
  phi after:  [15.7222 15.7189]

[Sub-QUBO 11/20] 4 entities | weight=2.0946
  phi before: [15.7222 15.7189]
  residual capacity: [5.8    5.8033]
  Solved in 2240.0ms | energy=-42.110862 | feasible=True
  phi after:  [16.7669 16.7689]

[Sub-QUBO 12/20] 4 entities | weight=1.9878
  phi before: [16.7669 16.7689]
  residual capacity: [4.7553 4.7534]
  Solved in 2209.6ms | energy=-36.925628 | feasible=True
  phi after:  [17.7616 17.762 ]

[Sub-QUBO 13/20] 4 entities | weight=1.8081
  phi before: [17.7616 17.762 ]
  residual capacity: [3.7607 3.7603]
  Solved in 2194.4ms | energy=-31.963625 | feasible=True
  phi after:  [18.6744 18.6572]

[Sub-QUBO 14/20] 4 entities | weight=1.5648
  phi before: [18.6744 18.6572]
  residual capacity: [2.8478 2.865 ]
  Solved in 2199.3ms | energy=-27.714228 | feasible=True
  phi after:  [19.4269 19.4695]

[Sub-QUBO 15/20] 4 entities | weight=1.1773
  phi before: [19.4269 19.4695]
  residual capacity: [2.0954 2.0527]
  Solved in 2202.3ms | energy=-24.191414 | feasible=True
  phi after:  [20.0419 20.0318]

[Sub-QUBO 16/20] 4 entities | weight=1.0734
  phi before: [20.0419 20.0318]
  residual capacity: [1.4803 1.4904]
  Solved in 2215.0ms | energy=-22.612671 | feasible=True
  phi after:  [20.576 20.571]

[Sub-QUBO 17/20] 4 entities | weight=0.8016
  phi before: [20.576 20.571]
  residual capacity: [0.9462 0.9512]
  Solved in 2318.0ms | energy=-21.199694 | feasible=True
  phi after:  [20.9711 20.9775]

[Sub-QUBO 18/20] 4 entities | weight=0.6033
  phi before: [20.9711 20.9775]
  residual capacity: [0.5511 0.5447]
  Solved in 2252.8ms | energy=-20.479113 | feasible=True
  phi after:  [21.2759 21.276 ]

[Sub-QUBO 19/20] 4 entities | weight=0.3938
  phi before: [21.2759 21.276 ]
  residual capacity: [0.2463 0.2462]
  Solved in 2262.1ms | energy=-20.116425 | feasible=True
  phi after:  [21.4733 21.4724]

[Sub-QUBO 20/20] 4 entities | weight=0.0987
  phi before: [21.4733 21.4724]
  residual capacity: [0.0489 0.0498]
  Solved in 2223.7ms | energy=-20.004865 | feasible=True
  phi after:  [21.52   21.5244]

--- Run Complete ---
Final core loads: [21.52   21.5244]
Load imbalance:   0.004424  (L_avg=21.5222)
Movable entities assigned: 80/80 | Fixed RT assignments: 0
Validating assembled global assignment...
Global assignment feasible: True
Global candidate energy:   -1326.412413
Global brute-force skipped: None
