
--- Iterative Run Started at Sun Jul  5 16:41:36 2026 ---
Building Q_global...
QUBO Matrix completed in 0.0012s
Partitioning in Sub-QUBOs...
13 sub-QUBOs | sizes: [4, 4, 4, 4, 4, 4, 4, 4, 4, 4, 4, 4, 2]
Starting Iterative Loop...

[Sub-QUBO 1/13] 4 entities | weight=3.8472
  phi before: [0. 0.]
  residual capacity: [13.1709 13.1709]
  Solved in 2301.3ms | energy=-113.940642 | feasible=True
  phi after:  [1.9313 1.9159]

[Sub-QUBO 2/13] 4 entities | weight=3.5557
  phi before: [1.9313 1.9159]
  residual capacity: [11.2396 11.255 ]
  Solved in 2260.5ms | energy=-93.662613 | feasible=True
  phi after:  [3.7072 3.6957]

[Sub-QUBO 3/13] 4 entities | weight=3.3192
  phi before: [3.7072 3.6957]
  residual capacity: [9.4637 9.4752]
  Solved in 2227.7ms | energy=-77.353110 | feasible=True
  phi after:  [5.3557 5.3663]

[Sub-QUBO 4/13] 4 entities | weight=2.8691
  phi before: [5.3557 5.3663]
  residual capacity: [7.8152 7.8045]
  Solved in 2340.1ms | energy=-60.698410 | feasible=True
  phi after:  [6.8067 6.7844]

[Sub-QUBO 5/13] 4 entities | weight=2.6538
  phi before: [6.8067 6.7844]
  residual capacity: [6.3642 6.3864]
  Solved in 2224.5ms | energy=-50.316781 | feasible=True
  phi after:  [8.1245 8.1204]

[Sub-QUBO 6/13] 4 entities | weight=2.4822
  phi before: [8.1245 8.1204]
  residual capacity: [5.0464 5.0504]
  Solved in 2304.6ms | energy=-41.981520 | feasible=True
  phi after:  [9.3631 9.364 ]

[Sub-QUBO 7/13] 4 entities | weight=2.2509
  phi before: [9.3631 9.364 ]
  residual capacity: [3.8078 3.8068]
  Solved in 2232.1ms | energy=-34.606503 | feasible=True
  phi after:  [10.4988 10.4792]

[Sub-QUBO 8/13] 4 entities | weight=1.8255
  phi before: [10.4988 10.4792]
  residual capacity: [2.6721 2.6917]
  Solved in 2325.6ms | energy=-28.125442 | feasible=True
  phi after:  [11.4073 11.3962]

[Sub-QUBO 9/13] 4 entities | weight=1.4683
  phi before: [11.4073 11.3962]
  residual capacity: [1.7636 1.7747]
  Solved in 2214.2ms | energy=-24.117355 | feasible=True
  phi after:  [12.1342 12.1376]

[Sub-QUBO 10/13] 4 entities | weight=1.2016
  phi before: [12.1342 12.1376]
  residual capacity: [1.0367 1.0332]
  Solved in 2248.2ms | energy=-21.765251 | feasible=True
  phi after:  [12.7441 12.7293]

[Sub-QUBO 11/13] 4 entities | weight=0.6622
  phi before: [12.7441 12.7293]
  residual capacity: [0.4268 0.4416]
  Solved in 2292.7ms | energy=-20.355543 | feasible=True
  phi after:  [13.0549 13.0807]

[Sub-QUBO 12/13] 4 entities | weight=0.1869
  phi before: [13.0549 13.0807]
  residual capacity: [0.116  0.0901]
  Solved in 2252.3ms | energy=-20.021375 | feasible=True
  phi after:  [13.1578 13.1648]

[Sub-QUBO 13/13] 2 entities | weight=0.0193
  phi before: [13.1578 13.1648]
  residual capacity: [0.0131 0.0061]
  Solved in 1072.2ms | energy=-10.000187 | feasible=True
  phi after:  [13.1743 13.1675]

--- Run Complete ---
Final core loads: [13.1743 13.1675]
Load imbalance:   0.006788  (L_avg=13.1709)
Movable entities assigned: 50/50 | Fixed RT assignments: 0
Validating assembled global assignment...
Global assignment feasible: True
Global candidate energy:   -596.944732
Global brute-force skipped: None
