
--- Iterative Run Started at Sun Jul  5 16:17:48 2026 ---
Building Q_global...
QUBO Matrix completed in 0.0002s
Partitioning in Sub-QUBOs...
5 sub-QUBOs | sizes: [4, 4, 4, 4, 4]
Starting Iterative Loop...

[Sub-QUBO 1/5] 4 entities | weight=3.4595
  phi before: [0. 0.]
  residual capacity: [4.6454 4.6454]
  Solved in 2352.3ms | energy=-46.153845 | feasible=True
  phi after:  [1.7758 1.6837]

[Sub-QUBO 2/5] 4 entities | weight=2.3210
  phi before: [1.7758 1.6837]
  residual capacity: [2.8696 2.9617]
  Solved in 2309.0ms | energy=-30.845019 | feasible=True
  phi after:  [2.9016 2.8789]

[Sub-QUBO 3/5] 4 entities | weight=1.6247
  phi before: [2.9016 2.8789]
  residual capacity: [1.7438 1.7666]
  Solved in 2255.9ms | energy=-24.383645 | feasible=True
  phi after:  [3.6974 3.7079]

[Sub-QUBO 4/5] 4 entities | weight=1.1587
  phi before: [3.6974 3.7079]
  residual capacity: [0.9481 0.9376]
  Solved in 2326.7ms | energy=-21.513701 | feasible=True
  phi after:  [4.2815 4.2825]

[Sub-QUBO 5/5] 4 entities | weight=0.7269
  phi before: [4.2815 4.2825]
  residual capacity: [0.3639 0.363 ]
  Solved in 2295.7ms | energy=-20.263704 | feasible=True
  phi after:  [4.6298 4.6611]

--- Run Complete ---
Final core loads: [4.6298 4.6611]
Load imbalance:   0.031288  (L_avg=4.6454)
Movable entities assigned: 20/20 | Fixed RT assignments: 0
Validating assembled global assignment...
Global assignment feasible: True
Global candidate energy:   -143.159913
Global optimum energy:     -143.160403
Globally optimal:          False
