INITIATING QAOA SCHEDULING JOB
WORKLOAD:   15 processes on 2 cores
WEIGHTS:    7.344 total CPU load
QUBO CFG:   Penalty (P) = 5.0
QAOA CFG:   Layers (p) = 2 | Steps = 100 | η = 0.1 | Mixer = xy | Init γ/β = 0.5/0.5
----------------------------------------


--- Iterative Run Started at Sun Jul  5 15:29:27 2026 ---
Building Q_global...
QUBO Matrix completed in 0.0001s
Partitioning in Sub-QUBOs...
4 sub-QUBOs | sizes: [4, 4, 4, 3]
Starting Iterative Loop...

[Sub-QUBO 1/4] 4 entities | weight=3.4897
  phi before: [0. 0.]
  residual capacity: [3.672 3.672]
  Solved in 2551.1ms | energy=-39.539175 | feasible=True
  phi after:  [1.7287 1.7611]

[Sub-QUBO 2/4] 4 entities | weight=2.5757
  phi before: [1.7287 1.7611]
  residual capacity: [1.9433 1.911 ]
  Solved in 2844.6ms | energy=-26.610780 | feasible=True
  phi after:  [3.0418 3.0236]

[Sub-QUBO 3/4] 4 entities | weight=1.1186
  phi before: [3.0418 3.0236]
  residual capacity: [0.6302 0.6484]
  Solved in 2624.9ms | energy=-20.804236 | feasible=True
  phi after:  [3.5747 3.6093]

[Sub-QUBO 4/4] 3 entities | weight=0.1600
  phi before: [3.5747 3.6093]
  residual capacity: [0.0973 0.0627]
  Solved in 1688.1ms | energy=-15.013384 | feasible=True
  phi after:  [3.6688 3.6753]

--- Run Complete ---
Final core loads: [3.6688 3.6753]
Load imbalance:   0.006540  (L_avg=3.6720)
Movable entities assigned: 15/15 | Fixed RT assignments: 0
Validating assembled global assignment...
Global assignment feasible: True
Global candidate energy:   -101.967576
Global optimum energy:     -101.967597
Globally optimal:          False
