
--- Iterative Run Started at Sun Jul  5 16:55:07 2026 ---
Building Q_global...
QUBO Matrix completed in 0.0021s
Partitioning in Sub-QUBOs...
17 sub-QUBOs | sizes: [4, 4, 4, 4, 4, 4, 4, 4, 4, 4, 4, 4, 4, 4, 4, 4, 1]
Starting Iterative Loop...

[Sub-QUBO 1/17] 4 entities | weight=3.9018
  phi before: [0. 0.]
  residual capacity: [18.6759 18.6759]
  Solved in 2247.9ms | energy=-158.125996 | feasible=True
  phi after:  [1.9531 1.9487]

[Sub-QUBO 2/17] 4 entities | weight=3.8201
  phi before: [1.9531 1.9487]
  residual capacity: [16.7228 16.7272]
  Solved in 2286.5ms | energy=-140.486419 | feasible=True
  phi after:  [3.8586 3.8632]

[Sub-QUBO 3/17] 4 entities | weight=3.7407
  phi before: [3.8586 3.8632]
  residual capacity: [14.8172 14.8126]
  Solved in 2324.9ms | energy=-123.840298 | feasible=True
  phi after:  [5.7312 5.7314]

[Sub-QUBO 4/17] 4 entities | weight=3.6047
  phi before: [5.7312 5.7314]
  residual capacity: [12.9446 12.9445]
  Solved in 2226.5ms | energy=-106.825445 | feasible=True
  phi after:  [7.5366 7.5307]

[Sub-QUBO 5/17] 4 entities | weight=3.2828
  phi before: [7.5366 7.5307]
  residual capacity: [11.1392 11.1452]
  Solved in 2278.3ms | energy=-87.765574 | feasible=True
  phi after:  [9.1588 9.1912]

[Sub-QUBO 6/17] 4 entities | weight=2.9075
  phi before: [9.1588 9.1912]
  residual capacity: [9.5171 9.4846]
  Solved in 2306.1ms | energy=-71.021465 | feasible=True
  phi after:  [10.6343 10.6233]

[Sub-QUBO 7/17] 4 entities | weight=2.5915
  phi before: [10.6343 10.6233]
  residual capacity: [8.0416 8.0526]
  Solved in 2234.9ms | energy=-58.349874 | feasible=True
  phi after:  [11.919  11.9301]

[Sub-QUBO 8/17] 4 entities | weight=2.2705
  phi before: [11.919  11.9301]
  residual capacity: [6.7569 6.7458]
  Solved in 2270.2ms | energy=-48.080149 | feasible=True
  phi after:  [13.0635 13.0561]

[Sub-QUBO 9/17] 4 entities | weight=2.0333
  phi before: [13.0635 13.0561]
  residual capacity: [5.6124 5.6198]
  Solved in 2174.7ms | energy=-40.771643 | feasible=True
  phi after:  [14.075  14.0778]

[Sub-QUBO 10/17] 4 entities | weight=1.9604
  phi before: [14.075  14.0778]
  residual capacity: [4.6008 4.598 ]
  Solved in 2261.8ms | energy=-36.111637 | feasible=True
  phi after:  [15.0604 15.0529]

[Sub-QUBO 11/17] 4 entities | weight=1.7959
  phi before: [15.0604 15.0529]
  residual capacity: [3.6155 3.623 ]
  Solved in 2248.8ms | energy=-31.387084 | feasible=True
  phi after:  [15.9508 15.9584]

[Sub-QUBO 12/17] 4 entities | weight=1.5299
  phi before: [15.9508 15.9584]
  residual capacity: [2.7251 2.7175]
  Solved in 2286.8ms | energy=-27.156412 | feasible=True
  phi after:  [16.7219 16.7171]

[Sub-QUBO 13/17] 4 entities | weight=1.4295
  phi before: [16.7219 16.7171]
  residual capacity: [1.9539 1.9587]
  Solved in 2314.0ms | energy=-24.571525 | feasible=True
  phi after:  [17.4337 17.4349]

[Sub-QUBO 14/17] 4 entities | weight=1.0749
  phi before: [17.4337 17.4349]
  residual capacity: [1.2422 1.241 ]
  Solved in 2363.6ms | energy=-22.091392 | feasible=True
  phi after:  [17.9775 17.966 ]

[Sub-QUBO 15/17] 4 entities | weight=0.8068
  phi before: [17.9775 17.966 ]
  residual capacity: [0.6984 0.7098]
  Solved in 2295.2ms | energy=-20.810799 | feasible=True
  phi after:  [18.3765 18.3738]

[Sub-QUBO 16/17] 4 entities | weight=0.5595
  phi before: [18.3765 18.3738]
  residual capacity: [0.2994 0.3021]
  Solved in 2401.3ms | energy=-20.178938 | feasible=True
  phi after:  [18.6319 18.6779]

[Sub-QUBO 17/17] 1 entities | weight=0.0420
  phi before: [18.6319 18.6779]
  residual capacity: [ 0.044 -0.002]
  Solved in 709.0ms | energy=-5.001933 | feasible=True
  phi after:  [18.6738 18.6779]

--- Run Complete ---
Final core loads: [18.6738 18.6779]
Load imbalance:   0.004094  (L_avg=18.6759)
Movable entities assigned: 65/65 | Fixed RT assignments: 0
Validating assembled global assignment...
Global assignment feasible: True
Global candidate energy:   -1022.576583
Global brute-force skipped: None
