
--- Iterative Run Started at Sun Jul  5 16:28:37 2026 ---
Building Q_global...
QUBO Matrix completed in 0.0005s
Partitioning in Sub-QUBOs...
8 sub-QUBOs | sizes: [4, 4, 4, 4, 4, 4, 4, 2]
Starting Iterative Loop...

[Sub-QUBO 1/8] 4 entities | weight=3.6826
  phi before: [0. 0.]
  residual capacity: [7.1886 7.1886]
  Solved in 2239.4ms | energy=-66.164278 | feasible=True
  phi after:  [1.8376 1.845 ]

[Sub-QUBO 2/8] 4 entities | weight=3.2215
  phi before: [1.8376 1.845 ]
  residual capacity: [5.3509 5.3436]
  Solved in 2254.6ms | energy=-49.263760 | feasible=True
  phi after:  [3.4499 3.4543]

[Sub-QUBO 3/8] 4 entities | weight=2.6145
  phi before: [3.4499 3.4543]
  residual capacity: [3.7387 3.7343]
  Solved in 2222.4ms | energy=-36.120147 | feasible=True
  phi after:  [4.7572 4.7614]

[Sub-QUBO 4/8] 4 entities | weight=2.0149
  phi before: [4.7572 4.7614]
  residual capacity: [2.4313 2.4272]
  Solved in 2224.3ms | energy=-27.758319 | feasible=True
  phi after:  [5.7927 5.7409]

[Sub-QUBO 5/8] 4 entities | weight=1.5193
  phi before: [5.7927 5.7409]
  residual capacity: [1.3959 1.4477]
  Solved in 2260.9ms | energy=-23.167290 | feasible=True
  phi after:  [6.5362 6.5166]

[Sub-QUBO 6/8] 4 entities | weight=0.8634
  phi before: [6.5362 6.5166]
  residual capacity: [0.6523 0.6719]
  Solved in 2237.0ms | energy=-20.769228 | feasible=True
  phi after:  [6.93   6.9863]

[Sub-QUBO 7/8] 4 entities | weight=0.4039
  phi before: [6.93   6.9863]
  residual capacity: [0.2586 0.2023]
  Solved in 2216.6ms | energy=-20.106148 | feasible=True
  phi after:  [7.1599 7.1603]

[Sub-QUBO 8/8] 2 entities | weight=0.0570
  phi before: [7.1599 7.1603]
  residual capacity: [0.0287 0.0283]
  Solved in 1197.9ms | energy=-10.000872 | feasible=True
  phi after:  [7.2079 7.1692]

--- Run Complete ---
Final core loads: [7.2079 7.1692]
Load imbalance:   0.038767  (L_avg=7.1886)
Movable entities assigned: 30/30 | Fixed RT assignments: 0
Validating assembled global assignment...
Global assignment feasible: True
Global candidate energy:   -253.350041
Global brute-force skipped: None
