
--- Iterative Run Started at Sun Jul  5 17:08:31 2026 ---
Building Q_global...
QUBO Matrix completed in 0.0031s
Partitioning in Sub-QUBOs...
20 sub-QUBOs | sizes: [4, 4, 4, 4, 4, 4, 4, 4, 4, 4, 4, 4, 4, 4, 4, 4, 4, 4, 4, 4]
Starting Iterative Loop...

[Sub-QUBO 1/20] 4 entities | weight=3.9201
  phi before: [0. 0.]
  residual capacity: [21.2835 21.2835]
  Solved in 2278.8ms | energy=-179.181664 | feasible=True
  phi after:  [1.9695 1.9505]

[Sub-QUBO 2/20] 4 entities | weight=3.6881
  phi before: [1.9695 1.9505]
  residual capacity: [19.314 19.333]
  Solved in 2249.5ms | energy=-155.732643 | feasible=True
  phi after:  [3.8032 3.805 ]

[Sub-QUBO 3/20] 4 entities | weight=3.5705
  phi before: [3.8032 3.805 ]
  residual capacity: [17.4803 17.4785]
  Solved in 2222.2ms | energy=-138.446584 | feasible=True
  phi after:  [5.5906 5.5881]

[Sub-QUBO 4/20] 4 entities | weight=3.2862
  phi before: [5.5906 5.5881]
  residual capacity: [15.6929 15.6954]
  Solved in 2250.7ms | energy=-117.749373 | feasible=True
  phi after:  [7.2215 7.2434]

[Sub-QUBO 5/20] 4 entities | weight=3.1510
  phi before: [7.2215 7.2434]
  residual capacity: [14.062  14.0401]
  Solved in 2178.0ms | energy=-103.585267 | feasible=True
  phi after:  [8.8053 8.8106]

[Sub-QUBO 6/20] 4 entities | weight=3.1081
  phi before: [8.8053 8.8106]
  residual capacity: [12.4782 12.4729]
  Solved in 2241.5ms | energy=-92.721262 | feasible=True
  phi after:  [10.3648 10.3592]

[Sub-QUBO 7/20] 4 entities | weight=2.9474
  phi before: [10.3648 10.3592]
  residual capacity: [10.9187 10.9243]
  Solved in 2269.7ms | energy=-80.035387 | feasible=True
  phi after:  [11.8288 11.8426]

[Sub-QUBO 8/20] 4 entities | weight=2.8023
  phi before: [11.8288 11.8426]
  residual capacity: [9.4547 9.4409]
  Solved in 2303.5ms | energy=-69.024615 | feasible=True
  phi after:  [13.2423 13.2313]

[Sub-QUBO 9/20] 4 entities | weight=2.4992
  phi before: [13.2423 13.2313]
  residual capacity: [8.0412 8.0522]
  Solved in 2305.3ms | energy=-57.096932 | feasible=True
  phi after:  [14.4889 14.4839]

[Sub-QUBO 10/20] 4 entities | weight=2.4174
  phi before: [14.4889 14.4839]
  residual capacity: [6.7946 6.7996]
  Solved in 2248.3ms | energy=-49.940083 | feasible=True
  phi after:  [15.6972 15.693 ]

[Sub-QUBO 11/20] 4 entities | weight=2.3551
  phi before: [15.6972 15.693 ]
  residual capacity: [5.5863 5.5905]
  Solved in 2269.0ms | energy=-43.548793 | feasible=True
  phi after:  [16.865  16.8802]

[Sub-QUBO 12/20] 4 entities | weight=2.1614
  phi before: [16.865  16.8802]
  residual capacity: [4.4185 4.4033]
  Solved in 2309.9ms | energy=-36.731705 | feasible=True
  phi after:  [17.9596 17.9471]

[Sub-QUBO 13/20] 4 entities | weight=1.7771
  phi before: [17.9596 17.9471]
  residual capacity: [3.3239 3.3364]
  Solved in 2215.6ms | energy=-30.256498 | feasible=True
  phi after:  [18.8218 18.8621]

[Sub-QUBO 14/20] 4 entities | weight=1.3911
  phi before: [18.8218 18.8621]
  residual capacity: [2.4617 2.4214]
  Solved in 2392.9ms | energy=-25.825591 | feasible=True
  phi after:  [19.5217 19.5531]

[Sub-QUBO 15/20] 4 entities | weight=1.1813
  phi before: [19.5217 19.5531]
  residual capacity: [1.7618 1.7303]
  Solved in 2181.6ms | energy=-23.428092 | feasible=True
  phi after:  [20.1241 20.1321]

[Sub-QUBO 16/20] 4 entities | weight=0.9082
  phi before: [20.1241 20.1321]
  residual capacity: [1.1594 1.1514]
  Solved in 2175.0ms | energy=-21.686269 | feasible=True
  phi after:  [20.5867 20.5778]

[Sub-QUBO 17/20] 4 entities | weight=0.6709
  phi before: [20.5867 20.5778]
  residual capacity: [0.6968 0.7057]
  Solved in 2278.1ms | energy=-20.715824 | feasible=True
  phi after:  [20.9088 20.9266]

[Sub-QUBO 18/20] 4 entities | weight=0.4207
  phi before: [20.9088 20.9266]
  residual capacity: [0.3747 0.3569]
  Solved in 2276.7ms | energy=-20.219443 | feasible=True
  phi after:  [21.125 21.131]

[Sub-QUBO 19/20] 4 entities | weight=0.2567
  phi before: [21.125 21.131]
  residual capacity: [0.1584 0.1524]
  Solved in 2301.5ms | energy=-20.046867 | feasible=True
  phi after:  [21.2543 21.2585]

[Sub-QUBO 20/20] 4 entities | weight=0.0542
  phi before: [21.2543 21.2585]
  residual capacity: [0.0292 0.025 ]
  Solved in 2248.4ms | energy=-20.001474 | feasible=True
  phi after:  [21.2819 21.285 ]

--- Run Complete ---
Final core loads: [21.2819 21.285 ]
Load imbalance:   0.003099  (L_avg=21.2835)
Movable entities assigned: 80/80 | Fixed RT assignments: 0
Validating assembled global assignment...
Global assignment feasible: True
Global candidate energy:   -1305.974365
Global brute-force skipped: None
