INITIATING QAOA SCHEDULING JOB
WORKLOAD:   10 processes on 2 cores
WEIGHTS:    5.703 total CPU load
QUBO CFG:   Penalty (P) = 5.0
QAOA CFG:   Layers (p) = 2 | Steps = 100 | η = 0.1 | Mixer = xy | Init γ/β = 0.5/0.5
----------------------------------------


--- Iterative Run Started at Sun Jul  5 15:26:01 2026 ---
Building Q_global...
QUBO Matrix completed in 0.0001s
Partitioning in Sub-QUBOs...
3 sub-QUBOs | sizes: [4, 4, 2]
Starting Iterative Loop...

[Sub-QUBO 1/3] 4 entities | weight=3.5831
  phi before: [0. 0.]
  residual capacity: [2.8517 2.8517]
  Solved in 2424.2ms | energy=-34.016351 | feasible=True
  phi after:  [1.7854 1.7977]

[Sub-QUBO 2/3] 4 entities | weight=1.8350
  phi before: [1.7854 1.7977]
  residual capacity: [1.0663 1.0539]
  Solved in 2354.2ms | energy=-22.206675 | feasible=True
  phi after:  [2.7237 2.6945]

[Sub-QUBO 3/3] 2 entities | weight=0.2852
  phi before: [2.7237 2.6945]
  residual capacity: [0.128  0.1572]
  Solved in 1234.3ms | energy=-10.040971 | feasible=True
  phi after:  [2.8596 2.8437]

--- Run Complete ---
Final core loads: [2.8596 2.8437]
Load imbalance:   0.015854  (L_avg=2.8517)
Movable entities assigned: 10/10 | Fixed RT assignments: 0
Validating assembled global assignment...
Global assignment feasible: True
Global candidate energy:   -66.263997
Global optimum energy:     -66.264123
Globally optimal:          False
