
--- Iterative Run Started at Sun Jul  5 16:43:12 2026 ---
Building Q_global...
QUBO Matrix completed in 0.0012s
Partitioning in Sub-QUBOs...
13 sub-QUBOs | sizes: [4, 4, 4, 4, 4, 4, 4, 4, 4, 4, 4, 4, 2]
Starting Iterative Loop...

[Sub-QUBO 1/13] 4 entities | weight=3.7529
  phi before: [0. 0.]
  residual capacity: [12.7924 12.7924]
  Solved in 2312.6ms | energy=-108.974923 | feasible=True
  phi after:  [1.8652 1.8877]

[Sub-QUBO 2/13] 4 entities | weight=3.3782
  phi before: [1.8652 1.8877]
  residual capacity: [10.9272 10.9047]
  Solved in 2292.5ms | energy=-88.046904 | feasible=True
  phi after:  [3.5637 3.5674]

[Sub-QUBO 3/13] 4 entities | weight=3.0750
  phi before: [3.5637 3.5674]
  residual capacity: [9.2287 9.225 ]
  Solved in 2253.5ms | energy=-72.017509 | feasible=True
  phi after:  [5.1068 5.0994]

[Sub-QUBO 4/13] 4 entities | weight=2.9015
  phi before: [5.1068 5.0994]
  residual capacity: [7.6856 7.693 ]
  Solved in 2186.9ms | energy=-60.412489 | feasible=True
  phi after:  [6.5516 6.5561]

[Sub-QUBO 5/13] 4 entities | weight=2.6972
  phi before: [6.5516 6.5561]
  residual capacity: [6.2408 6.2363]
  Solved in 2269.2ms | energy=-50.015578 | feasible=True
  phi after:  [7.9054 7.8994]

[Sub-QUBO 6/13] 4 entities | weight=2.4506
  phi before: [7.9054 7.8994]
  residual capacity: [4.887 4.893]
  Solved in 2321.4ms | energy=-40.964041 | feasible=True
  phi after:  [9.1223 9.1331]

[Sub-QUBO 7/13] 4 entities | weight=2.0493
  phi before: [9.1223 9.1331]
  residual capacity: [3.6701 3.6593]
  Solved in 2227.6ms | energy=-32.919043 | feasible=True
  phi after:  [10.1758 10.1289]

[Sub-QUBO 8/13] 4 entities | weight=1.6863
  phi before: [10.1758 10.1289]
  residual capacity: [2.6166 2.6635]
  Solved in 2294.5ms | energy=-27.482974 | feasible=True
  phi after:  [10.9983 10.9927]

[Sub-QUBO 9/13] 4 entities | weight=1.3779
  phi before: [10.9983 10.9927]
  residual capacity: [1.7941 1.7997]
  Solved in 2264.6ms | energy=-24.002590 | feasible=True
  phi after:  [11.6865 11.6823]

[Sub-QUBO 10/13] 4 entities | weight=1.1119
  phi before: [11.6865 11.6823]
  residual capacity: [1.1059 1.1101]
  Solved in 2352.2ms | energy=-21.845102 | feasible=True
  phi after:  [12.2215 12.2592]

[Sub-QUBO 11/13] 4 entities | weight=0.6993
  phi before: [12.2215 12.2592]
  residual capacity: [0.5709 0.5332]
  Solved in 2279.5ms | energy=-20.528303 | feasible=True
  phi after:  [12.5884 12.5916]

[Sub-QUBO 12/13] 4 entities | weight=0.3730
  phi before: [12.5884 12.5916]
  residual capacity: [0.204  0.2008]
  Solved in 2194.2ms | energy=-20.081424 | feasible=True
  phi after:  [12.7764 12.7766]

[Sub-QUBO 13/13] 2 entities | weight=0.0318
  phi before: [12.7764 12.7766]
  residual capacity: [0.016  0.0158]
  Solved in 1104.0ms | energy=-10.000096 | feasible=True
  phi after:  [12.8067 12.7781]

--- Run Complete ---
Final core loads: [12.8067 12.7781]
Load imbalance:   0.028662  (L_avg=12.7924)
Movable entities assigned: 50/50 | Fixed RT assignments: 0
Validating assembled global assignment...
Global assignment feasible: True
Global candidate energy:   -577.290978
Global brute-force skipped: None
