
--- Iterative Run Started at Sun Jul  5 16:26:27 2026 ---
Building Q_global...
QUBO Matrix completed in 0.0003s
Partitioning in Sub-QUBOs...
7 sub-QUBOs | sizes: [4, 4, 4, 4, 4, 4, 1]
Starting Iterative Loop...

[Sub-QUBO 1/7] 4 entities | weight=3.6882
  phi before: [0. 0.]
  residual capacity: [6.7763 6.7763]
  Solved in 2217.6ms | energy=-63.182711 | feasible=True
  phi after:  [1.8437 1.8444]

[Sub-QUBO 2/7] 4 entities | weight=3.0378
  phi before: [1.8437 1.8444]
  residual capacity: [4.9325 4.9319]
  Solved in 2235.4ms | energy=-45.351516 | feasible=True
  phi after:  [3.3824 3.3436]

[Sub-QUBO 3/7] 4 entities | weight=2.5930
  phi before: [3.3824 3.3436]
  residual capacity: [3.3938 3.4327]
  Solved in 2209.6ms | energy=-34.339810 | feasible=True
  phi after:  [4.6485 4.6704]

[Sub-QUBO 4/7] 4 entities | weight=1.8768
  phi before: [4.6485 4.6704]
  residual capacity: [2.1277 2.1058]
  Solved in 2243.9ms | energy=-26.183329 | feasible=True
  phi after:  [5.6238 5.572 ]

[Sub-QUBO 5/7] 4 entities | weight=1.5747
  phi before: [5.6238 5.572 ]
  residual capacity: [1.1525 1.2042]
  Solved in 2335.8ms | energy=-22.472121 | feasible=True
  phi after:  [6.3684 6.4021]

[Sub-QUBO 6/7] 4 entities | weight=0.7341
  phi before: [6.3684 6.4021]
  residual capacity: [0.4079 0.3742]
  Solved in 2213.7ms | energy=-20.304875 | feasible=True
  phi after:  [6.739  6.7656]

[Sub-QUBO 7/7] 1 entities | weight=0.0480
  phi before: [6.739  6.7656]
  residual capacity: [0.0373 0.0107]
  Solved in 731.8ms | energy=-5.001277 | feasible=True
  phi after:  [6.7869 6.7656]

--- Run Complete ---
Final core loads: [6.7869 6.7656]
Load imbalance:   0.021325  (L_avg=6.7763)
Movable entities assigned: 25/25 | Fixed RT assignments: 0
Validating assembled global assignment...
Global assignment feasible: True
Global candidate energy:   -216.835639
Global brute-force skipped: None
