
--- Iterative Run Started at Sun Jul  5 16:42:08 2026 ---
Building Q_global...
QUBO Matrix completed in 0.0018s
Partitioning in Sub-QUBOs...
13 sub-QUBOs | sizes: [4, 4, 4, 4, 4, 4, 4, 4, 4, 4, 4, 4, 2]
Starting Iterative Loop...

[Sub-QUBO 1/13] 4 entities | weight=3.8628
  phi before: [0. 0.]
  residual capacity: [12.9929 12.9929]
  Solved in 2266.9ms | energy=-112.916601 | feasible=True
  phi after:  [1.9316 1.9312]

[Sub-QUBO 2/13] 4 entities | weight=3.5585
  phi before: [1.9316 1.9312]
  residual capacity: [11.0613 11.0617]
  Solved in 2268.0ms | energy=-92.392072 | feasible=True
  phi after:  [3.7015 3.7197]

[Sub-QUBO 3/13] 4 entities | weight=3.2124
  phi before: [3.7015 3.7197]
  residual capacity: [9.2913 9.2731]
  Solved in 2275.5ms | energy=-74.477508 | feasible=True
  phi after:  [5.3176 5.316 ]

[Sub-QUBO 4/13] 4 entities | weight=2.9817
  phi before: [5.3176 5.316 ]
  residual capacity: [7.6752 7.6768]
  Solved in 2224.4ms | energy=-61.329545 | feasible=True
  phi after:  [6.7959 6.8194]

[Sub-QUBO 5/13] 4 entities | weight=2.4708
  phi before: [6.7959 6.8194]
  residual capacity: [6.1969 6.1734]
  Solved in 2304.0ms | energy=-47.511959 | feasible=True
  phi after:  [8.0503 8.0359]

[Sub-QUBO 6/13] 4 entities | weight=2.1576
  phi before: [8.0503 8.0359]
  residual capacity: [4.9426 4.957 ]
  Solved in 2268.9ms | energy=-39.031402 | feasible=True
  phi after:  [9.1201 9.1236]

[Sub-QUBO 7/13] 4 entities | weight=2.0483
  phi before: [9.1201 9.1236]
  residual capacity: [3.8728 3.8692]
  Solved in 2256.8ms | energy=-33.760045 | feasible=True
  phi after:  [10.1457 10.1463]

[Sub-QUBO 8/13] 4 entities | weight=1.8214
  phi before: [10.1457 10.1463]
  residual capacity: [2.8472 2.8465]
  Solved in 2260.7ms | energy=-28.711615 | feasible=True
  phi after:  [11.0585 11.0548]

[Sub-QUBO 9/13] 4 entities | weight=1.4539
  phi before: [11.0585 11.0548]
  residual capacity: [1.9344 1.938 ]
  Solved in 2178.1ms | energy=-24.573052 | feasible=True
  phi after:  [11.7795 11.7877]

[Sub-QUBO 10/13] 4 entities | weight=1.1228
  phi before: [11.7795 11.7877]
  residual capacity: [1.2133 1.2052]
  Solved in 2270.8ms | energy=-22.085199 | feasible=True
  phi after:  [12.345 12.345]

[Sub-QUBO 11/13] 4 entities | weight=0.7721
  phi before: [12.345 12.345]
  residual capacity: [0.6478 0.6479]
  Solved in 2309.3ms | energy=-20.701389 | feasible=True
  phi after:  [12.7091 12.753 ]

[Sub-QUBO 12/13] 4 entities | weight=0.4564
  phi before: [12.7091 12.753 ]
  residual capacity: [0.2837 0.2399]
  Solved in 2269.9ms | energy=-20.135769 | feasible=True
  phi after:  [12.959  12.9595]

[Sub-QUBO 13/13] 2 entities | weight=0.0672
  phi before: [12.959  12.9595]
  residual capacity: [0.0338 0.0333]
  Solved in 1052.7ms | energy=-10.002188 | feasible=True
  phi after:  [12.9986 12.9871]

--- Run Complete ---
Final core loads: [12.9986 12.9871]
Load imbalance:   0.011575  (L_avg=12.9929)
Movable entities assigned: 50/50 | Fixed RT assignments: 0
Validating assembled global assignment...
Global assignment feasible: True
Global candidate energy:   -587.628346
Global brute-force skipped: None
