
--- Iterative Run Started at Sun Jul  5 16:23:11 2026 ---
Building Q_global...
QUBO Matrix completed in 0.0003s
Partitioning in Sub-QUBOs...
7 sub-QUBOs | sizes: [4, 4, 4, 4, 4, 4, 1]
Starting Iterative Loop...

[Sub-QUBO 1/7] 4 entities | weight=3.7552
  phi before: [0. 0.]
  residual capacity: [6.2974 6.2974]
  Solved in 2319.0ms | energy=-60.245529 | feasible=True
  phi after:  [1.8862 1.8691]

[Sub-QUBO 2/7] 4 entities | weight=3.1866
  phi before: [1.8862 1.8691]
  residual capacity: [4.4113 4.4284]
  Solved in 2309.3ms | energy=-43.091497 | feasible=True
  phi after:  [3.4759 3.466 ]

[Sub-QUBO 3/7] 4 entities | weight=2.4133
  phi before: [3.4759 3.466 ]
  residual capacity: [2.8215 2.8315]
  Solved in 2349.2ms | energy=-30.729350 | feasible=True
  phi after:  [4.6545 4.7007]

[Sub-QUBO 4/7] 4 entities | weight=1.7206
  phi before: [4.6545 4.7007]
  residual capacity: [1.6429 1.5967]
  Solved in 2276.4ms | energy=-24.093242 | feasible=True
  phi after:  [5.5675 5.5083]

[Sub-QUBO 5/7] 4 entities | weight=1.0587
  phi before: [5.5675 5.5083]
  residual capacity: [0.7299 0.7892]
  Solved in 2409.0ms | energy=-21.049534 | feasible=True
  phi after:  [6.0711 6.0633]

[Sub-QUBO 6/7] 4 entities | weight=0.4551
  phi before: [6.0711 6.0633]
  residual capacity: [0.2263 0.2341]
  Solved in 2249.5ms | energy=-20.105866 | feasible=True
  phi after:  [6.2865 6.3031]

[Sub-QUBO 7/7] 1 entities | weight=0.0053
  phi before: [6.2865 6.3031]
  residual capacity: [ 0.011  -0.0057]
  Solved in 750.9ms | energy=-5.000088 | feasible=True
  phi after:  [6.2917 6.3031]

--- Run Complete ---
Final core loads: [6.2917 6.3031]
Load imbalance:   0.011421  (L_avg=6.2974)
Movable entities assigned: 25/25 | Fixed RT assignments: 0
Validating assembled global assignment...
Global assignment feasible: True
Global candidate energy:   -204.315105
Global brute-force skipped: None
