INITIATING QAOA SCHEDULING JOB
WORKLOAD:   15 processes on 2 cores
WEIGHTS:    7.547 total CPU load
QUBO CFG:   Penalty (P) = 5.0
QAOA CFG:   Layers (p) = 2 | Steps = 100 | η = 0.1 | Mixer = xy | Init γ/β = 0.5/0.5
----------------------------------------


--- Iterative Run Started at Sun Jul  5 15:27:46 2026 ---
Building Q_global...
QUBO Matrix completed in 0.0002s
Partitioning in Sub-QUBOs...
4 sub-QUBOs | sizes: [4, 4, 4, 3]
Starting Iterative Loop...

[Sub-QUBO 1/4] 4 entities | weight=3.6790
  phi before: [0. 0.]
  residual capacity: [3.7734 3.7734]
  Solved in 2450.6ms | energy=-40.994777 | feasible=True
  phi after:  [1.8719 1.8071]

[Sub-QUBO 2/4] 4 entities | weight=2.4076
  phi before: [1.8719 1.8071]
  residual capacity: [1.9015 1.9663]
  Solved in 2461.5ms | energy=-26.415890 | feasible=True
  phi after:  [3.0396 3.0471]

[Sub-QUBO 3/4] 4 entities | weight=1.3122
  phi before: [3.0396 3.0471]
  residual capacity: [0.7338 0.7263]
  Solved in 2301.2ms | energy=-21.054878 | feasible=True
  phi after:  [3.7087 3.6901]

[Sub-QUBO 4/4] 3 entities | weight=0.1480
  phi before: [3.7087 3.6901]
  residual capacity: [0.0646 0.0833]
  Solved in 1558.3ms | energy=-15.010892 | feasible=True
  phi after:  [3.7627 3.7841]

--- Run Complete ---
Final core loads: [3.7627 3.7841]
Load imbalance:   0.021424  (L_avg=3.7734)
Movable entities assigned: 15/15 | Fixed RT assignments: 0
Validating assembled global assignment...
Global assignment feasible: True
Global candidate energy:   -103.476436
Global optimum energy:     -103.476666
Globally optimal:          False
