
--- Iterative Run Started at Sun Jul  5 17:02:28 2026 ---
Building Q_global...
QUBO Matrix completed in 0.0032s
Partitioning in Sub-QUBOs...
20 sub-QUBOs | sizes: [4, 4, 4, 4, 4, 4, 4, 4, 4, 4, 4, 4, 4, 4, 4, 4, 4, 4, 4, 4]
Starting Iterative Loop...

[Sub-QUBO 1/20] 4 entities | weight=3.8432
  phi before: [0. 0.]
  residual capacity: [20.5753 20.5753]
  Solved in 2228.8ms | energy=-170.765238 | feasible=True
  phi after:  [1.911  1.9322]

[Sub-QUBO 2/20] 4 entities | weight=3.6054
  phi before: [1.911  1.9322]
  residual capacity: [18.6643 18.6431]
  Solved in 2277.8ms | energy=-148.008654 | feasible=True
  phi after:  [3.7264 3.7222]

[Sub-QUBO 3/20] 4 entities | weight=3.4310
  phi before: [3.7264 3.7222]
  residual capacity: [16.8488 16.8531]
  Solved in 2255.0ms | energy=-129.745078 | feasible=True
  phi after:  [5.4378 5.4418]

[Sub-QUBO 4/20] 4 entities | weight=3.2521
  phi before: [5.4378 5.4418]
  residual capacity: [15.1375 15.1335]
  Solved in 2274.4ms | energy=-113.156761 | feasible=True
  phi after:  [7.0814 7.0504]

[Sub-QUBO 5/20] 4 entities | weight=2.9468
  phi before: [7.0814 7.0504]
  residual capacity: [13.4939 13.5249]
  Solved in 2321.8ms | energy=-95.277382 | feasible=True
  phi after:  [8.5337 8.5448]

[Sub-QUBO 6/20] 4 entities | weight=2.7584
  phi before: [8.5337 8.5448]
  residual capacity: [12.0415 12.0305]
  Solved in 2250.6ms | energy=-82.595258 | feasible=True
  phi after:  [9.9165 9.9204]

[Sub-QUBO 7/20] 4 entities | weight=2.6510
  phi before: [9.9165 9.9204]
  residual capacity: [10.6588 10.6549]
  Solved in 2274.2ms | energy=-72.988178 | feasible=True
  phi after:  [11.2432 11.2446]

[Sub-QUBO 8/20] 4 entities | weight=2.4844
  phi before: [11.2432 11.2446]
  residual capacity: [9.332  9.3306]
  Solved in 2243.7ms | energy=-63.280127 | feasible=True
  phi after:  [12.4901 12.4822]

[Sub-QUBO 9/20] 4 entities | weight=2.3894
  phi before: [12.4901 12.4822]
  residual capacity: [8.0851 8.0931]
  Solved in 2281.4ms | energy=-55.801820 | feasible=True
  phi after:  [13.6823 13.6794]

[Sub-QUBO 10/20] 4 entities | weight=2.2147
  phi before: [13.6823 13.6794]
  residual capacity: [6.893  6.8958]
  Solved in 2216.0ms | energy=-48.084998 | feasible=True
  phi after:  [14.7796 14.7968]

[Sub-QUBO 11/20] 4 entities | weight=2.0382
  phi before: [14.7796 14.7968]
  residual capacity: [5.7957 5.7785]
  Solved in 2312.6ms | energy=-41.513516 | feasible=True
  phi after:  [15.8027 15.8119]

[Sub-QUBO 12/20] 4 entities | weight=1.9139
  phi before: [15.8027 15.8119]
  residual capacity: [4.7725 4.7634]
  Solved in 2292.6ms | energy=-36.419335 | feasible=True
  phi after:  [16.7621 16.7664]

[Sub-QUBO 13/20] 4 entities | weight=1.7442
  phi before: [16.7621 16.7664]
  residual capacity: [3.8131 3.8089]
  Solved in 2255.0ms | energy=-31.773189 | feasible=True
  phi after:  [17.6355 17.6372]

[Sub-QUBO 14/20] 4 entities | weight=1.5905
  phi before: [17.6355 17.6372]
  residual capacity: [2.9398 2.9381]
  Solved in 2293.8ms | energy=-28.083704 | feasible=True
  phi after:  [18.4337 18.4295]

[Sub-QUBO 15/20] 4 entities | weight=1.3016
  phi before: [18.4337 18.4295]
  residual capacity: [2.1416 2.1458]
  Solved in 2217.2ms | energy=-24.733452 | feasible=True
  phi after:  [19.0781 19.0866]

[Sub-QUBO 16/20] 4 entities | weight=0.9794
  phi before: [19.0781 19.0866]
  residual capacity: [1.4971 1.4886]
  Solved in 2347.7ms | energy=-22.444747 | feasible=True
  phi after:  [19.5693 19.5749]

[Sub-QUBO 17/20] 4 entities | weight=0.7732
  phi before: [19.5693 19.5749]
  residual capacity: [1.006  1.0004]
  Solved in 2249.6ms | energy=-21.252446 | feasible=True
  phi after:  [19.9585 19.959 ]

[Sub-QUBO 18/20] 4 entities | weight=0.6157
  phi before: [19.9585 19.959 ]
  residual capacity: [0.6168 0.6163]
  Solved in 2341.3ms | energy=-20.569297 | feasible=True
  phi after:  [20.2803 20.2528]

[Sub-QUBO 19/20] 4 entities | weight=0.4119
  phi before: [20.2803 20.2528]
  residual capacity: [0.295  0.3225]
  Solved in 2273.3ms | energy=-20.169588 | feasible=True
  phi after:  [20.4843 20.4607]

[Sub-QUBO 20/20] 4 entities | weight=0.2056
  phi before: [20.4843 20.4607]
  residual capacity: [0.091  0.1146]
  Solved in 2325.2ms | energy=-20.021407 | feasible=True
  phi after:  [20.5762 20.5744]

--- Run Complete ---
Final core loads: [20.5762 20.5744]
Load imbalance:   0.001832  (L_avg=20.5753)
Movable entities assigned: 80/80 | Fixed RT assignments: 0
Validating assembled global assignment...
Global assignment feasible: True
Global candidate energy:   -1246.684177
Global brute-force skipped: None
