
--- Iterative Run Started at Sun Jul  5 16:45:53 2026 ---
Building Q_global...
QUBO Matrix completed in 0.0012s
Partitioning in Sub-QUBOs...
13 sub-QUBOs | sizes: [4, 4, 4, 4, 4, 4, 4, 4, 4, 4, 4, 4, 2]
Starting Iterative Loop...

[Sub-QUBO 1/13] 4 entities | weight=3.8435
  phi before: [0. 0.]
  residual capacity: [11.1814 11.1814]
  Solved in 2217.9ms | energy=-98.564157 | feasible=True
  phi after:  [1.9001 1.9434]

[Sub-QUBO 2/13] 4 entities | weight=3.3393
  phi before: [1.9001 1.9434]
  residual capacity: [9.2813 9.238 ]
  Solved in 2225.7ms | energy=-76.266701 | feasible=True
  phi after:  [3.5839 3.5989]

[Sub-QUBO 3/13] 4 entities | weight=2.8332
  phi before: [3.5839 3.5989]
  residual capacity: [7.5975 7.5824]
  Solved in 2344.1ms | energy=-58.993679 | feasible=True
  phi after:  [5.0229 4.993 ]

[Sub-QUBO 4/13] 4 entities | weight=2.4192
  phi before: [5.0229 4.993 ]
  residual capacity: [6.1584 6.1884]
  Solved in 2300.2ms | energy=-46.943879 | feasible=True
  phi after:  [6.2181 6.2171]

[Sub-QUBO 5/13] 4 entities | weight=1.8937
  phi before: [6.2181 6.2171]
  residual capacity: [4.9633 4.9643]
  Solved in 2320.0ms | energy=-37.006387 | feasible=True
  phi after:  [7.1573 7.1716]

[Sub-QUBO 6/13] 4 entities | weight=1.7054
  phi before: [7.1573 7.1716]
  residual capacity: [4.0241 4.0098]
  Solved in 2235.5ms | energy=-32.247155 | feasible=True
  phi after:  [8.0181 8.0162]

[Sub-QUBO 7/13] 4 entities | weight=1.5322
  phi before: [8.0181 8.0162]
  residual capacity: [3.1633 3.1652]
  Solved in 2263.7ms | energy=-28.522478 | feasible=True
  phi after:  [8.7842 8.7823]

[Sub-QUBO 8/13] 4 entities | weight=1.3935
  phi before: [8.7842 8.7823]
  residual capacity: [2.3972 2.3991]
  Solved in 2214.4ms | energy=-25.712669 | feasible=True
  phi after:  [9.4793 9.4806]

[Sub-QUBO 9/13] 4 entities | weight=1.1905
  phi before: [9.4793 9.4806]
  residual capacity: [1.7021 1.7007]
  Solved in 2269.8ms | energy=-23.342437 | feasible=True
  phi after:  [10.075  10.0755]

[Sub-QUBO 10/13] 4 entities | weight=0.9775
  phi before: [10.075  10.0755]
  residual capacity: [1.1064 1.1059]
  Solved in 2259.7ms | energy=-21.684585 | feasible=True
  phi after:  [10.5722 10.5557]

[Sub-QUBO 11/13] 4 entities | weight=0.7104
  phi before: [10.5722 10.5557]
  residual capacity: [0.6091 0.6257]
  Solved in 2241.5ms | energy=-20.624965 | feasible=True
  phi after:  [10.9163 10.922 ]

[Sub-QUBO 12/13] 4 entities | weight=0.4558
  phi before: [10.9163 10.922 ]
  residual capacity: [0.2651 0.2594]
  Solved in 2374.8ms | energy=-20.135182 | feasible=True
  phi after:  [11.1464 11.1477]

[Sub-QUBO 13/13] 2 entities | weight=0.0686
  phi before: [11.1464 11.1477]
  residual capacity: [0.035  0.0336]
  Solved in 1045.9ms | energy=-10.001786 | feasible=True
  phi after:  [11.1982 11.1645]

--- Run Complete ---
Final core loads: [11.1982 11.1645]
Load imbalance:   0.033726  (L_avg=11.1814)
Movable entities assigned: 50/50 | Fixed RT assignments: 0
Validating assembled global assignment...
Global assignment feasible: True
Global candidate energy:   -500.046059
Global brute-force skipped: None
