
--- Iterative Run Started at Sun Jul  5 17:11:07 2026 ---
Building Q_global...
QUBO Matrix completed in 0.0047s
Partitioning in Sub-QUBOs...
25 sub-QUBOs | sizes: [4, 4, 4, 4, 4, 4, 4, 4, 4, 4, 4, 4, 4, 4, 4, 4, 4, 4, 4, 4, 4, 4, 4, 4, 4]
Starting Iterative Loop...

[Sub-QUBO 1/25] 4 entities | weight=3.9543
  phi before: [0. 0.]
  residual capacity: [27.4145 27.4145]
  Solved in 2222.1ms | energy=-228.994331 | feasible=True
  phi after:  [1.978  1.9763]

[Sub-QUBO 2/25] 4 entities | weight=3.8524
  phi before: [1.978  1.9763]
  residual capacity: [25.4365 25.4383]
  Solved in 2270.7ms | energy=-208.567355 | feasible=True
  phi after:  [3.9032 3.9035]

[Sub-QUBO 3/25] 4 entities | weight=3.7602
  phi before: [3.9032 3.9035]
  residual capacity: [23.5114 23.511 ]
  Solved in 2236.8ms | energy=-189.742903 | feasible=True
  phi after:  [5.7862 5.7807]

[Sub-QUBO 4/25] 4 entities | weight=3.6994
  phi before: [5.7862 5.7807]
  residual capacity: [21.6284 21.6339]
  Solved in 2358.4ms | energy=-173.201283 | feasible=True
  phi after:  [7.631  7.6353]

[Sub-QUBO 5/25] 4 entities | weight=3.5462
  phi before: [7.631  7.6353]
  residual capacity: [19.7836 19.7793]
  Solved in 2290.4ms | energy=-154.009298 | feasible=True
  phi after:  [9.4104 9.402 ]

[Sub-QUBO 6/25] 4 entities | weight=3.4169
  phi before: [9.4104 9.402 ]
  residual capacity: [18.0041 18.0125]
  Solved in 2341.5ms | energy=-137.226560 | feasible=True
  phi after:  [11.1067 11.1226]

[Sub-QUBO 7/25] 4 entities | weight=3.2478
  phi before: [11.1067 11.1226]
  residual capacity: [16.3079 16.2919]
  Solved in 2263.3ms | energy=-120.604249 | feasible=True
  phi after:  [12.7358 12.7413]

[Sub-QUBO 8/25] 4 entities | weight=3.0651
  phi before: [12.7358 12.7413]
  residual capacity: [14.6787 14.6732]
  Solved in 2321.3ms | energy=-105.269084 | feasible=True
  phi after:  [14.2793 14.2629]

[Sub-QUBO 9/25] 4 entities | weight=2.9097
  phi before: [14.2793 14.2629]
  residual capacity: [13.1352 13.1517]
  Solved in 2216.8ms | energy=-92.252797 | feasible=True
  phi after:  [15.7298 15.722 ]

[Sub-QUBO 10/25] 4 entities | weight=2.7571
  phi before: [15.7298 15.722 ]
  residual capacity: [11.6847 11.6925]
  Solved in 2217.9ms | energy=-80.653098 | feasible=True
  phi after:  [17.1038 17.1052]

[Sub-QUBO 11/25] 4 entities | weight=2.6052
  phi before: [17.1038 17.1052]
  residual capacity: [10.3107 10.3094]
  Solved in 2282.3ms | energy=-70.326517 | feasible=True
  phi after:  [18.4114 18.4028]

[Sub-QUBO 12/25] 4 entities | weight=2.4879
  phi before: [18.4114 18.4028]
  residual capacity: [9.0031 9.0117]
  Solved in 2286.9ms | energy=-61.724273 | feasible=True
  phi after:  [19.65   19.6522]

[Sub-QUBO 13/25] 4 entities | weight=2.3528
  phi before: [19.65   19.6522]
  residual capacity: [7.7646 7.7624]
  Solved in 2306.5ms | energy=-53.763975 | feasible=True
  phi after:  [20.8281 20.8268]

[Sub-QUBO 14/25] 4 entities | weight=2.1398
  phi before: [20.8281 20.8268]
  residual capacity: [6.5864 6.5878]
  Solved in 2205.6ms | energy=-45.900180 | feasible=True
  phi after:  [21.8971 21.8976]

[Sub-QUBO 15/25] 4 entities | weight=1.9432
  phi before: [21.8971 21.8976]
  residual capacity: [5.5174 5.517 ]
  Solved in 2194.6ms | energy=-39.553782 | feasible=True
  phi after:  [22.8804 22.8575]

[Sub-QUBO 16/25] 4 entities | weight=1.7386
  phi before: [22.8804 22.8575]
  residual capacity: [4.5342 4.557 ]
  Solved in 2277.1ms | energy=-34.295061 | feasible=True
  phi after:  [23.7434 23.7331]

[Sub-QUBO 17/25] 4 entities | weight=1.5997
  phi before: [23.7434 23.7331]
  residual capacity: [3.6711 3.6815]
  Solved in 2280.9ms | energy=-30.482728 | feasible=True
  phi after:  [24.5369 24.5393]

[Sub-QUBO 18/25] 4 entities | weight=1.4445
  phi before: [24.5369 24.5393]
  residual capacity: [2.8776 2.8752]
  Solved in 2239.6ms | energy=-27.266651 | feasible=True
  phi after:  [25.2598 25.2609]

[Sub-QUBO 19/25] 4 entities | weight=1.2679
  phi before: [25.2598 25.2609]
  residual capacity: [2.1547 2.1536]
  Solved in 2240.2ms | energy=-24.658874 | feasible=True
  phi after:  [25.8957 25.893 ]

[Sub-QUBO 20/25] 4 entities | weight=1.0385
  phi before: [25.8957 25.893 ]
  residual capacity: [1.5189 1.5215]
  Solved in 2344.5ms | energy=-22.618048 | feasible=True
  phi after:  [26.4048 26.4224]

[Sub-QUBO 21/25] 4 entities | weight=0.8008
  phi before: [26.4048 26.4224]
  residual capacity: [1.0097 0.9922]
  Solved in 2236.4ms | energy=-21.282605 | feasible=True
  phi after:  [26.8076 26.8204]

[Sub-QUBO 22/25] 4 entities | weight=0.5584
  phi before: [26.8076 26.8204]
  residual capacity: [0.6069 0.5941]
  Solved in 2210.2ms | energy=-20.514863 | feasible=True
  phi after:  [27.093  27.0935]

[Sub-QUBO 23/25] 4 entities | weight=0.3952
  phi before: [27.093  27.0935]
  residual capacity: [0.3215 0.3211]
  Solved in 2279.8ms | energy=-20.175875 | feasible=True
  phi after:  [27.2919 27.2897]

[Sub-QUBO 24/25] 4 entities | weight=0.1851
  phi before: [27.2919 27.2897]
  residual capacity: [0.1226 0.1248]
  Solved in 2280.2ms | energy=-20.028675 | feasible=True
  phi after:  [27.3841 27.3827]

[Sub-QUBO 25/25] 4 entities | weight=0.0623
  phi before: [27.3841 27.3827]
  residual capacity: [0.0304 0.0318]
  Solved in 2328.0ms | energy=-20.001940 | feasible=True
  phi after:  [27.4152 27.4139]

--- Run Complete ---
Final core loads: [27.4152 27.4139]
Load imbalance:   0.001223  (L_avg=27.4145)
Movable entities assigned: 100/100 | Fixed RT assignments: 0
Validating assembled global assignment...
Global assignment feasible: True
Global candidate energy:   -2003.115007
Global brute-force skipped: None
