
--- Iterative Run Started at Sun Jul  5 16:30:31 2026 ---
Building Q_global...
QUBO Matrix completed in 0.0005s
Partitioning in Sub-QUBOs...
8 sub-QUBOs | sizes: [4, 4, 4, 4, 4, 4, 4, 2]
Starting Iterative Loop...

[Sub-QUBO 1/8] 4 entities | weight=3.7576
  phi before: [0. 0.]
  residual capacity: [7.439 7.439]
  Solved in 2186.5ms | energy=-68.845758 | feasible=True
  phi after:  [1.8833 1.8743]

[Sub-QUBO 2/8] 4 entities | weight=3.5709
  phi before: [1.8833 1.8743]
  residual capacity: [5.5557 5.5648]
  Solved in 2390.3ms | energy=-53.334597 | feasible=True
  phi after:  [3.6599 3.6686]

[Sub-QUBO 3/8] 4 entities | weight=2.8483
  phi before: [3.6599 3.6686]
  residual capacity: [3.7791 3.7704]
  Solved in 2221.6ms | energy=-37.434678 | feasible=True
  phi after:  [5.1672 5.0096]

[Sub-QUBO 4/8] 4 entities | weight=1.8801
  phi before: [5.1672 5.0096]
  residual capacity: [2.2718 2.4294]
  Solved in 2324.5ms | energy=-27.083682 | feasible=True
  phi after:  [6.0378 6.0192]

[Sub-QUBO 5/8] 4 entities | weight=1.2747
  phi before: [6.0378 6.0192]
  residual capacity: [1.4013 1.4198]
  Solved in 2222.1ms | energy=-22.783046 | feasible=True
  phi after:  [6.6464 6.6853]

[Sub-QUBO 6/8] 4 entities | weight=0.8901
  phi before: [6.6464 6.6853]
  residual capacity: [0.7926 0.7538]
  Solved in 2242.4ms | energy=-20.980958 | feasible=True
  phi after:  [7.1166 7.1051]

[Sub-QUBO 7/8] 4 entities | weight=0.5891
  phi before: [7.1166 7.1051]
  residual capacity: [0.3224 0.3339]
  Solved in 2235.7ms | energy=-20.213157 | feasible=True
  phi after:  [7.4028 7.4081]

[Sub-QUBO 8/8] 2 entities | weight=0.0672
  phi before: [7.4028 7.4081]
  residual capacity: [0.0362 0.0309]
  Solved in 1059.0ms | energy=-10.000691 | feasible=True
  phi after:  [7.4671 7.4109]

--- Run Complete ---
Final core loads: [7.4671 7.4109]
Load imbalance:   0.056213  (L_avg=7.4390)
Movable entities assigned: 30/30 | Fixed RT assignments: 0
Validating assembled global assignment...
Global assignment feasible: True
Global candidate energy:   -260.676566
Global brute-force skipped: None
