
--- Iterative Run Started at Sun Jul  5 16:50:41 2026 ---
Building Q_global...
QUBO Matrix completed in 0.0012s
Partitioning in Sub-QUBOs...
13 sub-QUBOs | sizes: [4, 4, 4, 4, 4, 4, 4, 4, 4, 4, 4, 4, 2]
Starting Iterative Loop...

[Sub-QUBO 1/13] 4 entities | weight=3.8173
  phi before: [0. 0.]
  residual capacity: [11.6506 11.6506]
  Solved in 2243.8ms | energy=-101.662421 | feasible=True
  phi after:  [1.9065 1.9108]

[Sub-QUBO 2/13] 4 entities | weight=3.3544
  phi before: [1.9065 1.9108]
  residual capacity: [9.7441 9.7397]
  Solved in 2238.5ms | energy=-79.730166 | feasible=True
  phi after:  [3.5839 3.5878]

[Sub-QUBO 3/13] 4 entities | weight=2.7086
  phi before: [3.5839 3.5878]
  residual capacity: [8.0667 8.0628]
  Solved in 2304.6ms | energy=-60.017661 | feasible=True
  phi after:  [4.9736 4.9067]

[Sub-QUBO 4/13] 4 entities | weight=2.4681
  phi before: [4.9736 4.9067]
  residual capacity: [6.677  6.7439]
  Solved in 2225.3ms | energy=-50.079797 | feasible=True
  phi after:  [6.1943 6.1542]

[Sub-QUBO 5/13] 4 entities | weight=2.3045
  phi before: [6.1943 6.1542]
  residual capacity: [5.4563 5.4964]
  Solved in 2267.3ms | energy=-42.585608 | feasible=True
  phi after:  [7.3271 7.3258]

[Sub-QUBO 6/13] 4 entities | weight=2.1654
  phi before: [7.3271 7.3258]
  residual capacity: [4.3235 4.3247]
  Solved in 2252.9ms | energy=-36.382455 | feasible=True
  phi after:  [8.3994 8.4189]

[Sub-QUBO 7/13] 4 entities | weight=1.8212
  phi before: [8.3994 8.4189]
  residual capacity: [3.2512 3.2317]
  Solved in 2293.9ms | energy=-30.148347 | feasible=True
  phi after:  [9.3133 9.3263]

[Sub-QUBO 8/13] 4 entities | weight=1.5134
  phi before: [9.3133 9.3263]
  residual capacity: [2.3373 2.3243]
  Solved in 2213.3ms | energy=-25.909722 | feasible=True
  phi after:  [10.0728 10.0802]

[Sub-QUBO 9/13] 4 entities | weight=1.2817
  phi before: [10.0728 10.0802]
  residual capacity: [1.5778 1.5704]
  Solved in 2185.8ms | energy=-23.213572 | feasible=True
  phi after:  [10.7266 10.7081]

[Sub-QUBO 10/13] 4 entities | weight=0.9090
  phi before: [10.7266 10.7081]
  residual capacity: [0.924  0.9425]
  Solved in 2274.7ms | energy=-21.283603 | feasible=True
  phi after:  [11.1666 11.1771]

[Sub-QUBO 11/13] 4 entities | weight=0.6763
  phi before: [11.1666 11.1771]
  residual capacity: [0.484  0.4735]
  Solved in 2276.6ms | energy=-20.418931 | feasible=True
  phi after:  [11.5106 11.5094]

[Sub-QUBO 12/13] 4 entities | weight=0.2589
  phi before: [11.5106 11.5094]
  residual capacity: [0.14   0.1412]
  Solved in 2306.3ms | energy=-20.039160 | feasible=True
  phi after:  [11.6318 11.6471]

[Sub-QUBO 13/13] 2 entities | weight=0.0222
  phi before: [11.6318 11.6471]
  residual capacity: [0.0188 0.0034]
  Solved in 1171.9ms | energy=-10.000341 | feasible=True
  phi after:  [11.654  11.6471]

--- Run Complete ---
Final core loads: [11.654  11.6471]
Load imbalance:   0.006880  (L_avg=11.6506)
Movable entities assigned: 50/50 | Fixed RT assignments: 0
Validating assembled global assignment...
Global assignment feasible: True
Global candidate energy:   -521.471785
Global brute-force skipped: None
