
--- Iterative Run Started at Sun Jul  5 16:21:33 2026 ---
Building Q_global...
QUBO Matrix completed in 0.0004s
Partitioning in Sub-QUBOs...
7 sub-QUBOs | sizes: [4, 4, 4, 4, 4, 4, 1]
Starting Iterative Loop...

[Sub-QUBO 1/7] 4 entities | weight=3.8415
  phi before: [0. 0.]
  residual capacity: [6.366 6.366]
  Solved in 2409.1ms | energy=-61.531713 | feasible=True
  phi after:  [1.9294 1.9121]

[Sub-QUBO 2/7] 4 entities | weight=3.1200
  phi before: [1.9294 1.9121]
  residual capacity: [4.4367 4.4539]
  Solved in 2262.3ms | energy=-42.871467 | feasible=True
  phi after:  [3.4713 3.4902]

[Sub-QUBO 3/7] 4 entities | weight=2.0847
  phi before: [3.4713 3.4902]
  residual capacity: [2.8947 2.8759]
  Solved in 2224.5ms | energy=-29.857299 | feasible=True
  phi after:  [4.5213 4.525 ]

[Sub-QUBO 4/7] 4 entities | weight=1.6891
  phi before: [4.5213 4.525 ]
  residual capacity: [1.8448 1.8411]
  Solved in 2224.4ms | energy=-24.799081 | feasible=True
  phi after:  [5.3779 5.3575]

[Sub-QUBO 5/7] 4 entities | weight=1.2252
  phi before: [5.3779 5.3575]
  residual capacity: [0.9881 1.0086]
  Solved in 2240.7ms | energy=-21.695856 | feasible=True
  phi after:  [5.988  5.9725]

[Sub-QUBO 6/7] 4 entities | weight=0.7440
  phi before: [5.988  5.9725]
  residual capacity: [0.378  0.3935]
  Solved in 2243.7ms | energy=-20.296817 | feasible=True
  phi after:  [6.3357 6.3689]

[Sub-QUBO 7/7] 1 entities | weight=0.0276
  phi before: [6.3357 6.3689]
  residual capacity: [ 0.0304 -0.0028]
  Solved in 824.1ms | energy=-5.000916 | feasible=True
  phi after:  [6.3632 6.3689]

--- Run Complete ---
Final core loads: [6.3632 6.3689]
Load imbalance:   0.005661  (L_avg=6.3660)
Movable entities assigned: 25/25 | Fixed RT assignments: 0
Validating assembled global assignment...
Global assignment feasible: True
Global candidate energy:   -206.053149
Global brute-force skipped: None
