INITIATING QAOA SCHEDULING JOB
WORKLOAD:   15 processes on 2 cores
WEIGHTS:    6.207 total CPU load
QUBO CFG:   Penalty (P) = 5.0
QAOA CFG:   Layers (p) = 2 | Steps = 100 | η = 0.1 | Mixer = xy | Init γ/β = 0.5/0.5
----------------------------------------


--- Iterative Run Started at Sun Jul  5 15:27:19 2026 ---
Building Q_global...
QUBO Matrix completed in 0.0002s
Partitioning in Sub-QUBOs...
4 sub-QUBOs | sizes: [4, 4, 4, 3]
Starting Iterative Loop...

[Sub-QUBO 1/4] 4 entities | weight=2.8695
  phi before: [0. 0.]
  residual capacity: [3.1037 3.1037]
  Solved in 2392.5ms | energy=-33.692442 | feasible=True
  phi after:  [1.4717 1.3979]

[Sub-QUBO 2/4] 4 entities | weight=2.0178
  phi before: [1.4717 1.3979]
  residual capacity: [1.632  1.7058]
  Solved in 2337.5ms | energy=-24.701774 | feasible=True
  phi after:  [2.4567 2.4306]

[Sub-QUBO 3/4] 4 entities | weight=1.0230
  phi before: [2.4567 2.4306]
  residual capacity: [0.647  0.6731]
  Solved in 2288.0ms | energy=-20.827240 | feasible=True
  phi after:  [2.9431 2.9672]

[Sub-QUBO 4/4] 3 entities | weight=0.2971
  phi before: [2.9431 2.9672]
  residual capacity: [0.1606 0.1365]
  Solved in 1681.8ms | energy=-15.044209 | feasible=True
  phi after:  [3.0932 3.1142]

--- Run Complete ---
Final core loads: [3.0932 3.1142]
Load imbalance:   0.021070  (L_avg=3.1037)
Movable entities assigned: 15/15 | Fixed RT assignments: 0
Validating assembled global assignment...
Global assignment feasible: True
Global candidate energy:   -94.265665
Global optimum energy:     -94.265887
Globally optimal:          False
