
--- Iterative Run Started at Sun Jul  5 16:35:11 2026 ---
Building Q_global...
QUBO Matrix completed in 0.0008s
Partitioning in Sub-QUBOs...
10 sub-QUBOs | sizes: [4, 4, 4, 4, 4, 4, 4, 4, 4, 4]
Starting Iterative Loop...

[Sub-QUBO 1/10] 4 entities | weight=3.7665
  phi before: [0. 0.]
  residual capacity: [9.7473 9.7473]
  Solved in 2225.6ms | energy=-86.333068 | feasible=True
  phi after:  [1.8719 1.8946]

[Sub-QUBO 2/10] 4 entities | weight=3.4662
  phi before: [1.8719 1.8946]
  residual capacity: [7.8755 7.8527]
  Solved in 2344.7ms | energy=-68.509679 | feasible=True
  phi after:  [3.6141 3.6185]

[Sub-QUBO 3/10] 4 entities | weight=3.1267
  phi before: [3.6141 3.6185]
  residual capacity: [6.1332 6.1288]
  Solved in 2225.5ms | energy=-53.447016 | feasible=True
  phi after:  [5.2254 5.1339]

[Sub-QUBO 4/10] 4 entities | weight=2.7068
  phi before: [5.2254 5.1339]
  residual capacity: [4.522  4.6134]
  Solved in 2280.0ms | energy=-41.067239 | feasible=True
  phi after:  [6.5544 6.5116]

[Sub-QUBO 5/10] 4 entities | weight=2.0673
  phi before: [6.5544 6.5116]
  residual capacity: [3.1929 3.2357]
  Solved in 2269.0ms | energy=-31.153976 | feasible=True
  phi after:  [7.5628 7.5706]

[Sub-QUBO 6/10] 4 entities | weight=1.6725
  phi before: [7.5628 7.5706]
  residual capacity: [2.1846 2.1768]
  Solved in 2248.2ms | energy=-25.895680 | feasible=True
  phi after:  [8.4062 8.3997]

[Sub-QUBO 7/10] 4 entities | weight=1.3106
  phi before: [8.4062 8.3997]
  residual capacity: [1.3412 1.3477]
  Solved in 2250.9ms | energy=-22.664897 | feasible=True
  phi after:  [9.0476 9.0688]

[Sub-QUBO 8/10] 4 entities | weight=0.9365
  phi before: [9.0476 9.0688]
  residual capacity: [0.6998 0.6785]
  Solved in 2188.2ms | energy=-20.852439 | feasible=True
  phi after:  [9.5223 9.5307]

[Sub-QUBO 9/10] 4 entities | weight=0.3280
  phi before: [9.5223 9.5307]
  residual capacity: [0.2251 0.2167]
  Solved in 2305.5ms | energy=-20.090899 | feasible=True
  phi after:  [9.7012 9.6797]

[Sub-QUBO 10/10] 4 entities | weight=0.1137
  phi before: [9.7012 9.6797]
  residual capacity: [0.0461 0.0676]
  Solved in 2274.6ms | energy=-20.006701 | feasible=True
  phi after:  [9.7477 9.747 ]

--- Run Complete ---
Final core loads: [9.7477 9.747 ]
Load imbalance:   0.000735  (L_avg=9.7473)
Movable entities assigned: 40/40 | Fixed RT assignments: 0
Validating assembled global assignment...
Global assignment feasible: True
Global candidate energy:   -390.021595
Global brute-force skipped: None
