
--- Iterative Run Started at Sun Jul  5 17:18:42 2026 ---
Building Q_global...
QUBO Matrix completed in 0.0058s
Partitioning in Sub-QUBOs...
25 sub-QUBOs | sizes: [4, 4, 4, 4, 4, 4, 4, 4, 4, 4, 4, 4, 4, 4, 4, 4, 4, 4, 4, 4, 4, 4, 4, 4, 4]
Starting Iterative Loop...

[Sub-QUBO 1/25] 4 entities | weight=3.9310
  phi before: [0. 0.]
  residual capacity: [24.1941 24.1941]
  Solved in 2290.8ms | energy=-202.488997 | feasible=True
  phi after:  [1.9633 1.9677]

[Sub-QUBO 2/25] 4 entities | weight=3.6939
  phi before: [1.9633 1.9677]
  residual capacity: [22.2307 22.2264]
  Solved in 2261.6ms | energy=-177.399215 | feasible=True
  phi after:  [3.8122 3.8128]

[Sub-QUBO 3/25] 4 entities | weight=3.5378
  phi before: [3.8122 3.8128]
  residual capacity: [20.3819 20.3813]
  Solved in 2301.4ms | energy=-157.954675 | feasible=True
  phi after:  [5.5856 5.5772]

[Sub-QUBO 4/25] 4 entities | weight=3.4661
  phi before: [5.5856 5.5772]
  residual capacity: [18.6084 18.6169]
  Solved in 2220.2ms | energy=-143.020430 | feasible=True
  phi after:  [7.3069 7.3221]

[Sub-QUBO 5/25] 4 entities | weight=3.3127
  phi before: [7.3069 7.3221]
  residual capacity: [16.8872 16.872 ]
  Solved in 2245.0ms | energy=-126.346939 | feasible=True
  phi after:  [8.9732 8.9684]

[Sub-QUBO 6/25] 4 entities | weight=3.1167
  phi before: [8.9732 8.9684]
  residual capacity: [15.2209 15.2256]
  Solved in 2247.2ms | energy=-110.036841 | feasible=True
  phi after:  [10.5216 10.5368]

[Sub-QUBO 7/25] 4 entities | weight=2.7820
  phi before: [10.5216 10.5368]
  residual capacity: [13.6725 13.6573]
  Solved in 2361.0ms | energy=-92.161842 | feasible=True
  phi after:  [11.9351 11.9053]

[Sub-QUBO 8/25] 4 entities | weight=2.5815
  phi before: [11.9351 11.9053]
  residual capacity: [12.259  12.2888]
  Solved in 2206.7ms | energy=-80.038424 | feasible=True
  phi after:  [13.2147 13.2072]

[Sub-QUBO 9/25] 4 entities | weight=2.4890
  phi before: [13.2147 13.2072]
  residual capacity: [10.9794 10.9869]
  Solved in 2279.7ms | energy=-71.577307 | feasible=True
  phi after:  [14.4564 14.4545]

[Sub-QUBO 10/25] 4 entities | weight=2.3630
  phi before: [14.4564 14.4545]
  residual capacity: [9.7376 9.7396]
  Solved in 2253.5ms | energy=-63.231914 | feasible=True
  phi after:  [15.6312 15.6427]

[Sub-QUBO 11/25] 4 entities | weight=2.2232
  phi before: [15.6312 15.6427]
  residual capacity: [8.5629 8.5514]
  Solved in 2210.5ms | energy=-55.576530 | feasible=True
  phi after:  [16.7485 16.7485]

[Sub-QUBO 12/25] 4 entities | weight=2.0799
  phi before: [16.7485 16.7485]
  residual capacity: [7.4455 7.4456]
  Solved in 2229.9ms | energy=-48.809351 | feasible=True
  phi after:  [17.7775 17.7994]

[Sub-QUBO 13/25] 4 entities | weight=1.9771
  phi before: [17.7775 17.7994]
  residual capacity: [6.4165 6.3946]
  Solved in 2199.2ms | energy=-43.375079 | feasible=True
  phi after:  [18.779  18.7751]

[Sub-QUBO 14/25] 4 entities | weight=1.8193
  phi before: [18.779  18.7751]
  residual capacity: [5.4151 5.4189]
  Solved in 2253.7ms | energy=-38.055716 | feasible=True
  phi after:  [19.687  19.6864]

[Sub-QUBO 15/25] 4 entities | weight=1.5805
  phi before: [19.687  19.6864]
  residual capacity: [4.5071 4.5077]
  Solved in 2208.3ms | energy=-32.999027 | feasible=True
  phi after:  [20.4771 20.4768]

[Sub-QUBO 16/25] 4 entities | weight=1.4793
  phi before: [20.4771 20.4768]
  residual capacity: [3.7169 3.7173]
  Solved in 2221.8ms | energy=-29.903082 | feasible=True
  phi after:  [21.2147 21.2185]

[Sub-QUBO 17/25] 4 entities | weight=1.2487
  phi before: [21.2147 21.2185]
  residual capacity: [2.9794 2.9755]
  Solved in 2224.4ms | energy=-26.656073 | feasible=True
  phi after:  [21.8407 21.8411]

[Sub-QUBO 18/25] 4 entities | weight=1.1011
  phi before: [21.8407 21.8411]
  residual capacity: [2.3533 2.353 ]
  Solved in 2282.3ms | energy=-24.575689 | feasible=True
  phi after:  [22.3958 22.3871]

[Sub-QUBO 19/25] 4 entities | weight=0.9518
  phi before: [22.3958 22.3871]
  residual capacity: [1.7983 1.8069]
  Solved in 2313.6ms | energy=-22.978449 | feasible=True
  phi after:  [22.8685 22.8662]

[Sub-QUBO 20/25] 4 entities | weight=0.8234
  phi before: [22.8685 22.8662]
  residual capacity: [1.3256 1.3279]
  Solved in 2233.7ms | energy=-21.845803 | feasible=True
  phi after:  [23.2763 23.2818]

[Sub-QUBO 21/25] 4 entities | weight=0.6876
  phi before: [23.2763 23.2818]
  residual capacity: [0.9178 0.9123]
  Solved in 2309.2ms | energy=-21.021996 | feasible=True
  phi after:  [23.6231 23.6226]

[Sub-QUBO 22/25] 4 entities | weight=0.5781
  phi before: [23.6231 23.6226]
  residual capacity: [0.5709 0.5715]
  Solved in 2224.6ms | energy=-20.493237 | feasible=True
  phi after:  [23.9055 23.9182]

[Sub-QUBO 23/25] 4 entities | weight=0.3703
  phi before: [23.9055 23.9182]
  residual capacity: [0.2885 0.2758]
  Solved in 2258.0ms | energy=-20.140490 | feasible=True
  phi after:  [24.0937 24.1004]

[Sub-QUBO 24/25] 4 entities | weight=0.1480
  phi before: [24.0937 24.1004]
  residual capacity: [0.1003 0.0937]
  Solved in 2192.0ms | energy=-20.017776 | feasible=True
  phi after:  [24.1734 24.1688]

[Sub-QUBO 25/25] 4 entities | weight=0.0460
  phi before: [24.1734 24.1688]
  residual capacity: [0.0207 0.0253]
  Solved in 2298.3ms | energy=-20.001042 | feasible=True
  phi after:  [24.1904 24.1977]

--- Run Complete ---
Final core loads: [24.1904 24.1977]
Load imbalance:   0.007285  (L_avg=24.1941)
Movable entities assigned: 100/100 | Fixed RT assignments: 0
Validating assembled global assignment...
Global assignment feasible: True
Global candidate energy:   -1670.705924
Global brute-force skipped: None
