
--- Iterative Run Started at Sun Jul  5 17:14:22 2026 ---
Building Q_global...
QUBO Matrix completed in 0.0046s
Partitioning in Sub-QUBOs...
25 sub-QUBOs | sizes: [4, 4, 4, 4, 4, 4, 4, 4, 4, 4, 4, 4, 4, 4, 4, 4, 4, 4, 4, 4, 4, 4, 4, 4, 4]
Starting Iterative Loop...

[Sub-QUBO 1/25] 4 entities | weight=3.8736
  phi before: [0. 0.]
  residual capacity: [25.4287 25.4287]
  Solved in 2239.1ms | energy=-209.499151 | feasible=True
  phi after:  [1.9378 1.9358]

[Sub-QUBO 2/25] 4 entities | weight=3.7005
  phi before: [1.9378 1.9358]
  residual capacity: [23.4909 23.4929]
  Solved in 2249.6ms | energy=-187.017552 | feasible=True
  phi after:  [3.7858 3.7883]

[Sub-QUBO 3/25] 4 entities | weight=3.4592
  phi before: [3.7858 3.7883]
  residual capacity: [21.6429 21.6404]
  Solved in 2220.0ms | energy=-163.740898 | feasible=True
  phi after:  [5.5156 5.5177]

[Sub-QUBO 4/25] 4 entities | weight=3.3492
  phi before: [5.5156 5.5177]
  residual capacity: [19.9131 19.911 ]
  Solved in 2344.6ms | energy=-147.769933 | feasible=True
  phi after:  [7.1949 7.1876]

[Sub-QUBO 5/25] 4 entities | weight=3.1515
  phi before: [7.1949 7.1876]
  residual capacity: [18.2338 18.2411]
  Solved in 2245.2ms | energy=-129.984738 | feasible=True
  phi after:  [8.7695 8.7645]

[Sub-QUBO 6/25] 4 entities | weight=2.9995
  phi before: [8.7695 8.7645]
  residual capacity: [16.6592 16.6642]
  Solved in 2273.9ms | energy=-115.456429 | feasible=True
  phi after:  [10.2686 10.265 ]

[Sub-QUBO 7/25] 4 entities | weight=2.9027
  phi before: [10.2686 10.265 ]
  residual capacity: [15.1601 15.1637]
  Solved in 2246.9ms | energy=-103.808862 | feasible=True
  phi after:  [11.7145 11.7217]

[Sub-QUBO 8/25] 4 entities | weight=2.8076
  phi before: [11.7145 11.7217]
  residual capacity: [13.7141 13.707 ]
  Solved in 2224.8ms | energy=-93.045439 | feasible=True
  phi after:  [13.1199 13.1239]

[Sub-QUBO 9/25] 4 entities | weight=2.7013
  phi before: [13.1199 13.1239]
  residual capacity: [12.3088 12.3048]
  Solved in 2245.7ms | energy=-82.841068 | feasible=True
  phi after:  [14.4723 14.4729]

[Sub-QUBO 10/25] 4 entities | weight=2.5968
  phi before: [14.4723 14.4729]
  residual capacity: [10.9564 10.9558]
  Solved in 2246.9ms | energy=-73.529647 | feasible=True
  phi after:  [15.7785 15.7635]

[Sub-QUBO 11/25] 4 entities | weight=2.4332
  phi before: [15.7785 15.7635]
  residual capacity: [9.6502 9.6652]
  Solved in 2306.1ms | energy=-64.037909 | feasible=True
  phi after:  [16.9919 16.9833]

[Sub-QUBO 12/25] 4 entities | weight=2.3211
  phi before: [16.9919 16.9833]
  residual capacity: [8.4368 8.4454]
  Solved in 2251.0ms | energy=-56.491661 | feasible=True
  phi after:  [18.1456 18.1506]

[Sub-QUBO 13/25] 4 entities | weight=2.1846
  phi before: [18.1456 18.1506]
  residual capacity: [7.2831 7.2781]
  Solved in 2279.4ms | energy=-49.423737 | feasible=True
  phi after:  [19.2454 19.2355]

[Sub-QUBO 14/25] 4 entities | weight=1.9845
  phi before: [19.2454 19.2355]
  residual capacity: [6.1833 6.1932]
  Solved in 2315.8ms | energy=-42.591778 | feasible=True
  phi after:  [20.2334 20.2319]

[Sub-QUBO 15/25] 4 entities | weight=1.8141
  phi before: [20.2334 20.2319]
  residual capacity: [5.1953 5.1968]
  Solved in 2345.4ms | energy=-37.206961 | feasible=True
  phi after:  [21.1378 21.1416]

[Sub-QUBO 16/25] 4 entities | weight=1.6134
  phi before: [21.1378 21.1416]
  residual capacity: [4.2909 4.2871]
  Solved in 2258.7ms | energy=-32.537839 | feasible=True
  phi after:  [21.9576 21.9352]

[Sub-QUBO 17/25] 4 entities | weight=1.4258
  phi before: [21.9576 21.9352]
  residual capacity: [3.4711 3.4935]
  Solved in 2276.4ms | energy=-28.913555 | feasible=True
  phi after:  [22.6459 22.6727]

[Sub-QUBO 18/25] 4 entities | weight=1.1860
  phi before: [22.6459 22.6727]
  residual capacity: [2.7828 2.756 ]
  Solved in 2248.5ms | energy=-25.866014 | feasible=True
  phi after:  [23.241  23.2636]

[Sub-QUBO 19/25] 4 entities | weight=1.0884
  phi before: [23.241  23.2636]
  residual capacity: [2.1877 2.1651]
  Solved in 2260.9ms | energy=-24.145342 | feasible=True
  phi after:  [23.8006 23.7924]

[Sub-QUBO 20/25] 4 entities | weight=0.8535
  phi before: [23.8006 23.7924]
  residual capacity: [1.6281 1.6363]
  Solved in 2314.8ms | energy=-22.421864 | feasible=True
  phi after:  [24.2216 24.2248]

[Sub-QUBO 21/25] 4 entities | weight=0.7941
  phi before: [24.2216 24.2248]
  residual capacity: [1.207  1.2039]
  Solved in 2232.7ms | energy=-21.599216 | feasible=True
  phi after:  [24.621  24.6196]

[Sub-QUBO 22/25] 4 entities | weight=0.6553
  phi before: [24.621  24.6196]
  residual capacity: [0.8077 0.8091]
  Solved in 2251.7ms | energy=-20.844855 | feasible=True
  phi after:  [24.9476 24.9483]

[Sub-QUBO 23/25] 4 entities | weight=0.4682
  phi before: [24.9476 24.9483]
  residual capacity: [0.4811 0.4804]
  Solved in 2299.7ms | energy=-20.340502 | feasible=True
  phi after:  [25.1867 25.1774]

[Sub-QUBO 24/25] 4 entities | weight=0.3555
  phi before: [25.1867 25.1774]
  residual capacity: [0.242  0.2513]
  Solved in 2246.3ms | energy=-20.112224 | feasible=True
  phi after:  [25.3572 25.3624]

[Sub-QUBO 25/25] 4 entities | weight=0.1378
  phi before: [25.3572 25.3624]
  residual capacity: [0.0715 0.0663]
  Solved in 2314.4ms | energy=-20.009279 | feasible=True
  phi after:  [25.4394 25.418 ]

--- Run Complete ---
Final core loads: [25.4394 25.418 ]
Load imbalance:   0.021474  (L_avg=25.4287)
Movable entities assigned: 100/100 | Fixed RT assignments: 0
Validating assembled global assignment...
Global assignment feasible: True
Global candidate energy:   -1793.236451
Global brute-force skipped: None
