INITIATING QAOA SCHEDULING JOB
WORKLOAD:   4 processes on 2 cores
WEIGHTS:    2.000 total CPU load
QUBO CFG:   Penalty (P) = 5.0
QAOA CFG:   Layers (p) = 1 | Steps = 50 | η = 0.05 | Mixer = xy | Init γ/β = 0.5/0.5
----------------------------------------


--- Iterative Run Started at Thu May 21 16:52:55 2026 ---
Building Q_global...
QUBO Matrix completed in 0.0000s
Partitioning in Sub-QUBOs...
2 sub-QUBOs | sizes: [3, 1]
Starting Iterative Loop...

[Sub-QUBO 1/2] 3 entities | weight=1.5000
  phi before: [0. 0.]
  residual capacity: [1. 1.]
  Solved in 552.8ms | energy=-16.750000 | feasible=True
  phi after:  [1.  0.5]

[Sub-QUBO 2/2] 1 entities | weight=0.5000
  phi before: [1.  0.5]
  residual capacity: [0.  0.5]
  Solved in 356.5ms | energy=-5.250000 | feasible=True
  phi after:  [1. 1.]

--- Run Complete ---
Final core loads: [1. 1.]
Load imbalance:   0.000000  (L_avg=1.0000)
Movable entities assigned: 4/4 | Fixed RT assignments: 0
Validating assembled global assignment...
Global assignment feasible: True
Global candidate energy:   -22.000000
Global optimum energy:     -22.000000
Globally optimal:          True
