INITIATING QAOA SCHEDULING JOB
WORKLOAD:   3 processes on 2 cores
WEIGHTS:    1.000 total CPU load
QUBO CFG:   Penalty (P) = 5.0
QAOA CFG:   Layers (p) = 2 | Steps = 100 | η = 0.1 | Mixer = xy | Init γ/β = 0.5/0.5
----------------------------------------


--- Iterative Run Started at Sat Jun 27 19:08:51 2026 ---
Building Q_global...
QUBO Matrix completed in 0.0000s
Partitioning in Sub-QUBOs...
1 sub-QUBOs | sizes: [3]
Starting Iterative Loop...

[Sub-QUBO 1/1] 3 entities | weight=1.0000
  phi before: [0. 0.]
  residual capacity: [0.5 0.5]
  Solved in 1324.1ms | energy=-15.444444 | feasible=True
  phi after:  [0.3333 0.6667]

--- Run Complete ---
Final core loads: [0.3333 0.6667]
Load imbalance:   0.333333  (L_avg=0.5000)
Movable entities assigned: 3/3 | Fixed RT assignments: 0
Validating assembled global assignment...
Global assignment feasible: True
Global candidate energy:   -15.444444
Global optimum energy:     -15.444444
Globally optimal:          True
