INITIATING QAOA SCHEDULING JOB
WORKLOAD:   5 processes on 2 cores
WEIGHTS:    1.000 total CPU load
QUBO CFG:   Penalty (P) = 5.0
QAOA CFG:   Layers (p) = 2 | Steps = 100 | η = 0.1 | Mixer = xy | Init γ/β = 0.5/0.5
----------------------------------------


--- Iterative Run Started at Sat Jun 27 19:09:53 2026 ---
Building Q_global...
QUBO Matrix completed in 0.0000s
Partitioning in Sub-QUBOs...
2 sub-QUBOs | sizes: [3, 2]
Starting Iterative Loop...

[Sub-QUBO 1/2] 3 entities | weight=0.6000
  phi before: [0. 0.]
  residual capacity: [0.5 0.5]
  Solved in 1612.5ms | energy=-15.240000 | feasible=True
  phi after:  [0.  0.6]

[Sub-QUBO 2/2] 2 entities | weight=0.4000
  phi before: [0.  0.6]
  residual capacity: [ 0.5 -0.1]
  Solved in 1172.1ms | energy=-10.240000 | feasible=True
  phi after:  [0.4 0.6]

--- Run Complete ---
Final core loads: [0.4 0.6]
Load imbalance:   0.200000  (L_avg=0.5000)
Movable entities assigned: 5/5 | Fixed RT assignments: 0
Validating assembled global assignment...
Global assignment feasible: True
Global candidate energy:   -25.480000
Global optimum energy:     -25.480000
Globally optimal:          True
