INITIATING QAOA SCHEDULING JOB
WORKLOAD:   4 processes on 2 cores
WEIGHTS:    1.000 total CPU load
QUBO CFG:   Penalty (P) = 5.0
QAOA CFG:   Layers (p) = 2 | Steps = 100 | η = 0.1 | Mixer = xy | Init γ/β = 0.5/0.5
----------------------------------------


--- Iterative Run Started at Sat Jun 27 19:09:05 2026 ---
Building Q_global...
QUBO Matrix completed in 0.0000s
Partitioning in Sub-QUBOs...
2 sub-QUBOs | sizes: [3, 1]
Starting Iterative Loop...

[Sub-QUBO 1/2] 3 entities | weight=0.7500
  phi before: [0. 0.]
  residual capacity: [0.5 0.5]
  Solved in 1621.2ms | energy=-15.187500 | feasible=True
  phi after:  [0.   0.75]

[Sub-QUBO 2/2] 1 entities | weight=0.2500
  phi before: [0.   0.75]
  residual capacity: [ 0.5  -0.25]
  Solved in 813.7ms | energy=-5.187500 | feasible=True
  phi after:  [0.25 0.75]

--- Run Complete ---
Final core loads: [0.25 0.75]
Load imbalance:   0.500000  (L_avg=0.5000)
Movable entities assigned: 4/4 | Fixed RT assignments: 0
Validating assembled global assignment...
Global assignment feasible: True
Global candidate energy:   -20.375000
Global optimum energy:     -20.500000
Globally optimal:          False
