INITIATING QAOA SCHEDULING JOB
WORKLOAD:   10 processes on 2 cores
WEIGHTS:    1.000 total CPU load
QUBO CFG:   Penalty (P) = 5.0
QAOA CFG:   Layers (p) = 2 | Steps = 100 | η = 0.1 | Mixer = xy | Init γ/β = 0.5/0.5
----------------------------------------


--- Iterative Run Started at Sat Jun 27 19:15:28 2026 ---
Building Q_global...
QUBO Matrix completed in 0.0001s
Partitioning in Sub-QUBOs...
4 sub-QUBOs | sizes: [3, 3, 3, 1]
Starting Iterative Loop...

[Sub-QUBO 1/4] 3 entities | weight=0.3000
  phi before: [0. 0.]
  residual capacity: [0.5 0.5]
  Solved in 1798.5ms | energy=-15.210000 | feasible=True
  phi after:  [0.  0.3]

[Sub-QUBO 2/4] 3 entities | weight=0.3000
  phi before: [0.  0.3]
  residual capacity: [0.5 0.2]
  Solved in 1551.1ms | energy=-15.210000 | feasible=True
  phi after:  [0.3 0.3]

[Sub-QUBO 3/4] 3 entities | weight=0.3000
  phi before: [0.3 0.3]
  residual capacity: [0.2 0.2]
  Solved in 1544.7ms | energy=-15.030000 | feasible=True
  phi after:  [0.3 0.6]

[Sub-QUBO 4/4] 1 entities | weight=0.1000
  phi before: [0.3 0.6]
  residual capacity: [ 0.2 -0.1]
  Solved in 678.3ms | energy=-5.030000 | feasible=True
  phi after:  [0.4 0.6]

--- Run Complete ---
Final core loads: [0.4 0.6]
Load imbalance:   0.200000  (L_avg=0.5000)
Movable entities assigned: 10/10 | Fixed RT assignments: 0
Validating assembled global assignment...
Global assignment feasible: True
Global candidate energy:   -50.480000
Global optimum energy:     -50.500000
Globally optimal:          False
