
--- Iterative Run Started at Tue Jul  7 17:39:51 2026 ---
Building Q_global...
QUBO Matrix completed in 0.1449s
Partitioning in Sub-QUBOs...
125 sub-QUBOs | sizes: [4, 4, 4, 4, 4, 4, 4, 4, 4, 4, 4, 4, 4, 4, 4, 4, 4, 4, 4, 4, 4, 4, 4, 4, 4, 4, 4, 4, 4, 4, 4, 4, 4, 4, 4, 4, 4, 4, 4, 4, 4, 4, 4, 4, 4, 4, 4, 4, 4, 4, 4, 4, 4, 4, 4, 4, 4, 4, 4, 4, 4, 4, 4, 4, 4, 4, 4, 4, 4, 4, 4, 4, 4, 4, 4, 4, 4, 4, 4, 4, 4, 4, 4, 4, 4, 4, 4, 4, 4, 4, 4, 4, 4, 4, 4, 4, 4, 4, 4, 4, 4, 4, 4, 4, 4, 4, 4, 4, 4, 4, 4, 4, 4, 4, 4, 4, 4, 4, 4, 4, 4, 4, 4, 4, 4]
Starting Iterative Loop...

[Sub-QUBO 1/125] 4 entities | weight=3.9842
  phi before: [0. 0.]
  residual capacity: [132.69 132.69]
  Solved in 1777.6ms | energy=-1069.398931 | feasible=True
  phi after:  [1.9921 1.9921]

[Sub-QUBO 2/125] 4 entities | weight=3.9655
  phi before: [1.9921 1.9921]
  residual capacity: [130.6979 130.6979]
  Solved in 1850.4ms | energy=-1048.699705 | feasible=True
  phi after:  [3.9748 3.9749]

[Sub-QUBO 3/125] 4 entities | weight=3.9329
  phi before: [3.9748 3.9749]
  residual capacity: [128.7151 128.7151]
  Solved in 1771.4ms | energy=-1024.707383 | feasible=True
  phi after:  [5.9424 5.9402]

[Sub-QUBO 4/125] 4 entities | weight=3.9222
  phi before: [5.9424 5.9402]
  residual capacity: [126.7475 126.7498]
  Solved in 1926.9ms | energy=-1006.582386 | feasible=True
  phi after:  [7.9026 7.9022]

[Sub-QUBO 5/125] 4 entities | weight=3.9042
  phi before: [7.9026 7.9022]
  residual capacity: [124.7873 124.7878]
  Solved in 1740.6ms | energy=-986.781114 | feasible=True
  phi after:  [9.8546 9.8544]

[Sub-QUBO 6/125] 4 entities | weight=3.8785
  phi before: [9.8546 9.8544]
  residual capacity: [122.8354 122.8356]
  Solved in 1831.7ms | energy=-965.302264 | feasible=True
  phi after:  [11.7933 11.7942]

[Sub-QUBO 7/125] 4 entities | weight=3.8429
  phi before: [11.7933 11.7942]
  residual capacity: [120.8967 120.8958]
  Solved in 1770.0ms | energy=-941.808283 | feasible=True
  phi after:  [13.7154 13.715 ]

[Sub-QUBO 8/125] 4 entities | weight=3.8192
  phi before: [13.7154 13.715 ]
  residual capacity: [118.9746 118.975 ]
  Solved in 1781.6ms | energy=-921.472840 | feasible=True
  phi after:  [15.6228 15.6268]

[Sub-QUBO 9/125] 4 entities | weight=3.7746
  phi before: [15.6228 15.6268]
  residual capacity: [117.0672 117.0632]
  Solved in 1839.9ms | energy=-896.628620 | feasible=True
  phi after:  [17.5116 17.5126]

[Sub-QUBO 10/125] 4 entities | weight=3.7436
  phi before: [17.5116 17.5126]
  residual capacity: [115.1784 115.1774]
  Solved in 1610.1ms | energy=-875.349626 | feasible=True
  phi after:  [19.3836 19.3843]

[Sub-QUBO 11/125] 4 entities | weight=3.7260
  phi before: [19.3836 19.3843]
  residual capacity: [113.3064 113.3057]
  Solved in 1686.4ms | energy=-857.404293 | feasible=True
  phi after:  [21.2466 21.2471]

[Sub-QUBO 12/125] 4 entities | weight=3.7040
  phi before: [21.2466 21.2471]
  residual capacity: [111.4434 111.4429]
  Solved in 1597.1ms | energy=-838.719170 | feasible=True
  phi after:  [23.0995 23.0983]

[Sub-QUBO 13/125] 4 entities | weight=3.6664
  phi before: [23.0995 23.0983]
  residual capacity: [109.5905 109.5917]
  Solved in 1615.0ms | energy=-816.884522 | feasible=True
  phi after:  [24.9287 24.9355]

[Sub-QUBO 14/125] 4 entities | weight=3.6486
  phi before: [24.9287 24.9355]
  residual capacity: [107.7613 107.7545]
  Solved in 1642.7ms | energy=-799.676383 | feasible=True
  phi after:  [26.7544 26.7584]

[Sub-QUBO 15/125] 4 entities | weight=3.6067
  phi before: [26.7544 26.7584]
  residual capacity: [105.9356 105.9316]
  Solved in 1801.7ms | energy=-777.635606 | feasible=True
  phi after:  [28.5612 28.5583]

[Sub-QUBO 16/125] 4 entities | weight=3.5644
  phi before: [28.5612 28.5583]
  residual capacity: [104.1288 104.1317]
  Solved in 1918.2ms | energy=-755.976625 | feasible=True
  phi after:  [30.3414 30.3426]

[Sub-QUBO 17/125] 4 entities | weight=3.5413
  phi before: [30.3414 30.3426]
  residual capacity: [102.3486 102.3474]
  Solved in 1756.6ms | energy=-738.626664 | feasible=True
  phi after:  [32.1129 32.1123]

[Sub-QUBO 18/125] 4 entities | weight=3.5110
  phi before: [32.1129 32.1123]
  residual capacity: [100.5771 100.5776]
  Solved in 1802.1ms | energy=-720.099454 | feasible=True
  phi after:  [33.8674 33.8689]

[Sub-QUBO 19/125] 4 entities | weight=3.4709
  phi before: [33.8674 33.8689]
  residual capacity: [98.8226 98.8211]
  Solved in 1907.9ms | energy=-699.985977 | feasible=True
  phi after:  [35.6047 35.6026]

[Sub-QUBO 20/125] 4 entities | weight=3.4529
  phi before: [35.6047 35.6026]
  residual capacity: [97.0853 97.0874]
  Solved in 1788.7ms | energy=-684.495786 | feasible=True
  phi after:  [37.3307 37.3294]

[Sub-QUBO 21/125] 4 entities | weight=3.4220
  phi before: [37.3307 37.3294]
  residual capacity: [95.3593 95.3606]
  Solved in 1821.1ms | energy=-666.794688 | feasible=True
  phi after:  [39.0402 39.042 ]

[Sub-QUBO 22/125] 4 entities | weight=3.3792
  phi before: [39.0402 39.042 ]
  residual capacity: [93.6498 93.648 ]
  Solved in 1740.0ms | energy=-647.208703 | feasible=True
  phi after:  [40.7315 40.7299]

[Sub-QUBO 23/125] 4 entities | weight=3.3565
  phi before: [40.7315 40.7299]
  residual capacity: [91.9585 91.9601]
  Solved in 1755.9ms | energy=-631.686814 | feasible=True
  phi after:  [42.4096 42.4082]

[Sub-QUBO 24/125] 4 entities | weight=3.3281
  phi before: [42.4096 42.4082]
  residual capacity: [90.2804 90.2818]
  Solved in 2104.9ms | energy=-615.396156 | feasible=True
  phi after:  [44.073 44.073]

[Sub-QUBO 25/125] 4 entities | weight=3.2965
  phi before: [44.073 44.073]
  residual capacity: [88.617 88.617]
  Solved in 1875.8ms | energy=-598.826719 | feasible=True
  phi after:  [45.7217 45.7208]

[Sub-QUBO 26/125] 4 entities | weight=3.2890
  phi before: [45.7217 45.7208]
  residual capacity: [86.9683 86.9692]
  Solved in 1987.7ms | energy=-586.673132 | feasible=True
  phi after:  [47.3657 47.3659]

[Sub-QUBO 27/125] 4 entities | weight=3.2763
  phi before: [47.3657 47.3659]
  residual capacity: [85.3243 85.3241]
  Solved in 2168.4ms | energy=-573.729157 | feasible=True
  phi after:  [49.0049 49.003 ]

[Sub-QUBO 28/125] 4 entities | weight=3.2556
  phi before: [49.0049 49.003 ]
  residual capacity: [83.6851 83.687 ]
  Solved in 2067.2ms | energy=-559.590540 | feasible=True
  phi after:  [50.6317 50.6317]

[Sub-QUBO 29/125] 4 entities | weight=3.2321
  phi before: [50.6317 50.6317]
  residual capacity: [82.0583 82.0583]
  Solved in 2208.1ms | energy=-545.212114 | feasible=True
  phi after:  [52.2495 52.2459]

[Sub-QUBO 30/125] 4 entities | weight=3.1931
  phi before: [52.2495 52.2459]
  residual capacity: [80.4405 80.4441]
  Solved in 2286.5ms | energy=-528.618793 | feasible=True
  phi after:  [53.8451 53.8435]

[Sub-QUBO 31/125] 4 entities | weight=3.1569
  phi before: [53.8451 53.8435]
  residual capacity: [78.8449 78.8465]
  Solved in 2817.4ms | energy=-512.835145 | feasible=True
  phi after:  [55.4231 55.4224]

[Sub-QUBO 32/125] 4 entities | weight=3.1323
  phi before: [55.4231 55.4224]
  residual capacity: [77.2669 77.2676]
  Solved in 3300.0ms | energy=-499.146316 | feasible=True
  phi after:  [56.9884 56.9894]

[Sub-QUBO 33/125] 4 entities | weight=3.0991
  phi before: [56.9884 56.9894]
  residual capacity: [75.7016 75.7006]
  Solved in 2699.4ms | energy=-484.415671 | feasible=True
  phi after:  [58.5386 58.5383]

[Sub-QUBO 34/125] 4 entities | weight=3.0520
  phi before: [58.5386 58.5383]
  residual capacity: [74.1514 74.1517]
  Solved in 2401.7ms | energy=-467.964614 | feasible=True
  phi after:  [60.0642 60.0647]

[Sub-QUBO 35/125] 4 entities | weight=3.0218
  phi before: [60.0642 60.0647]
  residual capacity: [72.6258 72.6253]
  Solved in 2218.5ms | energy=-454.357129 | feasible=True
  phi after:  [61.5754 61.5754]

[Sub-QUBO 36/125] 4 entities | weight=2.9896
  phi before: [61.5754 61.5754]
  residual capacity: [71.1146 71.1146]
  Solved in 3199.1ms | energy=-440.740946 | feasible=True
  phi after:  [63.0718 63.0685]

[Sub-QUBO 37/125] 4 entities | weight=2.9435
  phi before: [63.0718 63.0685]
  residual capacity: [69.6182 69.6215]
  Solved in 2635.1ms | energy=-425.516097 | feasible=True
  phi after:  [64.5392 64.5446]

[Sub-QUBO 38/125] 4 entities | weight=2.9143
  phi before: [64.5392 64.5446]
  residual capacity: [68.1508 68.1454]
  Solved in 2057.6ms | energy=-412.960069 | feasible=True
  phi after:  [65.9984 65.9998]

[Sub-QUBO 39/125] 4 entities | weight=2.8923
  phi before: [65.9984 65.9998]
  residual capacity: [66.6916 66.6902]
  Solved in 2034.8ms | energy=-401.603748 | feasible=True
  phi after:  [67.4456 67.4449]

[Sub-QUBO 40/125] 4 entities | weight=2.8638
  phi before: [67.4456 67.4449]
  residual capacity: [65.2444 65.2451]
  Solved in 1961.2ms | energy=-389.595236 | feasible=True
  phi after:  [68.877  68.8773]

[Sub-QUBO 41/125] 4 entities | weight=2.8472
  phi before: [68.877  68.8773]
  residual capacity: [63.813  63.8127]
  Solved in 1822.9ms | energy=-379.328140 | feasible=True
  phi after:  [70.3011 70.3004]

[Sub-QUBO 42/125] 4 entities | weight=2.8257
  phi before: [70.3011 70.3004]
  residual capacity: [62.3889 62.3896]
  Solved in 1817.2ms | energy=-368.598681 | feasible=True
  phi after:  [71.7133 71.7139]

[Sub-QUBO 43/125] 4 entities | weight=2.7896
  phi before: [71.7133 71.7139]
  residual capacity: [60.9767 60.9761]
  Solved in 1936.8ms | energy=-356.314300 | feasible=True
  phi after:  [73.1106 73.1063]

[Sub-QUBO 44/125] 4 entities | weight=2.7690
  phi before: [73.1106 73.1063]
  residual capacity: [59.5794 59.5837]
  Solved in 1903.6ms | energy=-346.129476 | feasible=True
  phi after:  [74.493  74.4929]

[Sub-QUBO 45/125] 4 entities | weight=2.7281
  phi before: [74.493  74.4929]
  residual capacity: [58.197  58.1971]
  Solved in 1972.8ms | energy=-333.810871 | feasible=True
  phi after:  [75.8564 75.8576]

[Sub-QUBO 46/125] 4 entities | weight=2.6968
  phi before: [75.8564 75.8576]
  residual capacity: [56.8336 56.8324]
  Solved in 1950.5ms | energy=-322.901014 | feasible=True
  phi after:  [77.2059 77.2049]

[Sub-QUBO 47/125] 4 entities | weight=2.6857
  phi before: [77.2059 77.2049]
  residual capacity: [55.4841 55.4851]
  Solved in 1945.7ms | energy=-314.420488 | feasible=True
  phi after:  [78.5484 78.5481]

[Sub-QUBO 48/125] 4 entities | weight=2.6457
  phi before: [78.5484 78.5481]
  residual capacity: [54.1416 54.1419]
  Solved in 2065.5ms | energy=-302.984416 | feasible=True
  phi after:  [79.8711 79.8711]

[Sub-QUBO 49/125] 4 entities | weight=2.5874
  phi before: [79.8711 79.8711]
  residual capacity: [52.8189 52.8189]
  Solved in 2202.8ms | energy=-289.979820 | feasible=True
  phi after:  [81.1652 81.1643]

[Sub-QUBO 50/125] 4 entities | weight=2.5447
  phi before: [81.1652 81.1643]
  residual capacity: [51.5248 51.5257]
  Solved in 2560.0ms | energy=-278.998298 | feasible=True
  phi after:  [82.4367 82.4376]

[Sub-QUBO 51/125] 4 entities | weight=2.5120
  phi before: [82.4367 82.4376]
  residual capacity: [50.2533 50.2524]
  Solved in 2922.1ms | energy=-269.319815 | feasible=True
  phi after:  [83.6932 83.6932]

[Sub-QUBO 52/125] 4 entities | weight=2.4827
  phi before: [83.6932 83.6932]
  residual capacity: [48.9968 48.9968]
  Solved in 1877.7ms | energy=-260.205789 | feasible=True
  phi after:  [84.9366 84.9325]

[Sub-QUBO 53/125] 4 entities | weight=2.4523
  phi before: [84.9366 84.9325]
  residual capacity: [47.7534 47.7575]
  Solved in 2253.9ms | energy=-251.210436 | feasible=True
  phi after:  [86.1602 86.1611]

[Sub-QUBO 54/125] 4 entities | weight=2.4270
  phi before: [86.1602 86.1611]
  residual capacity: [46.5297 46.5289]
  Solved in 2053.1ms | energy=-242.906070 | feasible=True
  phi after:  [87.3739 87.3744]

[Sub-QUBO 55/125] 4 entities | weight=2.3824
  phi before: [87.3739 87.3744]
  residual capacity: [45.3161 45.3156]
  Solved in 2249.4ms | energy=-233.080085 | feasible=True
  phi after:  [88.568  88.5626]

[Sub-QUBO 56/125] 4 entities | weight=2.3546
  phi before: [88.568  88.5626]
  residual capacity: [44.122  44.1274]
  Solved in 2089.9ms | energy=-225.018924 | feasible=True
  phi after:  [89.7428 89.7424]

[Sub-QUBO 57/125] 4 entities | weight=2.3429
  phi before: [89.7428 89.7424]
  residual capacity: [42.9472 42.9476]
  Solved in 2155.4ms | energy=-218.497047 | feasible=True
  phi after:  [90.9141 90.914 ]

[Sub-QUBO 58/125] 4 entities | weight=2.3224
  phi before: [90.9141 90.914 ]
  residual capacity: [41.7759 41.776 ]
  Solved in 2742.2ms | energy=-211.342567 | feasible=True
  phi after:  [92.0744 92.0761]

[Sub-QUBO 59/125] 4 entities | weight=2.3101
  phi before: [92.0744 92.0761]
  residual capacity: [40.6156 40.6139]
  Solved in 2858.9ms | energy=-204.982293 | feasible=True
  phi after:  [93.2304 93.2302]

[Sub-QUBO 60/125] 4 entities | weight=2.2962
  phi before: [93.2304 93.2302]
  residual capacity: [39.4596 39.4598]
  Solved in 2626.8ms | energy=-198.577350 | feasible=True
  phi after:  [94.3777 94.3792]

[Sub-QUBO 61/125] 4 entities | weight=2.2769
  phi before: [94.3777 94.3792]
  residual capacity: [38.3123 38.3108]
  Solved in 1906.0ms | energy=-191.869700 | feasible=True
  phi after:  [95.5174 95.5163]

[Sub-QUBO 62/125] 4 entities | weight=2.2515
  phi before: [95.5174 95.5163]
  residual capacity: [37.1726 37.1737]
  Solved in 2042.2ms | energy=-184.853027 | feasible=True
  phi after:  [96.6422 96.643 ]

[Sub-QUBO 63/125] 4 entities | weight=2.2333
  phi before: [96.6422 96.643 ]
  residual capacity: [36.0478 36.047 ]
  Solved in 3251.3ms | energy=-178.518243 | feasible=True
  phi after:  [97.7595 97.759 ]

[Sub-QUBO 64/125] 4 entities | weight=2.2035
  phi before: [97.7595 97.759 ]
  residual capacity: [34.9305 34.931 ]
  Solved in 2180.5ms | energy=-171.511828 | feasible=True
  phi after:  [98.8593 98.8627]

[Sub-QUBO 65/125] 4 entities | weight=2.1654
  phi before: [98.8593 98.8627]
  residual capacity: [33.8307 33.8273]
  Solved in 3084.6ms | energy=-164.164175 | feasible=True
  phi after:  [99.9444 99.943 ]

[Sub-QUBO 66/125] 4 entities | weight=2.1286
  phi before: [99.9444 99.943 ]
  residual capacity: [32.7456 32.7469]
  Solved in 3355.7ms | energy=-157.141246 | feasible=True
  phi after:  [101.0077 101.0083]

[Sub-QUBO 67/125] 4 entities | weight=2.1075
  phi before: [101.0077 101.0083]
  residual capacity: [31.6823 31.6817]
  Solved in 3608.8ms | energy=-151.317544 | feasible=True
  phi after:  [102.0616 102.0619]

[Sub-QUBO 68/125] 4 entities | weight=2.0761
  phi before: [102.0616 102.0619]
  residual capacity: [30.6284 30.6281]
  Solved in 2766.9ms | energy=-145.016681 | feasible=True
  phi after:  [103.1014 103.0981]

[Sub-QUBO 69/125] 4 entities | weight=2.0363
  phi before: [103.1014 103.0981]
  residual capacity: [29.5886 29.5919]
  Solved in 2725.6ms | energy=-138.437204 | feasible=True
  phi after:  [104.1181 104.1177]

[Sub-QUBO 70/125] 4 entities | weight=2.0010
  phi before: [104.1181 104.1177]
  residual capacity: [28.5719 28.5723]
  Solved in 2879.5ms | energy=-132.341663 | feasible=True
  phi after:  [105.118  105.1188]

[Sub-QUBO 71/125] 4 entities | weight=1.9608
  phi before: [105.118  105.1188]
  residual capacity: [27.572  27.5712]
  Solved in 3166.8ms | energy=-126.201686 | feasible=True
  phi after:  [106.1011 106.0965]

[Sub-QUBO 72/125] 4 entities | weight=1.9371
  phi before: [106.1011 106.0965]
  residual capacity: [26.5889 26.5935]
  Solved in 5003.2ms | energy=-121.144949 | feasible=True
  phi after:  [107.0679 107.0669]

[Sub-QUBO 73/125] 4 entities | weight=1.9089
  phi before: [107.0679 107.0669]
  residual capacity: [25.6221 25.6231]
  Solved in 4603.8ms | energy=-115.999627 | feasible=True
  phi after:  [108.0206 108.023 ]

[Sub-QUBO 74/125] 4 entities | weight=1.8779
  phi before: [108.0206 108.023 ]
  residual capacity: [24.6694 24.667 ]
  Solved in 3205.5ms | energy=-110.885327 | feasible=True
  phi after:  [108.9597 108.9618]

[Sub-QUBO 75/125] 4 entities | weight=1.8228
  phi before: [108.9597 108.9618]
  residual capacity: [23.7303 23.7282]
  Solved in 3072.0ms | energy=-104.847291 | feasible=True
  phi after:  [109.8722 109.8722]

[Sub-QUBO 76/125] 4 entities | weight=1.7527
  phi before: [109.8722 109.8722]
  residual capacity: [22.8178 22.8178]
  Solved in 3217.1ms | energy=-98.447714 | feasible=True
  phi after:  [110.7518 110.7452]

[Sub-QUBO 77/125] 4 entities | weight=1.7131
  phi before: [110.7518 110.7452]
  residual capacity: [21.9382 21.9447]
  Solved in 3129.5ms | energy=-93.706869 | feasible=True
  phi after:  [111.6065 111.6036]

[Sub-QUBO 78/125] 4 entities | weight=1.6989
  phi before: [111.6065 111.6036]
  residual capacity: [21.0835 21.0864]
  Solved in 2946.9ms | energy=-90.200508 | feasible=True
  phi after:  [112.4544 112.4546]

[Sub-QUBO 79/125] 4 entities | weight=1.6781
  phi before: [112.4544 112.4546]
  residual capacity: [20.2356 20.2353]
  Solved in 2789.4ms | energy=-86.508204 | feasible=True
  phi after:  [113.2944 113.2927]

[Sub-QUBO 80/125] 4 entities | weight=1.6485
  phi before: [113.2944 113.2927]
  residual capacity: [19.3956 19.3973]
  Solved in 2892.5ms | energy=-82.589574 | feasible=True
  phi after:  [114.116  114.1196]

[Sub-QUBO 81/125] 4 entities | weight=1.6061
  phi before: [114.116  114.1196]
  residual capacity: [18.574  18.5704]
  Solved in 2982.2ms | energy=-78.369584 | feasible=True
  phi after:  [114.9209 114.9209]

[Sub-QUBO 82/125] 4 entities | weight=1.5795
  phi before: [114.9209 114.9209]
  residual capacity: [17.7691 17.7691]
  Solved in 2693.9ms | energy=-74.885078 | feasible=True
  phi after:  [115.7106 115.7106]

[Sub-QUBO 83/125] 4 entities | weight=1.5660
  phi before: [115.7106 115.7106]
  residual capacity: [16.9794 16.9794]
  Solved in 2791.9ms | energy=-71.952168 | feasible=True
  phi after:  [116.4936 116.4936]

[Sub-QUBO 84/125] 4 entities | weight=1.5520
  phi before: [116.4936 116.4936]
  residual capacity: [16.1964 16.1964]
  Solved in 2867.4ms | energy=-69.067909 | feasible=True
  phi after:  [117.2694 117.2698]

[Sub-QUBO 85/125] 4 entities | weight=1.5291
  phi before: [117.2694 117.2698]
  residual capacity: [15.4206 15.4202]
  Solved in 2769.0ms | energy=-65.989637 | feasible=True
  phi after:  [118.034  118.0343]

[Sub-QUBO 86/125] 4 entities | weight=1.4684
  phi before: [118.034  118.0343]
  residual capacity: [14.656  14.6557]
  Solved in 3022.2ms | energy=-61.962723 | feasible=True
  phi after:  [118.7685 118.7682]

[Sub-QUBO 87/125] 4 entities | weight=1.4439
  phi before: [118.7685 118.7682]
  residual capacity: [13.9215 13.9218]
  Solved in 3057.4ms | energy=-59.160465 | feasible=True
  phi after:  [119.4891 119.4915]

[Sub-QUBO 88/125] 4 entities | weight=1.4150
  phi before: [119.4891 119.4915]
  residual capacity: [13.2009 13.1985]
  Solved in 2727.2ms | energy=-56.354386 | feasible=True
  phi after:  [120.1982 120.1974]

[Sub-QUBO 89/125] 4 entities | weight=1.3707
  phi before: [120.1982 120.1974]
  residual capacity: [12.4918 12.4926]
  Solved in 2888.3ms | energy=-53.306080 | feasible=True
  phi after:  [120.8828 120.8834]

[Sub-QUBO 90/125] 4 entities | weight=1.3319
  phi before: [120.8828 120.8834]
  residual capacity: [11.8072 11.8066]
  Solved in 2637.5ms | energy=-50.564315 | feasible=True
  phi after:  [121.5488 121.5493]

[Sub-QUBO 91/125] 4 entities | weight=1.2926
  phi before: [121.5488 121.5493]
  residual capacity: [11.1412 11.1407]
  Solved in 1913.4ms | energy=-47.966573 | feasible=True
  phi after:  [122.1963 122.1945]

[Sub-QUBO 92/125] 4 entities | weight=1.2662
  phi before: [122.1963 122.1945]
  residual capacity: [10.4937 10.4955]
  Solved in 1880.4ms | energy=-45.775674 | feasible=True
  phi after:  [122.8285 122.8285]

[Sub-QUBO 93/125] 4 entities | weight=1.2220
  phi before: [122.8285 122.8285]
  residual capacity: [9.8615 9.8615]
  Solved in 1927.4ms | energy=-43.355064 | feasible=True
  phi after:  [123.4385 123.4405]

[Sub-QUBO 94/125] 4 entities | weight=1.1751
  phi before: [123.4385 123.4405]
  residual capacity: [9.2515 9.2495]
  Solved in 1706.2ms | energy=-41.050371 | feasible=True
  phi after:  [124.0265 124.0276]

[Sub-QUBO 95/125] 4 entities | weight=1.1323
  phi before: [124.0265 124.0276]
  residual capacity: [8.6635 8.6623]
  Solved in 2193.3ms | energy=-38.977057 | feasible=True
  phi after:  [124.5933 124.5931]

[Sub-QUBO 96/125] 4 entities | weight=1.0796
  phi before: [124.5933 124.5931]
  residual capacity: [8.0967 8.0969]
  Solved in 1976.3ms | energy=-36.899830 | feasible=True
  phi after:  [125.133  125.1331]

[Sub-QUBO 97/125] 4 entities | weight=1.0380
  phi before: [125.133  125.1331]
  residual capacity: [7.557  7.5569]
  Solved in 1954.4ms | energy=-35.149324 | feasible=True
  phi after:  [125.6538 125.6502]

[Sub-QUBO 98/125] 4 entities | weight=0.9746
  phi before: [125.6538 125.6502]
  residual capacity: [7.0362 7.0398]
  Solved in 1879.2ms | energy=-33.243488 | feasible=True
  phi after:  [126.1396 126.139 ]

[Sub-QUBO 99/125] 4 entities | weight=0.9343
  phi before: [126.1396 126.139 ]
  residual capacity: [6.5504 6.551 ]
  Solved in 1938.5ms | energy=-31.803775 | feasible=True
  phi after:  [126.6043 126.6086]

[Sub-QUBO 100/125] 4 entities | weight=0.9087
  phi before: [126.6043 126.6086]
  residual capacity: [6.0857 6.0814]
  Solved in 1825.0ms | energy=-30.643144 | feasible=True
  phi after:  [127.0606 127.061 ]

[Sub-QUBO 101/125] 4 entities | weight=0.8670
  phi before: [127.0606 127.061 ]
  residual capacity: [5.6294 5.629 ]
  Solved in 1772.2ms | energy=-29.385311 | feasible=True
  phi after:  [127.5001 127.4885]

[Sub-QUBO 102/125] 4 entities | weight=0.7956
  phi before: [127.5001 127.4885]
  residual capacity: [5.1899 5.2015]
  Solved in 1824.2ms | energy=-27.950456 | feasible=True
  phi after:  [127.8968 127.8873]

[Sub-QUBO 103/125] 4 entities | weight=0.7820
  phi before: [127.8968 127.8873]
  residual capacity: [4.7932 4.8027]
  Solved in 1773.1ms | energy=-27.197817 | feasible=True
  phi after:  [128.2861 128.28  ]

[Sub-QUBO 104/125] 4 entities | weight=0.7685
  phi before: [128.2861 128.28  ]
  residual capacity: [4.4039 4.41  ]
  Solved in 1769.9ms | energy=-26.478548 | feasible=True
  phi after:  [128.6688 128.6659]

[Sub-QUBO 105/125] 4 entities | weight=0.7438
  phi before: [128.6688 128.6659]
  residual capacity: [4.0212 4.0241]
  Solved in 1815.9ms | energy=-25.707375 | feasible=True
  phi after:  [129.0392 129.0392]

[Sub-QUBO 106/125] 4 entities | weight=0.7074
  phi before: [129.0392 129.0392]
  residual capacity: [3.6508 3.6508]
  Solved in 1882.0ms | energy=-24.914621 | feasible=True
  phi after:  [129.3921 129.3937]

[Sub-QUBO 107/125] 4 entities | weight=0.6813
  phi before: [129.3921 129.3937]
  residual capacity: [3.2979 3.2963]
  Solved in 1843.6ms | energy=-24.260354 | feasible=True
  phi after:  [129.7332 129.7338]

[Sub-QUBO 108/125] 4 entities | weight=0.6543
  phi before: [129.7332 129.7338]
  residual capacity: [2.9568 2.9562]
  Solved in 1798.5ms | energy=-23.654596 | feasible=True
  phi after:  [130.0606 130.0608]

[Sub-QUBO 109/125] 4 entities | weight=0.6072
  phi before: [130.0606 130.0608]
  residual capacity: [2.6294 2.6292]
  Solved in 1977.4ms | energy=-23.008661 | feasible=True
  phi after:  [130.3655 130.363 ]

[Sub-QUBO 110/125] 4 entities | weight=0.5622
  phi before: [130.3655 130.363 ]
  residual capacity: [2.3245 2.327 ]
  Solved in 1838.8ms | energy=-22.457019 | feasible=True
  phi after:  [130.6456 130.6451]

[Sub-QUBO 111/125] 4 entities | weight=0.5167
  phi before: [130.6456 130.6451]
  residual capacity: [2.0444 2.0449]
  Solved in 1952.9ms | energy=-21.979341 | feasible=True
  phi after:  [130.9004 130.907 ]

[Sub-QUBO 112/125] 4 entities | weight=0.4892
  phi before: [130.9004 130.907 ]
  residual capacity: [1.7896 1.783 ]
  Solved in 2169.6ms | energy=-21.627998 | feasible=True
  phi after:  [131.1476 131.1489]

[Sub-QUBO 113/125] 4 entities | weight=0.4449
  phi before: [131.1476 131.1489]
  residual capacity: [1.5424 1.5411]
  Solved in 1976.8ms | energy=-21.272732 | feasible=True
  phi after:  [131.3701 131.3713]

[Sub-QUBO 114/125] 4 entities | weight=0.3869
  phi before: [131.3701 131.3713]
  residual capacity: [1.3199 1.3187]
  Solved in 2101.2ms | energy=-20.945911 | feasible=True
  phi after:  [131.5683 131.5599]

[Sub-QUBO 115/125] 4 entities | weight=0.3543
  phi before: [131.5683 131.5599]
  residual capacity: [1.1217 1.1301]
  Solved in 2096.1ms | energy=-20.734992 | feasible=True
  phi after:  [131.7441 131.7384]

[Sub-QUBO 116/125] 4 entities | weight=0.3395
  phi before: [131.7441 131.7384]
  residual capacity: [0.9459 0.9515]
  Solved in 1897.8ms | energy=-20.586597 | feasible=True
  phi after:  [131.9129 131.9091]

[Sub-QUBO 117/125] 4 entities | weight=0.3012
  phi before: [131.9129 131.9091]
  residual capacity: [0.7771 0.7809]
  Solved in 1735.4ms | energy=-20.423926 | feasible=True
  phi after:  [132.0617 132.0615]

[Sub-QUBO 118/125] 4 entities | weight=0.2888
  phi before: [132.0617 132.0615]
  residual capacity: [0.6283 0.6285]
  Solved in 1742.6ms | energy=-20.321253 | feasible=True
  phi after:  [132.2056 132.2064]

[Sub-QUBO 119/125] 4 entities | weight=0.2655
  phi before: [132.2056 132.2064]
  residual capacity: [0.4844 0.4836]
  Solved in 1859.9ms | energy=-20.221714 | feasible=True
  phi after:  [132.3384 132.3391]

[Sub-QUBO 120/125] 4 entities | weight=0.2329
  phi before: [132.3384 132.3391]
  residual capacity: [0.3516 0.3509]
  Solved in 1786.7ms | energy=-20.136500 | feasible=True
  phi after:  [132.4564 132.454 ]

[Sub-QUBO 121/125] 4 entities | weight=0.1729
  phi before: [132.4564 132.454 ]
  residual capacity: [0.2336 0.2359]
  Solved in 1757.9ms | energy=-20.066237 | feasible=True
  phi after:  [132.5405 132.5429]

[Sub-QUBO 122/125] 4 entities | weight=0.1427
  phi before: [132.5405 132.5429]
  residual capacity: [0.1495 0.1471]
  Solved in 1720.4ms | energy=-20.032137 | feasible=True
  phi after:  [132.6143 132.6118]

[Sub-QUBO 123/125] 4 entities | weight=0.0868
  phi before: [132.6143 132.6118]
  residual capacity: [0.0757 0.0782]
  Solved in 1720.1ms | energy=-20.009591 | feasible=True
  phi after:  [132.6562 132.6567]

[Sub-QUBO 124/125] 4 entities | weight=0.0528
  phi before: [132.6562 132.6567]
  residual capacity: [0.0338 0.0333]
  Solved in 1777.1ms | energy=-20.002151 | feasible=True
  phi after:  [132.683  132.6826]

[Sub-QUBO 125/125] 4 entities | weight=0.0143
  phi before: [132.683  132.6826]
  residual capacity: [0.007  0.0074]
  Solved in 2145.7ms | energy=-20.000103 | feasible=True
  phi after:  [132.6897 132.6902]

--- Run Complete ---
Final core loads: [132.6897 132.6902]
Load imbalance:   0.000490  (L_avg=132.6900)
Movable entities assigned: 500/500 | Fixed RT assignments: 0
Validating assembled global assignment...
Global assignment feasible: True
Global candidate energy:   -37713.268944
Global brute-force skipped: None
