INITIATING QAOA SCHEDULING JOB
WORKLOAD:   3 processes on 2 cores
WEIGHTS:    1.000 total CPU load
QUBO CFG:   Penalty (P) = 5.0
QAOA CFG:   Layers (p) = 1 | Steps = 50 | η = 0.05 | Mixer = xy | Init γ/β = 0.5/0.5
----------------------------------------


--- Raw Run Started at Thu May 21 16:52:46 2026 ---
Workload ID: None
Entities: [(1000, 0.2), (1001, 0.5), (1002, 0.3)]
Building QUBO...
QUBO Matrix completed in 4.267692565917969e-05
QUBO solved in 0.4388904571533203

Core Assignment - Energy: -15.5000
Core Assignment - Feasible: True
Core Assignment - Assignments: {1000: 0, 1001: 1, 1002: 0}
Core Assignment - Solve time: 438.6ms
Validated in 0.0009796619415283203
Core Assignment - Optimal: True
Core Assignment - Global energy: -15.5000

--- Final Schedule ---
  Entity 1000 (w=0.200) → core 0
  Entity 1001 (w=0.500) → core 1
  Entity 1002 (w=0.300) → core 0

Total solve time: 438.553ms
