INITIATING QAOA SCHEDULING JOB
WORKLOAD:   6 processes on 2 cores
WEIGHTS:    1.400 total CPU load
QUBO CFG:   Penalty (P) = 5.0
QAOA CFG:   Layers (p) = 1 | Steps = 50 | η = 0.05 | Mixer = xy | Init γ/β = 0.5/0.5
----------------------------------------


--- Iterative Run Started at Thu May 21 17:10:03 2026 ---
Building Q_global...
QUBO Matrix completed in 0.0000s
Partitioning in Sub-QUBOs...
2 sub-QUBOs | sizes: [3, 3]
Starting Iterative Loop...

[Sub-QUBO 1/2] 3 entities | weight=1.0300
  phi before: [0. 0.]
  residual capacity: [0.7 0.7]
  Solved in 517.6ms | energy=-15.893500 | feasible=True
  phi after:  [0.61 0.42]

[Sub-QUBO 2/2] 3 entities | weight=0.3700
  phi before: [0.61 0.42]
  residual capacity: [0.09 0.28]
  Solved in 551.9ms | energy=-15.084700 | feasible=True
  phi after:  [0.67 0.73]

--- Run Complete ---
Final core loads: [0.67 0.73]
Load imbalance:   0.060000  (L_avg=0.7000)
Movable entities assigned: 6/6 | Fixed RT assignments: 0
Validating assembled global assignment...
Global assignment feasible: True
Global candidate energy:   -30.978200
Global optimum energy:     -30.980000
Globally optimal:          False
