INITIATING QAOA SCHEDULING JOB
WORKLOAD:   4 processes on 2 cores
WEIGHTS:    1.000 total CPU load
QUBO CFG:   Penalty (P) = 0.33
QAOA CFG:   Layers (p) = 2 | Steps = 100 | η = 0.05 | Mixer = x | Init γ/β = 0.5/0.5
----------------------------------------


--- Raw Run Started at Fri Jun 26 17:47:08 2026 ---
Workload ID: None
Entities: [(1000, 0.17), (1001, 0.33), (1002, 0.21), (1003, 0.29)]
Building QUBO...
QUBO Matrix completed in 4.792213439941406e-05
QUBO solved in 2.1757898330688477

Core Assignment - Energy: -1.8200
Core Assignment - Feasible: True
Core Assignment - Assignments: {1000: 1, 1001: 1, 1002: 0, 1003: 0}
Core Assignment - Solve time: 2175.4ms
Validated in 0.0038115978240966797
Core Assignment - Optimal: True
Core Assignment - Global energy: -1.8200

--- Final Schedule ---
  Entity 1000 (w=0.170) → core 1
  Entity 1001 (w=0.330) → core 1
  Entity 1002 (w=0.210) → core 0
  Entity 1003 (w=0.290) → core 0

Total solve time: 2175.437ms
