INITIATING QAOA SCHEDULING JOB
WORKLOAD:   4 processes on 2 cores
WEIGHTS:    1.000 total CPU load
QUBO CFG:   Penalty (P) = 0.92
QAOA CFG:   Layers (p) = 2 | Steps = 100 | η = 0.05 | Mixer = x | Init γ/β = 0.5/0.5
----------------------------------------


--- Raw Run Started at Fri Jun 26 17:48:00 2026 ---
Workload ID: None
Entities: [(1000, 0.46), (1001, 0.3), (1002, 0.15), (1003, 0.09)]
Building QUBO...
QUBO Matrix completed in 3.218650817871094e-05
QUBO solved in 2.2853193283081055

Core Assignment - Energy: -4.1768
Core Assignment - Feasible: True
Core Assignment - Assignments: {1000: 0, 1001: 1, 1002: 1, 1003: 1}
Core Assignment - Solve time: 2285.0ms
Validated in 0.0037567615509033203
Core Assignment - Optimal: True
Core Assignment - Global energy: -4.1768

--- Final Schedule ---
  Entity 1000 (w=0.460) → core 0
  Entity 1001 (w=0.300) → core 1
  Entity 1002 (w=0.150) → core 1
  Entity 1003 (w=0.090) → core 1

Total solve time: 2284.957ms
