INITIATING QAOA SCHEDULING JOB
WORKLOAD:   4 processes on 2 cores
WEIGHTS:    1.000 total CPU load
QUBO CFG:   Penalty (P) = 0.5
QAOA CFG:   Layers (p) = 2 | Steps = 100 | η = 0.05 | Mixer = x | Init γ/β = 0.5/0.5
----------------------------------------


--- Raw Run Started at Fri Jun 26 17:48:07 2026 ---
Workload ID: None
Entities: [(1000, 0.5), (1001, 0.28), (1002, 0.14), (1003, 0.08)]
Building QUBO...
QUBO Matrix completed in 3.695487976074219e-05
QUBO solved in 2.2485439777374268

Core Assignment - Energy: -2.5000
Core Assignment - Feasible: True
Core Assignment - Assignments: {1000: 1, 1001: 0, 1002: 0, 1003: 0}
Core Assignment - Solve time: 2248.1ms
Validated in 0.003837108612060547
Core Assignment - Optimal: True
Core Assignment - Global energy: -2.5000

--- Final Schedule ---
  Entity 1000 (w=0.500) → core 1
  Entity 1001 (w=0.280) → core 0
  Entity 1002 (w=0.140) → core 0
  Entity 1003 (w=0.080) → core 0

Total solve time: 2248.091ms
