INITIATING QAOA SCHEDULING JOB
WORKLOAD:   4 processes on 2 cores
WEIGHTS:    1.000 total CPU load
QUBO CFG:   Penalty (P) = 0.62
QAOA CFG:   Layers (p) = 2 | Steps = 100 | η = 0.05 | Mixer = x | Init γ/β = 0.5/0.5
----------------------------------------


--- Raw Run Started at Fri Jun 26 17:46:56 2026 ---
Workload ID: None
Entities: [(1000, 0.18), (1001, 0.22), (1002, 0.31), (1003, 0.29)]
Building QUBO...
QUBO Matrix completed in 3.528594970703125e-05
QUBO solved in 2.274034261703491

Core Assignment - Energy: -2.9798
Core Assignment - Feasible: True
Core Assignment - Assignments: {1000: 0, 1001: 1, 1002: 0, 1003: 1}
Core Assignment - Solve time: 2273.6ms
Validated in 0.003926992416381836
Core Assignment - Optimal: True
Core Assignment - Global energy: -2.9798

--- Final Schedule ---
  Entity 1000 (w=0.180) → core 0
  Entity 1001 (w=0.220) → core 1
  Entity 1002 (w=0.310) → core 0
  Entity 1003 (w=0.290) → core 1

Total solve time: 2273.568ms
