INITIATING QAOA SCHEDULING JOB
WORKLOAD:   4 processes on 2 cores
WEIGHTS:    1.000 total CPU load
QUBO CFG:   Penalty (P) = 0.64
QAOA CFG:   Layers (p) = 2 | Steps = 100 | η = 0.05 | Mixer = x | Init γ/β = 0.5/0.5
----------------------------------------


--- Raw Run Started at Fri Jun 26 17:47:53 2026 ---
Workload ID: None
Entities: [(1000, 0.64), (1001, 0.16), (1002, 0.12), (1003, 0.08)]
Building QUBO...
QUBO Matrix completed in 4.6253204345703125e-05
QUBO solved in 2.2428343296051025

Core Assignment - Energy: -3.0208
Core Assignment - Feasible: True
Core Assignment - Assignments: {1000: 0, 1001: 1, 1002: 1, 1003: 1}
Core Assignment - Solve time: 2242.5ms
Validated in 0.003827810287475586
Core Assignment - Optimal: True
Core Assignment - Global energy: -3.0208

--- Final Schedule ---
  Entity 1000 (w=0.640) → core 0
  Entity 1001 (w=0.160) → core 1
  Entity 1002 (w=0.120) → core 1
  Entity 1003 (w=0.080) → core 1

Total solve time: 2242.482ms
