INITIATING QAOA SCHEDULING JOB
WORKLOAD:   4 processes on 2 cores
WEIGHTS:    1.000 total CPU load
QUBO CFG:   Penalty (P) = 0.6
QAOA CFG:   Layers (p) = 2 | Steps = 100 | η = 0.05 | Mixer = x | Init γ/β = 0.5/0.5
----------------------------------------


--- Raw Run Started at Fri Jun 26 17:47:01 2026 ---
Workload ID: None
Entities: [(1000, 0.26), (1001, 0.19), (1002, 0.25), (1003, 0.3)]
Building QUBO...
QUBO Matrix completed in 4.57763671875e-05
QUBO solved in 2.278395175933838

Core Assignment - Energy: -2.8998
Core Assignment - Feasible: True
Core Assignment - Assignments: {1000: 0, 1001: 1, 1002: 0, 1003: 1}
Core Assignment - Solve time: 2277.9ms
Validated in 0.0039348602294921875
Core Assignment - Optimal: True
Core Assignment - Global energy: -2.8998

--- Final Schedule ---
  Entity 1000 (w=0.260) → core 0
  Entity 1001 (w=0.190) → core 1
  Entity 1002 (w=0.250) → core 0
  Entity 1003 (w=0.300) → core 1

Total solve time: 2277.944ms
