INITIATING QAOA SCHEDULING JOB
WORKLOAD:   4 processes on 2 cores
WEIGHTS:    1.000 total CPU load
QUBO CFG:   Penalty (P) = 0.46
QAOA CFG:   Layers (p) = 2 | Steps = 100 | η = 0.05 | Mixer = x | Init γ/β = 0.5/0.5
----------------------------------------


--- Raw Run Started at Fri Jun 26 17:47:58 2026 ---
Workload ID: None
Entities: [(1000, 0.46), (1001, 0.3), (1002, 0.15), (1003, 0.09)]
Building QUBO...
QUBO Matrix completed in 3.218650817871094e-05
QUBO solved in 2.291753053665161

Core Assignment - Energy: -2.3368
Core Assignment - Feasible: True
Core Assignment - Assignments: {1000: 1, 1001: 0, 1002: 0, 1003: 0}
Core Assignment - Solve time: 2291.4ms
Validated in 0.003903627395629883
Core Assignment - Optimal: True
Core Assignment - Global energy: -2.3368

--- Final Schedule ---
  Entity 1000 (w=0.460) → core 1
  Entity 1001 (w=0.300) → core 0
  Entity 1002 (w=0.150) → core 0
  Entity 1003 (w=0.090) → core 0

Total solve time: 2291.405ms
