INITIATING QAOA SCHEDULING JOB
WORKLOAD:   4 processes on 2 cores
WEIGHTS:    1.000 total CPU load
QUBO CFG:   Penalty (P) = 1.08
QAOA CFG:   Layers (p) = 2 | Steps = 100 | η = 0.05 | Mixer = x | Init γ/β = 0.5/0.5
----------------------------------------


--- Raw Run Started at Fri Jun 26 17:48:18 2026 ---
Workload ID: None
Entities: [(1000, 0.54), (1001, 0.26), (1002, 0.12), (1003, 0.08)]
Building QUBO...
QUBO Matrix completed in 3.266334533691406e-05
QUBO solved in 2.1999104022979736

Core Assignment - Energy: -4.8168
Core Assignment - Feasible: True
Core Assignment - Assignments: {1000: 1, 1001: 0, 1002: 0, 1003: 0}
Core Assignment - Solve time: 2199.5ms
Validated in 0.0038824081420898438
Core Assignment - Optimal: True
Core Assignment - Global energy: -4.8168

--- Final Schedule ---
  Entity 1000 (w=0.540) → core 1
  Entity 1001 (w=0.260) → core 0
  Entity 1002 (w=0.120) → core 0
  Entity 1003 (w=0.080) → core 0

Total solve time: 2199.541ms
