INITIATING QAOA SCHEDULING JOB
WORKLOAD:   4 processes on 2 cores
WEIGHTS:    1.000 total CPU load
QUBO CFG:   Penalty (P) = 0.66
QAOA CFG:   Layers (p) = 2 | Steps = 100 | η = 0.05 | Mixer = x | Init γ/β = 0.5/0.5
----------------------------------------


--- Raw Run Started at Fri Jun 26 17:47:10 2026 ---
Workload ID: None
Entities: [(1000, 0.17), (1001, 0.33), (1002, 0.21), (1003, 0.29)]
Building QUBO...
QUBO Matrix completed in 4.863739013671875e-05
QUBO solved in 2.244476318359375

Core Assignment - Energy: -3.1400
Core Assignment - Feasible: True
Core Assignment - Assignments: {1000: 0, 1001: 0, 1002: 1, 1003: 1}
Core Assignment - Solve time: 2244.1ms
Validated in 0.004215240478515625
Core Assignment - Optimal: True
Core Assignment - Global energy: -3.1400

--- Final Schedule ---
  Entity 1000 (w=0.170) → core 0
  Entity 1001 (w=0.330) → core 0
  Entity 1002 (w=0.210) → core 1
  Entity 1003 (w=0.290) → core 1

Total solve time: 2244.088ms
