INITIATING QAOA SCHEDULING JOB
WORKLOAD:   4 processes on 2 cores
WEIGHTS:    1.000 total CPU load
QUBO CFG:   Penalty (P) = 1.04
QAOA CFG:   Layers (p) = 2 | Steps = 100 | η = 0.05 | Mixer = x | Init γ/β = 0.5/0.5
----------------------------------------


--- Raw Run Started at Fri Jun 26 17:47:51 2026 ---
Workload ID: None
Entities: [(1000, 0.52), (1001, 0.24), (1002, 0.14), (1003, 0.1)]
Building QUBO...
QUBO Matrix completed in 4.315376281738281e-05
QUBO solved in 2.322805881500244

Core Assignment - Energy: -4.6592
Core Assignment - Feasible: True
Core Assignment - Assignments: {1000: 0, 1001: 1, 1002: 1, 1003: 1}
Core Assignment - Solve time: 2322.4ms
Validated in 0.004237174987792969
Core Assignment - Optimal: True
Core Assignment - Global energy: -4.6592

--- Final Schedule ---
  Entity 1000 (w=0.520) → core 0
  Entity 1001 (w=0.240) → core 1
  Entity 1002 (w=0.140) → core 1
  Entity 1003 (w=0.100) → core 1

Total solve time: 2322.396ms
