INITIATING QAOA SCHEDULING JOB
WORKLOAD:   4 processes on 2 cores
WEIGHTS:    1.000 total CPU load
QUBO CFG:   Penalty (P) = 1.1
QAOA CFG:   Layers (p) = 2 | Steps = 100 | η = 0.05 | Mixer = x | Init γ/β = 0.5/0.5
----------------------------------------


--- Raw Run Started at Fri Jun 26 17:47:37 2026 ---
Workload ID: None
Entities: [(1000, 0.55), (1001, 0.2), (1002, 0.15), (1003, 0.1)]
Building QUBO...
QUBO Matrix completed in 3.457069396972656e-05
QUBO solved in 2.307490110397339

Core Assignment - Energy: -4.8950
Core Assignment - Feasible: True
Core Assignment - Assignments: {1000: 0, 1001: 1, 1002: 1, 1003: 1}
Core Assignment - Solve time: 2307.1ms
Validated in 0.00385284423828125
Core Assignment - Optimal: True
Core Assignment - Global energy: -4.8950

--- Final Schedule ---
  Entity 1000 (w=0.550) → core 0
  Entity 1001 (w=0.200) → core 1
  Entity 1002 (w=0.150) → core 1
  Entity 1003 (w=0.100) → core 1

Total solve time: 2307.107ms
