INITIATING QAOA SCHEDULING JOB
WORKLOAD:   4 processes on 2 cores
WEIGHTS:    1.000 total CPU load
QUBO CFG:   Penalty (P) = 1.16
QAOA CFG:   Layers (p) = 2 | Steps = 100 | η = 0.05 | Mixer = x | Init γ/β = 0.5/0.5
----------------------------------------


--- Raw Run Started at Fri Jun 26 17:48:05 2026 ---
Workload ID: None
Entities: [(1000, 0.58), (1001, 0.22), (1002, 0.13), (1003, 0.07)]
Building QUBO...
QUBO Matrix completed in 4.458427429199219e-05
QUBO solved in 2.309708595275879

Core Assignment - Energy: -5.1272
Core Assignment - Feasible: True
Core Assignment - Assignments: {1000: 1, 1001: 0, 1002: 0, 1003: 0}
Core Assignment - Solve time: 2309.2ms
Validated in 0.004101991653442383
Core Assignment - Optimal: True
Core Assignment - Global energy: -5.1272

--- Final Schedule ---
  Entity 1000 (w=0.580) → core 1
  Entity 1001 (w=0.220) → core 0
  Entity 1002 (w=0.130) → core 0
  Entity 1003 (w=0.070) → core 0

Total solve time: 2309.236ms
