INITIATING QAOA SCHEDULING JOB
WORKLOAD:   4 processes on 2 cores
WEIGHTS:    1.000 total CPU load
QUBO CFG:   Penalty (P) = 0.6
QAOA CFG:   Layers (p) = 2 | Steps = 100 | η = 0.05 | Mixer = x | Init γ/β = 0.5/0.5
----------------------------------------


--- Raw Run Started at Fri Jun 26 17:47:14 2026 ---
Workload ID: None
Entities: [(1000, 0.3), (1001, 0.2), (1002, 0.27), (1003, 0.23)]
Building QUBO...
QUBO Matrix completed in 3.1948089599609375e-05
QUBO solved in 2.3301398754119873

Core Assignment - Energy: -2.9000
Core Assignment - Feasible: True
Core Assignment - Assignments: {1000: 1, 1001: 1, 1002: 0, 1003: 0}
Core Assignment - Solve time: 2329.7ms
Validated in 0.003947734832763672
Core Assignment - Optimal: True
Core Assignment - Global energy: -2.9000

--- Final Schedule ---
  Entity 1000 (w=0.300) → core 1
  Entity 1001 (w=0.200) → core 1
  Entity 1002 (w=0.270) → core 0
  Entity 1003 (w=0.230) → core 0

Total solve time: 2329.685ms
