INITIATING QAOA SCHEDULING JOB
WORKLOAD:   4 processes on 2 cores
WEIGHTS:    1.000 total CPU load
QUBO CFG:   Penalty (P) = 0.35
QAOA CFG:   Layers (p) = 3 | Steps = 100 | η = 0.1 | Mixer = x | Init γ/β = 0.5/0.5
----------------------------------------


--- Raw Run Started at Fri Jul  3 17:18:17 2026 ---
Workload ID: None
Entities: [(1000, 0.15), (1001, 0.35), (1002, 0.25), (1003, 0.25)]
Building QUBO...
QUBO Matrix completed in 3.104999996139668e-05
QUBO solved in 3.1681978560009156

Core Assignment - Energy: -1.9000
Core Assignment - Feasible: True
Core Assignment - Assignments: {1000: 0, 1001: 0, 1002: 1, 1003: 1}
Core Assignment - Solve time: 3167.8ms
Validated in 0.003882996999891475
Core Assignment - Optimal: True
Core Assignment - Global energy: -1.9000

--- Final Schedule ---
  Entity 1000 (w=0.150) → core 0
  Entity 1001 (w=0.350) → core 0
  Entity 1002 (w=0.250) → core 1
  Entity 1003 (w=0.250) → core 1

Total solve time: 3167.820ms
