INITIATING QAOA SCHEDULING JOB
WORKLOAD:   4 processes on 2 cores
WEIGHTS:    1.000 total CPU load
QUBO CFG:   Penalty (P) = 0.0875
QAOA CFG:   Layers (p) = 1 | Steps = 1 | η = 0.1 | Mixer = x | Init γ/β = 0.5/0.5
----------------------------------------


--- Raw Run Started at Fri Jul  3 17:07:38 2026 ---
Workload ID: None
Entities: [(1000, 0.15), (1001, 0.35), (1002, 0.25), (1003, 0.25)]
Building QUBO...
QUBO Matrix completed in 6.356000085361302e-05
QUBO solved in 0.3171435759995802

Core Assignment - Energy: 0.0000
Core Assignment - Feasible: False
Core Assignment - Assignments: {}
Core Assignment - Solve time: 317.0ms
WARNING: Infeasible core assignment — increase penalty P
Validated in 0.004110686999410973
Core Assignment - Optimal: False
Core Assignment - Global energy: -0.8500
Core Assignment - Errors: ['Entity 1000 assigned to 0 options', 'Entity 1001 assigned to 0 options', 'Entity 1002 assigned to 0 options', 'Entity 1003 assigned to 0 options']

--- Final Schedule ---
  Entity 1000 (w=0.150) → core ?
  Entity 1001 (w=0.350) → core ?
  Entity 1002 (w=0.250) → core ?
  Entity 1003 (w=0.250) → core ?

Total solve time: 317.046ms
