INITIATING QAOA SCHEDULING JOB
WORKLOAD:   4 processes on 2 cores
WEIGHTS:    1.000 total CPU load
QUBO CFG:   Penalty (P) = 0.0875
QAOA CFG:   Layers (p) = 1 | Steps = 20 | η = 0.1 | Mixer = x | Init γ/β = 0.5/0.5
----------------------------------------


--- Raw Run Started at Fri Jul  3 17:07:40 2026 ---
Workload ID: None
Entities: [(1000, 0.15), (1001, 0.35), (1002, 0.25), (1003, 0.25)]
Building QUBO...
QUBO Matrix completed in 5.2379999033291824e-05
QUBO solved in 0.2952631209991523

Core Assignment - Energy: -0.8500
Core Assignment - Feasible: True
Core Assignment - Assignments: {1000: 0, 1001: 0, 1002: 1, 1003: 1}
Core Assignment - Solve time: 294.9ms
Validated in 0.0043142590002389625
Core Assignment - Optimal: True
Core Assignment - Global energy: -0.8500

--- Final Schedule ---
  Entity 1000 (w=0.150) → core 0
  Entity 1001 (w=0.350) → core 0
  Entity 1002 (w=0.250) → core 1
  Entity 1003 (w=0.250) → core 1

Total solve time: 294.900ms
