INITIATING LIVE SYSTEM TRACER

================================================================================
 RAW SYSTEM SNAPSHOT 
 ID: e093351f-059c-4c62-901a-02f4f965221b | Cores: 4 | Time: 1779378806.1806598
================================================================================
     PID | CLASS |   CPU% |   MEM(MB) |   I/O | COMMAND
-------------------------------------------------------
   64069 | BE   |   0.5% |    252.7 |  0.00 | /app/extra/vscode/code --type=zygote --no-zygote-s..
   64100 | BE   |   0.5% |    391.5 |  0.00 | /app/extra/vscode/code --type=zygote
   64185 | BE   |   0.2% |    368.5 |  0.00 | /app/extra/vscode/code --type=zygote
    3228 | BE   |   0.2% |     68.8 |  0.00 | Hyprland --watchdog-fd 4
   49479 | BE   |   0.2% |    423.9 |  0.00 | /opt/google/chrome/chrome
   49728 | BE   |   0.2% |    432.4 |  0.00 | /opt/google/chrome/chrome --type=renderer --crashp..
   64001 | BE   |   0.2% |    214.1 |  0.00 | /app/extra/vscode/code --extensions-dir=/home/simo..
   64905 | BE   |   0.1% |    180.9 |  0.00 | /home/simoes/.var/app/com.visualstudio.code/data/v..
   74614 | BE   |   0.1% |    129.9 |  0.00 | kitty
     618 | BE   |   0.0% |     27.9 |  0.00 | /usr/lib/systemd/systemd-journald
    1072 | BE   |   0.0% |     22.3 |  0.00 | /usr/bin/abrt-dump-journal-core -D -T -f -e
    1073 | BE   |   0.0% |     20.9 |  0.00 | /usr/bin/abrt-dump-journal-oops -fxtD
    1516 | BE   |   0.0% |     24.5 |  0.00 | /usr/bin/python3 -Es /usr/sbin/tuned-ppd -l
    3270 | BE   |   0.0% |     20.5 |  0.00 | nm-applet --indicator
    3277 | BE   |   0.0% |     42.9 |  0.00 | waybar
... and 39 more processes.
----------------------------------------

INITIATING ADAPTIVE CLUSTERING

================================================================================
 ADAPTIVE CLUSTERING RESULT 
 Source ID: e093351f-059c-4c62-901a-02f4f965221b | Bundles: 31
================================================================================
 B_ID |   AGG CPU% |  AGG MEM(MB) | MEMBERS (PIDs)
--------------------------------------------------
    1 |       0.5% |       252.7 | [64069]
    2 |       0.5% |       391.5 | [64100]
    4 |       0.2% |       368.5 | [64185]
    3 |       0.2% |        68.8 | [3228]
    5 |       0.2% |       423.9 | [49479]
    6 |       0.2% |       432.4 | [49728]
    7 |       0.2% |       214.1 | [64001]
   15 |       0.2% |       310.7 | [64905, 74614]
    0 |       0.0% |       287.6 | [618, 1072, 1073, 1516, 3270, 3278, 3286, 3287, 3508, 3533, 5784, 74635]
    8 |       0.0% |      1166.6 | [52561, 64143]
    9 |       0.0% |        89.9 | [49809]
   10 |       0.0% |      1469.6 | [3499, 49531, 49786, 62576, 64194, 64199, 64248, 64521, 64830, 69760, 75825]
   11 |       0.0% |        93.9 | [64345]
   12 |       0.0% |        91.8 | [64377]
   13 |       0.0% |        31.6 | [31670]
   14 |       0.0% |        68.9 | [49499]
   16 |       0.0% |       333.5 | [49529]
   17 |       0.0% |        38.9 | [77204]
   18 |       0.0% |        79.1 | [64079]
   19 |       0.0% |        69.0 | [49498]
   20 |       0.0% |      1239.5 | [77208]
   21 |       0.0% |        81.3 | [64566]
   22 |       0.0% |        42.9 | [3277]
   23 |       0.0% |        48.2 | [3397]
   24 |       0.0% |        77.2 | [72699]
   25 |       0.0% |        53.1 | [64025]
   26 |       0.0% |        51.0 | [64005]
   27 |       0.0% |        61.1 | [49543]
   28 |       0.0% |        54.0 | [3387]
   29 |       0.0% |       102.5 | [64273]
   30 |       0.0% |       501.1 | [64773]
================================================================================

----------------------------------------

INITIATING QAOA SCHEDULING JOB
WORKLOAD:   31 processes on 4 cores
WEIGHTS:    0.022 total CPU load
QUBO CFG:   Penalty (P) = 5.0
QAOA CFG:   Layers (p) = 2 | Steps = 100 | η = 0.05 | Mixer = xy | Init γ/β = 0.5/0.5
----------------------------------------


--- Iterative Run Started at Thu May 21 16:53:26 2026 ---
Building Q_global...
QUBO Matrix completed in 0.0019s
Partitioning in Sub-QUBOs...
16 sub-QUBOs | sizes: [2, 2, 2, 2, 2, 2, 2, 2, 2, 2, 2, 2, 2, 2, 2, 1]
Starting Iterative Loop...

[Sub-QUBO 1/16] 2 entities | weight=0.0000
  phi before: [0. 0. 0. 0.]
  residual capacity: [0.0054 0.0054 0.0054 0.0054]
  Solved in 2454.5ms | energy=-10.000000 | feasible=True
  phi after:  [0. 0. 0. 0.]

[Sub-QUBO 2/16] 2 entities | weight=0.0000
  phi before: [0. 0. 0. 0.]
  residual capacity: [0.0054 0.0054 0.0054 0.0054]
  Solved in 2357.6ms | energy=-10.000000 | feasible=True
  phi after:  [0. 0. 0. 0.]

[Sub-QUBO 3/16] 2 entities | weight=0.0067
  phi before: [0. 0. 0. 0.]
  residual capacity: [0.0054 0.0054 0.0054 0.0054]
  Solved in 2618.6ms | energy=-10.000044 | feasible=True
  phi after:  [0.005  0.0017 0.     0.    ]

[Sub-QUBO 4/16] 2 entities | weight=0.0067
  phi before: [0.005  0.0017 0.     0.    ]
  residual capacity: [0.0004 0.0037 0.0054 0.0054]
  Solved in 2681.9ms | energy=-10.000044 | feasible=True
  phi after:  [0.005  0.0017 0.005  0.0017]

[Sub-QUBO 5/16] 2 entities | weight=0.0049
  phi before: [0.005  0.0017 0.005  0.0017]
  residual capacity: [0.0004 0.0037 0.0004 0.0037]
  Solved in 2803.1ms | energy=-10.000025 | feasible=True
  phi after:  [0.005  0.0041 0.005  0.0042]

[Sub-QUBO 6/16] 2 entities | weight=0.0017
  phi before: [0.005  0.0041 0.005  0.0042]
  residual capacity: [0.0004 0.0013 0.0004 0.0012]
  Solved in 2524.3ms | energy=-10.000002 | feasible=True
  phi after:  [0.005  0.0058 0.005  0.0042]

[Sub-QUBO 7/16] 2 entities | weight=0.0017
  phi before: [0.005  0.0058 0.005  0.0042]
  residual capacity: [ 0.0004 -0.0004  0.0004  0.0012]
  Solved in 2465.5ms | energy=-10.000001 | feasible=True
  phi after:  [0.005  0.0058 0.005  0.0058]

[Sub-QUBO 8/16] 2 entities | weight=0.0000
  phi before: [0.005  0.0058 0.005  0.0058]
  residual capacity: [ 0.0004 -0.0004  0.0004 -0.0004]
  Solved in 2339.5ms | energy=-10.000000 | feasible=True
  phi after:  [0.005  0.0058 0.005  0.0058]

[Sub-QUBO 9/16] 2 entities | weight=0.0000
  phi before: [0.005  0.0058 0.005  0.0058]
  residual capacity: [ 0.0004 -0.0004  0.0004 -0.0004]
  Solved in 2361.8ms | energy=-10.000000 | feasible=True
  phi after:  [0.005  0.0058 0.005  0.0058]

[Sub-QUBO 10/16] 2 entities | weight=0.0000
  phi before: [0.005  0.0058 0.005  0.0058]
  residual capacity: [ 0.0004 -0.0004  0.0004 -0.0004]
  Solved in 2419.0ms | energy=-10.000000 | feasible=True
  phi after:  [0.005  0.0058 0.005  0.0058]

[Sub-QUBO 11/16] 2 entities | weight=0.0000
  phi before: [0.005  0.0058 0.005  0.0058]
  residual capacity: [ 0.0004 -0.0004  0.0004 -0.0004]
  Solved in 2480.8ms | energy=-10.000000 | feasible=True
  phi after:  [0.005  0.0058 0.005  0.0058]

[Sub-QUBO 12/16] 2 entities | weight=0.0000
  phi before: [0.005  0.0058 0.005  0.0058]
  residual capacity: [ 0.0004 -0.0004  0.0004 -0.0004]
  Solved in 2490.9ms | energy=-10.000000 | feasible=True
  phi after:  [0.005  0.0058 0.005  0.0058]

[Sub-QUBO 13/16] 2 entities | weight=0.0000
  phi before: [0.005  0.0058 0.005  0.0058]
  residual capacity: [ 0.0004 -0.0004  0.0004 -0.0004]
  Solved in 2641.4ms | energy=-10.000000 | feasible=True
  phi after:  [0.005  0.0058 0.005  0.0058]

[Sub-QUBO 14/16] 2 entities | weight=0.0000
  phi before: [0.005  0.0058 0.005  0.0058]
  residual capacity: [ 0.0004 -0.0004  0.0004 -0.0004]
  Solved in 2548.7ms | energy=-10.000000 | feasible=True
  phi after:  [0.005  0.0058 0.005  0.0058]

[Sub-QUBO 15/16] 2 entities | weight=0.0000
  phi before: [0.005  0.0058 0.005  0.0058]
  residual capacity: [ 0.0004 -0.0004  0.0004 -0.0004]
  Solved in 2796.7ms | energy=-10.000000 | feasible=True
  phi after:  [0.005  0.0058 0.005  0.0058]

[Sub-QUBO 16/16] 1 entities | weight=0.0000
  phi before: [0.005  0.0058 0.005  0.0058]
  residual capacity: [ 0.0004 -0.0004  0.0004 -0.0004]
  Solved in 1515.4ms | energy=-5.000000 | feasible=True
  phi after:  [0.005  0.0058 0.005  0.0058]

--- Run Complete ---
Final core loads: [0.005  0.0058 0.005  0.0058]
Load imbalance:   0.000833  (L_avg=0.0054)
Movable entities assigned: 31/31 | Fixed RT assignments: 0
Validating assembled global assignment...
Global assignment feasible: True
Global candidate energy:   -155.000116
Global brute-force skipped: Brute-force refused: 124 variables exceeds 22 limit.
