INITIATING QAOA SCHEDULING JOB
WORKLOAD:   4 processes on 2 cores
WEIGHTS:    1.000 total CPU load
QUBO CFG:   Penalty (P) = 5.0
QAOA CFG:   Layers (p) = 2 | Steps = 500 | η = 0.01 | Mixer = xy | Init γ/β = 0.5/0.5
----------------------------------------


--- Raw Run Started at Fri Jun 26 17:40:21 2026 ---
Workload ID: None
Entities: [(1000, 0.15), (1001, 0.35), (1002, 0.25), (1003, 0.25)]
Building QUBO...
QUBO Matrix completed in 3.4332275390625e-05
QUBO solved in 9.647992134094238

Core Assignment - Energy: -20.5000
Core Assignment - Feasible: True
Core Assignment - Assignments: {1000: 0, 1001: 0, 1002: 1, 1003: 1}
Core Assignment - Solve time: 9647.6ms
Validated in 0.003895282745361328
Core Assignment - Optimal: True
Core Assignment - Global energy: -20.5000

--- Final Schedule ---
  Entity 1000 (w=0.150) → core 0
  Entity 1001 (w=0.350) → core 0
  Entity 1002 (w=0.250) → core 1
  Entity 1003 (w=0.250) → core 1

Total solve time: 9647.589ms
