INITIATING QAOA SCHEDULING JOB
WORKLOAD:   4 processes on 2 cores
WEIGHTS:    1.005 total CPU load
QUBO CFG:   Penalty (P) = 5.0
QAOA CFG:   Layers (p) = 2 | Steps = 100 | η = 0.1 | Mixer = xy | Init γ/β = 0.5/0.5
----------------------------------------


--- Iterative Run Started at Sat Jun 27 18:36:09 2026 ---
Building Q_global...
QUBO Matrix completed in 0.0000s
Partitioning in Sub-QUBOs...
2 sub-QUBOs | sizes: [3, 1]
Starting Iterative Loop...

[Sub-QUBO 1/2] 3 entities | weight=0.7800
  phi before: [0. 0.]
  residual capacity: [0.5025 0.5025]
  Solved in 1513.6ms | energy=-15.445900 | feasible=True
  phi after:  [0.26 0.52]

[Sub-QUBO 2/2] 1 entities | weight=0.2250
  phi before: [0.26 0.52]
  residual capacity: [ 0.2425 -0.0175]
  Solved in 676.7ms | energy=-5.058500 | feasible=True
  phi after:  [0.485 0.52 ]

--- Run Complete ---
Final core loads: [0.485 0.52 ]
Load imbalance:   0.035000  (L_avg=0.5025)
Movable entities assigned: 4/4 | Fixed RT assignments: 0
Validating assembled global assignment...
Global assignment feasible: True
Global candidate energy:   -20.504400
Global optimum energy:     -20.505000
Globally optimal:          False
