INITIATING QAOA SCHEDULING JOB
WORKLOAD:   4 processes on 2 cores
WEIGHTS:    1.050 total CPU load
QUBO CFG:   Penalty (P) = 5.0
QAOA CFG:   Layers (p) = 1 | Steps = 100 | η = 0.1 | Mixer = xy | Init γ/β = 0.5/0.5
----------------------------------------


--- Iterative Run Started at Sat Jun 27 18:37:15 2026 ---
Building Q_global...
QUBO Matrix completed in 0.0000s
Partitioning in Sub-QUBOs...
2 sub-QUBOs | sizes: [3, 1]
Starting Iterative Loop...

[Sub-QUBO 1/2] 3 entities | weight=0.9000
  phi before: [0. 0.]
  residual capacity: [0.525 0.525]
  Solved in 1039.1ms | energy=-15.520000 | feasible=True
  phi after:  [0.35 0.55]

[Sub-QUBO 2/2] 1 entities | weight=0.1500
  phi before: [0.35 0.55]
  residual capacity: [ 0.175 -0.025]
  Solved in 560.5ms | energy=-5.030000 | feasible=True
  phi after:  [0.5  0.55]

--- Run Complete ---
Final core loads: [0.5  0.55]
Load imbalance:   0.050000  (L_avg=0.5250)
Movable entities assigned: 4/4 | Fixed RT assignments: 0
Validating assembled global assignment...
Global assignment feasible: True
Global candidate energy:   -20.550000
Global optimum energy:     -20.550000
Globally optimal:          True
