INITIATING QAOA SCHEDULING JOB
WORKLOAD:   6 processes on 2 cores
WEIGHTS:    1.500 total CPU load
QUBO CFG:   Penalty (P) = 5.0
QAOA CFG:   Layers (p) = 2 | Steps = 100 | η = 0.05 | Mixer = xy | Init γ/β = 0.5/0.5
----------------------------------------


--- Raw Run Started at Fri Jun 26 17:53:26 2026 ---
Workload ID: None
Entities: [(1000, 0.2), (1001, 0.3), (1002, 0.15), (1003, 0.35), (1004, 0.1), (1005, 0.4)]
Building QUBO...
QUBO Matrix completed in 4.7206878662109375e-05
QUBO solved in 3.6318209171295166

Core Assignment - Energy: -31.1250
Core Assignment - Feasible: True
Core Assignment - Assignments: {1000: 1, 1001: 1, 1002: 1, 1003: 0, 1004: 1, 1005: 0}
Core Assignment - Solve time: 3631.4ms
Validated in 0.07561087608337402
Core Assignment - Optimal: True
Core Assignment - Global energy: -31.1250

--- Final Schedule ---
  Entity 1000 (w=0.200) → core 1
  Entity 1001 (w=0.300) → core 1
  Entity 1002 (w=0.150) → core 1
  Entity 1003 (w=0.350) → core 0
  Entity 1004 (w=0.100) → core 1
  Entity 1005 (w=0.400) → core 0

Total solve time: 3631.417ms
