INITIATING QAOA SCHEDULING JOB
WORKLOAD:   8 processes on 2 cores
WEIGHTS:    1.360 total CPU load
QUBO CFG:   Penalty (P) = 5.0
QAOA CFG:   Layers (p) = 2 | Steps = 100 | η = 0.05 | Mixer = xy | Init γ/β = 0.5/0.5
----------------------------------------


--- Iterative Run Started at Fri Jun 26 17:54:26 2026 ---
Building Q_global...
QUBO Matrix completed in 0.0001s
Partitioning in Sub-QUBOs...
3 sub-QUBOs | sizes: [3, 3, 2]
Starting Iterative Loop...

[Sub-QUBO 1/3] 3 entities | weight=0.7900
  phi before: [0. 0.]
  residual capacity: [0.68 0.68]
  Solved in 1662.9ms | energy=-15.744300 | feasible=True
  phi after:  [0.3  0.49]

[Sub-QUBO 2/3] 3 entities | weight=0.4400
  phi before: [0.3  0.49]
  residual capacity: [0.38 0.19]
  Solved in 1628.8ms | energy=-15.171600 | feasible=True
  phi after:  [0.63 0.6 ]

[Sub-QUBO 3/3] 2 entities | weight=0.1300
  phi before: [0.63 0.6 ]
  residual capacity: [0.05 0.08]
  Solved in 1128.9ms | energy=-10.008900 | feasible=True
  phi after:  [0.68 0.68]

--- Run Complete ---
Final core loads: [0.68 0.68]
Load imbalance:   0.000000  (L_avg=0.6800)
Movable entities assigned: 8/8 | Fixed RT assignments: 0
Validating assembled global assignment...
Global assignment feasible: True
Global candidate energy:   -40.924800
Global optimum energy:     -40.924800
Globally optimal:          True
