
--- Iterative Run Started at Tue Jul  7 15:09:11 2026 ---
Building Q_global...
QUBO Matrix completed in 0.0014s
Partitioning in Sub-QUBOs...
13 sub-QUBOs | sizes: [4, 4, 4, 4, 4, 4, 4, 4, 4, 4, 4, 4, 2]
Starting Iterative Loop...

[Sub-QUBO 1/13] 4 entities | weight=3.8711
  phi before: [0. 0.]
  residual capacity: [14.2209 14.2209]
  Solved in 2320.8ms | energy=-122.607261 | feasible=True
  phi after:  [1.9224 1.9487]

[Sub-QUBO 2/13] 4 entities | weight=3.5459
  phi before: [1.9224 1.9487]
  residual capacity: [12.2985 12.2722]
  Solved in 2201.3ms | energy=-100.838035 | feasible=True
  phi after:  [3.7053 3.7117]

[Sub-QUBO 3/13] 4 entities | weight=3.2361
  phi before: [3.7053 3.7117]
  residual capacity: [10.5156 10.5092]
  Solved in 2271.4ms | energy=-82.800604 | feasible=True
  phi after:  [5.3481 5.3049]

[Sub-QUBO 4/13] 4 entities | weight=3.0135
  phi before: [5.3481 5.3049]
  residual capacity: [8.8728 8.9159]
  Solved in 2287.5ms | energy=-69.065745 | feasible=True
  phi after:  [6.8472 6.8193]

[Sub-QUBO 5/13] 4 entities | weight=2.8874
  phi before: [6.8472 6.8193]
  residual capacity: [7.3737 7.4016]
  Solved in 2345.5ms | energy=-58.494243 | feasible=True
  phi after:  [8.2822 8.2717]

[Sub-QUBO 6/13] 4 entities | weight=2.7075
  phi before: [8.2822 8.2717]
  residual capacity: [5.9387 5.9492]
  Solved in 2346.6ms | energy=-48.521362 | feasible=True
  phi after:  [9.6326 9.6288]

[Sub-QUBO 7/13] 4 entities | weight=2.5928
  phi before: [9.6326 9.6288]
  residual capacity: [4.5883 4.592 ]
  Solved in 2232.3ms | energy=-40.441576 | feasible=True
  phi after:  [10.9283 10.9259]

[Sub-QUBO 8/13] 4 entities | weight=2.1794
  phi before: [10.9283 10.9259]
  residual capacity: [3.2926 3.295 ]
  Solved in 2222.0ms | energy=-31.981860 | feasible=True
  phi after:  [12.0079 12.0257]

[Sub-QUBO 9/13] 4 entities | weight=1.7502
  phi before: [12.0079 12.0257]
  residual capacity: [2.2129 2.1952]
  Solved in 2323.3ms | energy=-26.183733 | feasible=True
  phi after:  [12.8922 12.8916]

[Sub-QUBO 10/13] 4 entities | weight=1.2849
  phi before: [12.8922 12.8916]
  residual capacity: [1.3286 1.3293]
  Solved in 2259.9ms | energy=-22.589652 | feasible=True
  phi after:  [13.534  13.5347]

[Sub-QUBO 11/13] 4 entities | weight=0.7727
  phi before: [13.534  13.5347]
  residual capacity: [0.6869 0.6861]
  Solved in 2300.5ms | energy=-20.762185 | feasible=True
  phi after:  [13.9314 13.91  ]

[Sub-QUBO 12/13] 4 entities | weight=0.5400
  phi before: [13.9314 13.91  ]
  residual capacity: [0.2895 0.3108]
  Solved in 2374.8ms | energy=-20.175776 | feasible=True
  phi after:  [14.1532 14.2282]

[Sub-QUBO 13/13] 2 entities | weight=0.0603
  phi before: [14.1532 14.2282]
  residual capacity: [ 0.0676 -0.0074]
  Solved in 1276.4ms | energy=-10.004522 | feasible=True
  phi after:  [14.2135 14.2282]

--- Run Complete ---
Final core loads: [14.2135 14.2282]
Load imbalance:   0.014722  (L_avg=14.2209)
Movable entities assigned: 50/50 | Fixed RT assignments: 0
Validating assembled global assignment...
Global assignment feasible: True
Global candidate energy:   -654.466554
Global brute-force skipped: None
