
--- Iterative Run Started at Tue Jul  7 14:45:17 2026 ---
Building Q_global...
QUBO Matrix completed in 0.0004s
Partitioning in Sub-QUBOs...
7 sub-QUBOs | sizes: [4, 4, 4, 4, 4, 4, 1]
Starting Iterative Loop...

[Sub-QUBO 1/7] 4 entities | weight=3.7739
  phi before: [0. 0.]
  residual capacity: [6.0955 6.0955]
  Solved in 2424.0ms | energy=-58.885200 | feasible=True
  phi after:  [1.8596 1.9143]

[Sub-QUBO 2/7] 4 entities | weight=3.0437
  phi before: [1.8596 1.9143]
  residual capacity: [4.2359 4.1812]
  Solved in 2647.5ms | energy=-40.988632 | feasible=True
  phi after:  [3.4093 3.4083]

[Sub-QUBO 3/7] 4 entities | weight=2.4128
  phi before: [3.4093 3.4083]
  residual capacity: [2.6862 2.6872]
  Solved in 2298.1ms | energy=-30.053477 | feasible=True
  phi after:  [4.5977 4.6327]

[Sub-QUBO 4/7] 4 entities | weight=1.5811
  phi before: [4.5977 4.6327]
  residual capacity: [1.4978 1.4628]
  Solved in 2349.0ms | energy=-23.431586 | feasible=True
  phi after:  [5.4    5.4115]

[Sub-QUBO 5/7] 4 entities | weight=0.9257
  phi before: [5.4    5.4115]
  residual capacity: [0.6955 0.684 ]
  Solved in 2578.0ms | energy=-20.848541 | feasible=True
  phi after:  [5.8629 5.8743]

[Sub-QUBO 6/7] 4 entities | weight=0.4321
  phi before: [5.8629 5.8743]
  residual capacity: [0.2326 0.2212]
  Solved in 2472.6ms | energy=-20.102536 | feasible=True
  phi after:  [6.0957 6.0736]

[Sub-QUBO 7/7] 1 entities | weight=0.0217
  phi before: [6.0957 6.0736]
  residual capacity: [-0.0002  0.0219]
  Solved in 796.7ms | energy=-5.000478 | feasible=True
  phi after:  [6.0957 6.0953]

--- Run Complete ---
Final core loads: [6.0957 6.0953]
Load imbalance:   0.000437  (L_avg=6.0955)
Movable entities assigned: 25/25 | Fixed RT assignments: 0
Validating assembled global assignment...
Global assignment feasible: True
Global candidate energy:   -199.310451
Global brute-force skipped: None
