
--- Iterative Run Started at Tue Jul  7 14:42:31 2026 ---
Building Q_global...
QUBO Matrix completed in 0.0005s
Partitioning in Sub-QUBOs...
7 sub-QUBOs | sizes: [4, 4, 4, 4, 4, 4, 1]
Starting Iterative Loop...

[Sub-QUBO 1/7] 4 entities | weight=3.6663
  phi before: [0. 0.]
  residual capacity: [6.1424 6.1424]
  Solved in 2241.9ms | energy=-58.318881 | feasible=True
  phi after:  [1.829  1.8373]

[Sub-QUBO 2/7] 4 entities | weight=3.0516
  phi before: [1.829  1.8373]
  residual capacity: [4.3135 4.3051]
  Solved in 2274.1ms | energy=-41.644014 | feasible=True
  phi after:  [3.3736 3.3442]

[Sub-QUBO 3/7] 4 entities | weight=2.4727
  phi before: [3.3736 3.3442]
  residual capacity: [2.7688 2.7982]
  Solved in 2220.6ms | energy=-30.708732 | feasible=True
  phi after:  [4.5861 4.6045]

[Sub-QUBO 4/7] 4 entities | weight=1.6733
  phi before: [4.5861 4.6045]
  residual capacity: [1.5563 1.538 ]
  Solved in 2326.7ms | energy=-23.777091 | feasible=True
  phi after:  [5.4525 5.4114]

[Sub-QUBO 5/7] 4 entities | weight=1.0670
  phi before: [5.4525 5.4114]
  residual capacity: [0.69  0.731]
  Solved in 2258.2ms | energy=-20.947757 | feasible=True
  phi after:  [5.9688 5.9622]

[Sub-QUBO 6/7] 4 entities | weight=0.3451
  phi before: [5.9688 5.9622]
  residual capacity: [0.1737 0.1803]
  Solved in 2238.6ms | energy=-20.062625 | feasible=True
  phi after:  [6.1391 6.1369]

[Sub-QUBO 7/7] 1 entities | weight=0.0089
  phi before: [6.1391 6.1369]
  residual capacity: [0.0033 0.0056]
  Solved in 742.3ms | energy=-5.000020 | feasible=True
  phi after:  [6.1391 6.1458]

--- Run Complete ---
Final core loads: [6.1391 6.1458]
Load imbalance:   0.006629  (L_avg=6.1424)
Movable entities assigned: 25/25 | Fixed RT assignments: 0
Validating assembled global assignment...
Global assignment feasible: True
Global candidate energy:   -200.459119
Global brute-force skipped: None
