
--- Iterative Run Started at Tue Jul  7 14:47:24 2026 ---
Building Q_global...
QUBO Matrix completed in 0.0005s
Partitioning in Sub-QUBOs...
8 sub-QUBOs | sizes: [4, 4, 4, 4, 4, 4, 4, 2]
Starting Iterative Loop...

[Sub-QUBO 1/8] 4 entities | weight=3.6227
  phi before: [0. 0.]
  residual capacity: [7.1537 7.1537]
  Solved in 2421.3ms | energy=-65.267208 | feasible=True
  phi after:  [1.7747 1.848 ]

[Sub-QUBO 2/8] 4 entities | weight=2.9527
  phi before: [1.7747 1.848 ]
  residual capacity: [5.379  5.3058]
  Solved in 2191.3ms | energy=-47.192053 | feasible=True
  phi after:  [3.2858 3.2895]

[Sub-QUBO 3/8] 4 entities | weight=2.5167
  phi before: [3.2858 3.2895]
  residual capacity: [3.8679 3.8642]
  Solved in 2190.1ms | energy=-36.291764 | feasible=True
  phi after:  [4.5672 4.5249]

[Sub-QUBO 4/8] 4 entities | weight=2.0493
  phi before: [4.5672 4.5249]
  residual capacity: [2.5865 2.6289]
  Solved in 2253.0ms | energy=-28.588749 | feasible=True
  phi after:  [5.563  5.5783]

[Sub-QUBO 5/8] 4 entities | weight=1.5690
  phi before: [5.563  5.5783]
  residual capacity: [1.5907 1.5754]
  Solved in 2283.4ms | energy=-23.735076 | feasible=True
  phi after:  [6.3849 6.3255]

[Sub-QUBO 6/8] 4 entities | weight=1.1121
  phi before: [6.3849 6.3255]
  residual capacity: [0.7689 0.8283]
  Solved in 2194.4ms | energy=-21.159579 | feasible=True
  phi after:  [6.9144 6.9081]

[Sub-QUBO 7/8] 4 entities | weight=0.4532
  phi before: [6.9144 6.9081]
  residual capacity: [0.2393 0.2457]
  Solved in 2334.6ms | energy=-20.116650 | feasible=True
  phi after:  [7.1222 7.1534]

[Sub-QUBO 8/8] 2 entities | weight=0.0318
  phi before: [7.1222 7.1534]
  residual capacity: [0.0315 0.0003]
  Solved in 1110.7ms | energy=-10.000994 | feasible=True
  phi after:  [7.154  7.1534]

--- Run Complete ---
Final core loads: [7.154  7.1534]
Load imbalance:   0.000603  (L_avg=7.1537)
Movable entities assigned: 30/30 | Fixed RT assignments: 0
Validating assembled global assignment...
Global assignment feasible: True
Global candidate energy:   -252.352072
Global brute-force skipped: None
