
--- Iterative Run Started at Tue Jul  7 16:10:18 2026 ---
Building Q_global...
QUBO Matrix completed in 0.0205s
Partitioning in Sub-QUBOs...
50 sub-QUBOs | sizes: [4, 4, 4, 4, 4, 4, 4, 4, 4, 4, 4, 4, 4, 4, 4, 4, 4, 4, 4, 4, 4, 4, 4, 4, 4, 4, 4, 4, 4, 4, 4, 4, 4, 4, 4, 4, 4, 4, 4, 4, 4, 4, 4, 4, 4, 4, 4, 4, 4, 4]
Starting Iterative Loop...

[Sub-QUBO 1/50] 4 entities | weight=3.9692
  phi before: [0. 0.]
  residual capacity: [53.963 53.963]
  Solved in 2150.4ms | energy=-440.498799 | feasible=True
  phi after:  [1.99   1.9792]

[Sub-QUBO 2/50] 4 entities | weight=3.9168
  phi before: [1.99   1.9792]
  residual capacity: [51.973  51.9838]
  Solved in 2165.0ms | energy=-419.503098 | feasible=True
  phi after:  [3.9447 3.9412]

[Sub-QUBO 3/50] 4 entities | weight=3.8657
  phi before: [3.9447 3.9412]
  residual capacity: [50.0182 50.0218]
  Solved in 2184.7ms | energy=-399.252343 | feasible=True
  phi after:  [5.8764 5.8752]

[Sub-QUBO 4/50] 4 entities | weight=3.8192
  phi before: [5.8764 5.8752]
  residual capacity: [48.0865 48.0878]
  Solved in 2149.6ms | energy=-380.011912 | feasible=True
  phi after:  [7.7838 7.787 ]

[Sub-QUBO 5/50] 4 entities | weight=3.7550
  phi before: [7.7838 7.787 ]
  residual capacity: [46.1792 46.176 ]
  Solved in 2154.8ms | energy=-359.746305 | feasible=True
  phi after:  [9.6627 9.6631]

[Sub-QUBO 6/50] 4 entities | weight=3.7196
  phi before: [9.6627 9.6631]
  residual capacity: [44.3003 44.2998]
  Solved in 2151.9ms | energy=-342.639753 | feasible=True
  phi after:  [11.5228 11.5226]

[Sub-QUBO 7/50] 4 entities | weight=3.6892
  phi before: [11.5228 11.5226]
  residual capacity: [42.4402 42.4404]
  Solved in 2220.4ms | energy=-326.332412 | feasible=True
  phi after:  [13.3627 13.3719]

[Sub-QUBO 8/50] 4 entities | weight=3.6004
  phi before: [13.3627 13.3719]
  residual capacity: [40.6003 40.5911]
  Solved in 2152.0ms | energy=-305.841870 | feasible=True
  phi after:  [15.1632 15.1718]

[Sub-QUBO 9/50] 4 entities | weight=3.5390
  phi before: [15.1632 15.1718]
  residual capacity: [38.7997 38.7912]
  Solved in 2190.1ms | energy=-288.332947 | feasible=True
  phi after:  [16.934 16.94 ]

[Sub-QUBO 10/50] 4 entities | weight=3.4681
  phi before: [16.934 16.94 ]
  residual capacity: [37.0289 37.023 ]
  Solved in 2222.1ms | energy=-270.804339 | feasible=True
  phi after:  [18.6737 18.6684]

[Sub-QUBO 11/50] 4 entities | weight=3.4295
  phi before: [18.6737 18.6684]
  residual capacity: [35.2893 35.2946]
  Solved in 2227.5ms | energy=-256.187734 | feasible=True
  phi after:  [20.3851 20.3865]

[Sub-QUBO 12/50] 4 entities | weight=3.3265
  phi before: [20.3851 20.3865]
  residual capacity: [33.5779 33.5765]
  Solved in 2195.8ms | energy=-237.854275 | feasible=True
  phi after:  [22.0491 22.0489]

[Sub-QUBO 13/50] 4 entities | weight=3.2696
  phi before: [22.0491 22.0489]
  residual capacity: [31.9138 31.914 ]
  Solved in 2192.7ms | energy=-223.347552 | feasible=True
  phi after:  [23.6831 23.6846]

[Sub-QUBO 14/50] 4 entities | weight=3.2203
  phi before: [23.6831 23.6846]
  residual capacity: [30.2799 30.2784]
  Solved in 2158.9ms | energy=-209.827729 | feasible=True
  phi after:  [25.2947 25.2932]

[Sub-QUBO 15/50] 4 entities | weight=3.1212
  phi before: [25.2947 25.2932]
  residual capacity: [28.6683 28.6697]
  Solved in 2163.5ms | energy=-194.093713 | feasible=True
  phi after:  [26.8544 26.8547]

[Sub-QUBO 16/50] 4 entities | weight=2.9984
  phi before: [26.8544 26.8547]
  residual capacity: [27.1085 27.1082]
  Solved in 2163.5ms | energy=-178.068871 | feasible=True
  phi after:  [28.3604 28.3472]

[Sub-QUBO 17/50] 4 entities | weight=2.9202
  phi before: [28.3604 28.3472]
  residual capacity: [25.6025 25.6158]
  Solved in 2226.5ms | energy=-165.302800 | feasible=True
  phi after:  [29.8189 29.8088]

[Sub-QUBO 18/50] 4 entities | weight=2.8665
  phi before: [29.8189 29.8088]
  residual capacity: [24.144  24.1542]
  Solved in 2219.6ms | energy=-154.336979 | feasible=True
  phi after:  [31.2493 31.2449]

[Sub-QUBO 19/50] 4 entities | weight=2.7486
  phi before: [31.2493 31.2449]
  residual capacity: [22.7137 22.718 ]
  Solved in 2252.9ms | energy=-141.097724 | feasible=True
  phi after:  [32.6233 32.6196]

[Sub-QUBO 20/50] 4 entities | weight=2.6612
  phi before: [32.6233 32.6196]
  residual capacity: [21.3397 21.3434]
  Solved in 2178.5ms | energy=-130.046762 | feasible=True
  phi after:  [33.9465 33.9575]

[Sub-QUBO 21/50] 4 entities | weight=2.5637
  phi before: [33.9465 33.9575]
  residual capacity: [20.0164 20.0054]
  Solved in 2158.5ms | energy=-119.318585 | feasible=True
  phi after:  [35.2339 35.2338]

[Sub-QUBO 22/50] 4 entities | weight=2.4853
  phi before: [35.2339 35.2338]
  residual capacity: [18.729  18.7291]
  Solved in 2236.0ms | energy=-110.006147 | feasible=True
  phi after:  [36.4758 36.4772]

[Sub-QUBO 23/50] 4 entities | weight=2.4092
  phi before: [36.4758 36.4772]
  residual capacity: [17.4871 17.4857]
  Solved in 2211.0ms | energy=-101.355591 | feasible=True
  phi after:  [37.6841 37.6782]

[Sub-QUBO 24/50] 4 entities | weight=2.3347
  phi before: [37.6841 37.6782]
  residual capacity: [16.2788 16.2848]
  Solved in 2207.8ms | energy=-93.299771 | feasible=True
  phi after:  [38.8486 38.8484]

[Sub-QUBO 25/50] 4 entities | weight=2.2666
  phi before: [38.8486 38.8484]
  residual capacity: [15.1144 15.1146]
  Solved in 2159.8ms | energy=-85.947093 | feasible=True
  phi after:  [39.9815 39.982 ]

[Sub-QUBO 26/50] 4 entities | weight=2.2108
  phi before: [39.9815 39.982 ]
  residual capacity: [13.9814 13.981 ]
  Solved in 2157.6ms | energy=-79.375576 | feasible=True
  phi after:  [41.0882 41.0861]

[Sub-QUBO 27/50] 4 entities | weight=2.1357
  phi before: [41.0882 41.0861]
  residual capacity: [12.8747 12.8769]
  Solved in 2160.2ms | energy=-72.717835 | feasible=True
  phi after:  [42.1557 42.1543]

[Sub-QUBO 28/50] 4 entities | weight=2.0723
  phi before: [42.1557 42.1543]
  residual capacity: [11.8073 11.8086]
  Solved in 2168.8ms | energy=-66.791007 | feasible=True
  phi after:  [43.1918 43.1905]

[Sub-QUBO 29/50] 4 entities | weight=1.9720
  phi before: [43.1918 43.1905]
  residual capacity: [10.7712 10.7724]
  Solved in 2171.7ms | energy=-60.539721 | feasible=True
  phi after:  [44.1775 44.1768]

[Sub-QUBO 30/50] 4 entities | weight=1.8331
  phi before: [44.1775 44.1768]
  residual capacity: [9.7855 9.7862]
  Solved in 2224.4ms | energy=-54.197008 | feasible=True
  phi after:  [45.0879 45.0995]

[Sub-QUBO 31/50] 4 entities | weight=1.7257
  phi before: [45.0879 45.0995]
  residual capacity: [8.8751 8.8634]
  Solved in 2225.5ms | energy=-49.122039 | feasible=True
  phi after:  [45.958  45.9551]

[Sub-QUBO 32/50] 4 entities | weight=1.6656
  phi before: [45.958  45.9551]
  residual capacity: [8.0049 8.0079]
  Solved in 2168.3ms | energy=-45.284190 | feasible=True
  phi after:  [46.7881 46.7907]

[Sub-QUBO 33/50] 4 entities | weight=1.5982
  phi before: [46.7881 46.7907]
  residual capacity: [7.1749 7.1723]
  Solved in 2177.5ms | energy=-41.653072 | feasible=True
  phi after:  [47.5882 47.5888]

[Sub-QUBO 34/50] 4 entities | weight=1.5228
  phi before: [47.5882 47.5888]
  residual capacity: [6.3748 6.3742]
  Solved in 2272.4ms | energy=-38.254355 | feasible=True
  phi after:  [48.3526 48.3471]

[Sub-QUBO 35/50] 4 entities | weight=1.4323
  phi before: [48.3526 48.3471]
  residual capacity: [5.6103 5.6159]
  Solved in 2245.5ms | energy=-35.053139 | feasible=True
  phi after:  [49.0621 49.0699]

[Sub-QUBO 36/50] 4 entities | weight=1.3402
  phi before: [49.0621 49.0699]
  residual capacity: [4.9009 4.893 ]
  Solved in 2171.7ms | energy=-32.227732 | feasible=True
  phi after:  [49.7361 49.7361]

[Sub-QUBO 37/50] 4 entities | weight=1.2348
  phi before: [49.7361 49.7361]
  residual capacity: [4.2269 4.2269]
  Solved in 2310.6ms | energy=-29.675975 | feasible=True
  phi after:  [50.3552 50.3518]

[Sub-QUBO 38/50] 4 entities | weight=1.1493
  phi before: [50.3552 50.3518]
  residual capacity: [3.6078 3.6112]
  Solved in 2383.1ms | energy=-27.636318 | feasible=True
  phi after:  [50.9277 50.9285]

[Sub-QUBO 39/50] 4 entities | weight=1.0646
  phi before: [50.9277 50.9285]
  residual capacity: [3.0352 3.0344]
  Solved in 2279.7ms | energy=-25.895171 | feasible=True
  phi after:  [51.4636 51.4572]

[Sub-QUBO 40/50] 4 entities | weight=0.9606
  phi before: [51.4636 51.4572]
  residual capacity: [2.4993 2.5057]
  Solved in 2365.5ms | energy=-24.346356 | feasible=True
  phi after:  [51.9432 51.9383]

[Sub-QUBO 41/50] 4 entities | weight=0.8832
  phi before: [51.9432 51.9383]
  residual capacity: [2.0198 2.0247]
  Solved in 2179.7ms | energy=-23.181884 | feasible=True
  phi after:  [52.3733 52.3913]

[Sub-QUBO 42/50] 4 entities | weight=0.7510
  phi before: [52.3733 52.3913]
  residual capacity: [1.5896 1.5717]
  Solved in 2222.5ms | energy=-22.092314 | feasible=True
  phi after:  [52.7545 52.7611]

[Sub-QUBO 43/50] 4 entities | weight=0.6116
  phi before: [52.7545 52.7611]
  residual capacity: [1.2084 1.2019]
  Solved in 2231.8ms | energy=-21.287059 | feasible=True
  phi after:  [53.0671 53.0601]

[Sub-QUBO 44/50] 4 entities | weight=0.5277
  phi before: [53.0671 53.0601]
  residual capacity: [0.8959 0.9028]
  Solved in 2179.2ms | energy=-20.810001 | feasible=True
  phi after:  [53.3267 53.3282]

[Sub-QUBO 45/50] 4 entities | weight=0.4355
  phi before: [53.3267 53.3282]
  residual capacity: [0.6362 0.6348]
  Solved in 2182.6ms | energy=-20.458663 | feasible=True
  phi after:  [53.5472 53.5432]

[Sub-QUBO 46/50] 4 entities | weight=0.3183
  phi before: [53.5472 53.5432]
  residual capacity: [0.4158 0.4197]
  Solved in 2331.7ms | energy=-20.215288 | feasible=True
  phi after:  [53.7028 53.7059]

[Sub-QUBO 47/50] 4 entities | weight=0.2361
  phi before: [53.7028 53.7059]
  residual capacity: [0.2602 0.2571]
  Solved in 2237.0ms | energy=-20.094270 | feasible=True
  phi after:  [53.8209 53.8239]

[Sub-QUBO 48/50] 4 entities | weight=0.1581
  phi before: [53.8209 53.8239]
  residual capacity: [0.1421 0.1391]
  Solved in 2378.3ms | energy=-20.031959 | feasible=True
  phi after:  [53.9024 53.9006]

[Sub-QUBO 49/50] 4 entities | weight=0.0892
  phi before: [53.9024 53.9006]
  residual capacity: [0.0606 0.0624]
  Solved in 2393.3ms | energy=-20.006995 | feasible=True
  phi after:  [53.9467 53.9454]

[Sub-QUBO 50/50] 4 entities | weight=0.0338
  phi before: [53.9467 53.9454]
  residual capacity: [0.0163 0.0175]
  Solved in 2210.7ms | energy=-20.000572 | feasible=True
  phi after:  [53.963  53.9629]

--- Run Complete ---
Final core loads: [53.963  53.9629]
Load imbalance:   0.000154  (L_avg=53.9630)
Movable entities assigned: 200/200 | Fixed RT assignments: 0
Validating assembled global assignment...
Global assignment feasible: True
Global candidate energy:   -6824.003603
Global brute-force skipped: None
