
--- Iterative Run Started at Tue Jul  7 15:05:20 2026 ---
Building Q_global...
QUBO Matrix completed in 0.0020s
Partitioning in Sub-QUBOs...
13 sub-QUBOs | sizes: [4, 4, 4, 4, 4, 4, 4, 4, 4, 4, 4, 4, 2]
Starting Iterative Loop...

[Sub-QUBO 1/13] 4 entities | weight=3.7988
  phi before: [0. 0.]
  residual capacity: [12.3668 12.3668]
  Solved in 2423.4ms | energy=-106.743252 | feasible=True
  phi after:  [1.9061 1.8927]

[Sub-QUBO 2/13] 4 entities | weight=3.4724
  phi before: [1.9061 1.8927]
  residual capacity: [10.4607 10.4741]
  Solved in 2255.2ms | energy=-86.664634 | feasible=True
  phi after:  [3.6336 3.6376]

[Sub-QUBO 3/13] 4 entities | weight=3.2410
  phi before: [3.6336 3.6376]
  residual capacity: [8.7332 8.7292]
  Solved in 2292.3ms | energy=-71.343574 | feasible=True
  phi after:  [5.2563 5.2559]

[Sub-QUBO 4/13] 4 entities | weight=2.8492
  phi before: [5.2563 5.2559]
  residual capacity: [7.1105 7.1109]
  Solved in 2279.9ms | energy=-56.460406 | feasible=True
  phi after:  [6.6717 6.6897]

[Sub-QUBO 5/13] 4 entities | weight=2.4890
  phi before: [6.6717 6.6897]
  residual capacity: [5.6951 5.6771]
  Solved in 2230.7ms | energy=-45.208227 | feasible=True
  phi after:  [7.926  7.9244]

[Sub-QUBO 6/13] 4 entities | weight=2.1236
  phi before: [7.926  7.9244]
  residual capacity: [4.4407 4.4424]
  Solved in 2214.4ms | energy=-36.609594 | feasible=True
  phi after:  [8.9821 8.992 ]

[Sub-QUBO 7/13] 4 entities | weight=2.0190
  phi before: [8.9821 8.992 ]
  residual capacity: [3.3847 3.3747]
  Solved in 2253.9ms | energy=-31.609138 | feasible=True
  phi after:  [9.9964 9.9967]

[Sub-QUBO 8/13] 4 entities | weight=1.7488
  phi before: [9.9964 9.9967]
  residual capacity: [2.3704 2.3701]
  Solved in 2229.1ms | energy=-26.758142 | feasible=True
  phi after:  [10.9077 10.8342]

[Sub-QUBO 9/13] 4 entities | weight=1.1492
  phi before: [10.9077 10.8342]
  residual capacity: [1.4591 1.5326]
  Solved in 2198.2ms | energy=-22.780365 | feasible=True
  phi after:  [11.4537 11.4374]

[Sub-QUBO 10/13] 4 entities | weight=0.9429
  phi before: [11.4537 11.4374]
  residual capacity: [0.9131 0.9294]
  Solved in 2190.3ms | energy=-21.292891 | feasible=True
  phi after:  [11.9165 11.9174]

[Sub-QUBO 11/13] 4 entities | weight=0.7077
  phi before: [11.9165 11.9174]
  residual capacity: [0.4502 0.4494]
  Solved in 2212.7ms | energy=-20.386218 | feasible=True
  phi after:  [12.2716 12.27  ]

[Sub-QUBO 12/13] 4 entities | weight=0.1829
  phi before: [12.2716 12.27  ]
  residual capacity: [0.0952 0.0967]
  Solved in 2424.5ms | energy=-20.018374 | feasible=True
  phi after:  [12.3631 12.3615]

[Sub-QUBO 13/13] 2 entities | weight=0.0090
  phi before: [12.3631 12.3615]
  residual capacity: [0.0037 0.0053]
  Solved in 1072.8ms | energy=-10.000042 | feasible=True
  phi after:  [12.3668 12.3667]

--- Run Complete ---
Final core loads: [12.3668 12.3667]
Load imbalance:   0.000115  (L_avg=12.3668)
Movable entities assigned: 50/50 | Fixed RT assignments: 0
Validating assembled global assignment...
Global assignment feasible: True
Global candidate energy:   -555.874858
Global brute-force skipped: None
