
--- Iterative Run Started at Tue Jul  7 15:34:00 2026 ---
Building Q_global...
QUBO Matrix completed in 0.0046s
Partitioning in Sub-QUBOs...
25 sub-QUBOs | sizes: [4, 4, 4, 4, 4, 4, 4, 4, 4, 4, 4, 4, 4, 4, 4, 4, 4, 4, 4, 4, 4, 4, 4, 4, 4]
Starting Iterative Loop...

[Sub-QUBO 1/25] 4 entities | weight=3.8878
  phi before: [0. 0.]
  residual capacity: [23.977 23.977]
  Solved in 2184.8ms | energy=-198.875945 | feasible=True
  phi after:  [1.9411 1.9466]

[Sub-QUBO 2/25] 4 entities | weight=3.6865
  phi before: [1.9411 1.9466]
  residual capacity: [22.0358 22.0303]
  Solved in 2222.1ms | energy=-175.653119 | feasible=True
  phi after:  [3.7925 3.7817]

[Sub-QUBO 3/25] 4 entities | weight=3.5300
  phi before: [3.7925 3.7817]
  residual capacity: [20.1845 20.1952]
  Solved in 2255.0ms | energy=-156.310498 | feasible=True
  phi after:  [5.5469 5.5574]

[Sub-QUBO 4/25] 4 entities | weight=3.3468
  phi before: [5.5469 5.5574]
  residual capacity: [18.4301 18.4196]
  Solved in 2232.7ms | energy=-137.727094 | feasible=True
  phi after:  [7.2254 7.2256]

[Sub-QUBO 5/25] 4 entities | weight=3.2018
  phi before: [7.2254 7.2256]
  residual capacity: [16.7515 16.7514]
  Solved in 2349.1ms | energy=-122.144473 | feasible=True
  phi after:  [8.8285 8.8244]

[Sub-QUBO 6/25] 4 entities | weight=2.9468
  phi before: [8.8285 8.8244]
  residual capacity: [15.1485 15.1526]
  Solved in 2292.0ms | energy=-104.949117 | feasible=True
  phi after:  [10.2963 10.3033]

[Sub-QUBO 7/25] 4 entities | weight=2.7584
  phi before: [10.2963 10.3033]
  residual capacity: [13.6806 13.6736]
  Solved in 2330.8ms | energy=-91.648950 | feasible=True
  phi after:  [11.6791 11.6789]

[Sub-QUBO 8/25] 4 entities | weight=2.6510
  phi before: [11.6791 11.6789]
  residual capacity: [12.2979 12.2981]
  Solved in 2234.1ms | energy=-81.689404 | feasible=True
  phi after:  [13.0033 13.0056]

[Sub-QUBO 9/25] 4 entities | weight=2.4844
  phi before: [13.0033 13.0056]
  residual capacity: [10.9736 10.9713]
  Solved in 2215.7ms | energy=-71.434767 | feasible=True
  phi after:  [14.2502 14.2432]

[Sub-QUBO 10/25] 4 entities | weight=2.3894
  phi before: [14.2502 14.2432]
  residual capacity: [9.7267 9.7338]
  Solved in 2250.3ms | energy=-63.644518 | feasible=True
  phi after:  [15.4424 15.4404]

[Sub-QUBO 11/25] 4 entities | weight=2.2153
  phi before: [15.4424 15.4404]
  residual capacity: [8.5345 8.5365]
  Solved in 2263.1ms | energy=-55.363794 | feasible=True
  phi after:  [16.5404 16.5578]

[Sub-QUBO 12/25] 4 entities | weight=2.0570
  phi before: [16.5404 16.5578]
  residual capacity: [7.4366 7.4192]
  Solved in 2293.2ms | energy=-48.443147 | feasible=True
  phi after:  [17.5743 17.5809]

[Sub-QUBO 13/25] 4 entities | weight=1.9615
  phi before: [17.5743 17.5809]
  residual capacity: [6.4027 6.396 ]
  Solved in 2233.8ms | energy=-43.180794 | feasible=True
  phi after:  [18.5608 18.5558]

[Sub-QUBO 14/25] 4 entities | weight=1.7911
  phi before: [18.5608 18.5558]
  residual capacity: [5.4161 5.4211]
  Solved in 2275.0ms | energy=-37.806368 | feasible=True
  phi after:  [19.4554 19.4523]

[Sub-QUBO 15/25] 4 entities | weight=1.6692
  phi before: [19.4554 19.4523]
  residual capacity: [4.5215 4.5247]
  Solved in 2294.3ms | energy=-33.706441 | feasible=True
  phi after:  [20.2854 20.2915]

[Sub-QUBO 16/25] 4 entities | weight=1.5324
  phi before: [20.2854 20.2915]
  residual capacity: [3.6916 3.6855]
  Solved in 2226.3ms | energy=-30.130158 | feasible=True
  phi after:  [21.0601 21.0491]

[Sub-QUBO 17/25] 4 entities | weight=1.3215
  phi before: [21.0601 21.0491]
  residual capacity: [2.9169 2.9278]
  Solved in 2329.4ms | energy=-26.850753 | feasible=True
  phi after:  [21.7173 21.7135]

[Sub-QUBO 18/25] 4 entities | weight=1.1662
  phi before: [21.7173 21.7135]
  residual capacity: [2.2597 2.2635]
  Solved in 2255.2ms | energy=-24.594920 | feasible=True
  phi after:  [22.2907 22.3063]

[Sub-QUBO 19/25] 4 entities | weight=0.9143
  phi before: [22.2907 22.3063]
  residual capacity: [1.6862 1.6707]
  Solved in 2223.8ms | energy=-22.651424 | feasible=True
  phi after:  [22.7622 22.7491]

[Sub-QUBO 20/25] 4 entities | weight=0.7732
  phi before: [22.7622 22.7491]
  residual capacity: [1.2147 1.2279]
  Solved in 2181.3ms | energy=-21.589803 | feasible=True
  phi after:  [23.1456 23.1389]

[Sub-QUBO 21/25] 4 entities | weight=0.6510
  phi before: [23.1456 23.1389]
  residual capacity: [0.8313 0.838 ]
  Solved in 2231.3ms | energy=-20.874880 | feasible=True
  phi after:  [23.4675 23.4681]

[Sub-QUBO 22/25] 4 entities | weight=0.4348
  phi before: [23.4675 23.4681]
  residual capacity: [0.5095 0.5089]
  Solved in 2168.1ms | energy=-20.348223 | feasible=True
  phi after:  [23.6851 23.6853]

[Sub-QUBO 23/25] 4 entities | weight=0.3495
  phi before: [23.6851 23.6853]
  residual capacity: [0.2919 0.2917]
  Solved in 2254.2ms | energy=-20.142344 | feasible=True
  phi after:  [23.8764 23.8434]

[Sub-QUBO 24/25] 4 entities | weight=0.1848
  phi before: [23.8764 23.8434]
  residual capacity: [0.1006 0.1335]
  Solved in 2358.8ms | energy=-20.026456 | feasible=True
  phi after:  [23.964  23.9406]

[Sub-QUBO 25/25] 4 entities | weight=0.0493
  phi before: [23.964  23.9406]
  residual capacity: [0.013  0.0364]
  Solved in 2353.6ms | energy=-20.001491 | feasible=True
  phi after:  [23.9768 23.9771]

--- Run Complete ---
Final core loads: [23.9768 23.9771]
Load imbalance:   0.000240  (L_avg=23.9770)
Movable entities assigned: 100/100 | Fixed RT assignments: 0
Validating assembled global assignment...
Global assignment feasible: True
Global candidate energy:   -1649.788880
Global brute-force skipped: None
