
--- Iterative Run Started at Tue Jul  7 14:50:54 2026 ---
Building Q_global...
QUBO Matrix completed in 0.0005s
Partitioning in Sub-QUBOs...
8 sub-QUBOs | sizes: [4, 4, 4, 4, 4, 4, 4, 2]
Starting Iterative Loop...

[Sub-QUBO 1/8] 4 entities | weight=3.5943
  phi before: [0. 0.]
  residual capacity: [7.9748 7.9748]
  Solved in 2309.9ms | energy=-70.866467 | feasible=True
  phi after:  [1.8314 1.7629]

[Sub-QUBO 2/8] 4 entities | weight=3.0757
  phi before: [1.8314 1.7629]
  residual capacity: [6.1434 6.2119]
  Solved in 2250.3ms | energy=-53.273318 | feasible=True
  phi after:  [3.34 3.33]

[Sub-QUBO 3/8] 4 entities | weight=2.7375
  phi before: [3.34 3.33]
  residual capacity: [4.6348 4.6448]
  Solved in 2176.4ms | energy=-41.656318 | feasible=True
  phi after:  [4.7065 4.701 ]

[Sub-QUBO 4/8] 4 entities | weight=2.4121
  phi before: [4.7065 4.701 ]
  residual capacity: [3.2683 3.2738]
  Solved in 2161.4ms | energy=-32.870835 | feasible=True
  phi after:  [5.9048 5.9148]

[Sub-QUBO 5/8] 4 entities | weight=1.9855
  phi before: [5.9048 5.9148]
  residual capacity: [2.07 2.06]
  Solved in 2243.5ms | energy=-26.228868 | feasible=True
  phi after:  [6.916  6.8891]

[Sub-QUBO 6/8] 4 entities | weight=1.4799
  phi before: [6.916  6.8891]
  residual capacity: [1.0588 1.0857]
  Solved in 2243.1ms | energy=-22.078851 | feasible=True
  phi after:  [7.6362 7.6488]

[Sub-QUBO 7/8] 4 entities | weight=0.6043
  phi before: [7.6362 7.6488]
  residual capacity: [0.3386 0.326 ]
  Solved in 2253.7ms | energy=-20.219089 | feasible=True
  phi after:  [7.9482 7.9411]

[Sub-QUBO 8/8] 2 entities | weight=0.0603
  phi before: [7.9482 7.9411]
  residual capacity: [0.0266 0.0337]
  Solved in 1144.4ms | energy=-10.001826 | feasible=True
  phi after:  [7.9777 7.9719]

--- Run Complete ---
Final core loads: [7.9777 7.9719]
Load imbalance:   0.005753  (L_avg=7.9748)
Movable entities assigned: 30/30 | Fixed RT assignments: 0
Validating assembled global assignment...
Global assignment feasible: True
Global candidate energy:   -277.195572
Global brute-force skipped: None
