
--- Iterative Run Started at Tue Jul  7 14:52:52 2026 ---
Building Q_global...
QUBO Matrix completed in 0.0008s
Partitioning in Sub-QUBOs...
10 sub-QUBOs | sizes: [4, 4, 4, 4, 4, 4, 4, 4, 4, 4]
Starting Iterative Loop...

[Sub-QUBO 1/10] 4 entities | weight=3.8472
  phi before: [0. 0.]
  residual capacity: [10.7336 10.7336]
  Solved in 2219.4ms | energy=-95.187624 | feasible=True
  phi after:  [1.9313 1.9159]

[Sub-QUBO 2/10] 4 entities | weight=3.5228
  phi before: [1.9313 1.9159]
  residual capacity: [8.8024 8.8177]
  Solved in 2205.8ms | energy=-75.867566 | feasible=True
  phi after:  [3.6839 3.6861]

[Sub-QUBO 3/10] 4 entities | weight=3.0883
  phi before: [3.6839 3.6861]
  residual capacity: [7.0497 7.0476]
  Solved in 2179.5ms | energy=-58.767588 | feasible=True
  phi after:  [5.2293 5.229 ]

[Sub-QUBO 4/10] 4 entities | weight=2.7661
  phi before: [5.2293 5.229 ]
  residual capacity: [5.5044 5.5046]
  Solved in 2316.3ms | energy=-46.626223 | feasible=True
  phi after:  [6.6033 6.6211]

[Sub-QUBO 5/10] 4 entities | weight=2.5500
  phi before: [6.6033 6.6211]
  residual capacity: [4.1304 4.1125]
  Solved in 2173.5ms | energy=-37.768303 | feasible=True
  phi after:  [7.8874 7.887 ]

[Sub-QUBO 6/10] 4 entities | weight=2.2171
  phi before: [7.8874 7.887 ]
  residual capacity: [2.8462 2.8467]
  Solved in 2174.7ms | energy=-30.162832 | feasible=True
  phi after:  [8.9725 9.0189]

[Sub-QUBO 7/10] 4 entities | weight=1.6811
  phi before: [8.9725 9.0189]
  residual capacity: [1.7611 1.7147]
  Solved in 2190.4ms | energy=-24.431233 | feasible=True
  phi after:  [9.842  9.8305]

[Sub-QUBO 8/10] 4 entities | weight=1.2375
  phi before: [9.842  9.8305]
  residual capacity: [0.8916 0.9031]
  Solved in 2208.9ms | energy=-21.455324 | feasible=True
  phi after:  [10.452  10.4581]

[Sub-QUBO 9/10] 4 entities | weight=0.4760
  phi before: [10.452  10.4581]
  residual capacity: [0.2817 0.2755]
  Solved in 2327.8ms | energy=-20.151280 | feasible=True
  phi after:  [10.7113 10.6748]

[Sub-QUBO 10/10] 4 entities | weight=0.0812
  phi before: [10.7113 10.6748]
  residual capacity: [0.0223 0.0589]
  Solved in 2279.5ms | energy=-20.003945 | feasible=True
  phi after:  [10.7306 10.7367]

--- Run Complete ---
Final core loads: [10.7306 10.7367]
Load imbalance:   0.006056  (L_avg=10.7336)
Movable entities assigned: 40/40 | Fixed RT assignments: 0
Validating assembled global assignment...
Global assignment feasible: True
Global candidate energy:   -430.421920
Global brute-force skipped: None
