
--- Iterative Run Started at Tue Jul  7 14:36:00 2026 ---
Building Q_global...
QUBO Matrix completed in 0.0003s
Partitioning in Sub-QUBOs...
5 sub-QUBOs | sizes: [4, 4, 4, 4, 4]
Starting Iterative Loop...

[Sub-QUBO 1/5] 4 entities | weight=3.2300
  phi before: [0. 0.]
  residual capacity: [4.6307 4.6307]
  Solved in 2398.7ms | energy=-44.686023 | feasible=True
  phi after:  [1.5391 1.6908]

[Sub-QUBO 2/5] 4 entities | weight=2.5137
  phi before: [1.5391 1.6908]
  residual capacity: [3.0916 2.9398]
  Solved in 2439.3ms | energy=-32.013141 | feasible=True
  phi after:  [2.8839 2.8598]

[Sub-QUBO 3/5] 4 entities | weight=1.8595
  phi before: [2.8839 2.8598]
  residual capacity: [1.7468 1.7709]
  Solved in 2455.5ms | energy=-24.812590 | feasible=True
  phi after:  [3.7961 3.8072]

[Sub-QUBO 4/5] 4 entities | weight=1.2050
  phi before: [3.7961 3.8072]
  residual capacity: [0.8346 0.8235]
  Solved in 2434.5ms | energy=-21.271302 | feasible=True
  phi after:  [4.4241 4.3841]

[Sub-QUBO 5/5] 4 entities | weight=0.4532
  phi before: [4.4241 4.3841]
  residual capacity: [0.2066 0.2466]
  Solved in 2360.8ms | energy=-20.103487 | feasible=True
  phi after:  [4.6319 4.6295]

--- Run Complete ---
Final core loads: [4.6319 4.6295]
Load imbalance:   0.002410  (L_avg=4.6307)
Movable entities assigned: 20/20 | Fixed RT assignments: 0
Validating assembled global assignment...
Global assignment feasible: True
Global candidate energy:   -142.886542
Global optimum energy:     -142.886545
Globally optimal:          False
