
--- Iterative Run Started at Tue Jul  7 15:18:56 2026 ---
Building Q_global...
QUBO Matrix completed in 0.0020s
Partitioning in Sub-QUBOs...
17 sub-QUBOs | sizes: [4, 4, 4, 4, 4, 4, 4, 4, 4, 4, 4, 4, 4, 4, 4, 4, 1]
Starting Iterative Loop...

[Sub-QUBO 1/17] 4 entities | weight=3.9201
  phi before: [0. 0.]
  residual capacity: [17.4952 17.4952]
  Solved in 2380.6ms | energy=-149.481190 | feasible=True
  phi after:  [1.9695 1.9505]

[Sub-QUBO 2/17] 4 entities | weight=3.6881
  phi before: [1.9695 1.9505]
  residual capacity: [15.5257 15.5447]
  Solved in 2361.4ms | energy=-127.789694 | feasible=True
  phi after:  [3.8032 3.805 ]

[Sub-QUBO 3/17] 4 entities | weight=3.5263
  phi before: [3.8032 3.805 ]
  residual capacity: [13.6921 13.6902]
  Solved in 2165.3ms | energy=-110.341031 | feasible=True
  phi after:  [5.5764 5.5581]

[Sub-QUBO 4/17] 4 entities | weight=3.2083
  phi before: [5.5764 5.5581]
  residual capacity: [11.9189 11.9371]
  Solved in 2432.5ms | energy=-91.391531 | feasible=True
  phi after:  [7.1695 7.1733]

[Sub-QUBO 5/17] 4 entities | weight=3.1243
  phi before: [7.1695 7.1733]
  residual capacity: [10.3258 10.3219]
  Solved in 2423.0ms | energy=-79.628204 | feasible=True
  phi after:  [8.7336 8.7335]

[Sub-QUBO 6/17] 4 entities | weight=2.9932
  phi before: [8.7336 8.7335]
  residual capacity: [8.7616 8.7618]
  Solved in 2322.5ms | energy=-67.971518 | feasible=True
  phi after:  [10.2233 10.237 ]

[Sub-QUBO 7/17] 4 entities | weight=2.8023
  phi before: [10.2233 10.237 ]
  residual capacity: [7.2719 7.2582]
  Solved in 2240.8ms | energy=-56.791378 | feasible=True
  phi after:  [11.6368 11.6258]

[Sub-QUBO 8/17] 4 entities | weight=2.4819
  phi before: [11.6368 11.6258]
  residual capacity: [5.8584 5.8695]
  Solved in 2304.6ms | energy=-46.027981 | feasible=True
  phi after:  [12.877  12.8676]

[Sub-QUBO 9/17] 4 entities | weight=2.3863
  phi before: [12.877  12.8676]
  residual capacity: [4.6183 4.6277]
  Solved in 2349.2ms | energy=-39.216511 | feasible=True
  phi after:  [14.0654 14.0654]

[Sub-QUBO 10/17] 4 entities | weight=2.0572
  phi before: [14.0654 14.0654]
  residual capacity: [3.4298 3.4298]
  Solved in 2428.7ms | energy=-31.995734 | feasible=True
  phi after:  [15.0904 15.0976]

[Sub-QUBO 11/17] 4 entities | weight=1.5054
  phi before: [15.0904 15.0976]
  residual capacity: [2.4048 2.3976]
  Solved in 2260.8ms | energy=-26.096399 | feasible=True
  phi after:  [15.8487 15.8448]

[Sub-QUBO 12/17] 4 entities | weight=1.1813
  phi before: [15.8487 15.8448]
  residual capacity: [1.6466 1.6504]
  Solved in 2326.1ms | energy=-23.197077 | feasible=True
  phi after:  [16.4347 16.4402]

[Sub-QUBO 13/17] 4 entities | weight=0.9082
  phi before: [16.4347 16.4402]
  residual capacity: [1.0606 1.055 ]
  Solved in 2315.7ms | energy=-21.508985 | feasible=True
  phi after:  [16.8972 16.8859]

[Sub-QUBO 14/17] 4 entities | weight=0.6709
  phi before: [16.8972 16.8859]
  residual capacity: [0.598  0.6094]
  Solved in 2360.0ms | energy=-20.584953 | feasible=True
  phi after:  [17.2193 17.2347]

[Sub-QUBO 15/17] 4 entities | weight=0.3695
  phi before: [17.2193 17.2347]
  residual capacity: [0.2759 0.2605]
  Solved in 2316.3ms | energy=-20.129925 | feasible=True
  phi after:  [17.4204 17.4031]

[Sub-QUBO 16/17] 4 entities | weight=0.1613
  phi before: [17.4204 17.4031]
  residual capacity: [0.0748 0.0922]
  Solved in 2330.6ms | energy=-20.014072 | feasible=True
  phi after:  [17.4929 17.4919]

[Sub-QUBO 17/17] 1 entities | weight=0.0056
  phi before: [17.4929 17.4919]
  residual capacity: [0.0023 0.0033]
  Solved in 735.6ms | energy=-5.000006 | feasible=True
  phi after:  [17.4929 17.4975]

--- Run Complete ---
Final core loads: [17.4929 17.4975]
Load imbalance:   0.004599  (L_avg=17.4952)
Movable entities assigned: 65/65 | Fixed RT assignments: 0
Validating assembled global assignment...
Global assignment feasible: True
Global candidate energy:   -937.166190
Global brute-force skipped: None
