
--- Iterative Run Started at Tue Jul  7 15:42:42 2026 ---
Building Q_global...
QUBO Matrix completed in 0.0047s
Partitioning in Sub-QUBOs...
25 sub-QUBOs | sizes: [4, 4, 4, 4, 4, 4, 4, 4, 4, 4, 4, 4, 4, 4, 4, 4, 4, 4, 4, 4, 4, 4, 4, 4, 4]
Starting Iterative Loop...

[Sub-QUBO 1/25] 4 entities | weight=3.8699
  phi before: [0. 0.]
  residual capacity: [24.7407 24.7407]
  Solved in 2282.3ms | energy=-203.998907 | feasible=True
  phi after:  [1.9431 1.9268]

[Sub-QUBO 2/25] 4 entities | weight=3.5917
  phi before: [1.9431 1.9268]
  residual capacity: [22.7976 22.8139]
  Solved in 2267.7ms | energy=-177.372569 | feasible=True
  phi after:  [3.7315 3.7301]

[Sub-QUBO 3/25] 4 entities | weight=3.4026
  phi before: [3.7315 3.7301]
  residual capacity: [21.0092 21.0106]
  Solved in 2254.7ms | energy=-157.185932 | feasible=True
  phi after:  [5.4277 5.4364]

[Sub-QUBO 4/25] 4 entities | weight=3.3263
  phi before: [5.4277 5.4364]
  residual capacity: [19.313  19.3042]
  Solved in 2202.6ms | energy=-142.921846 | feasible=True
  phi after:  [7.0937 7.0968]

[Sub-QUBO 5/25] 4 entities | weight=3.2458
  phi before: [7.0937 7.0968]
  residual capacity: [17.647  17.6439]
  Solved in 2271.5ms | energy=-129.277972 | feasible=True
  phi after:  [8.7184 8.7178]

[Sub-QUBO 6/25] 4 entities | weight=3.1254
  phi before: [8.7184 8.7178]
  residual capacity: [16.0222 16.0229]
  Solved in 2380.1ms | energy=-115.269967 | feasible=True
  phi after:  [10.2773 10.2843]

[Sub-QUBO 7/25] 4 entities | weight=2.9471
  phi before: [10.2773 10.2843]
  residual capacity: [14.4634 14.4563]
  Solved in 2290.0ms | energy=-100.886896 | feasible=True
  phi after:  [11.7616 11.7472]

[Sub-QUBO 8/25] 4 entities | weight=2.7264
  phi before: [11.7616 11.7472]
  residual capacity: [12.9791 12.9935]
  Solved in 2330.9ms | energy=-87.094303 | feasible=True
  phi after:  [13.115  13.1201]

[Sub-QUBO 9/25] 4 entities | weight=2.5652
  phi before: [13.115  13.1201]
  residual capacity: [11.6256 11.6206]
  Solved in 2261.3ms | energy=-76.340734 | feasible=True
  phi after:  [14.398  14.4023]

[Sub-QUBO 10/25] 4 entities | weight=2.4106
  phi before: [14.398  14.4023]
  residual capacity: [10.3427 10.3383]
  Solved in 2261.7ms | energy=-66.948485 | feasible=True
  phi after:  [15.6042 15.6067]

[Sub-QUBO 11/25] 4 entities | weight=2.2308
  phi before: [15.6042 15.6067]
  residual capacity: [9.1365 9.134 ]
  Solved in 2232.8ms | energy=-58.269193 | feasible=True
  phi after:  [16.7276 16.7141]

[Sub-QUBO 12/25] 4 entities | weight=2.0740
  phi before: [16.7276 16.7141]
  residual capacity: [8.0131 8.0266]
  Solved in 2264.4ms | energy=-51.116237 | feasible=True
  phi after:  [17.7582 17.7575]

[Sub-QUBO 13/25] 4 entities | weight=1.9196
  phi before: [17.7582 17.7575]
  residual capacity: [6.9824 6.9832]
  Solved in 2313.7ms | energy=-44.966023 | feasible=True
  phi after:  [18.7117 18.7237]

[Sub-QUBO 14/25] 4 entities | weight=1.8025
  phi before: [18.7117 18.7237]
  residual capacity: [6.029 6.017]
  Solved in 2218.1ms | energy=-40.088113 | feasible=True
  phi after:  [19.6192 19.6186]

[Sub-QUBO 15/25] 4 entities | weight=1.6591
  phi before: [19.6192 19.6186]
  residual capacity: [5.1214 5.1221]
  Solved in 2246.6ms | energy=-35.618103 | feasible=True
  phi after:  [20.4293 20.4676]

[Sub-QUBO 16/25] 4 entities | weight=1.4075
  phi before: [20.4293 20.4676]
  residual capacity: [4.3114 4.2731]
  Solved in 2327.4ms | energy=-31.092575 | feasible=True
  phi after:  [21.1436 21.1608]

[Sub-QUBO 17/25] 4 entities | weight=1.3298
  phi before: [21.1436 21.1608]
  residual capacity: [3.5971 3.5799]
  Solved in 2341.4ms | energy=-28.659892 | feasible=True
  phi after:  [21.8156 21.8186]

[Sub-QUBO 18/25] 4 entities | weight=1.2106
  phi before: [21.8156 21.8186]
  residual capacity: [2.9251 2.9221]
  Solved in 2230.1ms | energy=-26.345614 | feasible=True
  phi after:  [22.4212 22.4235]

[Sub-QUBO 19/25] 4 entities | weight=1.0895
  phi before: [22.4212 22.4235]
  residual capacity: [2.3194 2.3172]
  Solved in 2186.0ms | energy=-24.458183 | feasible=True
  phi after:  [22.9698 22.9645]

[Sub-QUBO 20/25] 4 entities | weight=0.9816
  phi before: [22.9698 22.9645]
  residual capacity: [1.7709 1.7762]
  Solved in 2203.8ms | energy=-23.000121 | feasible=True
  phi after:  [23.4527 23.4632]

[Sub-QUBO 21/25] 4 entities | weight=0.8126
  phi before: [23.4527 23.4632]
  residual capacity: [1.2879 1.2775]
  Solved in 2172.5ms | energy=-21.754615 | feasible=True
  phi after:  [23.8648 23.8638]

[Sub-QUBO 22/25] 4 entities | weight=0.6257
  phi before: [23.8648 23.8638]
  residual capacity: [0.8759 0.8769]
  Solved in 2171.9ms | energy=-20.900852 | feasible=True
  phi after:  [24.1687 24.1856]

[Sub-QUBO 23/25] 4 entities | weight=0.5697
  phi before: [24.1687 24.1856]
  residual capacity: [0.572 0.555]
  Solved in 2201.0ms | energy=-20.479956 | feasible=True
  phi after:  [24.4622 24.4618]

[Sub-QUBO 24/25] 4 entities | weight=0.4154
  phi before: [24.4622 24.4618]
  residual capacity: [0.2785 0.2789]
  Solved in 2235.1ms | energy=-20.145236 | feasible=True
  phi after:  [24.6668 24.6726]

[Sub-QUBO 25/25] 4 entities | weight=0.1419
  phi before: [24.6668 24.6726]
  residual capacity: [0.0739 0.0681]
  Solved in 2281.7ms | energy=-20.010068 | feasible=True
  phi after:  [24.744  24.7373]

--- Run Complete ---
Final core loads: [24.744  24.7373]
Load imbalance:   0.006682  (L_avg=24.7407)
Movable entities assigned: 100/100 | Fixed RT assignments: 0
Validating assembled global assignment...
Global assignment feasible: True
Global candidate energy:   -1724.202393
Global brute-force skipped: None
