
--- Iterative Run Started at Tue Jul  7 15:00:34 2026 ---
Building Q_global...
QUBO Matrix completed in 0.0010s
Partitioning in Sub-QUBOs...
10 sub-QUBOs | sizes: [4, 4, 4, 4, 4, 4, 4, 4, 4, 4]
Starting Iterative Loop...

[Sub-QUBO 1/10] 4 entities | weight=3.7465
  phi before: [0. 0.]
  residual capacity: [10.6856 10.6856]
  Solved in 2732.9ms | energy=-93.049372 | feasible=True
  phi after:  [1.8772 1.8694]

[Sub-QUBO 2/10] 4 entities | weight=3.4923
  phi before: [1.8772 1.8694]
  residual capacity: [8.8084 8.8162]
  Solved in 2494.5ms | energy=-75.451789 | feasible=True
  phi after:  [3.6156 3.6232]

[Sub-QUBO 3/10] 4 entities | weight=2.9896
  phi before: [3.6156 3.6232]
  residual capacity: [7.07   7.0624]
  Solved in 2244.0ms | energy=-57.780847 | feasible=True
  phi after:  [5.1309 5.0974]

[Sub-QUBO 4/10] 4 entities | weight=2.6720
  phi before: [5.1309 5.0974]
  residual capacity: [5.5546 5.5881]
  Solved in 2295.2ms | energy=-46.203958 | feasible=True
  phi after:  [6.4479 6.4525]

[Sub-QUBO 5/10] 4 entities | weight=2.4853
  phi before: [6.4479 6.4525]
  residual capacity: [4.2377 4.2331]
  Solved in 2198.1ms | energy=-37.964312 | feasible=True
  phi after:  [7.6988 7.6869]

[Sub-QUBO 6/10] 4 entities | weight=2.2409
  phi before: [7.6988 7.6869]
  residual capacity: [2.9868 2.9987]
  Solved in 2274.1ms | energy=-30.902263 | feasible=True
  phi after:  [8.8134 8.8132]

[Sub-QUBO 7/10] 4 entities | weight=1.6590
  phi before: [8.8134 8.8132]
  residual capacity: [1.8722 1.8724]
  Solved in 2222.8ms | energy=-24.833891 | feasible=True
  phi after:  [9.6093 9.6763]

[Sub-QUBO 8/10] 4 entities | weight=1.3000
  phi before: [9.6093 9.6763]
  residual capacity: [1.0763 1.0093]
  Solved in 2185.7ms | energy=-21.868421 | feasible=True
  phi after:  [10.2986 10.287 ]

[Sub-QUBO 9/10] 4 entities | weight=0.5502
  phi before: [10.2986 10.287 ]
  residual capacity: [0.387  0.3986]
  Solved in 2318.3ms | energy=-20.280616 | feasible=True
  phi after:  [10.5555 10.5803]

[Sub-QUBO 10/10] 4 entities | weight=0.2354
  phi before: [10.5555 10.5803]
  residual capacity: [0.1301 0.1053]
  Solved in 2250.7ms | energy=-20.027987 | feasible=True
  phi after:  [10.6828 10.6884]

--- Run Complete ---
Final core loads: [10.6828 10.6884]
Load imbalance:   0.005670  (L_avg=10.6856)
Movable entities assigned: 40/40 | Fixed RT assignments: 0
Validating assembled global assignment...
Global assignment feasible: True
Global candidate energy:   -428.363456
Global brute-force skipped: None
