
--- Iterative Run Started at Tue Jul  7 14:48:40 2026 ---
Building Q_global...
QUBO Matrix completed in 0.0005s
Partitioning in Sub-QUBOs...
8 sub-QUBOs | sizes: [4, 4, 4, 4, 4, 4, 4, 2]
Starting Iterative Loop...

[Sub-QUBO 1/8] 4 entities | weight=3.7988
  phi before: [0. 0.]
  residual capacity: [7.8182 7.8182]
  Solved in 2194.5ms | energy=-72.184752 | feasible=True
  phi after:  [1.9061 1.8927]

[Sub-QUBO 2/8] 4 entities | weight=3.2845
  phi before: [1.9061 1.8927]
  residual capacity: [5.9121 5.9255]
  Solved in 2260.7ms | energy=-53.486295 | feasible=True
  phi after:  [3.5244 3.5589]

[Sub-QUBO 3/8] 4 entities | weight=2.6522
  phi before: [3.5244 3.5589]
  residual capacity: [4.2938 4.2593]
  Solved in 2222.6ms | energy=-39.162034 | feasible=True
  phi after:  [4.9223 4.8133]

[Sub-QUBO 4/8] 4 entities | weight=2.1950
  phi before: [4.9223 4.8133]
  residual capacity: [2.8959 3.005 ]
  Solved in 2204.7ms | energy=-30.549217 | feasible=True
  phi after:  [5.9513 5.9793]

[Sub-QUBO 5/8] 4 entities | weight=1.8838
  phi before: [5.9513 5.9793]
  residual capacity: [1.8669 1.8389]
  Solved in 2206.2ms | energy=-25.207027 | feasible=True
  phi after:  [6.9009 6.9134]

[Sub-QUBO 6/8] 4 entities | weight=1.1365
  phi before: [6.9009 6.9134]
  residual capacity: [0.9173 0.9048]
  Solved in 2183.0ms | energy=-21.425052 | feasible=True
  phi after:  [7.4795 7.4713]

[Sub-QUBO 7/8] 4 entities | weight=0.6447
  phi before: [7.4795 7.4713]
  residual capacity: [0.3387 0.3469]
  Solved in 2319.5ms | energy=-20.229409 | feasible=True
  phi after:  [7.7487 7.8469]

[Sub-QUBO 8/8] 2 entities | weight=0.0409
  phi before: [7.7487 7.8469]
  residual capacity: [ 0.0696 -0.0286]
  Solved in 1095.0ms | energy=-10.004020 | feasible=True
  phi after:  [7.7896 7.8469]

--- Run Complete ---
Final core loads: [7.7896 7.8469]
Load imbalance:   0.057243  (L_avg=7.8182)
Movable entities assigned: 30/30 | Fixed RT assignments: 0
Validating assembled global assignment...
Global assignment feasible: True
Global candidate energy:   -272.247806
Global brute-force skipped: None
