
--- Iterative Run Started at Tue Jul  7 14:40:18 2026 ---
Building Q_global...
QUBO Matrix completed in 0.0002s
Partitioning in Sub-QUBOs...
5 sub-QUBOs | sizes: [4, 4, 4, 4, 4]
Starting Iterative Loop...

[Sub-QUBO 1/5] 4 entities | weight=3.7141
  phi before: [0. 0.]
  residual capacity: [5.6629 5.6629]
  Solved in 2254.3ms | energy=-55.168099 | feasible=True
  phi after:  [1.8584 1.8557]

[Sub-QUBO 2/5] 4 entities | weight=2.8643
  phi before: [1.8584 1.8557]
  residual capacity: [3.8046 3.8072]
  Solved in 2295.7ms | energy=-37.699410 | feasible=True
  phi after:  [3.269  3.3093]

[Sub-QUBO 3/5] 4 entities | weight=2.4840
  phi before: [3.269  3.3093]
  residual capacity: [2.3939 2.3536]
  Solved in 2214.0ms | energy=-28.708603 | feasible=True
  phi after:  [4.5318 4.5305]

[Sub-QUBO 4/5] 4 entities | weight=1.7522
  phi before: [4.5318 4.5305]
  residual capacity: [1.1311 1.1324]
  Solved in 2242.8ms | energy=-22.431073 | feasible=True
  phi after:  [5.4065 5.408 ]

[Sub-QUBO 5/5] 4 entities | weight=0.5114
  phi before: [5.4065 5.408 ]
  residual capacity: [0.2565 0.2549]
  Solved in 2278.6ms | energy=-20.129399 | feasible=True
  phi after:  [5.637  5.6889]

--- Run Complete ---
Final core loads: [5.637  5.6889]
Load imbalance:   0.051850  (L_avg=5.6629)
Movable entities assigned: 20/20 | Fixed RT assignments: 0
Validating assembled global assignment...
Global assignment feasible: True
Global candidate energy:   -164.136583
Global optimum energy:     -164.137927
Globally optimal:          False
