
--- Iterative Run Started at Tue Jul  7 15:13:10 2026 ---
Building Q_global...
QUBO Matrix completed in 0.0020s
Partitioning in Sub-QUBOs...
17 sub-QUBOs | sizes: [4, 4, 4, 4, 4, 4, 4, 4, 4, 4, 4, 4, 4, 4, 4, 4, 1]
Starting Iterative Loop...

[Sub-QUBO 1/17] 4 entities | weight=3.8628
  phi before: [0. 0.]
  residual capacity: [17.1351 17.1351]
  Solved in 2408.1ms | energy=-144.917977 | feasible=True
  phi after:  [1.9316 1.9312]

[Sub-QUBO 2/17] 4 entities | weight=3.6038
  phi before: [1.9316 1.9312]
  residual capacity: [15.2035 15.2039]
  Solved in 2231.0ms | energy=-123.087724 | feasible=True
  phi after:  [3.7254 3.7411]

[Sub-QUBO 3/17] 4 entities | weight=3.3833
  phi before: [3.7254 3.7411]
  residual capacity: [13.4097 13.394 ]
  Solved in 2264.9ms | energy=-104.961899 | feasible=True
  phi after:  [5.4205 5.4293]

[Sub-QUBO 4/17] 4 entities | weight=3.2381
  phi before: [5.4205 5.4293]
  residual capacity: [11.7146 11.7058]
  Solved in 2333.9ms | energy=-90.595370 | feasible=True
  phi after:  [7.0425 7.0455]

[Sub-QUBO 5/17] 4 entities | weight=3.0703
  phi before: [7.0425 7.0455]
  residual capacity: [10.0926 10.0897]
  Solved in 2294.4ms | energy=-77.252596 | feasible=True
  phi after:  [8.5826 8.5757]

[Sub-QUBO 6/17] 4 entities | weight=2.8784
  phi before: [8.5826 8.5757]
  residual capacity: [8.5525 8.5595]
  Solved in 2249.8ms | energy=-65.111717 | feasible=True
  phi after:  [10.0163 10.0204]

[Sub-QUBO 7/17] 4 entities | weight=2.5235
  phi before: [10.0163 10.0204]
  residual capacity: [7.1188 7.1148]
  Solved in 2237.2ms | energy=-52.734922 | feasible=True
  phi after:  [11.2811 11.2791]

[Sub-QUBO 8/17] 4 entities | weight=2.2219
  phi before: [11.2811 11.2791]
  residual capacity: [5.854 5.856]
  Solved in 2215.3ms | energy=-43.549439 | feasible=True
  phi after:  [12.3719 12.4102]

[Sub-QUBO 9/17] 4 entities | weight=2.0674
  phi before: [12.3719 12.4102]
  residual capacity: [4.7632 4.7249]
  Solved in 2294.9ms | energy=-37.478892 | feasible=True
  phi after:  [13.4123 13.4371]

[Sub-QUBO 10/17] 4 entities | weight=1.9259
  phi before: [13.4123 13.4371]
  residual capacity: [3.7228 3.698 ]
  Solved in 2308.1ms | energy=-32.437525 | feasible=True
  phi after:  [14.3938 14.3817]

[Sub-QUBO 11/17] 4 entities | weight=1.6891
  phi before: [14.3938 14.3817]
  residual capacity: [2.7414 2.7535]
  Solved in 2291.4ms | energy=-27.854938 | feasible=True
  phi after:  [15.2263 15.2383]

[Sub-QUBO 12/17] 4 entities | weight=1.2252
  phi before: [15.2263 15.2383]
  residual capacity: [1.9088 1.8969]
  Solved in 2293.8ms | energy=-23.912146 | feasible=True
  phi after:  [15.8413 15.8484]

[Sub-QUBO 13/17] 4 entities | weight=1.0734
  phi before: [15.8413 15.8484]
  residual capacity: [1.2938 1.2867]
  Solved in 2210.9ms | energy=-22.193798 | feasible=True
  phi after:  [16.3805 16.3826]

[Sub-QUBO 14/17] 4 entities | weight=0.7470
  phi before: [16.3805 16.3826]
  residual capacity: [0.7546 0.7526]
  Solved in 2212.4ms | energy=-20.846758 | feasible=True
  phi after:  [16.7634 16.7467]

[Sub-QUBO 15/17] 4 entities | weight=0.5420
  phi before: [16.7634 16.7467]
  residual capacity: [0.3717 0.3885]
  Solved in 2190.6ms | energy=-20.265247 | feasible=True
  phi after:  [17.0272 17.0249]

[Sub-QUBO 16/17] 4 entities | weight=0.2111
  phi before: [17.0272 17.0249]
  residual capacity: [0.1079 0.1103]
  Solved in 2288.1ms | energy=-20.023760 | feasible=True
  phi after:  [17.1292 17.134 ]

[Sub-QUBO 17/17] 1 entities | weight=0.0071
  phi before: [17.1292 17.134 ]
  residual capacity: [0.0059 0.0011]
  Solved in 713.6ms | energy=-5.000034 | feasible=True
  phi after:  [17.1363 17.134 ]

--- Run Complete ---
Final core loads: [17.1363 17.134 ]
Load imbalance:   0.002296  (L_avg=17.1351)
Movable entities assigned: 65/65 | Fixed RT assignments: 0
Validating assembled global assignment...
Global assignment feasible: True
Global candidate energy:   -912.224743
Global brute-force skipped: None
