
--- Iterative Run Started at Tue Jul  7 15:30:55 2026 ---
Building Q_global...
QUBO Matrix completed in 0.0031s
Partitioning in Sub-QUBOs...
20 sub-QUBOs | sizes: [4, 4, 4, 4, 4, 4, 4, 4, 4, 4, 4, 4, 4, 4, 4, 4, 4, 4, 4, 4]
Starting Iterative Loop...

[Sub-QUBO 1/20] 4 entities | weight=3.8539
  phi before: [0. 0.]
  residual capacity: [17.2998 17.2998]
  Solved in 2392.8ms | energy=-145.916663 | feasible=True
  phi after:  [1.9292 1.9246]

[Sub-QUBO 2/20] 4 entities | weight=3.5993
  phi before: [1.9292 1.9246]
  residual capacity: [15.3705 15.3751]
  Solved in 2361.3ms | energy=-124.184579 | feasible=True
  phi after:  [3.7266 3.7265]

[Sub-QUBO 3/20] 4 entities | weight=3.4053
  phi before: [3.7266 3.7265]
  residual capacity: [13.5732 13.5732]
  Solved in 2328.0ms | energy=-106.642873 | feasible=True
  phi after:  [5.4254 5.433 ]

[Sub-QUBO 4/20] 4 entities | weight=3.2121
  phi before: [5.4254 5.433 ]
  residual capacity: [11.8744 11.8668]
  Solved in 2261.2ms | energy=-91.100458 | feasible=True
  phi after:  [7.0328 7.0378]

[Sub-QUBO 5/20] 4 entities | weight=2.8548
  phi before: [7.0328 7.0378]
  residual capacity: [10.267 10.262]
  Solved in 2315.3ms | energy=-74.530634 | feasible=True
  phi after:  [8.4631 8.4622]

[Sub-QUBO 6/20] 4 entities | weight=2.6284
  phi before: [8.4631 8.4622]
  residual capacity: [8.8367 8.8375]
  Solved in 2268.8ms | energy=-63.000866 | feasible=True
  phi after:  [9.7583 9.7954]

[Sub-QUBO 7/20] 4 entities | weight=2.3794
  phi before: [9.7583 9.7954]
  residual capacity: [7.5415 7.5043]
  Solved in 2389.5ms | energy=-52.969397 | feasible=True
  phi after:  [10.9582 10.9749]

[Sub-QUBO 8/20] 4 entities | weight=2.1266
  phi before: [10.9582 10.9749]
  residual capacity: [6.3416 6.3249]
  Solved in 2393.8ms | energy=-44.675114 | feasible=True
  phi after:  [12.0243 12.0354]

[Sub-QUBO 9/20] 4 entities | weight=1.9450
  phi before: [12.0243 12.0354]
  residual capacity: [5.2755 5.2644]
  Solved in 2444.9ms | energy=-38.608516 | feasible=True
  phi after:  [13.0011 13.0036]

[Sub-QUBO 10/20] 4 entities | weight=1.8230
  phi before: [13.0011 13.0036]
  residual capacity: [4.2987 4.2962]
  Solved in 2442.9ms | energy=-34.006743 | feasible=True
  phi after:  [13.9271 13.9006]

[Sub-QUBO 11/20] 4 entities | weight=1.4073
  phi before: [13.9271 13.9006]
  residual capacity: [3.3727 3.3992]
  Solved in 2385.1ms | energy=-28.540309 | feasible=True
  phi after:  [14.6197 14.6153]

[Sub-QUBO 12/20] 4 entities | weight=1.2342
  phi before: [14.6197 14.6153]
  residual capacity: [2.6801 2.6844]
  Solved in 2407.2ms | energy=-25.859402 | feasible=True
  phi after:  [15.2301 15.2392]

[Sub-QUBO 13/20] 4 entities | weight=1.0050
  phi before: [15.2301 15.2392]
  residual capacity: [2.0697 2.0606]
  Solved in 2407.9ms | energy=-23.645782 | feasible=True
  phi after:  [15.7425 15.7318]

[Sub-QUBO 14/20] 4 entities | weight=0.8246
  phi before: [15.7425 15.7318]
  residual capacity: [1.5573 1.568 ]
  Solved in 2407.1ms | energy=-22.237295 | feasible=True
  phi after:  [16.1492 16.1497]

[Sub-QUBO 15/20] 4 entities | weight=0.7183
  phi before: [16.1492 16.1497]
  residual capacity: [1.1505 1.1501]
  Solved in 2323.1ms | energy=-21.394585 | feasible=True
  phi after:  [16.5121 16.5051]

[Sub-QUBO 16/20] 4 entities | weight=0.5634
  phi before: [16.5121 16.5051]
  residual capacity: [0.7877 0.7946]
  Solved in 2281.5ms | energy=-20.732762 | feasible=True
  phi after:  [16.7898 16.7908]

[Sub-QUBO 17/20] 4 entities | weight=0.4774
  phi before: [16.7898 16.7908]
  residual capacity: [0.51  0.509]
  Solved in 2307.7ms | energy=-20.371977 | feasible=True
  phi after:  [17.0456 17.0125]

[Sub-QUBO 18/20] 4 entities | weight=0.3047
  phi before: [17.0456 17.0125]
  residual capacity: [0.2542 0.2873]
  Solved in 2315.4ms | energy=-20.118964 | feasible=True
  phi after:  [17.1906 17.1721]

[Sub-QUBO 19/20] 4 entities | weight=0.1505
  phi before: [17.1906 17.1721]
  residual capacity: [0.1092 0.1277]
  Solved in 2315.3ms | energy=-20.024469 | feasible=True
  phi after:  [17.2533 17.2599]

[Sub-QUBO 20/20] 4 entities | weight=0.0864
  phi before: [17.2533 17.2599]
  residual capacity: [0.0465 0.0399]
  Solved in 2334.7ms | energy=-20.003746 | feasible=True
  phi after:  [17.2982 17.3013]

--- Run Complete ---
Final core loads: [17.2982 17.3013]
Load imbalance:   0.003093  (L_avg=17.2998)
Movable entities assigned: 80/80 | Fixed RT assignments: 0
Validating assembled global assignment...
Global assignment feasible: True
Global candidate energy:   -998.565134
Global brute-force skipped: None
