
--- Iterative Run Started at Tue Jul  7 15:30:02 2026 ---
Building Q_global...
QUBO Matrix completed in 0.0044s
Partitioning in Sub-QUBOs...
20 sub-QUBOs | sizes: [4, 4, 4, 4, 4, 4, 4, 4, 4, 4, 4, 4, 4, 4, 4, 4, 4, 4, 4, 4]
Starting Iterative Loop...

[Sub-QUBO 1/20] 4 entities | weight=3.8699
  phi before: [0. 0.]
  residual capacity: [21.0275 21.0275]
  Solved in 2331.6ms | energy=-175.259673 | feasible=True
  phi after:  [1.9431 1.9268]

[Sub-QUBO 2/20] 4 entities | weight=3.5917
  phi before: [1.9431 1.9268]
  residual capacity: [19.0844 19.1007]
  Solved in 2346.7ms | energy=-150.699250 | feasible=True
  phi after:  [3.7315 3.7301]

[Sub-QUBO 3/20] 4 entities | weight=3.4026
  phi before: [3.7315 3.7301]
  residual capacity: [17.296  17.2974]
  Solved in 2249.6ms | energy=-131.917241 | feasible=True
  phi after:  [5.4277 5.4364]

[Sub-QUBO 4/20] 4 entities | weight=3.3263
  phi before: [5.4277 5.4364]
  residual capacity: [15.5998 15.591 ]
  Solved in 2285.8ms | energy=-118.219152 | feasible=True
  phi after:  [7.0937 7.0968]

[Sub-QUBO 5/20] 4 entities | weight=3.2458
  phi before: [7.0937 7.0968]
  residual capacity: [13.9338 13.9307]
  Solved in 2484.7ms | energy=-105.173777 | feasible=True
  phi after:  [8.7184 8.7178]

[Sub-QUBO 6/20] 4 entities | weight=3.0422
  phi before: [8.7184 8.7178]
  residual capacity: [12.309  12.3097]
  Solved in 2372.9ms | energy=-90.266688 | feasible=True
  phi after:  [10.239  10.2394]

[Sub-QUBO 7/20] 4 entities | weight=2.7902
  phi before: [10.239  10.2394]
  residual capacity: [10.7885 10.7881]
  Solved in 2318.2ms | energy=-76.309185 | feasible=True
  phi after:  [11.6563 11.6123]

[Sub-QUBO 8/20] 4 entities | weight=2.5636
  phi before: [11.6563 11.6123]
  residual capacity: [9.3712 9.4152]
  Solved in 2275.2ms | energy=-64.875963 | feasible=True
  phi after:  [12.9112 12.9209]

[Sub-QUBO 9/20] 4 entities | weight=2.3288
  phi before: [12.9112 12.9209]
  residual capacity: [8.1162 8.1065]
  Solved in 2270.0ms | energy=-55.067979 | feasible=True
  phi after:  [14.0858 14.0752]

[Sub-QUBO 10/20] 4 entities | weight=2.1104
  phi before: [14.0858 14.0752]
  residual capacity: [6.9417 6.9523]
  Solved in 2228.9ms | energy=-47.095485 | feasible=True
  phi after:  [15.1292 15.1422]

[Sub-QUBO 11/20] 4 entities | weight=1.9434
  phi before: [15.1292 15.1422]
  residual capacity: [5.8983 5.8853]
  Solved in 2218.7ms | energy=-41.011477 | feasible=True
  phi after:  [16.1064 16.1084]

[Sub-QUBO 12/20] 4 entities | weight=1.8025
  phi before: [16.1064 16.1084]
  residual capacity: [4.9211 4.9191]
  Solved in 2199.6ms | energy=-36.112044 | feasible=True
  phi after:  [17.014  17.0033]

[Sub-QUBO 13/20] 4 entities | weight=1.6051
  phi before: [17.014  17.0033]
  residual capacity: [4.0135 4.0242]
  Solved in 2452.6ms | energy=-31.613347 | feasible=True
  phi after:  [17.8108 17.8116]

[Sub-QUBO 14/20] 4 entities | weight=1.3525
  phi before: [17.8108 17.8116]
  residual capacity: [3.2167 3.2159]
  Solved in 2419.8ms | energy=-27.785519 | feasible=True
  phi after:  [18.4885 18.4864]

[Sub-QUBO 15/20] 4 entities | weight=1.2866
  phi before: [18.4885 18.4864]
  residual capacity: [2.539  2.5411]
  Solved in 2425.2ms | energy=-25.708407 | feasible=True
  phi after:  [19.128  19.1335]

[Sub-QUBO 16/20] 4 entities | weight=1.0930
  phi before: [19.128  19.1335]
  residual capacity: [1.8994 1.894 ]
  Solved in 2319.2ms | energy=-23.548861 | feasible=True
  phi after:  [19.6766 19.6779]

[Sub-QUBO 17/20] 4 entities | weight=0.9579
  phi before: [19.6766 19.6779]
  residual capacity: [1.3509 1.3496]
  Solved in 2501.0ms | energy=-22.128020 | feasible=True
  phi after:  [20.1586 20.1538]

[Sub-QUBO 18/20] 4 entities | weight=0.7044
  phi before: [20.1586 20.1538]
  residual capacity: [0.8689 0.8737]
  Solved in 2223.3ms | energy=-20.979399 | feasible=True
  phi after:  [20.5059 20.5109]

[Sub-QUBO 19/20] 4 entities | weight=0.5822
  phi before: [20.5059 20.5109]
  residual capacity: [0.5216 0.5166]
  Solved in 2248.8ms | energy=-20.434976 | feasible=True
  phi after:  [20.7995 20.7995]

[Sub-QUBO 20/20] 4 entities | weight=0.4560
  phi before: [20.7995 20.7995]
  residual capacity: [0.228 0.228]
  Solved in 2219.7ms | energy=-20.102956 | feasible=True
  phi after:  [21.05   21.0049]

--- Run Complete ---
Final core loads: [21.05   21.0049]
Load imbalance:   0.045088  (L_avg=21.0275)
Movable entities assigned: 80/80 | Fixed RT assignments: 0
Validating assembled global assignment...
Global assignment feasible: True
Global candidate energy:   -1284.309399
Global brute-force skipped: None
