
--- Iterative Run Started at Tue Jul  7 14:37:44 2026 ---
Building Q_global...
QUBO Matrix completed in 0.0002s
Partitioning in Sub-QUBOs...
5 sub-QUBOs | sizes: [4, 4, 4, 4, 4]
Starting Iterative Loop...

[Sub-QUBO 1/5] 4 entities | weight=3.6872
  phi before: [0. 0.]
  residual capacity: [5.8134 5.8134]
  Solved in 2313.8ms | energy=-56.072154 | feasible=True
  phi after:  [1.8336 1.8536]

[Sub-QUBO 2/5] 4 entities | weight=3.2532
  phi before: [1.8336 1.8536]
  residual capacity: [3.9798 3.9598]
  Solved in 2205.1ms | energy=-40.537539 | feasible=True
  phi after:  [3.4715 3.4688]

[Sub-QUBO 3/5] 4 entities | weight=2.7653
  phi before: [3.4715 3.4688]
  residual capacity: [2.3419 2.3446]
  Solved in 2256.4ms | energy=-29.133265 | feasible=True
  phi after:  [4.8154 4.8902]

[Sub-QUBO 4/5] 4 entities | weight=1.5370
  phi before: [4.8154 4.8902]
  residual capacity: [0.998  0.9232]
  Solved in 2218.3ms | energy=-21.774370 | feasible=True
  phi after:  [5.616  5.6266]

[Sub-QUBO 5/5] 4 entities | weight=0.3842
  phi before: [5.616  5.6266]
  residual capacity: [0.1974 0.1868]
  Solved in 2175.1ms | energy=-20.055792 | feasible=True
  phi after:  [5.9084 5.7184]

--- Run Complete ---
Final core loads: [5.9084 5.7184]
Load imbalance:   0.190071  (L_avg=5.8134)
Movable entities assigned: 20/20 | Fixed RT assignments: 0
Validating assembled global assignment...
Global assignment feasible: True
Global candidate energy:   -167.573121
Global optimum energy:     -167.591184
Globally optimal:          False
