
--- Iterative Run Started at Tue Jul  7 14:43:03 2026 ---
Building Q_global...
QUBO Matrix completed in 0.0004s
Partitioning in Sub-QUBOs...
7 sub-QUBOs | sizes: [4, 4, 4, 4, 4, 4, 1]
Starting Iterative Loop...

[Sub-QUBO 1/7] 4 entities | weight=3.5824
  phi before: [0. 0.]
  residual capacity: [5.5126 5.5126]
  Solved in 2292.9ms | energy=-53.079552 | feasible=True
  phi after:  [1.8011 1.7813]

[Sub-QUBO 2/7] 4 entities | weight=2.6306
  phi before: [1.8011 1.7813]
  residual capacity: [3.7115 3.7314]
  Solved in 2268.8ms | energy=-36.113477 | feasible=True
  phi after:  [3.0522 3.1607]

[Sub-QUBO 3/7] 4 entities | weight=1.7309
  phi before: [3.0522 3.1607]
  residual capacity: [2.4604 2.3519]
  Solved in 2213.2ms | energy=-26.837540 | feasible=True
  phi after:  [3.9691 3.9748]

[Sub-QUBO 4/7] 4 entities | weight=1.3898
  phi before: [3.9691 3.9748]
  residual capacity: [1.5435 1.5379]
  Solved in 2225.6ms | energy=-23.316799 | feasible=True
  phi after:  [4.6674 4.6662]

[Sub-QUBO 5/7] 4 entities | weight=1.0390
  phi before: [4.6674 4.6662]
  residual capacity: [0.8452 0.8464]
  Solved in 2234.5ms | energy=-21.217745 | feasible=True
  phi after:  [5.1805 5.1922]

[Sub-QUBO 6/7] 4 entities | weight=0.6358
  phi before: [5.1805 5.1922]
  residual capacity: [0.3321 0.3204]
  Solved in 2235.7ms | energy=-20.212003 | feasible=True
  phi after:  [5.5246 5.4839]

[Sub-QUBO 7/7] 1 entities | weight=0.0168
  phi before: [5.5246 5.4839]
  residual capacity: [-0.012   0.0287]
  Solved in 691.2ms | energy=-5.000683 | feasible=True
  phi after:  [5.5246 5.5007]

--- Run Complete ---
Final core loads: [5.5246 5.5007]
Load imbalance:   0.023905  (L_avg=5.5126)
Movable entities assigned: 25/25 | Fixed RT assignments: 0
Validating assembled global assignment...
Global assignment feasible: True
Global candidate energy:   -185.777798
Global brute-force skipped: None
