
--- Iterative Run Started at Tue Jul  7 14:41:25 2026 ---
Building Q_global...
QUBO Matrix completed in 0.0003s
Partitioning in Sub-QUBOs...
7 sub-QUBOs | sizes: [4, 4, 4, 4, 4, 4, 1]
Starting Iterative Loop...

[Sub-QUBO 1/7] 4 entities | weight=3.4484
  phi before: [0. 0.]
  residual capacity: [5.956 5.956]
  Solved in 2291.8ms | energy=-55.130876 | feasible=True
  phi after:  [1.7054 1.743 ]

[Sub-QUBO 2/7] 4 entities | weight=2.7384
  phi before: [1.7054 1.743 ]
  residual capacity: [4.2505 4.213 ]
  Solved in 2243.7ms | energy=-39.427395 | feasible=True
  phi after:  [3.0914 3.0954]

[Sub-QUBO 3/7] 4 entities | weight=2.3066
  phi before: [3.0914 3.0954]
  residual capacity: [2.8645 2.8606]
  Solved in 2256.6ms | energy=-30.545313 | feasible=True
  phi after:  [4.2538 4.2396]

[Sub-QUBO 4/7] 4 entities | weight=1.5930
  phi before: [4.2538 4.2396]
  residual capacity: [1.7022 1.7163]
  Solved in 2399.4ms | energy=-24.176712 | feasible=True
  phi after:  [5.0324 5.054 ]

[Sub-QUBO 5/7] 4 entities | weight=1.1532
  phi before: [5.0324 5.054 ]
  residual capacity: [0.9236 0.9019]
  Solved in 2517.9ms | energy=-21.440411 | feasible=True
  phi after:  [5.6255 5.6141]

[Sub-QUBO 6/7] 4 entities | weight=0.6171
  phi before: [5.6255 5.6141]
  residual capacity: [0.3305 0.3418]
  Solved in 2424.3ms | energy=-20.223399 | feasible=True
  phi after:  [5.9047 5.9521]

[Sub-QUBO 7/7] 1 entities | weight=0.0551
  phi before: [5.9047 5.9521]
  residual capacity: [0.0513 0.0039]
  Solved in 777.9ms | energy=-5.002615 | feasible=True
  phi after:  [5.9598 5.9521]

--- Run Complete ---
Final core loads: [5.9598 5.9521]
Load imbalance:   0.007729  (L_avg=5.9560)
Movable entities assigned: 25/25 | Fixed RT assignments: 0
Validating assembled global assignment...
Global assignment feasible: True
Global candidate energy:   -195.946722
Global brute-force skipped: None
