
--- Iterative Run Started at Tue Jul  7 14:39:44 2026 ---
Building Q_global...
QUBO Matrix completed in 0.0003s
Partitioning in Sub-QUBOs...
5 sub-QUBOs | sizes: [4, 4, 4, 4, 4]
Starting Iterative Loop...

[Sub-QUBO 1/5] 4 entities | weight=3.6723
  phi before: [0. 0.]
  residual capacity: [4.9144 4.9144]
  Solved in 2269.1ms | energy=-49.351516 | feasible=True
  phi after:  [1.839  1.8333]

[Sub-QUBO 2/5] 4 entities | weight=2.8530
  phi before: [1.839  1.8333]
  residual capacity: [3.0754 3.0812]
  Solved in 2415.2ms | energy=-33.492022 | feasible=True
  phi after:  [3.2263 3.299 ]

[Sub-QUBO 3/5] 4 entities | weight=2.0141
  phi before: [3.2263 3.299 ]
  residual capacity: [1.6881 1.6154]
  Solved in 2350.0ms | energy=-24.627886 | feasible=True
  phi after:  [4.2785 4.2608]

[Sub-QUBO 4/5] 4 entities | weight=0.9745
  phi before: [4.2785 4.2608]
  residual capacity: [0.6359 0.6536]
  Solved in 2172.7ms | energy=-20.781443 | feasible=True
  phi after:  [4.7413 4.7725]

[Sub-QUBO 5/5] 4 entities | weight=0.3150
  phi before: [4.7413 4.7725]
  residual capacity: [0.1731 0.1419]
  Solved in 2214.3ms | energy=-20.050083 | feasible=True
  phi after:  [4.918  4.9109]

--- Run Complete ---
Final core loads: [4.918  4.9109]
Load imbalance:   0.007121  (L_avg=4.9144)
Movable entities assigned: 20/20 | Fixed RT assignments: 0
Validating assembled global assignment...
Global assignment feasible: True
Global candidate energy:   -148.302951
Global optimum energy:     -148.302976
Globally optimal:          False
