
--- Iterative Run Started at Tue Jul  7 14:38:00 2026 ---
Building Q_global...
QUBO Matrix completed in 0.0002s
Partitioning in Sub-QUBOs...
5 sub-QUBOs | sizes: [4, 4, 4, 4, 4]
Starting Iterative Loop...

[Sub-QUBO 1/5] 4 entities | weight=3.7529
  phi before: [0. 0.]
  residual capacity: [5.9465 5.9465]
  Solved in 2312.1ms | energy=-57.590589 | feasible=True
  phi after:  [1.8635 1.8894]

[Sub-QUBO 2/5] 4 entities | weight=3.3226
  phi before: [1.8635 1.8894]
  residual capacity: [4.083 4.057]
  Solved in 2226.9ms | energy=-41.526797 | feasible=True
  phi after:  [3.5336 3.5419]

[Sub-QUBO 3/5] 4 entities | weight=2.7637
  phi before: [3.5336 3.5419]
  residual capacity: [2.4128 2.4046]
  Solved in 2260.1ms | energy=-29.490189 | feasible=True
  phi after:  [4.9683 4.8709]

[Sub-QUBO 4/5] 4 entities | weight=1.4842
  phi before: [4.9683 4.8709]
  residual capacity: [0.9782 1.0755]
  Solved in 2227.3ms | energy=-21.950043 | feasible=True
  phi after:  [5.6888 5.6347]

[Sub-QUBO 5/5] 4 entities | weight=0.5695
  phi before: [5.6888 5.6347]
  residual capacity: [0.2577 0.3118]
  Solved in 2209.9ms | energy=-20.162580 | feasible=True
  phi after:  [5.9697 5.9233]

--- Run Complete ---
Final core loads: [5.9697 5.9233]
Load imbalance:   0.046368  (L_avg=5.9465)
Movable entities assigned: 20/20 | Fixed RT assignments: 0
Validating assembled global assignment...
Global assignment feasible: True
Global candidate energy:   -170.720198
Global optimum energy:     -170.721273
Globally optimal:          False
