
--- Iterative Run Started at Tue Jul  7 14:41:42 2026 ---
Building Q_global...
QUBO Matrix completed in 0.0003s
Partitioning in Sub-QUBOs...
7 sub-QUBOs | sizes: [4, 4, 4, 4, 4, 4, 1]
Starting Iterative Loop...

[Sub-QUBO 1/7] 4 entities | weight=3.6227
  phi before: [0. 0.]
  residual capacity: [5.8702 5.8702]
  Solved in 2765.9ms | energy=-55.967483 | feasible=True
  phi after:  [1.7747 1.848 ]

[Sub-QUBO 2/7] 4 entities | weight=2.8172
  phi before: [1.7747 1.848 ]
  residual capacity: [4.0955 4.0222]
  Solved in 2328.7ms | energy=-38.903227 | feasible=True
  phi after:  [3.2088 3.2311]

[Sub-QUBO 3/7] 4 entities | weight=2.1648
  phi before: [3.2088 3.2311]
  residual capacity: [2.6614 2.6391]
  Solved in 2397.7ms | energy=-29.131457 | feasible=True
  phi after:  [4.3077 4.297 ]

[Sub-QUBO 4/7] 4 entities | weight=1.5690
  phi before: [4.3077 4.297 ]
  residual capacity: [1.5625 1.5733]
  Solved in 2474.9ms | energy=-23.687122 | feasible=True
  phi after:  [5.0548 5.1188]

[Sub-QUBO 5/7] 4 entities | weight=1.1121
  phi before: [5.0548 5.1188]
  residual capacity: [0.8154 0.7514]
  Solved in 2387.0ms | energy=-21.126073 | feasible=True
  phi after:  [5.6374 5.6483]

[Sub-QUBO 6/7] 4 entities | weight=0.4532
  phi before: [5.6374 5.6483]
  residual capacity: [0.2328 0.2219]
  Solved in 2322.3ms | energy=-20.103070 | feasible=True
  phi after:  [5.8828 5.8561]

[Sub-QUBO 7/7] 1 entities | weight=0.0015
  phi before: [5.8828 5.8561]
  residual capacity: [-0.0126  0.0141]
  Solved in 748.3ms | energy=-5.000040 | feasible=True
  phi after:  [5.8828 5.8576]

--- Run Complete ---
Final core loads: [5.8828 5.8576]
Load imbalance:   0.025163  (L_avg=5.8702)
Movable entities assigned: 25/25 | Fixed RT assignments: 0
Validating assembled global assignment...
Global assignment feasible: True
Global candidate energy:   -193.918472
Global brute-force skipped: None
