
--- Iterative Run Started at Tue Jul  7 14:48:02 2026 ---
Building Q_global...
QUBO Matrix completed in 0.0005s
Partitioning in Sub-QUBOs...
8 sub-QUBOs | sizes: [4, 4, 4, 4, 4, 4, 4, 2]
Starting Iterative Loop...

[Sub-QUBO 1/8] 4 entities | weight=3.7665
  phi before: [0. 0.]
  residual capacity: [7.6738 7.6738]
  Solved in 2290.6ms | energy=-70.712915 | feasible=True
  phi after:  [1.8719 1.8946]

[Sub-QUBO 2/8] 4 entities | weight=3.4662
  phi before: [1.8719 1.8946]
  residual capacity: [5.8019 5.7792]
  Solved in 2295.1ms | energy=-54.135004 | feasible=True
  phi after:  [3.6141 3.6185]

[Sub-QUBO 3/8] 4 entities | weight=2.9688
  phi before: [3.6141 3.6185]
  residual capacity: [4.0596 4.0553]
  Solved in 2209.3ms | energy=-39.684720 | feasible=True
  phi after:  [5.1013 5.1002]

[Sub-QUBO 4/8] 4 entities | weight=2.2163
  phi before: [5.1013 5.1002]
  residual capacity: [2.5725 2.5736]
  Solved in 2235.3ms | energy=-28.946629 | feasible=True
  phi after:  [6.1722 6.2456]

[Sub-QUBO 5/8] 4 entities | weight=1.6192
  phi before: [6.1722 6.2456]
  residual capacity: [1.5016 1.4282]
  Solved in 2255.2ms | energy=-23.435655 | feasible=True
  phi after:  [7.0156 7.0214]

[Sub-QUBO 6/8] 4 entities | weight=1.0191
  phi before: [7.0156 7.0214]
  residual capacity: [0.6582 0.6524]
  Solved in 2269.5ms | energy=-20.816340 | feasible=True
  phi after:  [7.5287 7.5273]

[Sub-QUBO 7/8] 4 entities | weight=0.2277
  phi before: [7.5287 7.5273]
  residual capacity: [0.145  0.1465]
  Solved in 2261.6ms | energy=-20.040452 | feasible=True
  phi after:  [7.6417 7.6421]

[Sub-QUBO 8/8] 2 entities | weight=0.0638
  phi before: [7.6417 7.6421]
  residual capacity: [0.0321 0.0317]
  Solved in 1049.1ms | energy=-10.001686 | feasible=True
  phi after:  [7.687  7.6606]

--- Run Complete ---
Final core loads: [7.687  7.6606]
Load imbalance:   0.026403  (L_avg=7.6738)
Movable entities assigned: 30/30 | Fixed RT assignments: 0
Validating assembled global assignment...
Global assignment feasible: True
Global candidate energy:   -267.773400
Global brute-force skipped: None
