
--- Iterative Run Started at Tue Jul  7 14:51:32 2026 ---
Building Q_global...
QUBO Matrix completed in 0.0005s
Partitioning in Sub-QUBOs...
8 sub-QUBOs | sizes: [4, 4, 4, 4, 4, 4, 4, 2]
Starting Iterative Loop...

[Sub-QUBO 1/8] 4 entities | weight=3.7739
  phi before: [0. 0.]
  residual capacity: [7.51 7.51]
  Solved in 2188.9ms | energy=-69.561337 | feasible=True
  phi after:  [1.8596 1.9143]

[Sub-QUBO 2/8] 4 entities | weight=3.1215
  phi before: [1.8596 1.9143]
  residual capacity: [5.6504 5.5957]
  Solved in 2198.1ms | energy=-50.233616 | feasible=True
  phi after:  [3.4315 3.464 ]

[Sub-QUBO 3/8] 4 entities | weight=2.6557
  phi before: [3.4315 3.464 ]
  residual capacity: [4.0785 4.046 ]
  Solved in 2353.7ms | energy=-38.050629 | feasible=True
  phi after:  [4.7741 4.7771]

[Sub-QUBO 4/8] 4 entities | weight=2.1406
  phi before: [4.7741 4.7771]
  residual capacity: [2.7359 2.7329]
  Solved in 2620.6ms | energy=-29.409036 | feasible=True
  phi after:  [5.9021 5.7897]

[Sub-QUBO 5/8] 4 entities | weight=1.6006
  phi before: [5.9021 5.7897]
  residual capacity: [1.6079 1.7203]
  Solved in 2295.1ms | energy=-24.047863 | feasible=True
  phi after:  [6.6942 6.5982]

[Sub-QUBO 6/8] 4 entities | weight=1.1102
  phi before: [6.6942 6.5982]
  residual capacity: [0.8158 0.9118]
  Solved in 2536.8ms | energy=-21.305225 | feasible=True
  phi after:  [7.1783 7.2243]

[Sub-QUBO 7/8] 4 entities | weight=0.5514
  phi before: [7.1783 7.2243]
  residual capacity: [0.3317 0.2857]
  Solved in 2526.8ms | energy=-20.189416 | feasible=True
  phi after:  [7.4806 7.4734]

[Sub-QUBO 8/8] 2 entities | weight=0.0660
  phi before: [7.4806 7.4734]
  residual capacity: [0.0294 0.0366]
  Solved in 1034.1ms | energy=-10.002083 | feasible=True
  phi after:  [7.5023 7.5177]

--- Run Complete ---
Final core loads: [7.5023 7.5177]
Load imbalance:   0.015392  (L_avg=7.5100)
Movable entities assigned: 30/30 | Fixed RT assignments: 0
Validating assembled global assignment...
Global assignment feasible: True
Global candidate energy:   -262.799205
Global brute-force skipped: None
