
--- Iterative Run Started at Tue Jul  7 15:01:00 2026 ---
Building Q_global...
QUBO Matrix completed in 0.0008s
Partitioning in Sub-QUBOs...
10 sub-QUBOs | sizes: [4, 4, 4, 4, 4, 4, 4, 4, 4, 4]
Starting Iterative Loop...

[Sub-QUBO 1/10] 4 entities | weight=3.7260
  phi before: [0. 0.]
  residual capacity: [10.9753 10.9753]
  Solved in 2225.7ms | energy=-94.845632 | feasible=True
  phi after:  [1.8539 1.872 ]

[Sub-QUBO 2/10] 4 entities | weight=3.4354
  phi before: [1.8539 1.872 ]
  residual capacity: [9.1213 9.1032]
  Solved in 2229.1ms | energy=-76.706954 | feasible=True
  phi after:  [3.5875 3.5739]

[Sub-QUBO 3/10] 4 entities | weight=3.0378
  phi before: [3.5875 3.5739]
  residual capacity: [7.3878 7.4014]
  Solved in 2177.1ms | energy=-60.312780 | feasible=True
  phi after:  [5.0866 5.1125]

[Sub-QUBO 4/10] 4 entities | weight=2.6855
  phi before: [5.0866 5.1125]
  residual capacity: [5.8886 5.8627]
  Solved in 2260.3ms | energy=-47.952725 | feasible=True
  phi after:  [6.4462 6.4385]

[Sub-QUBO 5/10] 4 entities | weight=2.3162
  phi before: [6.4462 6.4385]
  residual capacity: [4.529  4.5368]
  Solved in 2229.2ms | energy=-38.316099 | feasible=True
  phi after:  [7.5989 7.6021]

[Sub-QUBO 6/10] 4 entities | weight=1.9830
  phi before: [7.5989 7.6021]
  residual capacity: [3.3764 3.3732]
  Solved in 2217.4ms | energy=-31.418046 | feasible=True
  phi after:  [8.5973 8.5866]

[Sub-QUBO 7/10] 4 entities | weight=1.7653
  phi before: [8.5973 8.5866]
  residual capacity: [2.378  2.3886]
  Solved in 2158.2ms | energy=-26.856491 | feasible=True
  phi after:  [9.4757 9.4735]

[Sub-QUBO 8/10] 4 entities | weight=1.6290
  phi before: [9.4757 9.4735]
  residual capacity: [1.4996 1.5017]
  Solved in 2188.5ms | energy=-23.561851 | feasible=True
  phi after:  [10.2746 10.3036]

[Sub-QUBO 9/10] 4 entities | weight=1.0637
  phi before: [10.2746 10.3036]
  residual capacity: [0.7007 0.6717]
  Solved in 2184.7ms | energy=-20.891370 | feasible=True
  phi after:  [10.8601 10.7817]

[Sub-QUBO 10/10] 4 entities | weight=0.3087
  phi before: [10.8601 10.7817]
  residual capacity: [0.1151 0.1935]
  Solved in 2196.7ms | energy=-20.050675 | feasible=True
  phi after:  [10.9711 10.9794]

--- Run Complete ---
Final core loads: [10.9711 10.9794]
Load imbalance:   0.008237  (L_avg=10.9753)
Movable entities assigned: 40/40 | Fixed RT assignments: 0
Validating assembled global assignment...
Global assignment feasible: True
Global candidate energy:   -440.912623
Global brute-force skipped: None
