
--- Iterative Run Started at Tue Jul  7 15:07:33 2026 ---
Building Q_global...
QUBO Matrix completed in 0.0013s
Partitioning in Sub-QUBOs...
13 sub-QUBOs | sizes: [4, 4, 4, 4, 4, 4, 4, 4, 4, 4, 4, 4, 2]
Starting Iterative Loop...

[Sub-QUBO 1/13] 4 entities | weight=3.8539
  phi before: [0. 0.]
  residual capacity: [11.5292 11.5292]
  Solved in 2379.5ms | energy=-101.438471 | feasible=True
  phi after:  [1.9292 1.9246]

[Sub-QUBO 2/13] 4 entities | weight=3.5708
  phi before: [1.9292 1.9246]
  residual capacity: [9.6    9.6046]
  Solved in 2521.3ms | energy=-82.200846 | feasible=True
  phi after:  [3.7027 3.722 ]

[Sub-QUBO 3/13] 4 entities | weight=3.1043
  phi before: [3.7027 3.722 ]
  residual capacity: [7.8265 7.8072]
  Solved in 2294.7ms | energy=-63.712485 | feasible=True
  phi after:  [5.293  5.2361]

[Sub-QUBO 4/13] 4 entities | weight=2.6284
  phi before: [5.293  5.2361]
  residual capacity: [6.2363 6.2931]
  Solved in 2235.4ms | energy=-49.480080 | feasible=True
  phi after:  [6.5777 6.5798]

[Sub-QUBO 5/13] 4 entities | weight=2.2959
  phi before: [6.5777 6.5798]
  residual capacity: [4.9515 4.9494]
  Solved in 2392.0ms | energy=-40.095959 | feasible=True
  phi after:  [7.7283 7.7252]

[Sub-QUBO 6/13] 4 entities | weight=2.0067
  phi before: [7.7283 7.7252]
  residual capacity: [3.801  3.8041]
  Solved in 2190.8ms | energy=-33.247390 | feasible=True
  phi after:  [8.7243 8.7358]

[Sub-QUBO 7/13] 4 entities | weight=1.7349
  phi before: [8.7243 8.7358]
  residual capacity: [2.805  2.7934]
  Solved in 2361.4ms | energy=-28.206675 | feasible=True
  phi after:  [9.6213 9.5737]

[Sub-QUBO 8/13] 4 entities | weight=1.3155
  phi before: [9.6213 9.5737]
  residual capacity: [1.9079 1.9555]
  Solved in 2422.5ms | energy=-24.218150 | feasible=True
  phi after:  [10.2517 10.2588]

[Sub-QUBO 9/13] 4 entities | weight=0.9323
  phi before: [10.2517 10.2588]
  residual capacity: [1.2775 1.2704]
  Solved in 2255.3ms | energy=-21.940625 | feasible=True
  phi after:  [10.7315 10.7113]

[Sub-QUBO 10/13] 4 entities | weight=0.7107
  phi before: [10.7315 10.7113]
  residual capacity: [0.7977 0.818 ]
  Solved in 2357.0ms | energy=-20.895927 | feasible=True
  phi after:  [11.0802 11.0733]

[Sub-QUBO 11/13] 4 entities | weight=0.5442
  phi before: [11.0802 11.0733]
  residual capacity: [0.449  0.4559]
  Solved in 2259.0ms | energy=-20.344412 | feasible=True
  phi after:  [11.348  11.3497]

[Sub-QUBO 12/13] 4 entities | weight=0.3152
  phi before: [11.348  11.3497]
  residual capacity: [0.1813 0.1795]
  Solved in 2258.9ms | energy=-20.064013 | feasible=True
  phi after:  [11.5096 11.5033]

[Sub-QUBO 13/13] 2 entities | weight=0.0456
  phi before: [11.5096 11.5033]
  residual capacity: [0.0196 0.0259]
  Solved in 1102.9ms | energy=-10.001043 | feasible=True
  phi after:  [11.5265 11.532 ]

--- Run Complete ---
Final core loads: [11.5265 11.532 ]
Load imbalance:   0.005494  (L_avg=11.5292)
Movable entities assigned: 50/50 | Fixed RT assignments: 0
Validating assembled global assignment...
Global assignment feasible: True
Global candidate energy:   -515.846076
Global brute-force skipped: None
