INITIATING QAOA SCHEDULING JOB
WORKLOAD:   8 processes on 2 cores
WEIGHTS:    1.360 total CPU load
QUBO CFG:   Penalty (P) = 5.0
QAOA CFG:   Layers (p) = 2 | Steps = 100 | η = 0.05 | Mixer = xy | Init γ/β = 0.5/0.5
----------------------------------------


--- Iterative Run Started at Fri Jun 26 16:31:10 2026 ---
Building Q_global...
QUBO Matrix completed in 0.0001s
Partitioning in Sub-QUBOs...
4 sub-QUBOs | sizes: [2, 2, 2, 2]
Starting Iterative Loop...

[Sub-QUBO 1/4] 2 entities | weight=0.5700
  phi before: [0. 0.]
  residual capacity: [0.68 0.68]
  Solved in 1078.5ms | energy=-10.612300 | feasible=True
  phi after:  [0.27 0.3 ]

[Sub-QUBO 2/4] 2 entities | weight=0.4000
  phi before: [0.27 0.3 ]
  residual capacity: [0.41 0.38]
  Solved in 1119.8ms | energy=-10.236400 | feasible=True
  phi after:  [0.49 0.48]

[Sub-QUBO 3/4] 2 entities | weight=0.2600
  phi before: [0.49 0.48]
  residual capacity: [0.19 0.2 ]
  Solved in 1264.2ms | energy=-10.067200 | feasible=True
  phi after:  [0.6  0.63]

[Sub-QUBO 4/4] 2 entities | weight=0.1300
  phi before: [0.6  0.63]
  residual capacity: [0.08 0.05]
  Solved in 1069.3ms | energy=-10.008900 | feasible=True
  phi after:  [0.68 0.68]

--- Run Complete ---
Final core loads: [0.68 0.68]
Load imbalance:   0.000000  (L_avg=0.6800)
Movable entities assigned: 8/8 | Fixed RT assignments: 0
Validating assembled global assignment...
Global assignment feasible: True
Global candidate energy:   -40.924800
Global optimum energy:     -40.924800
Globally optimal:          True
