INITIATING QAOA SCHEDULING JOB
WORKLOAD:   8 processes on 2 cores
WEIGHTS:    1.360 total CPU load
QUBO CFG:   Penalty (P) = 5.0
QAOA CFG:   Layers (p) = 1 | Steps = 100 | η = 0.1 | Mixer = xy | Init γ/β = 0.5/0.5
----------------------------------------


--- Raw Run Started at Sat Jun 27 18:39:17 2026 ---
Workload ID: None
Entities: [(1000, 0.3), (1001, 0.27), (1002, 0.22), (1003, 0.18), (1004, 0.15), (1005, 0.11), (1006, 0.08), (1007, 0.05)]
Building QUBO...
QUBO Matrix completed in 6.738999945810065e-05
QUBO solved in 3.6192158249996282

Core Assignment - Energy: -40.6360
Core Assignment - Feasible: True
Core Assignment - Assignments: {1000: 0, 1001: 1, 1002: 1, 1003: 1, 1004: 1, 1005: 1, 1006: 1, 1007: 1}
Core Assignment - Solve time: 3618.7ms
Validated in 1.9860211169998365
Core Assignment - Optimal: False
Core Assignment - Global energy: -40.9248

--- Final Schedule ---
  Entity 1000 (w=0.300) → core 0
  Entity 1001 (w=0.270) → core 1
  Entity 1002 (w=0.220) → core 1
  Entity 1003 (w=0.180) → core 1
  Entity 1004 (w=0.150) → core 1
  Entity 1005 (w=0.110) → core 1
  Entity 1006 (w=0.080) → core 1
  Entity 1007 (w=0.050) → core 1

Total solve time: 3618.707ms
