INITIATING QAOA SCHEDULING JOB
WORKLOAD:   6 processes on 2 cores
WEIGHTS:    1.000 total CPU load
QUBO CFG:   Penalty (P) = 5.0
QAOA CFG:   Layers (p) = 2 | Steps = 100 | η = 0.1 | Mixer = xy | Init γ/β = 0.5/0.5
----------------------------------------


--- Iterative Run Started at Sat Jun 27 18:34:38 2026 ---
Building Q_global...
QUBO Matrix completed in 0.0000s
Partitioning in Sub-QUBOs...
2 sub-QUBOs | sizes: [3, 3]
Starting Iterative Loop...

[Sub-QUBO 1/2] 3 entities | weight=0.9700
  phi before: [0. 0.]
  residual capacity: [0.5 0.5]
  Solved in 1496.4ms | energy=-15.048300 | feasible=True
  phi after:  [0.01 0.96]

[Sub-QUBO 2/2] 3 entities | weight=0.0300
  phi before: [0.01 0.96]
  residual capacity: [ 0.49 -0.46]
  Solved in 1522.3ms | energy=-15.028500 | feasible=True
  phi after:  [0.04 0.96]

--- Run Complete ---
Final core loads: [0.04 0.96]
Load imbalance:   0.920000  (L_avg=0.5000)
Movable entities assigned: 6/6 | Fixed RT assignments: 0
Validating assembled global assignment...
Global assignment feasible: True
Global candidate energy:   -30.076800
Global optimum energy:     -30.095000
Globally optimal:          False
