INITIATING QAOA SCHEDULING JOB
WORKLOAD:   6 processes on 2 cores
WEIGHTS:    1.000 total CPU load
QUBO CFG:   Penalty (P) = 5.0
QAOA CFG:   Layers (p) = 1 | Steps = 100 | η = 0.1 | Mixer = xy | Init γ/β = 0.5/0.5
----------------------------------------


--- Iterative Run Started at Sat Jun 27 18:31:24 2026 ---
Building Q_global...
QUBO Matrix completed in 0.0000s
Partitioning in Sub-QUBOs...
2 sub-QUBOs | sizes: [3, 3]
Starting Iterative Loop...

[Sub-QUBO 1/2] 3 entities | weight=0.8200
  phi before: [0. 0.]
  residual capacity: [0.5 0.5]
  Solved in 982.0ms | energy=-15.315600 | feasible=True
  phi after:  [0.7  0.12]

[Sub-QUBO 2/2] 3 entities | weight=0.1800
  phi before: [0.7  0.12]
  residual capacity: [-0.2   0.38]
  Solved in 976.5ms | energy=-15.104400 | feasible=True
  phi after:  [0.7 0.3]

--- Run Complete ---
Final core loads: [0.7 0.3]
Load imbalance:   0.400000  (L_avg=0.5000)
Movable entities assigned: 6/6 | Fixed RT assignments: 0
Validating assembled global assignment...
Global assignment feasible: True
Global candidate energy:   -30.420000
Global optimum energy:     -30.420000
Globally optimal:          True
