INITIATING QAOA SCHEDULING JOB
WORKLOAD:   8 processes on 2 cores
WEIGHTS:    1.000 total CPU load
QUBO CFG:   Penalty (P) = 5.0
QAOA CFG:   Layers (p) = 2 | Steps = 100 | η = 0.1 | Mixer = xy | Init γ/β = 0.5/0.5
----------------------------------------


--- Iterative Run Started at Sat Jun 27 19:12:38 2026 ---
Building Q_global...
QUBO Matrix completed in 0.0001s
Partitioning in Sub-QUBOs...
3 sub-QUBOs | sizes: [3, 3, 2]
Starting Iterative Loop...

[Sub-QUBO 1/3] 3 entities | weight=0.3750
  phi before: [0. 0.]
  residual capacity: [0.5 0.5]
  Solved in 1598.2ms | energy=-15.296875 | feasible=True
  phi after:  [0.125 0.25 ]

[Sub-QUBO 2/3] 3 entities | weight=0.3750
  phi before: [0.125 0.25 ]
  residual capacity: [0.375 0.25 ]
  Solved in 1609.6ms | energy=-15.171875 | feasible=True
  phi after:  [0.375 0.375]

[Sub-QUBO 3/3] 2 entities | weight=0.2500
  phi before: [0.375 0.375]
  residual capacity: [0.125 0.125]
  Solved in 918.6ms | energy=-10.031250 | feasible=True
  phi after:  [0.5 0.5]

--- Run Complete ---
Final core loads: [0.5 0.5]
Load imbalance:   0.000000  (L_avg=0.5000)
Movable entities assigned: 8/8 | Fixed RT assignments: 0
Validating assembled global assignment...
Global assignment feasible: True
Global candidate energy:   -40.500000
Global optimum energy:     -40.500000
Globally optimal:          True
