INITIATING QAOA SCHEDULING JOB
WORKLOAD:   2 processes on 2 cores
WEIGHTS:    1.000 total CPU load
QUBO CFG:   Penalty (P) = 5.0
QAOA CFG:   Layers (p) = 2 | Steps = 100 | η = 0.1 | Mixer = xy | Init γ/β = 0.5/0.5
----------------------------------------


--- Iterative Run Started at Sat Jun 27 19:08:25 2026 ---
Building Q_global...
QUBO Matrix completed in 0.0000s
Partitioning in Sub-QUBOs...
1 sub-QUBOs | sizes: [2]
Starting Iterative Loop...

[Sub-QUBO 1/1] 2 entities | weight=1.0000
  phi before: [0. 0.]
  residual capacity: [0.5 0.5]
  Solved in 868.9ms | energy=-10.500000 | feasible=True
  phi after:  [0.5 0.5]

--- Run Complete ---
Final core loads: [0.5 0.5]
Load imbalance:   0.000000  (L_avg=0.5000)
Movable entities assigned: 2/2 | Fixed RT assignments: 0
Validating assembled global assignment...
Global assignment feasible: True
Global candidate energy:   -10.500000
Global optimum energy:     -10.500000
Globally optimal:          True
