INITIATING QAOA SCHEDULING JOB
WORKLOAD:   4 processes on 2 cores
WEIGHTS:    1.000 total CPU load
QUBO CFG:   Penalty (P) = 0.175
QAOA CFG:   Layers (p) = 1 | Steps = 60 | η = 0.1 | Mixer = x | Init γ/β = 0.5/0.5
----------------------------------------


--- Raw Run Started at Fri Jul  3 16:58:11 2026 ---
Workload ID: None
Entities: [(1000, 0.15), (1001, 0.35), (1002, 0.25), (1003, 0.25)]
Building QUBO...
QUBO Matrix completed in 4.6660000407428015e-05
QUBO solved in 0.9821563659997992

Core Assignment - Energy: -1.2000
Core Assignment - Feasible: True
Core Assignment - Assignments: {1000: 1, 1001: 1, 1002: 0, 1003: 0}
Core Assignment - Solve time: 981.8ms
Validated in 0.004123917000470101
Core Assignment - Optimal: True
Core Assignment - Global energy: -1.2000

--- Final Schedule ---
  Entity 1000 (w=0.150) → core 1
  Entity 1001 (w=0.350) → core 1
  Entity 1002 (w=0.250) → core 0
  Entity 1003 (w=0.250) → core 0

Total solve time: 981.801ms
