INITIATING QAOA SCHEDULING JOB
WORKLOAD:   4 processes on 2 cores
WEIGHTS:    1.000 total CPU load
QUBO CFG:   Penalty (P) = 0.7
QAOA CFG:   Layers (p) = 1 | Steps = 60 | η = 0.1 | Mixer = xy | Init γ/β = 0.5/0.5
----------------------------------------


--- Raw Run Started at Fri Jul  3 16:58:56 2026 ---
Workload ID: None
Entities: [(1000, 0.7), (1001, 0.1), (1002, 0.1), (1003, 0.1)]
Building QUBO...
QUBO Matrix completed in 5.0970000302186236e-05
QUBO solved in 0.7614225890001762

Core Assignment - Energy: -2.8000
Core Assignment - Feasible: True
Core Assignment - Assignments: {1000: 0, 1001: 0, 1002: 0, 1003: 0}
Core Assignment - Solve time: 761.1ms
Validated in 0.004056175999721745
Core Assignment - Optimal: False
Core Assignment - Global energy: -3.2200

--- Final Schedule ---
  Entity 1000 (w=0.700) → core 0
  Entity 1001 (w=0.100) → core 0
  Entity 1002 (w=0.100) → core 0
  Entity 1003 (w=0.100) → core 0

Total solve time: 761.052ms
