
--- Iterative Run Started at Tue Jul  7 15:28:18 2026 ---
Building Q_global...
QUBO Matrix completed in 0.0030s
Partitioning in Sub-QUBOs...
20 sub-QUBOs | sizes: [4, 4, 4, 4, 4, 4, 4, 4, 4, 4, 4, 4, 4, 4, 4, 4, 4, 4, 4, 4]
Starting Iterative Loop...

[Sub-QUBO 1/20] 4 entities | weight=3.8995
  phi before: [0. 0.]
  residual capacity: [17.4605 17.4605]
  Solved in 2284.0ms | energy=-148.571494 | feasible=True
  phi after:  [1.9449 1.9546]

[Sub-QUBO 2/20] 4 entities | weight=3.5396
  phi before: [1.9449 1.9546]
  residual capacity: [15.5156 15.5058]
  Solved in 2342.4ms | energy=-123.540186 | feasible=True
  phi after:  [3.7233 3.7159]

[Sub-QUBO 3/20] 4 entities | weight=3.0697
  phi before: [3.7233 3.7159]
  residual capacity: [13.7372 13.7446]
  Solved in 2249.9ms | energy=-99.649281 | feasible=True
  phi after:  [5.2572 5.2517]

[Sub-QUBO 4/20] 4 entities | weight=2.7975
  phi before: [5.2572 5.2517]
  residual capacity: [12.2033 12.2088]
  Solved in 2334.2ms | energy=-84.379846 | feasible=True
  phi after:  [6.6348 6.6716]

[Sub-QUBO 5/20] 4 entities | weight=2.5051
  phi before: [6.6348 6.6716]
  residual capacity: [10.8256 10.7889]
  Solved in 2240.4ms | energy=-71.009724 | feasible=True
  phi after:  [7.9122 7.8993]

[Sub-QUBO 6/20] 4 entities | weight=2.4036
  phi before: [7.9122 7.8993]
  residual capacity: [9.5483 9.5611]
  Solved in 2264.6ms | energy=-63.043107 | feasible=True
  phi after:  [9.1074 9.1078]

[Sub-QUBO 7/20] 4 entities | weight=2.1087
  phi before: [9.1074 9.1078]
  residual capacity: [8.3531 8.3527]
  Solved in 2327.9ms | energy=-53.003546 | feasible=True
  phi after:  [10.1746 10.1492]

[Sub-QUBO 8/20] 4 entities | weight=1.9057
  phi before: [10.1746 10.1492]
  residual capacity: [7.2858 7.3113]
  Solved in 2281.3ms | energy=-46.002319 | feasible=True
  phi after:  [11.1138 11.1157]

[Sub-QUBO 9/20] 4 entities | weight=1.8104
  phi before: [11.1138 11.1157]
  residual capacity: [6.3467 6.3447]
  Solved in 2228.4ms | energy=-41.337440 | feasible=True
  phi after:  [12.022  12.0179]

[Sub-QUBO 10/20] 4 entities | weight=1.6593
  phi before: [12.022  12.0179]
  residual capacity: [5.4385 5.4426]
  Solved in 2328.6ms | energy=-36.678386 | feasible=True
  phi after:  [12.8488 12.8504]

[Sub-QUBO 11/20] 4 entities | weight=1.5322
  phi before: [12.8488 12.8504]
  residual capacity: [4.6117 4.61  ]
  Solved in 2225.2ms | energy=-32.955427 | feasible=True
  phi after:  [13.6149 13.6165]

[Sub-QUBO 12/20] 4 entities | weight=1.4502
  phi before: [13.6149 13.6165]
  residual capacity: [3.8456 3.844 ]
  Solved in 2300.5ms | energy=-30.099792 | feasible=True
  phi after:  [14.3521 14.3295]

[Sub-QUBO 13/20] 4 entities | weight=1.2939
  phi before: [14.3521 14.3295]
  residual capacity: [3.1084 3.1309]
  Solved in 2261.8ms | energy=-27.236233 | feasible=True
  phi after:  [14.9897 14.9858]

[Sub-QUBO 14/20] 4 entities | weight=1.1536
  phi before: [14.9897 14.9858]
  residual capacity: [2.4707 2.4747]
  Solved in 2251.4ms | energy=-25.039545 | feasible=True
  phi after:  [15.5562 15.573 ]

[Sub-QUBO 15/20] 4 entities | weight=1.0116
  phi before: [15.5562 15.573 ]
  residual capacity: [1.9043 1.8875]
  Solved in 2371.3ms | energy=-23.324192 | feasible=True
  phi after:  [16.0692 16.0715]

[Sub-QUBO 16/20] 4 entities | weight=0.8745
  phi before: [16.0692 16.0715]
  residual capacity: [1.3912 1.389 ]
  Solved in 2282.6ms | energy=-22.048869 | feasible=True
  phi after:  [16.5085 16.5067]

[Sub-QUBO 17/20] 4 entities | weight=0.7205
  phi before: [16.5085 16.5067]
  residual capacity: [0.952  0.9538]
  Solved in 2226.8ms | energy=-21.113472 | feasible=True
  phi after:  [16.8633 16.8724]

[Sub-QUBO 18/20] 4 entities | weight=0.5699
  phi before: [16.8633 16.8724]
  residual capacity: [0.5972 0.5881]
  Solved in 2191.3ms | energy=-20.513098 | feasible=True
  phi after:  [17.149  17.1566]

[Sub-QUBO 19/20] 4 entities | weight=0.4120
  phi before: [17.149  17.1566]
  residual capacity: [0.3115 0.3039]
  Solved in 2225.8ms | energy=-20.168670 | feasible=True
  phi after:  [17.3579 17.3597]

[Sub-QUBO 20/20] 4 entities | weight=0.2033
  phi before: [17.3579 17.3597]
  residual capacity: [0.1025 0.1008]
  Solved in 2237.4ms | energy=-20.020171 | feasible=True
  phi after:  [17.4446 17.4764]

--- Run Complete ---
Final core loads: [17.4446 17.4764]
Load imbalance:   0.031808  (L_avg=17.4605)
Movable entities assigned: 80/80 | Fixed RT assignments: 0
Validating assembled global assignment...
Global assignment feasible: True
Global candidate energy:   -1009.734799
Global brute-force skipped: None
