
--- Iterative Run Started at Tue Jul  7 15:40:32 2026 ---
Building Q_global...
QUBO Matrix completed in 0.0071s
Partitioning in Sub-QUBOs...
25 sub-QUBOs | sizes: [4, 4, 4, 4, 4, 4, 4, 4, 4, 4, 4, 4, 4, 4, 4, 4, 4, 4, 4, 4, 4, 4, 4, 4, 4]
Starting Iterative Loop...

[Sub-QUBO 1/25] 4 entities | weight=3.9179
  phi before: [0. 0.]
  residual capacity: [22.5908 22.5908]
  Solved in 2255.7ms | energy=-189.342620 | feasible=True
  phi after:  [1.9561 1.9618]

[Sub-QUBO 2/25] 4 entities | weight=3.7071
  phi before: [1.9561 1.9618]
  residual capacity: [20.6347 20.6291]
  Solved in 2227.9ms | energy=-166.096419 | feasible=True
  phi after:  [3.8157 3.8092]

[Sub-QUBO 3/25] 4 entities | weight=3.4412
  phi before: [3.8157 3.8092]
  residual capacity: [18.7751 18.7816]
  Solved in 2274.7ms | energy=-143.317507 | feasible=True
  phi after:  [5.52   5.5461]

[Sub-QUBO 4/25] 4 entities | weight=3.0575
  phi before: [5.52   5.5461]
  residual capacity: [17.0709 17.0447]
  Solved in 2211.3ms | energy=-119.633200 | feasible=True
  phi after:  [7.0558 7.0678]

[Sub-QUBO 5/25] 4 entities | weight=2.8590
  phi before: [7.0558 7.0678]
  residual capacity: [15.5351 15.523 ]
  Solved in 2254.1ms | energy=-104.707180 | feasible=True
  phi after:  [8.4915 8.491 ]

[Sub-QUBO 6/25] 4 entities | weight=2.5911
  phi before: [8.4915 8.491 ]
  residual capacity: [14.0993 14.0998]
  Solved in 2203.5ms | energy=-89.709412 | feasible=True
  phi after:  [9.7825 9.7912]

[Sub-QUBO 7/25] 4 entities | weight=2.4911
  phi before: [9.7825 9.7912]
  residual capacity: [12.8084 12.7997]
  Solved in 2314.4ms | energy=-80.689408 | feasible=True
  phi after:  [11.0297 11.0351]

[Sub-QUBO 8/25] 4 entities | weight=2.4238
  phi before: [11.0297 11.0351]
  residual capacity: [11.5612 11.5558]
  Solved in 2283.5ms | energy=-73.092563 | feasible=True
  phi after:  [12.245  12.2435]

[Sub-QUBO 9/25] 4 entities | weight=2.1973
  phi before: [12.245  12.2435]
  residual capacity: [10.3459 10.3473]
  Solved in 2291.5ms | energy=-63.055565 | feasible=True
  phi after:  [13.3414 13.3444]

[Sub-QUBO 10/25] 4 entities | weight=1.9478
  phi before: [13.3414 13.3444]
  residual capacity: [9.2494 9.2465]
  Solved in 2268.1ms | energy=-54.128977 | feasible=True
  phi after:  [14.3215 14.3121]

[Sub-QUBO 11/25] 4 entities | weight=1.8214
  phi before: [14.3215 14.3121]
  residual capacity: [8.2694 8.2787]
  Solved in 2301.7ms | energy=-48.481750 | feasible=True
  phi after:  [15.2304 15.2246]

[Sub-QUBO 12/25] 4 entities | weight=1.7834
  phi before: [15.2304 15.2246]
  residual capacity: [7.3604 7.3663]
  Solved in 2240.4ms | energy=-44.672885 | feasible=True
  phi after:  [16.1213 16.1171]

[Sub-QUBO 13/25] 4 entities | weight=1.6989
  phi before: [16.1213 16.1171]
  residual capacity: [6.4695 6.4738]
  Solved in 2259.3ms | energy=-40.545680 | feasible=True
  phi after:  [16.963  16.9742]

[Sub-QUBO 14/25] 4 entities | weight=1.5541
  phi before: [16.963  16.9742]
  residual capacity: [5.6279 5.6166]
  Solved in 2247.1ms | energy=-36.267326 | feasible=True
  phi after:  [17.7474 17.7439]

[Sub-QUBO 15/25] 4 entities | weight=1.4823
  phi before: [17.7474 17.7439]
  residual capacity: [4.8435 4.8469]
  Solved in 2205.5ms | energy=-33.265426 | feasible=True
  phi after:  [18.486  18.4876]

[Sub-QUBO 16/25] 4 entities | weight=1.3159
  phi before: [18.486  18.4876]
  residual capacity: [4.1049 4.1032]
  Solved in 2293.5ms | energy=-29.935073 | feasible=True
  phi after:  [19.1456 19.1439]

[Sub-QUBO 17/25] 4 entities | weight=1.2471
  phi before: [19.1456 19.1439]
  residual capacity: [3.4453 3.4469]
  Solved in 2302.4ms | energy=-27.817864 | feasible=True
  phi after:  [19.7676 19.7691]

[Sub-QUBO 18/25] 4 entities | weight=1.1372
  phi before: [19.7676 19.7691]
  residual capacity: [2.8233 2.8218]
  Solved in 2317.7ms | energy=-25.772953 | feasible=True
  phi after:  [20.3383 20.3355]

[Sub-QUBO 19/25] 4 entities | weight=1.0264
  phi before: [20.3383 20.3355]
  residual capacity: [2.2525 2.2553]
  Solved in 2499.9ms | energy=-24.100145 | feasible=True
  phi after:  [20.8509 20.8493]

[Sub-QUBO 20/25] 4 entities | weight=0.9224
  phi before: [20.8509 20.8493]
  residual capacity: [1.7399 1.7415]
  Solved in 2214.1ms | energy=-22.785941 | feasible=True
  phi after:  [21.3089 21.3137]

[Sub-QUBO 21/25] 4 entities | weight=0.7654
  phi before: [21.3089 21.3137]
  residual capacity: [1.2819 1.2771]
  Solved in 2233.4ms | energy=-21.665800 | feasible=True
  phi after:  [21.6957 21.6923]

[Sub-QUBO 22/25] 4 entities | weight=0.6602
  phi before: [21.6957 21.6923]
  residual capacity: [0.8951 0.8985]
  Solved in 2181.3ms | energy=-20.966171 | feasible=True
  phi after:  [22.0235 22.0248]

[Sub-QUBO 23/25] 4 entities | weight=0.5378
  phi before: [22.0235 22.0248]
  residual capacity: [0.5674 0.5661]
  Solved in 2322.0ms | energy=-20.464958 | feasible=True
  phi after:  [22.2925 22.2936]

[Sub-QUBO 24/25] 4 entities | weight=0.3923
  phi before: [22.2925 22.2936]
  residual capacity: [0.2984 0.2972]
  Solved in 2321.7ms | energy=-20.156697 | feasible=True
  phi after:  [22.4896 22.4888]

[Sub-QUBO 25/25] 4 entities | weight=0.2033
  phi before: [22.4896 22.4888]
  residual capacity: [0.1013 0.1021]
  Solved in 2354.1ms | energy=-20.020248 | feasible=True
  phi after:  [22.5762 22.6055]

--- Run Complete ---
Final core loads: [22.5762 22.6055]
Load imbalance:   0.029257  (L_avg=22.5908)
Movable entities assigned: 100/100 | Fixed RT assignments: 0
Validating assembled global assignment...
Global assignment feasible: True
Global candidate energy:   -1520.691767
Global brute-force skipped: None
