
--- Iterative Run Started at Tue Jul  7 15:10:17 2026 ---
Building Q_global...
QUBO Matrix completed in 0.0012s
Partitioning in Sub-QUBOs...
13 sub-QUBOs | sizes: [4, 4, 4, 4, 4, 4, 4, 4, 4, 4, 4, 4, 2]
Starting Iterative Loop...

[Sub-QUBO 1/13] 4 entities | weight=3.9106
  phi before: [0. 0.]
  residual capacity: [13.2933 13.2933]
  Solved in 2267.6ms | energy=-116.324247 | feasible=True
  phi after:  [1.9511 1.9595]

[Sub-QUBO 2/13] 4 entities | weight=3.7631
  phi before: [1.9511 1.9595]
  residual capacity: [11.3422 11.3339]
  Solved in 2334.7ms | energy=-98.250570 | feasible=True
  phi after:  [3.8525 3.8212]

[Sub-QUBO 3/13] 4 entities | weight=3.3988
  phi before: [3.8525 3.8212]
  residual capacity: [9.4408 9.4722]
  Solved in 2356.4ms | energy=-78.505348 | feasible=True
  phi after:  [5.5296 5.5429]

[Sub-QUBO 4/13] 4 entities | weight=2.9998
  phi before: [5.5296 5.5429]
  residual capacity: [7.7638 7.7505]
  Solved in 2387.2ms | energy=-62.040604 | feasible=True
  phi after:  [7.0301 7.0422]

[Sub-QUBO 5/13] 4 entities | weight=2.7405
  phi before: [7.0301 7.0422]
  residual capacity: [6.2633 6.2512]
  Solved in 2210.9ms | energy=-50.541027 | feasible=True
  phi after:  [8.405  8.4078]

[Sub-QUBO 6/13] 4 entities | weight=2.5654
  phi before: [8.405  8.4078]
  residual capacity: [4.8883 4.8856]
  Solved in 2289.3ms | energy=-41.783552 | feasible=True
  phi after:  [9.6898 9.6884]

[Sub-QUBO 7/13] 4 entities | weight=2.3310
  phi before: [9.6898 9.6884]
  residual capacity: [3.6035 3.6049]
  Solved in 2314.9ms | energy=-34.085712 | feasible=True
  phi after:  [10.8386 10.8707]

[Sub-QUBO 8/13] 4 entities | weight=1.6466
  phi before: [10.8386 10.8707]
  residual capacity: [2.4548 2.4227]
  Solved in 2215.6ms | energy=-26.676129 | feasible=True
  phi after:  [11.6767 11.6792]

[Sub-QUBO 9/13] 4 entities | weight=1.4911
  phi before: [11.6767 11.6792]
  residual capacity: [1.6166 1.6142]
  Solved in 2205.8ms | energy=-23.705546 | feasible=True
  phi after:  [12.4326 12.4143]

[Sub-QUBO 10/13] 4 entities | weight=0.9257
  phi before: [12.4326 12.4143]
  residual capacity: [0.8607 0.879 ]
  Solved in 2184.0ms | energy=-21.182069 | feasible=True
  phi after:  [12.8954 12.8772]

[Sub-QUBO 11/13] 4 entities | weight=0.5367
  phi before: [12.8954 12.8772]
  residual capacity: [0.3979 0.4161]
  Solved in 2253.5ms | energy=-20.292843 | feasible=True
  phi after:  [13.1445 13.1649]

[Sub-QUBO 12/13] 4 entities | weight=0.2490
  phi before: [13.1445 13.1649]
  residual capacity: [0.1489 0.1285]
  Solved in 2236.3ms | energy=-20.038261 | feasible=True
  phi after:  [13.279  13.2795]

[Sub-QUBO 13/13] 2 entities | weight=0.0283
  phi before: [13.279  13.2795]
  residual capacity: [0.0144 0.0139]
  Solved in 1083.8ms | energy=-10.000294 | feasible=True
  phi after:  [13.3006 13.2861]

--- Run Complete ---
Final core loads: [13.3006 13.2861]
Load imbalance:   0.014564  (L_avg=13.2933)
Movable entities assigned: 50/50 | Fixed RT assignments: 0
Validating assembled global assignment...
Global assignment feasible: True
Global candidate energy:   -603.426202
Global brute-force skipped: None
