
--- Iterative Run Started at Tue Jul  7 14:44:25 2026 ---
Building Q_global...
QUBO Matrix completed in 0.0003s
Partitioning in Sub-QUBOs...
7 sub-QUBOs | sizes: [4, 4, 4, 4, 4, 4, 1]
Starting Iterative Loop...

[Sub-QUBO 1/7] 4 entities | weight=3.8209
  phi before: [0. 0.]
  residual capacity: [7.2007 7.2007]
  Solved in 2572.2ms | energy=-67.725880 | feasible=True
  phi after:  [1.8952 1.9257]

[Sub-QUBO 2/7] 4 entities | weight=3.3518
  phi before: [1.8952 1.9257]
  residual capacity: [5.3054 5.275 ]
  Solved in 2419.8ms | energy=-49.846483 | feasible=True
  phi after:  [3.5777 3.595 ]

[Sub-QUBO 3/7] 4 entities | weight=3.1385
  phi before: [3.5777 3.595 ]
  residual capacity: [3.6229 3.6056]
  Solved in 2362.7ms | energy=-37.761870 | feasible=True
  phi after:  [5.1654 5.1458]

[Sub-QUBO 4/7] 4 entities | weight=2.1678
  phi before: [5.1654 5.1458]
  residual capacity: [2.0352 2.0548]
  Solved in 2321.6ms | energy=-26.516219 | feasible=True
  phi after:  [6.2215 6.2575]

[Sub-QUBO 5/7] 4 entities | weight=1.3948
  phi before: [6.2215 6.2575]
  residual capacity: [0.9791 0.9432]
  Solved in 2508.3ms | energy=-21.708963 | feasible=True
  phi after:  [6.9461 6.9277]

[Sub-QUBO 6/7] 4 entities | weight=0.5249
  phi before: [6.9461 6.9277]
  residual capacity: [0.2546 0.273 ]
  Solved in 2438.8ms | energy=-20.139276 | feasible=True
  phi after:  [7.1944 7.2043]

[Sub-QUBO 7/7] 1 entities | weight=0.0026
  phi before: [7.1944 7.2043]
  residual capacity: [ 0.0063 -0.0036]
  Solved in 834.0ms | energy=-5.000026 | feasible=True
  phi after:  [7.197  7.2043]

--- Run Complete ---
Final core loads: [7.197  7.2043]
Load imbalance:   0.007299  (L_avg=7.2007)
Movable entities assigned: 25/25 | Fixed RT assignments: 0
Validating assembled global assignment...
Global assignment feasible: True
Global candidate energy:   -228.698718
Global brute-force skipped: None
