
--- Iterative Run Started at Tue Jul  7 15:52:03 2026 ---
Building Q_global...
QUBO Matrix completed in 0.0083s
Partitioning in Sub-QUBOs...
33 sub-QUBOs | sizes: [4, 4, 4, 4, 4, 4, 4, 4, 4, 4, 4, 4, 4, 4, 4, 4, 4, 4, 4, 4, 4, 4, 4, 4, 4, 4, 4, 4, 4, 4, 4, 4, 2]
Starting Iterative Loop...

[Sub-QUBO 1/33] 4 entities | weight=3.9539
  phi before: [0. 0.]
  residual capacity: [33.4759 33.4759]
  Solved in 2275.6ms | energy=-276.904256 | feasible=True
  phi after:  [1.9805 1.9734]

[Sub-QUBO 2/33] 4 entities | weight=3.7870
  phi before: [1.9805 1.9734]
  residual capacity: [31.4954 31.5026]
  Solved in 2268.5ms | energy=-251.401939 | feasible=True
  phi after:  [3.8726 3.8683]

[Sub-QUBO 3/33] 4 entities | weight=3.7200
  phi before: [3.8726 3.8683]
  residual capacity: [29.6034 29.6076]
  Solved in 2302.7ms | energy=-233.344216 | feasible=True
  phi after:  [5.7312 5.7297]

[Sub-QUBO 4/33] 4 entities | weight=3.5625
  phi before: [5.7312 5.7297]
  residual capacity: [27.7447 27.7463]
  Solved in 2226.9ms | energy=-211.341211 | feasible=True
  phi after:  [7.5085 7.5148]

[Sub-QUBO 5/33] 4 entities | weight=3.4654
  phi before: [7.5085 7.5148]
  residual capacity: [25.9674 25.9611]
  Solved in 2275.0ms | energy=-193.949196 | feasible=True
  phi after:  [9.2451 9.2437]

[Sub-QUBO 6/33] 4 entities | weight=3.3948
  phi before: [9.2451 9.2437]
  residual capacity: [24.2308 24.2322]
  Solved in 2258.4ms | energy=-178.761022 | feasible=True
  phi after:  [10.9377 10.946 ]

[Sub-QUBO 7/33] 4 entities | weight=3.2688
  phi before: [10.9377 10.946 ]
  residual capacity: [22.5383 22.53  ]
  Solved in 2257.6ms | energy=-161.978053 | feasible=True
  phi after:  [12.5753 12.5771]

[Sub-QUBO 8/33] 4 entities | weight=3.2100
  phi before: [12.5753 12.5771]
  residual capacity: [20.9006 20.8988]
  Solved in 2238.6ms | energy=-149.025515 | feasible=True
  phi after:  [14.1814 14.1811]

[Sub-QUBO 9/33] 4 entities | weight=3.1315
  phi before: [14.1814 14.1811]
  residual capacity: [19.2945 19.2948]
  Solved in 2231.9ms | energy=-135.939360 | feasible=True
  phi after:  [15.7213 15.7727]

[Sub-QUBO 10/33] 4 entities | weight=2.8873
  phi before: [15.7213 15.7727]
  residual capacity: [17.7546 17.7032]
  Solved in 2338.9ms | energy=-118.210089 | feasible=True
  phi after:  [17.1825 17.1988]

[Sub-QUBO 11/33] 4 entities | weight=2.7955
  phi before: [17.1825 17.1988]
  residual capacity: [16.2935 16.2771]
  Solved in 2222.4ms | energy=-107.144996 | feasible=True
  phi after:  [18.5885 18.5884]

[Sub-QUBO 12/33] 4 entities | weight=2.7309
  phi before: [18.5885 18.5884]
  residual capacity: [14.8874 14.8876]
  Solved in 2215.0ms | energy=-97.582359 | feasible=True
  phi after:  [19.9519 19.9558]

[Sub-QUBO 13/33] 4 entities | weight=2.6347
  phi before: [19.9519 19.9558]
  residual capacity: [13.5241 13.5201]
  Solved in 2302.6ms | energy=-87.782236 | feasible=True
  phi after:  [21.2712 21.2712]

[Sub-QUBO 14/33] 4 entities | weight=2.4734
  phi before: [21.2712 21.2712]
  residual capacity: [12.2047 12.2048]
  Solved in 2293.1ms | energy=-77.315298 | feasible=True
  phi after:  [22.5007 22.5151]

[Sub-QUBO 15/33] 4 entities | weight=2.2182
  phi before: [22.5007 22.5151]
  residual capacity: [10.9753 10.9608]
  Solved in 2287.2ms | energy=-66.198687 | feasible=True
  phi after:  [23.6124 23.6216]

[Sub-QUBO 16/33] 4 entities | weight=2.0559
  phi before: [23.6124 23.6216]
  residual capacity: [9.8635 9.8544]
  Solved in 2285.1ms | energy=-58.424364 | feasible=True
  phi after:  [24.6459 24.644 ]

[Sub-QUBO 17/33] 4 entities | weight=1.9895
  phi before: [24.6459 24.644 ]
  residual capacity: [8.83  8.832]
  Solved in 2287.0ms | energy=-53.159757 | feasible=True
  phi after:  [25.6403 25.6391]

[Sub-QUBO 18/33] 4 entities | weight=1.8786
  phi before: [25.6403 25.6391]
  residual capacity: [7.8356 7.8368]
  Solved in 2261.6ms | energy=-47.677309 | feasible=True
  phi after:  [26.5756 26.5824]

[Sub-QUBO 19/33] 4 entities | weight=1.7673
  phi before: [26.5756 26.5824]
  residual capacity: [6.9004 6.8935]
  Solved in 2325.4ms | energy=-42.816054 | feasible=True
  phi after:  [27.4608 27.4645]

[Sub-QUBO 20/33] 4 entities | weight=1.6358
  phi before: [27.4608 27.4645]
  residual capacity: [6.0152 6.0114]
  Solved in 2203.1ms | energy=-38.335611 | feasible=True
  phi after:  [28.283  28.2781]

[Sub-QUBO 21/33] 4 entities | weight=1.5920
  phi before: [28.283  28.2781]
  residual capacity: [5.1929 5.1979]
  Solved in 2319.1ms | energy=-35.275247 | feasible=True
  phi after:  [29.0767 29.0765]

[Sub-QUBO 22/33] 4 entities | weight=1.5308
  phi before: [29.0767 29.0765]
  residual capacity: [4.3993 4.3995]
  Solved in 2455.3ms | energy=-32.297510 | feasible=True
  phi after:  [29.8405 29.8434]

[Sub-QUBO 23/33] 4 entities | weight=1.3742
  phi before: [29.8405 29.8434]
  residual capacity: [3.6354 3.6325]
  Solved in 2240.9ms | energy=-29.043271 | feasible=True
  phi after:  [30.5357 30.5224]

[Sub-QUBO 24/33] 4 entities | weight=1.2785
  phi before: [30.5357 30.5224]
  residual capacity: [2.9402 2.9535]
  Solved in 2215.7ms | energy=-26.717700 | feasible=True
  phi after:  [31.1695 31.1671]

[Sub-QUBO 25/33] 4 entities | weight=1.0941
  phi before: [31.1695 31.1671]
  residual capacity: [2.3065 2.3088]
  Solved in 2312.8ms | energy=-24.450970 | feasible=True
  phi after:  [31.7134 31.7173]

[Sub-QUBO 26/33] 4 entities | weight=0.9464
  phi before: [31.7134 31.7173]
  residual capacity: [1.7625 1.7586]
  Solved in 2355.9ms | energy=-22.884473 | feasible=True
  phi after:  [32.1881 32.189 ]

[Sub-QUBO 27/33] 4 entities | weight=0.8476
  phi before: [32.1881 32.189 ]
  residual capacity: [1.2879 1.2869]
  Solved in 2294.7ms | energy=-21.823214 | feasible=True
  phi after:  [32.6132 32.6115]

[Sub-QUBO 28/33] 4 entities | weight=0.6918
  phi before: [32.6132 32.6115]
  residual capacity: [0.8627 0.8645]
  Solved in 2234.1ms | energy=-20.955592 | feasible=True
  phi after:  [32.9581 32.9584]

[Sub-QUBO 29/33] 4 entities | weight=0.5022
  phi before: [32.9581 32.9584]
  residual capacity: [0.5178 0.5176]
  Solved in 2203.5ms | energy=-20.393805 | feasible=True
  phi after:  [33.2134 33.2052]

[Sub-QUBO 30/33] 4 entities | weight=0.2843
  phi before: [33.2134 33.2052]
  residual capacity: [0.2625 0.2707]
  Solved in 2235.7ms | energy=-20.111204 | feasible=True
  phi after:  [33.3511 33.3519]

[Sub-QUBO 31/33] 4 entities | weight=0.2052
  phi before: [33.3511 33.3519]
  residual capacity: [0.1248 0.1241]
  Solved in 2278.2ms | energy=-20.030012 | feasible=True
  phi after:  [33.4538 33.4544]

[Sub-QUBO 32/33] 4 entities | weight=0.0415
  phi before: [33.4538 33.4544]
  residual capacity: [0.0221 0.0215]
  Solved in 2222.5ms | energy=-20.000950 | feasible=True
  phi after:  [33.4751 33.4747]

[Sub-QUBO 33/33] 2 entities | weight=0.0021
  phi before: [33.4751 33.4747]
  residual capacity: [0.0008 0.0013]
  Solved in 1101.8ms | energy=-10.000002 | feasible=True
  phi after:  [33.476  33.4759]

--- Run Complete ---
Final core loads: [33.476  33.4759]
Load imbalance:   0.000144  (L_avg=33.4759)
Movable entities assigned: 130/130 | Fixed RT assignments: 0
Validating assembled global assignment...
Global assignment feasible: True
Global candidate energy:   -2891.275479
Global brute-force skipped: None
