
--- Iterative Run Started at Tue Jul  7 15:37:15 2026 ---
Building Q_global...
QUBO Matrix completed in 0.0046s
Partitioning in Sub-QUBOs...
25 sub-QUBOs | sizes: [4, 4, 4, 4, 4, 4, 4, 4, 4, 4, 4, 4, 4, 4, 4, 4, 4, 4, 4, 4, 4, 4, 4, 4, 4]
Starting Iterative Loop...

[Sub-QUBO 1/25] 4 entities | weight=3.9539
  phi before: [0. 0.]
  residual capacity: [25.9831 25.9831]
  Solved in 2317.8ms | energy=-217.652607 | feasible=True
  phi after:  [1.9805 1.9734]

[Sub-QUBO 2/25] 4 entities | weight=3.7870
  phi before: [1.9805 1.9734]
  residual capacity: [24.0026 24.0098]
  Solved in 2285.3ms | energy=-194.651555 | feasible=True
  phi after:  [3.8726 3.8683]

[Sub-QUBO 3/25] 4 entities | weight=3.6895
  phi before: [3.8726 3.8683]
  residual capacity: [22.1106 22.1148]
  Solved in 2267.3ms | energy=-176.364602 | feasible=True
  phi after:  [5.7052 5.7252]

[Sub-QUBO 4/25] 4 entities | weight=3.5174
  phi before: [5.7052 5.7252]
  residual capacity: [20.2779 20.2579]
  Solved in 2218.2ms | energy=-156.394175 | feasible=True
  phi after:  [7.4728 7.475 ]

[Sub-QUBO 5/25] 4 entities | weight=3.3600
  phi before: [7.4728 7.475 ]
  residual capacity: [18.5103 18.5081]
  Solved in 2228.5ms | energy=-138.738123 | feasible=True
  phi after:  [9.162  9.1458]

[Sub-QUBO 6/25] 4 entities | weight=3.2280
  phi before: [9.162  9.1458]
  residual capacity: [16.8211 16.8373]
  Solved in 2292.7ms | energy=-123.439446 | feasible=True
  phi after:  [10.7732 10.7626]

[Sub-QUBO 7/25] 4 entities | weight=3.1953
  phi before: [10.7732 10.7626]
  residual capacity: [15.2099 15.2205]
  Solved in 2280.0ms | energy=-112.128614 | feasible=True
  phi after:  [12.3697 12.3614]

[Sub-QUBO 8/25] 4 entities | weight=2.8912
  phi before: [12.3697 12.3614]
  residual capacity: [13.6134 13.6217]
  Solved in 2261.4ms | energy=-94.563742 | feasible=True
  phi after:  [13.8066 13.8158]

[Sub-QUBO 9/25] 4 entities | weight=2.7824
  phi before: [13.8066 13.8158]
  residual capacity: [12.1765 12.1674]
  Solved in 2175.1ms | energy=-83.864256 | feasible=True
  phi after:  [15.2063 15.1985]

[Sub-QUBO 10/25] 4 entities | weight=2.6826
  phi before: [15.2063 15.1985]
  residual capacity: [10.7768 10.7846]
  Solved in 2307.5ms | energy=-74.243039 | feasible=True
  phi after:  [16.5379 16.5496]

[Sub-QUBO 11/25] 4 entities | weight=2.5203
  phi before: [16.5379 16.5496]
  residual capacity: [9.4452 9.4336]
  Solved in 2370.2ms | energy=-64.404033 | feasible=True
  phi after:  [17.8047 17.803 ]

[Sub-QUBO 12/25] 4 entities | weight=2.1803
  phi before: [17.8047 17.803 ]
  residual capacity: [8.1784 8.1801]
  Solved in 2222.5ms | energy=-53.289433 | feasible=True
  phi after:  [18.8762 18.9119]

[Sub-QUBO 13/25] 4 entities | weight=2.0098
  phi before: [18.8762 18.9119]
  residual capacity: [7.1069 7.0713]
  Solved in 2289.1ms | energy=-46.476621 | feasible=True
  phi after:  [19.8896 19.9082]

[Sub-QUBO 14/25] 4 entities | weight=1.8285
  phi before: [19.8896 19.9082]
  residual capacity: [6.0935 6.0749]
  Solved in 2318.0ms | energy=-40.578488 | feasible=True
  phi after:  [20.8177 20.8087]

[Sub-QUBO 15/25] 4 entities | weight=1.6687
  phi before: [20.8177 20.8087]
  residual capacity: [5.1654 5.1744]
  Solved in 2239.2ms | energy=-35.861853 | feasible=True
  phi after:  [21.6463 21.6488]

[Sub-QUBO 16/25] 4 entities | weight=1.5951
  phi before: [21.6463 21.6488]
  residual capacity: [4.3368 4.3343]
  Solved in 2322.8ms | energy=-32.559410 | feasible=True
  phi after:  [22.447  22.4433]

[Sub-QUBO 17/25] 4 entities | weight=1.5308
  phi before: [22.447  22.4433]
  residual capacity: [3.5361 3.5398]
  Solved in 2338.5ms | energy=-29.660327 | feasible=True
  phi after:  [23.2108 23.2102]

[Sub-QUBO 18/25] 4 entities | weight=1.3400
  phi before: [23.2108 23.2102]
  residual capacity: [2.7723 2.7729]
  Solved in 2219.0ms | energy=-26.531936 | feasible=True
  phi after:  [23.8631 23.8979]

[Sub-QUBO 19/25] 4 entities | weight=1.1910
  phi before: [23.8631 23.8979]
  residual capacity: [2.12   2.0852]
  Solved in 2327.0ms | energy=-24.299520 | feasible=True
  phi after:  [24.4662 24.4858]

[Sub-QUBO 20/25] 4 entities | weight=0.9464
  phi before: [24.4662 24.4858]
  residual capacity: [1.5169 1.4973]
  Solved in 2273.7ms | energy=-22.404817 | feasible=True
  phi after:  [24.9418 24.9565]

[Sub-QUBO 21/25] 4 entities | weight=0.8465
  phi before: [24.9418 24.9565]
  residual capacity: [1.0413 1.0266]
  Solved in 2311.0ms | energy=-21.392257 | feasible=True
  phi after:  [25.3724 25.3724]

[Sub-QUBO 22/25] 4 entities | weight=0.6468
  phi before: [25.3724 25.3724]
  residual capacity: [0.6107 0.6107]
  Solved in 2293.1ms | energy=-20.580482 | feasible=True
  phi after:  [25.7091 25.6826]

[Sub-QUBO 23/25] 4 entities | weight=0.3306
  phi before: [25.7091 25.6826]
  residual capacity: [0.274  0.3006]
  Solved in 2250.9ms | energy=-20.135642 | feasible=True
  phi after:  [25.8592 25.8631]

[Sub-QUBO 24/25] 4 entities | weight=0.2088
  phi before: [25.8592 25.8631]
  residual capacity: [0.1239 0.12  ]
  Solved in 2213.8ms | energy=-20.029142 | feasible=True
  phi after:  [25.9653 25.9658]

[Sub-QUBO 25/25] 4 entities | weight=0.0352
  phi before: [25.9653 25.9658]
  residual capacity: [0.0179 0.0173]
  Solved in 2277.6ms | energy=-20.000616 | feasible=True
  phi after:  [25.9819 25.9843]

--- Run Complete ---
Final core loads: [25.9819 25.9843]
Load imbalance:   0.002417  (L_avg=25.9831)
Movable entities assigned: 100/100 | Fixed RT assignments: 0
Validating assembled global assignment...
Global assignment feasible: True
Global candidate energy:   -1850.244735
Global brute-force skipped: None
