
--- Iterative Run Started at Tue Jul  7 15:24:41 2026 ---
Building Q_global...
QUBO Matrix completed in 0.0031s
Partitioning in Sub-QUBOs...
20 sub-QUBOs | sizes: [4, 4, 4, 4, 4, 4, 4, 4, 4, 4, 4, 4, 4, 4, 4, 4, 4, 4, 4, 4]
Starting Iterative Loop...

[Sub-QUBO 1/20] 4 entities | weight=3.9018
  phi before: [0. 0.]
  residual capacity: [22.4603 22.4603]
  Solved in 2379.0ms | energy=-187.657564 | feasible=True
  phi after:  [1.9531 1.9487]

[Sub-QUBO 2/20] 4 entities | weight=3.8201
  phi before: [1.9531 1.9487]
  residual capacity: [20.5072 20.5116]
  Solved in 2433.6ms | energy=-169.400040 | feasible=True
  phi after:  [3.8586 3.8632]

[Sub-QUBO 3/20] 4 entities | weight=3.7407
  phi before: [3.8586 3.8632]
  residual capacity: [18.6016 18.597 ]
  Solved in 2656.5ms | energy=-152.152862 | feasible=True
  phi after:  [5.7312 5.7314]

[Sub-QUBO 4/20] 4 entities | weight=3.6381
  phi before: [5.7312 5.7314]
  residual capacity: [16.729  16.7289]
  Solved in 2512.9ms | energy=-135.105632 | feasible=True
  phi after:  [7.5511 7.5496]

[Sub-QUBO 5/20] 4 entities | weight=3.4526
  phi before: [7.5511 7.5496]
  residual capacity: [14.9092 14.9106]
  Solved in 2400.9ms | energy=-116.993665 | feasible=True
  phi after:  [9.2556 9.2977]

[Sub-QUBO 6/20] 4 entities | weight=3.1856
  phi before: [9.2556 9.2977]
  residual capacity: [13.2047 13.1626]
  Solved in 2550.1ms | energy=-98.922236 | feasible=True
  phi after:  [10.8516 10.8873]

[Sub-QUBO 7/20] 4 entities | weight=2.9196
  phi before: [10.8516 10.8873]
  residual capacity: [11.6087 11.5729]
  Solved in 2659.5ms | energy=-83.419968 | feasible=True
  phi after:  [12.3271 12.3314]

[Sub-QUBO 8/20] 4 entities | weight=2.7341
  phi before: [12.3271 12.3314]
  residual capacity: [10.1332 10.1288]
  Solved in 2552.4ms | energy=-71.660642 | feasible=True
  phi after:  [13.6954 13.6972]

[Sub-QUBO 9/20] 4 entities | weight=2.4792
  phi before: [13.6954 13.6972]
  residual capacity: [8.7648 8.7631]
  Solved in 2469.5ms | energy=-60.381168 | feasible=True
  phi after:  [14.9439 14.9278]

[Sub-QUBO 10/20] 4 entities | weight=2.1899
  phi before: [14.9439 14.9278]
  residual capacity: [7.5163 7.5324]
  Solved in 2738.6ms | energy=-50.556877 | feasible=True
  phi after:  [16.0251 16.0366]

[Sub-QUBO 11/20] 4 entities | weight=2.0395
  phi before: [16.0251 16.0366]
  residual capacity: [6.4352 6.4237]
  Solved in 2727.3ms | energy=-44.146347 | feasible=True
  phi after:  [17.053  17.0481]

[Sub-QUBO 12/20] 4 entities | weight=1.9829
  phi before: [17.053  17.0481]
  residual capacity: [5.4072 5.4121]
  Solved in 2574.1ms | energy=-39.487814 | feasible=True
  phi after:  [18.0426 18.0414]

[Sub-QUBO 13/20] 4 entities | weight=1.8436
  phi before: [18.0426 18.0414]
  residual capacity: [4.4176 4.4188]
  Solved in 2820.5ms | energy=-34.591116 | feasible=True
  phi after:  [18.9503 18.9774]

[Sub-QUBO 14/20] 4 entities | weight=1.5990
  phi before: [18.9503 18.9774]
  residual capacity: [3.51   3.4829]
  Solved in 3081.6ms | energy=-29.903260 | feasible=True
  phi after:  [19.762  19.7646]

[Sub-QUBO 15/20] 4 entities | weight=1.4842
  phi before: [19.762  19.7646]
  residual capacity: [2.6982 2.6957]
  Solved in 3010.1ms | energy=-26.903993 | feasible=True
  phi after:  [20.5079 20.5029]

[Sub-QUBO 16/20] 4 entities | weight=1.2813
  phi before: [20.5079 20.5029]
  residual capacity: [1.9524 1.9574]
  Solved in 2853.1ms | energy=-24.188341 | feasible=True
  phi after:  [21.1338 21.1583]

[Sub-QUBO 17/20] 4 entities | weight=0.9626
  phi before: [21.1338 21.1583]
  residual capacity: [1.3265 1.302 ]
  Solved in 2338.8ms | energy=-22.067131 | feasible=True
  phi after:  [21.6254 21.6293]

[Sub-QUBO 18/20] 4 entities | weight=0.8068
  phi before: [21.6254 21.6293]
  residual capacity: [0.8349 0.831 ]
  Solved in 2534.2ms | energy=-21.018576 | feasible=True
  phi after:  [22.0331 22.0283]

[Sub-QUBO 19/20] 4 entities | weight=0.5861
  phi before: [22.0331 22.0283]
  residual capacity: [0.4271 0.4319]
  Solved in 2344.9ms | energy=-20.331611 | feasible=True
  phi after:  [22.3151 22.3324]

[Sub-QUBO 20/20] 4 entities | weight=0.2729
  phi before: [22.3151 22.3324]
  residual capacity: [0.1451 0.1278]
  Solved in 2254.1ms | energy=-20.037348 | feasible=True
  phi after:  [22.4653 22.4552]

--- Run Complete ---
Final core loads: [22.4653 22.4552]
Load imbalance:   0.010024  (L_avg=22.4603)
Movable entities assigned: 80/80 | Fixed RT assignments: 0
Validating assembled global assignment...
Global assignment feasible: True
Global candidate energy:   -1408.926191
Global brute-force skipped: None
