
--- Iterative Run Started at Tue Jul  7 15:23:48 2026 ---
Building Q_global...
QUBO Matrix completed in 0.0030s
Partitioning in Sub-QUBOs...
20 sub-QUBOs | sizes: [4, 4, 4, 4, 4, 4, 4, 4, 4, 4, 4, 4, 4, 4, 4, 4, 4, 4, 4, 4]
Starting Iterative Loop...

[Sub-QUBO 1/20] 4 entities | weight=3.8646
  phi before: [0. 0.]
  residual capacity: [20.5143 20.5143]
  Solved in 2165.6ms | energy=-171.093237 | feasible=True
  phi after:  [1.9349 1.9297]

[Sub-QUBO 2/20] 4 entities | weight=3.6227
  phi before: [1.9349 1.9297]
  residual capacity: [18.5794 18.5846]
  Solved in 2352.0ms | energy=-148.073114 | feasible=True
  phi after:  [3.7449 3.7425]

[Sub-QUBO 3/20] 4 entities | weight=3.4305
  phi before: [3.7449 3.7425]
  residual capacity: [16.7694 16.7718]
  Solved in 2311.1ms | energy=-129.177515 | feasible=True
  phi after:  [5.4544 5.4634]

[Sub-QUBO 4/20] 4 entities | weight=3.2412
  phi before: [5.4544 5.4634]
  residual capacity: [15.0599 15.0509]
  Solved in 2206.5ms | energy=-112.341178 | feasible=True
  phi after:  [7.0758 7.0832]

[Sub-QUBO 5/20] 4 entities | weight=3.0712
  phi before: [7.0758 7.0832]
  residual capacity: [13.4386 13.4311]
  Solved in 2182.8ms | energy=-97.806820 | feasible=True
  phi after:  [8.615  8.6152]

[Sub-QUBO 6/20] 4 entities | weight=2.9610
  phi before: [8.615  8.6152]
  residual capacity: [11.8993 11.8991]
  Solved in 2244.1ms | energy=-86.083942 | feasible=True
  phi after:  [10.0964 10.0948]

[Sub-QUBO 7/20] 4 entities | weight=2.8238
  phi before: [10.0964 10.0948]
  residual capacity: [10.4179 10.4195]
  Solved in 2190.4ms | energy=-74.853049 | feasible=True
  phi after:  [11.5018 11.5132]

[Sub-QUBO 8/20] 4 entities | weight=2.6495
  phi before: [11.5018 11.5132]
  residual capacity: [9.0125 9.0011]
  Solved in 2199.1ms | energy=-64.217112 | feasible=True
  phi after:  [12.8332 12.8313]

[Sub-QUBO 9/20] 4 entities | weight=2.4736
  phi before: [12.8332 12.8313]
  residual capacity: [7.6811 7.683 ]
  Solved in 2299.2ms | energy=-54.944955 | feasible=True
  phi after:  [14.0698 14.0683]

[Sub-QUBO 10/20] 4 entities | weight=2.3211
  phi before: [14.0698 14.0683]
  residual capacity: [6.4445 6.446 ]
  Solved in 2273.4ms | energy=-47.226359 | feasible=True
  phi after:  [15.2236 15.2356]

[Sub-QUBO 11/20] 4 entities | weight=2.0373
  phi before: [15.2236 15.2356]
  residual capacity: [5.2907 5.2787]
  Solved in 2507.8ms | energy=-39.457188 | feasible=True
  phi after:  [16.2644 16.2321]

[Sub-QUBO 12/20] 4 entities | weight=1.7636
  phi before: [16.2644 16.2321]
  residual capacity: [4.2499 4.2822]
  Solved in 2188.5ms | energy=-33.492886 | feasible=True
  phi after:  [17.1282 17.1319]

[Sub-QUBO 13/20] 4 entities | weight=1.5591
  phi before: [17.1282 17.1319]
  residual capacity: [3.3861 3.3824]
  Solved in 2445.8ms | energy=-29.337102 | feasible=True
  phi after:  [17.9133 17.9058]

[Sub-QUBO 14/20] 4 entities | weight=1.2798
  phi before: [17.9133 17.9058]
  residual capacity: [2.601  2.6085]
  Solved in 2335.0ms | energy=-25.847129 | feasible=True
  phi after:  [18.5257 18.5733]

[Sub-QUBO 15/20] 4 entities | weight=1.1443
  phi before: [18.5257 18.5733]
  residual capacity: [1.9886 1.941 ]
  Solved in 2201.3ms | energy=-23.842265 | feasible=True
  phi after:  [19.1026 19.1406]

[Sub-QUBO 16/20] 4 entities | weight=0.8766
  phi before: [19.1026 19.1406]
  residual capacity: [1.4117 1.3737]
  Solved in 2166.6ms | energy=-22.058003 | feasible=True
  phi after:  [19.5533 19.5666]

[Sub-QUBO 17/20] 4 entities | weight=0.7762
  phi before: [19.5533 19.5666]
  residual capacity: [0.961  0.9478]
  Solved in 2496.9ms | energy=-21.180398 | feasible=True
  phi after:  [19.9435 19.9526]

[Sub-QUBO 18/20] 4 entities | weight=0.5887
  phi before: [19.9435 19.9526]
  residual capacity: [0.5708 0.5617]
  Solved in 2457.2ms | energy=-20.493381 | feasible=True
  phi after:  [20.2496 20.2353]

[Sub-QUBO 19/20] 4 entities | weight=0.3730
  phi before: [20.2496 20.2353]
  residual capacity: [0.2647 0.279 ]
  Solved in 2476.3ms | energy=-20.133357 | feasible=True
  phi after:  [20.4293 20.4284]

[Sub-QUBO 20/20] 4 entities | weight=0.1708
  phi before: [20.4293 20.4284]
  residual capacity: [0.085  0.0859]
  Solved in 2469.9ms | energy=-20.014591 | feasible=True
  phi after:  [20.5142 20.5144]

--- Run Complete ---
Final core loads: [20.5142 20.5144]
Load imbalance:   0.000145  (L_avg=20.5143)
Movable entities assigned: 80/80 | Fixed RT assignments: 0
Validating assembled global assignment...
Global assignment feasible: True
Global candidate energy:   -1241.673580
Global brute-force skipped: None
