
--- Iterative Run Started at Tue Jul  7 14:43:35 2026 ---
Building Q_global...
QUBO Matrix completed in 0.0005s
Partitioning in Sub-QUBOs...
7 sub-QUBOs | sizes: [4, 4, 4, 4, 4, 4, 1]
Starting Iterative Loop...

[Sub-QUBO 1/7] 4 entities | weight=3.8162
  phi before: [0. 0.]
  residual capacity: [7.3831 7.3831]
  Solved in 2333.0ms | energy=-69.069373 | feasible=True
  phi after:  [1.9129 1.9033]

[Sub-QUBO 2/7] 4 entities | weight=3.4300
  phi before: [1.9129 1.9033]
  residual capacity: [5.4702 5.4799]
  Solved in 2227.2ms | energy=-51.675695 | feasible=True
  phi after:  [3.6079 3.6382]

[Sub-QUBO 3/7] 4 entities | weight=3.1513
  phi before: [3.6079 3.6382]
  residual capacity: [3.7752 3.7449]
  Solved in 2220.8ms | energy=-38.733200 | feasible=True
  phi after:  [5.1883 5.2092]

[Sub-QUBO 4/7] 4 entities | weight=2.2954
  phi before: [5.1883 5.2092]
  residual capacity: [2.1948 2.174 ]
  Solved in 2187.7ms | energy=-27.390235 | feasible=True
  phi after:  [6.3902 6.3028]

[Sub-QUBO 5/7] 4 entities | weight=1.2962
  phi before: [6.3902 6.3028]
  residual capacity: [0.993  1.0804]
  Solved in 2184.5ms | energy=-21.848036 | feasible=True
  phi after:  [6.9545 7.0346]

[Sub-QUBO 6/7] 4 entities | weight=0.6413
  phi before: [6.9545 7.0346]
  residual capacity: [0.4287 0.3486]
  Solved in 2240.0ms | energy=-20.295985 | feasible=True
  phi after:  [7.3115 7.3189]

[Sub-QUBO 7/7] 1 entities | weight=0.1359
  phi before: [7.3115 7.3189]
  residual capacity: [0.0717 0.0642]
  Solved in 748.2ms | energy=-5.001015 | feasible=True
  phi after:  [7.4474 7.3189]

--- Run Complete ---
Final core loads: [7.4474 7.3189]
Load imbalance:   0.128452  (L_avg=7.3831)
Movable entities assigned: 25/25 | Fixed RT assignments: 0
Validating assembled global assignment...
Global assignment feasible: True
Global candidate energy:   -234.013538
Global brute-force skipped: None
