
--- Iterative Run Started at Tue Jul  7 15:12:27 2026 ---
Building Q_global...
QUBO Matrix completed in 0.0025s
Partitioning in Sub-QUBOs...
17 sub-QUBOs | sizes: [4, 4, 4, 4, 4, 4, 4, 4, 4, 4, 4, 4, 4, 4, 4, 4, 1]
Starting Iterative Loop...

[Sub-QUBO 1/17] 4 entities | weight=3.8472
  phi before: [0. 0.]
  residual capacity: [15.9459 15.9459]
  Solved in 2297.1ms | energy=-135.292733 | feasible=True
  phi after:  [1.9313 1.9159]

[Sub-QUBO 2/17] 4 entities | weight=3.5690
  phi before: [1.9313 1.9159]
  residual capacity: [14.0147 14.03  ]
  Solved in 2338.9ms | energy=-113.722844 | feasible=True
  phi after:  [3.711  3.7051]

[Sub-QUBO 3/17] 4 entities | weight=3.3691
  phi before: [3.711  3.7051]
  residual capacity: [12.2349 12.2408]
  Solved in 2333.8ms | energy=-96.785296 | feasible=True
  phi after:  [5.39   5.3952]

[Sub-QUBO 4/17] 4 entities | weight=3.1263
  phi before: [5.39   5.3952]
  residual capacity: [10.5559 10.5507]
  Solved in 2375.9ms | energy=-81.099033 | feasible=True
  phi after:  [6.9735 6.9381]

[Sub-QUBO 5/17] 4 entities | weight=2.8250
  phi before: [6.9735 6.9381]
  residual capacity: [8.9725 9.0078]
  Solved in 2300.0ms | energy=-66.803906 | feasible=True
  phi after:  [8.3805 8.3561]

[Sub-QUBO 6/17] 4 entities | weight=2.6052
  phi before: [8.3805 8.3561]
  residual capacity: [7.5654 7.5899]
  Solved in 2315.5ms | energy=-56.089790 | feasible=True
  phi after:  [9.6679 9.6739]

[Sub-QUBO 7/17] 4 entities | weight=2.4395
  phi before: [9.6679 9.6739]
  residual capacity: [6.278  6.2721]
  Solved in 2302.9ms | energy=-47.640418 | feasible=True
  phi after:  [10.8899 10.8914]

[Sub-QUBO 8/17] 4 entities | weight=2.2369
  phi before: [10.8899 10.8914]
  residual capacity: [5.056  5.0546]
  Solved in 2250.5ms | energy=-40.114828 | feasible=True
  phi after:  [12.0117 12.0065]

[Sub-QUBO 9/17] 4 entities | weight=1.8842
  phi before: [12.0117 12.0065]
  residual capacity: [3.9342 3.9394]
  Solved in 2407.6ms | energy=-33.060450 | feasible=True
  phi after:  [12.9479 12.9546]

[Sub-QUBO 10/17] 4 entities | weight=1.5688
  phi before: [12.9479 12.9546]
  residual capacity: [2.998  2.9914]
  Solved in 2270.1ms | energy=-28.165491 | feasible=True
  phi after:  [13.7361 13.7351]

[Sub-QUBO 11/17] 4 entities | weight=1.3537
  phi before: [13.7361 13.7351]
  residual capacity: [2.2098 2.2108]
  Solved in 2329.9ms | energy=-25.067922 | feasible=True
  phi after:  [14.4102 14.4148]

[Sub-QUBO 12/17] 4 entities | weight=1.1784
  phi before: [14.4102 14.4148]
  residual capacity: [1.5358 1.5312]
  Solved in 2339.5ms | energy=-22.919749 | feasible=True
  phi after:  [15.0086 14.9948]

[Sub-QUBO 13/17] 4 entities | weight=0.8957
  phi before: [15.0086 14.9948]
  residual capacity: [0.9374 0.9511]
  Solved in 2442.7ms | energy=-21.290449 | feasible=True
  phi after:  [15.4465 15.4526]

[Sub-QUBO 14/17] 4 entities | weight=0.5853
  phi before: [15.4465 15.4526]
  residual capacity: [0.4995 0.4933]
  Solved in 2440.8ms | energy=-20.409797 | feasible=True
  phi after:  [15.7464 15.738 ]

[Sub-QUBO 15/17] 4 entities | weight=0.2854
  phi before: [15.7464 15.738 ]
  residual capacity: [0.1995 0.208 ]
  Solved in 2323.2ms | energy=-20.075593 | feasible=True
  phi after:  [15.8824 15.8873]

[Sub-QUBO 16/17] 4 entities | weight=0.1194
  phi before: [15.8824 15.8873]
  residual capacity: [0.0635 0.0586]
  Solved in 2207.2ms | energy=-20.007468 | feasible=True
  phi after:  [15.9443 15.9448]

[Sub-QUBO 17/17] 1 entities | weight=0.0027
  phi before: [15.9443 15.9448]
  residual capacity: [0.0016 0.0011]
  Solved in 695.7ms | energy=-5.000001 | feasible=True
  phi after:  [15.9471 15.9448]

--- Run Complete ---
Final core loads: [15.9471 15.9448]
Load imbalance:   0.002285  (L_avg=15.9459)
Movable entities assigned: 65/65 | Fixed RT assignments: 0
Validating assembled global assignment...
Global assignment feasible: True
Global candidate energy:   -833.545771
Global brute-force skipped: None
