
--- Iterative Run Started at Tue Jul  7 14:57:06 2026 ---
Building Q_global...
QUBO Matrix completed in 0.0008s
Partitioning in Sub-QUBOs...
10 sub-QUBOs | sizes: [4, 4, 4, 4, 4, 4, 4, 4, 4, 4]
Starting Iterative Loop...

[Sub-QUBO 1/10] 4 entities | weight=3.8162
  phi before: [0. 0.]
  residual capacity: [10.3465 10.3465]
  Solved in 2225.8ms | energy=-91.686676 | feasible=True
  phi after:  [1.9129 1.9033]

[Sub-QUBO 2/10] 4 entities | weight=3.4714
  phi before: [1.9129 1.9033]
  residual capacity: [8.4336 8.4432]
  Solved in 2299.8ms | energy=-72.560753 | feasible=True
  phi after:  [3.6361 3.6515]

[Sub-QUBO 3/10] 4 entities | weight=3.2342
  phi before: [3.6361 3.6515]
  residual capacity: [6.7104 6.6949]
  Solved in 2207.3ms | energy=-58.123995 | feasible=True
  phi after:  [5.2885 5.2333]

[Sub-QUBO 4/10] 4 entities | weight=2.7623
  phi before: [5.2885 5.2333]
  residual capacity: [5.058  5.1132]
  Solved in 2347.8ms | energy=-44.282124 | feasible=True
  phi after:  [6.6562 6.628 ]

[Sub-QUBO 5/10] 4 entities | weight=2.2998
  phi before: [6.6562 6.628 ]
  residual capacity: [3.6903 3.7185]
  Solved in 2320.3ms | energy=-34.394521 | feasible=True
  phi after:  [7.7799 7.8041]

[Sub-QUBO 6/10] 4 entities | weight=1.6594
  phi before: [7.7799 7.8041]
  residual capacity: [2.5666 2.5424]
  Solved in 2293.8ms | energy=-27.101027 | feasible=True
  phi after:  [8.6309 8.6124]

[Sub-QUBO 7/10] 4 entities | weight=1.2450
  phi before: [8.6309 8.6124]
  residual capacity: [1.7156 1.7341]
  Solved in 2212.4ms | energy=-23.519926 | feasible=True
  phi after:  [9.2471 9.2412]

[Sub-QUBO 8/10] 4 entities | weight=0.9868
  phi before: [9.2471 9.2412]
  residual capacity: [1.0994 1.1053]
  Solved in 2303.0ms | energy=-21.688663 | feasible=True
  phi after:  [9.7352 9.7399]

[Sub-QUBO 9/10] 4 entities | weight=0.6608
  phi before: [9.7352 9.7399]
  residual capacity: [0.6113 0.6066]
  Solved in 2218.6ms | energy=-20.585274 | feasible=True
  phi after:  [10.0922 10.0437]

[Sub-QUBO 10/10] 4 entities | weight=0.5571
  phi before: [10.0922 10.0437]
  residual capacity: [0.2543 0.3027]
  Solved in 2218.5ms | energy=-20.155449 | feasible=True
  phi after:  [10.3674 10.3255]

--- Run Complete ---
Final core loads: [10.3674 10.3255]
Load imbalance:   0.041907  (L_avg=10.3465)
Movable entities assigned: 40/40 | Fixed RT assignments: 0
Validating assembled global assignment...
Global assignment feasible: True
Global candidate energy:   -414.098406
Global brute-force skipped: None
