
--- Iterative Run Started at Tue Jul  7 14:44:42 2026 ---
Building Q_global...
QUBO Matrix completed in 0.0004s
Partitioning in Sub-QUBOs...
7 sub-QUBOs | sizes: [4, 4, 4, 4, 4, 4, 1]
Starting Iterative Loop...

[Sub-QUBO 1/7] 4 entities | weight=3.5540
  phi before: [0. 0.]
  residual capacity: [7.353 7.353]
  Solved in 2499.8ms | energy=-65.948386 | feasible=True
  phi after:  [1.7517 1.8023]

[Sub-QUBO 2/7] 4 entities | weight=2.9610
  phi before: [1.7517 1.8023]
  residual capacity: [5.6013 5.5507]
  Solved in 2701.4ms | energy=-48.638626 | feasible=True
  phi after:  [3.2604 3.2546]

[Sub-QUBO 3/7] 4 entities | weight=2.6681
  phi before: [3.2604 3.2546]
  residual capacity: [4.0926 4.0984]
  Solved in 2352.6ms | energy=-38.294699 | feasible=True
  phi after:  [4.5789 4.6043]

[Sub-QUBO 4/7] 4 entities | weight=2.3135
  phi before: [4.5789 4.6043]
  residual capacity: [2.7741 2.7487]
  Solved in 2455.5ms | energy=-30.100702 | feasible=True
  phi after:  [5.7685 5.7281]

[Sub-QUBO 5/7] 4 entities | weight=1.8586
  phi before: [5.7685 5.7281]
  residual capacity: [1.5845 1.6249]
  Solved in 2481.4ms | energy=-24.237818 | feasible=True
  phi after:  [6.6972 6.6581]

[Sub-QUBO 6/7] 4 entities | weight=1.2871
  phi before: [6.6972 6.6581]
  residual capacity: [0.6558 0.6949]
  Solved in 2492.6ms | energy=-20.910919 | feasible=True
  phi after:  [7.3247 7.3178]

[Sub-QUBO 7/7] 1 entities | weight=0.0636
  phi before: [7.3247 7.3178]
  residual capacity: [0.0283 0.0352]
  Solved in 814.1ms | energy=-5.000438 | feasible=True
  phi after:  [7.3247 7.3813]

--- Run Complete ---
Final core loads: [7.3247 7.3813]
Load imbalance:   0.056677  (L_avg=7.3530)
Movable entities assigned: 25/25 | Fixed RT assignments: 0
Validating assembled global assignment...
Global assignment feasible: True
Global candidate energy:   -233.131587
Global brute-force skipped: None
