
--- Iterative Run Started at Tue Jul  7 15:19:39 2026 ---
Building Q_global...
QUBO Matrix completed in 0.0020s
Partitioning in Sub-QUBOs...
17 sub-QUBOs | sizes: [4, 4, 4, 4, 4, 4, 4, 4, 4, 4, 4, 4, 4, 4, 4, 4, 1]
Starting Iterative Loop...

[Sub-QUBO 1/17] 4 entities | weight=3.8699
  phi before: [0. 0.]
  residual capacity: [17.4736 17.4736]
  Solved in 2269.1ms | energy=-147.753191 | feasible=True
  phi after:  [1.9431 1.9268]

[Sub-QUBO 2/17] 4 entities | weight=3.5917
  phi before: [1.9431 1.9268]
  residual capacity: [15.5304 15.5468]
  Solved in 2303.8ms | energy=-125.170067 | feasible=True
  phi after:  [3.7315 3.7301]

[Sub-QUBO 3/17] 4 entities | weight=3.4026
  phi before: [3.7315 3.7301]
  residual capacity: [13.7421 13.7435]
  Solved in 2454.4ms | energy=-107.732436 | feasible=True
  phi after:  [5.4277 5.4364]

[Sub-QUBO 4/17] 4 entities | weight=3.3184
  phi before: [5.4277 5.4364]
  residual capacity: [12.0459 12.0371]
  Solved in 2371.8ms | energy=-94.412135 | feasible=True
  phi after:  [7.0906 7.092 ]

[Sub-QUBO 5/17] 4 entities | weight=3.1965
  phi before: [7.0906 7.092 ]
  residual capacity: [10.383  10.3816]
  Solved in 2272.9ms | energy=-81.264188 | feasible=True
  phi after:  [8.6943 8.6848]

[Sub-QUBO 6/17] 4 entities | weight=3.0048
  phi before: [8.6943 8.6848]
  residual capacity: [8.7793 8.7888]
  Solved in 2293.9ms | energy=-68.274194 | feasible=True
  phi after:  [10.1932 10.1907]

[Sub-QUBO 7/17] 4 entities | weight=2.6506
  phi before: [10.1932 10.1907]
  residual capacity: [7.2804 7.2829]
  Solved in 2317.9ms | energy=-55.088557 | feasible=True
  phi after:  [11.516  11.5184]

[Sub-QUBO 8/17] 4 entities | weight=2.3604
  phi before: [11.516  11.5184]
  residual capacity: [5.9576 5.9552]
  Solved in 2233.7ms | energy=-45.333519 | feasible=True
  phi after:  [12.6976 12.6972]

[Sub-QUBO 9/17] 4 entities | weight=2.0619
  phi before: [12.6976 12.6972]
  residual capacity: [4.7759 4.7764]
  Solved in 2182.0ms | energy=-37.569944 | feasible=True
  phi after:  [13.7283 13.7285]

[Sub-QUBO 10/17] 4 entities | weight=1.7710
  phi before: [13.7283 13.7285]
  residual capacity: [3.7453 3.7451]
  Solved in 2434.0ms | energy=-31.696978 | feasible=True
  phi after:  [14.6169 14.6108]

[Sub-QUBO 11/17] 4 entities | weight=1.4338
  phi before: [14.6169 14.6108]
  residual capacity: [2.8567 2.8628]
  Solved in 2323.5ms | energy=-27.172781 | feasible=True
  phi after:  [15.3297 15.3318]

[Sub-QUBO 12/17] 4 entities | weight=1.2450
  phi before: [15.3297 15.3318]
  residual capacity: [2.1439 2.1417]
  Solved in 2303.6ms | energy=-24.560512 | feasible=True
  phi after:  [15.9585 15.948 ]

[Sub-QUBO 13/17] 4 entities | weight=1.0317
  phi before: [15.9585 15.948 ]
  residual capacity: [1.5151 1.5255]
  Solved in 2415.5ms | energy=-22.604884 | feasible=True
  phi after:  [16.4694 16.4688]

[Sub-QUBO 14/17] 4 entities | weight=0.8213
  phi before: [16.4694 16.4688]
  residual capacity: [1.0042 1.0047]
  Solved in 2685.1ms | energy=-21.311637 | feasible=True
  phi after:  [16.8569 16.9026]

[Sub-QUBO 15/17] 4 entities | weight=0.5923
  phi before: [16.8569 16.9026]
  residual capacity: [0.6167 0.5709]
  Solved in 2374.2ms | energy=-20.528216 | feasible=True
  phi after:  [17.1556 17.1962]

[Sub-QUBO 16/17] 4 entities | weight=0.5267
  phi before: [17.1556 17.1962]
  residual capacity: [0.318  0.2774]
  Solved in 2452.7ms | energy=-20.175582 | feasible=True
  phi after:  [17.4317 17.4468]

[Sub-QUBO 17/17] 1 entities | weight=0.0687
  phi before: [17.4317 17.4468]
  residual capacity: [0.0419 0.0268]
  Solved in 702.1ms | energy=-5.001033 | feasible=True
  phi after:  [17.5004 17.4468]

--- Run Complete ---
Final core loads: [17.5004 17.4468]
Load imbalance:   0.053607  (L_avg=17.4736)
Movable entities assigned: 65/65 | Fixed RT assignments: 0
Validating assembled global assignment...
Global assignment feasible: True
Global candidate energy:   -935.649853
Global brute-force skipped: None
