
--- Iterative Run Started at Tue Jul  7 14:41:59 2026 ---
Building Q_global...
QUBO Matrix completed in 0.0003s
Partitioning in Sub-QUBOs...
7 sub-QUBOs | sizes: [4, 4, 4, 4, 4, 4, 1]
Starting Iterative Loop...

[Sub-QUBO 1/7] 4 entities | weight=3.8724
  phi before: [0. 0.]
  residual capacity: [7.7345 7.7345]
  Solved in 2374.4ms | energy=-72.404453 | feasible=True
  phi after:  [1.9452 1.9272]

[Sub-QUBO 2/7] 4 entities | weight=3.6457
  phi before: [1.9452 1.9272]
  residual capacity: [5.7894 5.8073]
  Solved in 2550.0ms | energy=-55.632562 | feasible=True
  phi after:  [3.7596 3.7585]

[Sub-QUBO 3/7] 4 entities | weight=2.9614
  phi before: [3.7596 3.7585]
  residual capacity: [3.9749 3.9761]
  Solved in 2259.9ms | energy=-39.160767 | feasible=True
  phi after:  [5.2272 5.2523]

[Sub-QUBO 4/7] 4 entities | weight=2.2715
  phi before: [5.2272 5.2523]
  residual capacity: [2.5074 2.4823]
  Solved in 2251.7ms | energy=-28.754385 | feasible=True
  phi after:  [6.3785 6.3724]

[Sub-QUBO 5/7] 4 entities | weight=1.7820
  phi before: [6.3785 6.3724]
  residual capacity: [1.3561 1.3621]
  Solved in 2344.7ms | energy=-23.255688 | feasible=True
  phi after:  [7.2528 7.2801]

[Sub-QUBO 6/7] 4 entities | weight=0.8553
  phi before: [7.2528 7.2801]
  residual capacity: [0.4817 0.4545]
  Solved in 2169.6ms | energy=-20.431392 | feasible=True
  phi after:  [7.7384 7.6498]

[Sub-QUBO 7/7] 1 entities | weight=0.0808
  phi before: [7.7384 7.6498]
  residual capacity: [-0.0039  0.0847]
  Solved in 687.0ms | energy=-5.007164 | feasible=True
  phi after:  [7.7384 7.7307]

--- Run Complete ---
Final core loads: [7.7384 7.7307]
Load imbalance:   0.007789  (L_avg=7.7345)
Movable entities assigned: 25/25 | Fixed RT assignments: 0
Validating assembled global assignment...
Global assignment feasible: True
Global candidate energy:   -244.646413
Global brute-force skipped: None
