
--- Iterative Run Started at Tue Jul  7 15:17:26 2026 ---
Building Q_global...
QUBO Matrix completed in 0.0020s
Partitioning in Sub-QUBOs...
17 sub-QUBOs | sizes: [4, 4, 4, 4, 4, 4, 4, 4, 4, 4, 4, 4, 4, 4, 4, 4, 1]
Starting Iterative Loop...

[Sub-QUBO 1/17] 4 entities | weight=3.8804
  phi before: [0. 0.]
  residual capacity: [15.9441 15.9441]
  Solved in 2189.9ms | energy=-136.208309 | feasible=True
  phi after:  [1.9677 1.9127]

[Sub-QUBO 2/17] 4 entities | weight=3.5224
  phi before: [1.9677 1.9127]
  residual capacity: [13.9764 14.0315]
  Solved in 2213.5ms | energy=-112.453571 | feasible=True
  phi after:  [3.7126 3.6902]

[Sub-QUBO 3/17] 4 entities | weight=3.3148
  phi before: [3.7126 3.6902]
  residual capacity: [12.2315 12.2539]
  Solved in 2538.3ms | energy=-95.669938 | feasible=True
  phi after:  [5.359  5.3586]

[Sub-QUBO 4/17] 4 entities | weight=3.1072
  phi before: [5.359  5.3586]
  residual capacity: [10.5851 10.5855]
  Solved in 2556.2ms | energy=-80.953586 | feasible=True
  phi after:  [6.8978 6.9269]

[Sub-QUBO 5/17] 4 entities | weight=2.6462
  phi before: [6.8978 6.9269]
  residual capacity: [9.0463 9.0172]
  Solved in 2691.9ms | energy=-64.298749 | feasible=True
  phi after:  [8.2296 8.2414]

[Sub-QUBO 6/17] 4 entities | weight=2.4890
  phi before: [8.2296 8.2414]
  residual capacity: [7.7146 7.7027]
  Solved in 2502.8ms | energy=-55.276709 | feasible=True
  phi after:  [9.481 9.479]

[Sub-QUBO 7/17] 4 entities | weight=2.3467
  phi before: [9.481 9.479]
  residual capacity: [6.4632 6.4651]
  Solved in 2444.9ms | energy=-47.585193 | feasible=True
  phi after:  [10.6395 10.6672]

[Sub-QUBO 8/17] 4 entities | weight=2.0799
  phi before: [10.6395 10.6672]
  residual capacity: [5.3046 5.2769]
  Solved in 2545.2ms | energy=-39.846275 | feasible=True
  phi after:  [11.6948 11.6919]

[Sub-QUBO 9/17] 4 entities | weight=1.9771
  phi before: [11.6948 11.6919]
  residual capacity: [4.2493 4.2523]
  Solved in 2707.2ms | energy=-34.853977 | feasible=True
  phi after:  [12.6705 12.6933]

[Sub-QUBO 10/17] 4 entities | weight=1.7392
  phi before: [12.6705 12.6933]
  residual capacity: [3.2736 3.2508]
  Solved in 2549.1ms | energy=-29.835299 | feasible=True
  phi after:  [13.5559 13.5471]

[Sub-QUBO 11/17] 4 entities | weight=1.4333
  phi before: [13.5559 13.5471]
  residual capacity: [2.3882 2.397 ]
  Solved in 2555.4ms | energy=-25.831299 | feasible=True
  phi after:  [14.2584 14.2779]

[Sub-QUBO 12/17] 4 entities | weight=1.1492
  phi before: [14.2584 14.2779]
  residual capacity: [1.6858 1.6662]
  Solved in 2510.1ms | energy=-23.191965 | feasible=True
  phi after:  [14.8398 14.8457]

[Sub-QUBO 13/17] 4 entities | weight=0.9429
  phi before: [14.8398 14.8457]
  residual capacity: [1.1043 1.0984]
  Solved in 2651.4ms | energy=-21.632439 | feasible=True
  phi after:  [15.3126 15.3159]

[Sub-QUBO 14/17] 4 entities | weight=0.7077
  phi before: [15.3126 15.3159]
  residual capacity: [0.6316 0.6283]
  Solved in 2540.3ms | energy=-20.641159 | feasible=True
  phi after:  [15.6676 15.6685]

[Sub-QUBO 15/17] 4 entities | weight=0.4517
  phi before: [15.6676 15.6685]
  residual capacity: [0.2765 0.2756]
  Solved in 2543.3ms | energy=-20.146920 | feasible=True
  phi after:  [15.9093 15.8785]

[Sub-QUBO 16/17] 4 entities | weight=0.0967
  phi before: [15.9093 15.8785]
  residual capacity: [0.0348 0.0656]
  Solved in 2417.7ms | energy=-20.005494 | feasible=True
  phi after:  [15.945  15.9395]

[Sub-QUBO 17/17] 1 entities | weight=0.0037
  phi before: [15.945  15.9395]
  residual capacity: [-0.0009  0.0046]
  Solved in 719.2ms | energy=-5.000020 | feasible=True
  phi after:  [15.945  15.9433]

--- Run Complete ---
Final core loads: [15.945  15.9433]
Load imbalance:   0.001729  (L_avg=15.9441)
Movable entities assigned: 65/65 | Fixed RT assignments: 0
Validating assembled global assignment...
Global assignment feasible: True
Global candidate energy:   -833.430903
Global brute-force skipped: None
