
--- Iterative Run Started at Tue Jul  7 15:03:38 2026 ---
Building Q_global...
QUBO Matrix completed in 0.0020s
Partitioning in Sub-QUBOs...
13 sub-QUBOs | sizes: [4, 4, 4, 4, 4, 4, 4, 4, 4, 4, 4, 4, 2]
Starting Iterative Loop...

[Sub-QUBO 1/13] 4 entities | weight=3.8918
  phi before: [0. 0.]
  residual capacity: [14.4173 14.4173]
  Solved in 2649.9ms | energy=-124.646252 | feasible=True
  phi after:  [1.9467 1.9452]

[Sub-QUBO 2/13] 4 entities | weight=3.7835
  phi before: [1.9467 1.9452]
  residual capacity: [12.4706 12.4721]
  Solved in 2395.8ms | energy=-107.214386 | feasible=True
  phi after:  [3.8325 3.8429]

[Sub-QUBO 3/13] 4 entities | weight=3.6452
  phi before: [3.8325 3.8429]
  residual capacity: [10.5848 10.5744]
  Solved in 2281.9ms | energy=-90.486437 | feasible=True
  phi after:  [5.6638 5.6569]

[Sub-QUBO 4/13] 4 entities | weight=3.2331
  phi before: [5.6638 5.6569]
  residual capacity: [8.7535 8.7604]
  Solved in 2551.4ms | energy=-71.397099 | feasible=True
  phi after:  [7.2546 7.2991]

[Sub-QUBO 5/13] 4 entities | weight=2.7389
  phi before: [7.2546 7.2991]
  residual capacity: [7.1627 7.1182]
  Solved in 2416.4ms | energy=-55.363445 | feasible=True
  phi after:  [8.6353 8.6573]

[Sub-QUBO 6/13] 4 entities | weight=2.4394
  phi before: [8.6353 8.6573]
  residual capacity: [5.782  5.7599]
  Solved in 2417.7ms | energy=-45.180191 | feasible=True
  phi after:  [9.8585 9.8735]

[Sub-QUBO 7/13] 4 entities | weight=2.0776
  phi before: [9.8585 9.8735]
  residual capacity: [4.5588 4.5437]
  Solved in 2372.5ms | energy=-36.753253 | feasible=True
  phi after:  [10.9026 10.907 ]

[Sub-QUBO 8/13] 4 entities | weight=1.9604
  phi before: [10.9026 10.907 ]
  residual capacity: [3.5147 3.5103]
  Solved in 2362.9ms | energy=-31.850009 | feasible=True
  phi after:  [11.888 11.882]

[Sub-QUBO 9/13] 4 entities | weight=1.7487
  phi before: [11.888 11.882]
  residual capacity: [2.5293 2.5353]
  Solved in 2506.4ms | energy=-27.327336 | feasible=True
  phi after:  [12.7463 12.7724]

[Sub-QUBO 10/13] 4 entities | weight=1.4580
  phi before: [12.7463 12.7724]
  residual capacity: [1.671  1.6449]
  Solved in 2469.5ms | energy=-23.771906 | feasible=True
  phi after:  [13.4846 13.4921]

[Sub-QUBO 11/13] 4 entities | weight=0.9299
  phi before: [13.4846 13.4921]
  residual capacity: [0.9327 0.9252]
  Solved in 2721.3ms | energy=-21.294852 | feasible=True
  phi after:  [13.9694 13.9372]

[Sub-QUBO 12/13] 4 entities | weight=0.7137
  phi before: [13.9694 13.9372]
  residual capacity: [0.4479 0.4801]
  Solved in 2376.5ms | energy=-20.408019 | feasible=True
  phi after:  [14.3178 14.3025]

[Sub-QUBO 13/13] 2 entities | weight=0.2142
  phi before: [14.3178 14.3025]
  residual capacity: [0.0994 0.1148]
  Solved in 1190.1ms | energy=-10.022373 | feasible=True
  phi after:  [14.3987 14.4359]

--- Run Complete ---
Final core loads: [14.3987 14.4359]
Load imbalance:   0.037214  (L_avg=14.4173)
Movable entities assigned: 50/50 | Fixed RT assignments: 0
Validating assembled global assignment...
Global assignment feasible: True
Global candidate energy:   -665.715557
Global brute-force skipped: None
