
--- Iterative Run Started at Tue Jul  7 15:16:44 2026 ---
Building Q_global...
QUBO Matrix completed in 0.0020s
Partitioning in Sub-QUBOs...
17 sub-QUBOs | sizes: [4, 4, 4, 4, 4, 4, 4, 4, 4, 4, 4, 4, 4, 4, 4, 4, 1]
Starting Iterative Loop...

[Sub-QUBO 1/17] 4 entities | weight=3.9103
  phi before: [0. 0.]
  residual capacity: [16.5457 16.5457]
  Solved in 2264.9ms | energy=-141.752620 | feasible=True
  phi after:  [1.9579 1.9524]

[Sub-QUBO 2/17] 4 entities | weight=3.5578
  phi before: [1.9579 1.9524]
  residual capacity: [14.5877 14.5933]
  Solved in 2258.0ms | energy=-117.490210 | feasible=True
  phi after:  [3.734  3.7341]

[Sub-QUBO 3/17] 4 entities | weight=3.4517
  phi before: [3.734  3.7341]
  residual capacity: [12.8117 12.8116]
  Solved in 2252.8ms | energy=-102.486960 | feasible=True
  phi after:  [5.4669 5.4529]

[Sub-QUBO 4/17] 4 entities | weight=3.3460
  phi before: [5.4669 5.4529]
  residual capacity: [11.0788 11.0927]
  Solved in 2376.7ms | energy=-88.588147 | feasible=True
  phi after:  [7.1352 7.1306]

[Sub-QUBO 5/17] 4 entities | weight=3.1196
  phi before: [7.1352 7.1306]
  residual capacity: [9.4105 9.4151]
  Solved in 2225.3ms | energy=-73.862235 | feasible=True
  phi after:  [8.6945 8.6909]

[Sub-QUBO 6/17] 4 entities | weight=2.7009
  phi before: [8.6945 8.6909]
  residual capacity: [7.8512 7.8547]
  Solved in 2517.2ms | energy=-58.772248 | feasible=True
  phi after:  [10.0411 10.0452]

[Sub-QUBO 7/17] 4 entities | weight=2.4783
  phi before: [10.0411 10.0452]
  residual capacity: [6.5046 6.5005]
  Solved in 2606.8ms | energy=-49.159296 | feasible=True
  phi after:  [11.2998 11.2648]

[Sub-QUBO 8/17] 4 entities | weight=2.1600
  phi before: [11.2998 11.2648]
  residual capacity: [5.2459 5.2809]
  Solved in 2190.4ms | energy=-40.405160 | feasible=True
  phi after:  [12.3772 12.3474]

[Sub-QUBO 9/17] 4 entities | weight=1.8428
  phi before: [12.3772 12.3474]
  residual capacity: [4.1685 4.1983]
  Solved in 2173.2ms | energy=-33.720879 | feasible=True
  phi after:  [13.2831 13.2843]

[Sub-QUBO 10/17] 4 entities | weight=1.7057
  phi before: [13.2831 13.2843]
  residual capacity: [3.2626 3.2614]
  Solved in 2164.9ms | energy=-29.673341 | feasible=True
  phi after:  [14.138  14.1351]

[Sub-QUBO 11/17] 4 entities | weight=1.4487
  phi before: [14.138  14.1351]
  residual capacity: [2.4077 2.4105]
  Solved in 2157.6ms | energy=-25.930646 | feasible=True
  phi after:  [14.8558 14.8661]

[Sub-QUBO 12/17] 4 entities | weight=1.2371
  phi before: [14.8558 14.8661]
  residual capacity: [1.6899 1.6796]
  Solved in 2273.7ms | energy=-23.403204 | feasible=True
  phi after:  [15.487 15.472]

[Sub-QUBO 13/17] 4 entities | weight=0.9725
  phi before: [15.487 15.472]
  residual capacity: [1.0587 1.0737]
  Solved in 2224.3ms | energy=-21.600892 | feasible=True
  phi after:  [15.9687 15.9628]

[Sub-QUBO 14/17] 4 entities | weight=0.5996
  phi before: [15.9687 15.9628]
  residual capacity: [0.577  0.5829]
  Solved in 2160.8ms | energy=-20.515653 | feasible=True
  phi after:  [16.259  16.2721]

[Sub-QUBO 15/17] 4 entities | weight=0.3865
  phi before: [16.259  16.2721]
  residual capacity: [0.2867 0.2736]
  Solved in 2194.6ms | energy=-20.141922 | feasible=True
  phi after:  [16.4577 16.4599]

[Sub-QUBO 16/17] 4 entities | weight=0.1685
  phi before: [16.4577 16.4599]
  residual capacity: [0.088  0.0858]
  Solved in 2167.6ms | energy=-20.014533 | feasible=True
  phi after:  [16.5264 16.5597]

[Sub-QUBO 17/17] 1 entities | weight=0.0053
  phi before: [16.5264 16.5597]
  residual capacity: [ 0.0193 -0.014 ]
  Solved in 693.0ms | energy=-5.000177 | feasible=True
  phi after:  [16.5317 16.5597]

--- Run Complete ---
Final core loads: [16.5317 16.5597]
Load imbalance:   0.028011  (L_avg=16.5457)
Movable entities assigned: 65/65 | Fixed RT assignments: 0
Validating assembled global assignment...
Global assignment feasible: True
Global candidate energy:   -872.518122
Global brute-force skipped: None
