
--- Iterative Run Started at Tue Jul  7 14:57:57 2026 ---
Building Q_global...
QUBO Matrix completed in 0.0008s
Partitioning in Sub-QUBOs...
10 sub-QUBOs | sizes: [4, 4, 4, 4, 4, 4, 4, 4, 4, 4]
Starting Iterative Loop...

[Sub-QUBO 1/10] 4 entities | weight=3.7757
  phi before: [0. 0.]
  residual capacity: [9.9559 9.9559]
  Solved in 2346.1ms | energy=-88.052636 | feasible=True
  phi after:  [1.8834 1.8922]

[Sub-QUBO 2/10] 4 entities | weight=3.6269
  phi before: [1.8834 1.8922]
  residual capacity: [8.0725 8.0637]
  Solved in 2534.8ms | energy=-71.946955 | feasible=True
  phi after:  [3.7026 3.7   ]

[Sub-QUBO 3/10] 4 entities | weight=3.3015
  phi before: [3.7026 3.7   ]
  residual capacity: [6.2534 6.2559]
  Solved in 2289.6ms | energy=-55.849425 | feasible=True
  phi after:  [5.353  5.3511]

[Sub-QUBO 4/10] 4 entities | weight=2.7662
  phi before: [5.353  5.3511]
  residual capacity: [4.603  4.6048]
  Solved in 2210.6ms | energy=-41.641362 | feasible=True
  phi after:  [6.6939 6.7763]

[Sub-QUBO 5/10] 4 entities | weight=2.2590
  phi before: [6.6939 6.7763]
  residual capacity: [3.262  3.1796]
  Solved in 2250.0ms | energy=-32.002417 | feasible=True
  phi after:  [7.8846 7.8446]

[Sub-QUBO 6/10] 4 entities | weight=1.6285
  phi before: [7.8846 7.8446]
  residual capacity: [2.0713 2.1113]
  Solved in 2290.2ms | energy=-25.486003 | feasible=True
  phi after:  [8.6881 8.6696]

[Sub-QUBO 7/10] 4 entities | weight=0.9981
  phi before: [8.6881 8.6696]
  residual capacity: [1.2678 1.2863]
  Solved in 2295.9ms | energy=-22.051314 | feasible=True
  phi after:  [9.1774 9.1784]

[Sub-QUBO 8/10] 4 entities | weight=0.7979
  phi before: [9.1774 9.1784]
  residual capacity: [0.7785 0.7775]
  Solved in 2240.5ms | energy=-20.923137 | feasible=True
  phi after:  [9.5847 9.569 ]

[Sub-QUBO 9/10] 4 entities | weight=0.5638
  phi before: [9.5847 9.569 ]
  residual capacity: [0.3712 0.3869]
  Solved in 2221.5ms | energy=-20.268549 | feasible=True
  phi after:  [9.8542 9.8634]

[Sub-QUBO 10/10] 4 entities | weight=0.1943
  phi before: [9.8542 9.8634]
  residual capacity: [0.1018 0.0925]
  Solved in 2206.5ms | energy=-20.018500 | feasible=True
  phi after:  [9.9416 9.9703]

--- Run Complete ---
Final core loads: [9.9416 9.9703]
Load imbalance:   0.028687  (L_avg=9.9559)
Movable entities assigned: 40/40 | Fixed RT assignments: 0
Validating assembled global assignment...
Global assignment feasible: True
Global candidate energy:   -398.240296
Global brute-force skipped: None
