
--- Iterative Run Started at Tue Jul  7 14:47:04 2026 ---
Building Q_global...
QUBO Matrix completed in 0.0005s
Partitioning in Sub-QUBOs...
8 sub-QUBOs | sizes: [4, 4, 4, 4, 4, 4, 4, 2]
Starting Iterative Loop...

[Sub-QUBO 1/8] 4 entities | weight=3.5971
  phi before: [0. 0.]
  residual capacity: [7.1063 7.1063]
  Solved in 2327.6ms | energy=-64.653675 | feasible=True
  phi after:  [1.8154 1.7817]

[Sub-QUBO 2/8] 4 entities | weight=2.8809
  phi before: [1.8154 1.7817]
  residual capacity: [5.2908 5.3246]
  Solved in 2301.1ms | energy=-46.433209 | feasible=True
  phi after:  [3.2377 3.2403]

[Sub-QUBO 3/8] 4 entities | weight=2.5600
  phi before: [3.2377 3.2403]
  residual capacity: [3.8685 3.866 ]
  Solved in 2350.3ms | energy=-36.523444 | feasible=True
  phi after:  [4.5284 4.5097]

[Sub-QUBO 4/8] 4 entities | weight=1.9769
  phi before: [4.5284 4.5097]
  residual capacity: [2.5779 2.5966]
  Solved in 2498.8ms | energy=-28.275454 | feasible=True
  phi after:  [5.5103 5.5046]

[Sub-QUBO 5/8] 4 entities | weight=1.4785
  phi before: [5.5103 5.5046]
  residual capacity: [1.5959 1.6017]
  Solved in 2266.0ms | energy=-23.634741 | feasible=True
  phi after:  [6.2479 6.2455]

[Sub-QUBO 6/8] 4 entities | weight=1.0230
  phi before: [6.2479 6.2455]
  residual capacity: [0.8583 0.8608]
  Solved in 2229.0ms | energy=-21.234220 | feasible=True
  phi after:  [6.7343 6.7821]

[Sub-QUBO 7/8] 4 entities | weight=0.5491
  phi before: [6.7343 6.7821]
  residual capacity: [0.372  0.3242]
  Solved in 2314.7ms | energy=-20.232594 | feasible=True
  phi after:  [7.0288 7.0367]

[Sub-QUBO 8/8] 2 entities | weight=0.1471
  phi before: [7.0288 7.0367]
  residual capacity: [0.0775 0.0696]
  Solved in 1110.6ms | energy=-10.010429 | feasible=True
  phi after:  [7.1207 7.0918]

--- Run Complete ---
Final core loads: [7.1207 7.0918]
Load imbalance:   0.028843  (L_avg=7.1063)
Movable entities assigned: 30/30 | Fixed RT assignments: 0
Validating assembled global assignment...
Global assignment feasible: True
Global candidate energy:   -250.997765
Global brute-force skipped: None
