
--- Iterative Run Started at Tue Jul  7 15:18:12 2026 ---
Building Q_global...
QUBO Matrix completed in 0.0023s
Partitioning in Sub-QUBOs...
17 sub-QUBOs | sizes: [4, 4, 4, 4, 4, 4, 4, 4, 4, 4, 4, 4, 4, 4, 4, 4, 1]
Starting Iterative Loop...

[Sub-QUBO 1/17] 4 entities | weight=3.8435
  phi before: [0. 0.]
  residual capacity: [14.1725 14.1725]
  Solved in 2365.4ms | energy=-121.556760 | feasible=True
  phi after:  [1.9001 1.9434]

[Sub-QUBO 2/17] 4 entities | weight=3.3393
  phi before: [1.9001 1.9434]
  residual capacity: [12.2724 12.2291]
  Solved in 2522.3ms | energy=-96.243050 | feasible=True
  phi after:  [3.5839 3.5989]

[Sub-QUBO 3/17] 4 entities | weight=2.8905
  phi before: [3.5839 3.5989]
  residual capacity: [10.5886 10.5735]
  Solved in 2473.7ms | energy=-76.991929 | feasible=True
  phi after:  [5.0353 5.038 ]

[Sub-QUBO 4/17] 4 entities | weight=2.5051
  phi before: [5.0353 5.038 ]
  residual capacity: [9.1372 9.1344]
  Solved in 2615.8ms | energy=-62.634836 | feasible=True
  phi after:  [6.2932 6.2853]

[Sub-QUBO 5/17] 4 entities | weight=2.3675
  phi before: [6.2932 6.2853]
  residual capacity: [7.8793 7.8872]
  Solved in 2286.4ms | energy=-54.525132 | feasible=True
  phi after:  [7.4655 7.4804]

[Sub-QUBO 6/17] 4 entities | weight=1.9800
  phi before: [7.4655 7.4804]
  residual capacity: [6.707  6.6921]
  Solved in 2253.6ms | energy=-44.569668 | feasible=True
  phi after:  [8.4643 8.4616]

[Sub-QUBO 7/17] 4 entities | weight=1.8214
  phi before: [8.4643 8.4616]
  residual capacity: [5.7082 5.7108]
  Solved in 2241.8ms | energy=-39.139761 | feasible=True
  phi after:  [9.3732 9.3741]

[Sub-QUBO 8/17] 4 entities | weight=1.7138
  phi before: [9.3732 9.3741]
  residual capacity: [4.7993 4.7984]
  Solved in 2241.9ms | energy=-34.979949 | feasible=True
  phi after:  [10.2341 10.227 ]

[Sub-QUBO 9/17] 4 entities | weight=1.5541
  phi before: [10.2341 10.227 ]
  residual capacity: [3.9384 3.9454]
  Solved in 2275.4ms | energy=-31.044558 | feasible=True
  phi after:  [11.0038 11.0114]

[Sub-QUBO 10/17] 4 entities | weight=1.4823
  phi before: [11.0038 11.0114]
  residual capacity: [3.1687 3.161 ]
  Solved in 2276.7ms | energy=-28.283998 | feasible=True
  phi after:  [11.7489 11.7487]

[Sub-QUBO 11/17] 4 entities | weight=1.2860
  phi before: [11.7489 11.7487]
  residual capacity: [2.4236 2.4238]
  Solved in 2373.8ms | energy=-25.406921 | feasible=True
  phi after:  [12.3892 12.3943]

[Sub-QUBO 12/17] 4 entities | weight=1.0746
  phi before: [12.3892 12.3943]
  residual capacity: [1.7833 1.7781]
  Solved in 2214.1ms | energy=-23.249807 | feasible=True
  phi after:  [12.9305 12.9277]

[Sub-QUBO 13/17] 4 entities | weight=0.9622
  phi before: [12.9305 12.9277]
  residual capacity: [1.242  1.2448]
  Solved in 2365.6ms | energy=-21.929841 | feasible=True
  phi after:  [13.4095 13.4108]

[Sub-QUBO 14/17] 4 entities | weight=0.7104
  phi before: [13.4095 13.4108]
  residual capacity: [0.763  0.7617]
  Solved in 2414.7ms | energy=-20.830542 | feasible=True
  phi after:  [13.7758 13.7549]

[Sub-QUBO 15/17] 4 entities | weight=0.4946
  phi before: [13.7758 13.7549]
  residual capacity: [0.3967 0.4176]
  Solved in 2330.4ms | energy=-20.280622 | feasible=True
  phi after:  [14.0167 14.0085]

[Sub-QUBO 16/17] 4 entities | weight=0.3030
  phi before: [14.0167 14.0085]
  residual capacity: [0.1558 0.164 ]
  Solved in 2270.1ms | energy=-20.051011 | feasible=True
  phi after:  [14.1646 14.1635]

[Sub-QUBO 17/17] 1 entities | weight=0.0168
  phi before: [14.1646 14.1635]
  residual capacity: [0.0078 0.0089]
  Solved in 735.3ms | energy=-5.000018 | feasible=True
  phi after:  [14.1646 14.1803]

--- Run Complete ---
Final core loads: [14.1646 14.1803]
Load imbalance:   0.015687  (L_avg=14.1725)
Movable entities assigned: 65/65 | Fixed RT assignments: 0
Validating assembled global assignment...
Global assignment feasible: True
Global candidate energy:   -726.718403
Global brute-force skipped: None
