
--- Iterative Run Started at Tue Jul  7 14:49:38 2026 ---
Building Q_global...
QUBO Matrix completed in 0.0005s
Partitioning in Sub-QUBOs...
8 sub-QUBOs | sizes: [4, 4, 4, 4, 4, 4, 4, 2]
Starting Iterative Loop...

[Sub-QUBO 1/8] 4 entities | weight=3.8162
  phi before: [0. 0.]
  residual capacity: [8.4947 8.4947]
  Solved in 2344.2ms | energy=-77.553489 | feasible=True
  phi after:  [1.9129 1.9033]

[Sub-QUBO 2/8] 4 entities | weight=3.4300
  phi before: [1.9129 1.9033]
  residual capacity: [6.5818 6.5915]
  Solved in 2227.9ms | energy=-59.301137 | feasible=True
  phi after:  [3.6079 3.6382]

[Sub-QUBO 3/8] 4 entities | weight=3.1513
  phi before: [3.6079 3.6382]
  residual capacity: [4.8868 4.8565]
  Solved in 2283.9ms | energy=-45.739169 | feasible=True
  phi after:  [5.1883 5.2092]

[Sub-QUBO 4/8] 4 entities | weight=2.5493
  phi before: [5.1883 5.2092]
  residual capacity: [3.3064 3.2856]
  Solved in 2235.7ms | energy=-33.555802 | feasible=True
  phi after:  [6.4728 6.474 ]

[Sub-QUBO 5/8] 4 entities | weight=1.7944
  phi before: [6.4728 6.474 ]
  residual capacity: [2.0219 2.0208]
  Solved in 2240.6ms | energy=-25.640906 | feasible=True
  phi after:  [7.4111 7.33  ]

[Sub-QUBO 6/8] 4 entities | weight=1.2450
  phi before: [7.4111 7.33  ]
  residual capacity: [1.0836 1.1647]
  Solved in 2291.5ms | energy=-22.026390 | feasible=True
  phi after:  [8.0161 7.9701]

[Sub-QUBO 7/8] 4 entities | weight=0.7281
  phi before: [8.0161 7.9701]
  residual capacity: [0.4787 0.5247]
  Solved in 2323.9ms | energy=-20.466249 | feasible=True
  phi after:  [8.3687 8.3455]

[Sub-QUBO 8/8] 2 entities | weight=0.2753
  phi before: [8.3687 8.3455]
  residual capacity: [0.126  0.1493]
  Solved in 1043.3ms | energy=-10.037961 | feasible=True
  phi after:  [8.5047 8.4848]

--- Run Complete ---
Final core loads: [8.5047 8.4848]
Load imbalance:   0.019820  (L_avg=8.4947)
Movable entities assigned: 30/30 | Fixed RT assignments: 0
Validating assembled global assignment...
Global assignment feasible: True
Global candidate energy:   -294.321104
Global brute-force skipped: None
