
--- Iterative Run Started at Tue Jul  7 14:42:15 2026 ---
Building Q_global...
QUBO Matrix completed in 0.0003s
Partitioning in Sub-QUBOs...
7 sub-QUBOs | sizes: [4, 4, 4, 4, 4, 4, 1]
Starting Iterative Loop...

[Sub-QUBO 1/7] 4 entities | weight=3.7507
  phi before: [0. 0.]
  residual capacity: [6.232 6.232]
  Solved in 2153.2ms | energy=-59.714706 | feasible=True
  phi after:  [1.8788 1.8719]

[Sub-QUBO 2/7] 4 entities | weight=3.1364
  phi before: [1.8788 1.8719]
  residual capacity: [4.3532 4.3601]
  Solved in 2147.7ms | energy=-42.406256 | feasible=True
  phi after:  [3.4022 3.4848]

[Sub-QUBO 3/7] 4 entities | weight=2.4000
  phi before: [3.4022 3.4848]
  residual capacity: [2.8298 2.7472]
  Solved in 2152.1ms | energy=-30.507843 | feasible=True
  phi after:  [4.6345 4.6525]

[Sub-QUBO 4/7] 4 entities | weight=1.7288
  phi before: [4.6345 4.6525]
  residual capacity: [1.5975 1.5795]
  Solved in 2206.4ms | energy=-23.997899 | feasible=True
  phi after:  [5.52   5.4959]

[Sub-QUBO 5/7] 4 entities | weight=1.1751
  phi before: [5.52   5.4959]
  residual capacity: [0.712  0.7361]
  Solved in 2161.9ms | energy=-21.010875 | feasible=True
  phi after:  [6.0772 6.1138]

[Sub-QUBO 6/7] 4 entities | weight=0.2277
  phi before: [6.0772 6.1138]
  residual capacity: [0.1548 0.1182]
  Solved in 2160.1ms | energy=-20.036802 | feasible=True
  phi after:  [6.2022 6.2165]

[Sub-QUBO 7/7] 1 entities | weight=0.0453
  phi before: [6.2022 6.2165]
  residual capacity: [0.0298 0.0155]
  Solved in 694.8ms | energy=-5.000646 | feasible=True
  phi after:  [6.2475 6.2165]

--- Run Complete ---
Final core loads: [6.2475 6.2165]
Load imbalance:   0.031008  (L_avg=6.2320)
Movable entities assigned: 25/25 | Fixed RT assignments: 0
Validating assembled global assignment...
Global assignment feasible: True
Global candidate energy:   -202.675027
Global brute-force skipped: None
