
--- Iterative Run Started at Tue Jul  7 15:25:40 2026 ---
Building Q_global...
QUBO Matrix completed in 0.0030s
Partitioning in Sub-QUBOs...
20 sub-QUBOs | sizes: [4, 4, 4, 4, 4, 4, 4, 4, 4, 4, 4, 4, 4, 4, 4, 4, 4, 4, 4, 4]
Starting Iterative Loop...

[Sub-QUBO 1/20] 4 entities | weight=3.9161
  phi before: [0. 0.]
  residual capacity: [20.7099 20.7099]
  Solved in 2240.7ms | energy=-174.534310 | feasible=True
  phi after:  [1.9502 1.9659]

[Sub-QUBO 2/20] 4 entities | weight=3.7083
  phi before: [1.9502 1.9659]
  residual capacity: [18.7597 18.744 ]
  Solved in 2306.6ms | energy=-152.200593 | feasible=True
  phi after:  [3.8199 3.8045]

[Sub-QUBO 3/20] 4 entities | weight=3.5174
  phi before: [3.8199 3.8045]
  residual capacity: [16.89   16.9053]
  Solved in 2366.7ms | energy=-132.685208 | feasible=True
  phi after:  [5.5717 5.5701]

[Sub-QUBO 4/20] 4 entities | weight=3.3059
  phi before: [5.5717 5.5701]
  residual capacity: [15.1381 15.1398]
  Solved in 2251.2ms | energy=-114.632478 | feasible=True
  phi after:  [7.2239 7.2238]

[Sub-QUBO 5/20] 4 entities | weight=3.2100
  phi before: [7.2239 7.2238]
  residual capacity: [13.486 13.486]
  Solved in 2334.0ms | energy=-101.428926 | feasible=True
  phi after:  [8.8288 8.829 ]

[Sub-QUBO 6/20] 4 entities | weight=3.0616
  phi before: [8.8288 8.829 ]
  residual capacity: [11.8811 11.8809]
  Solved in 2426.6ms | energy=-88.061828 | feasible=True
  phi after:  [10.3681 10.3512]

[Sub-QUBO 7/20] 4 entities | weight=2.8115
  phi before: [10.3681 10.3512]
  residual capacity: [10.3417 10.3587]
  Solved in 2334.7ms | energy=-74.246815 | feasible=True
  phi after:  [11.7678 11.763 ]

[Sub-QUBO 8/20] 4 entities | weight=2.7145
  phi before: [11.7678 11.763 ]
  residual capacity: [8.942  8.9469]
  Solved in 2299.3ms | energy=-64.874683 | feasible=True
  phi after:  [13.1237 13.1216]

[Sub-QUBO 9/20] 4 entities | weight=2.5412
  phi before: [13.1237 13.1216]
  residual capacity: [7.5862 7.5883]
  Solved in 2541.3ms | energy=-55.332584 | feasible=True
  phi after:  [14.3886 14.3979]

[Sub-QUBO 10/20] 4 entities | weight=2.1341
  phi before: [14.3886 14.3979]
  residual capacity: [6.3213 6.312 ]
  Solved in 2347.8ms | energy=-44.683950 | feasible=True
  phi after:  [15.4601 15.4606]

[Sub-QUBO 11/20] 4 entities | weight=1.9666
  phi before: [15.4601 15.4606]
  residual capacity: [5.2498 5.2493]
  Solved in 2293.5ms | energy=-38.713374 | feasible=True
  phi after:  [16.4565 16.4308]

[Sub-QUBO 12/20] 4 entities | weight=1.7286
  phi before: [16.4565 16.4308]
  residual capacity: [4.2534 4.2791]
  Solved in 2242.0ms | energy=-33.255710 | feasible=True
  phi after:  [17.3135 17.3024]

[Sub-QUBO 13/20] 4 entities | weight=1.5657
  phi before: [17.3135 17.3024]
  residual capacity: [3.3964 3.4075]
  Solved in 2240.0ms | energy=-29.426920 | feasible=True
  phi after:  [18.0893 18.0923]

[Sub-QUBO 14/20] 4 entities | weight=1.4498
  phi before: [18.0893 18.0923]
  residual capacity: [2.6206 2.6176]
  Solved in 2421.8ms | energy=-26.542776 | feasible=True
  phi after:  [18.8337 18.7977]

[Sub-QUBO 15/20] 4 entities | weight=1.1935
  phi before: [18.8337 18.7977]
  residual capacity: [1.8762 1.9122]
  Solved in 2167.9ms | energy=-23.809668 | feasible=True
  phi after:  [19.4216 19.4033]

[Sub-QUBO 16/20] 4 entities | weight=0.9464
  phi before: [19.4216 19.4033]
  residual capacity: [1.2883 1.3066]
  Solved in 2298.0ms | energy=-22.007995 | feasible=True
  phi after:  [19.8916 19.8796]

[Sub-QUBO 17/20] 4 entities | weight=0.8465
  phi before: [19.8916 19.8796]
  residual capacity: [0.8183 0.8303]
  Solved in 2310.0ms | energy=-21.037263 | feasible=True
  phi after:  [20.3075 20.3102]

[Sub-QUBO 18/20] 4 entities | weight=0.4948
  phi before: [20.3075 20.3102]
  residual capacity: [0.4024 0.3997]
  Solved in 2188.8ms | energy=-20.274343 | feasible=True
  phi after:  [20.5636 20.5489]

[Sub-QUBO 19/20] 4 entities | weight=0.2277
  phi before: [20.5636 20.5489]
  residual capacity: [0.1462 0.161 ]
  Solved in 2254.8ms | energy=-20.044124 | feasible=True
  phi after:  [20.6732 20.667 ]

[Sub-QUBO 20/20] 4 entities | weight=0.0795
  phi before: [20.6732 20.667 ]
  residual capacity: [0.0367 0.0429]
  Solved in 2463.5ms | energy=-20.003034 | feasible=True
  phi after:  [20.7185 20.7013]

--- Run Complete ---
Final core loads: [20.7185 20.7013]
Load imbalance:   0.017200  (L_avg=20.7099)
Movable entities assigned: 80/80 | Fixed RT assignments: 0
Validating assembled global assignment...
Global assignment feasible: True
Global candidate energy:   -1257.796582
Global brute-force skipped: None
