
--- Iterative Run Started at Tue Jul  7 14:55:50 2026 ---
Building Q_global...
QUBO Matrix completed in 0.0008s
Partitioning in Sub-QUBOs...
10 sub-QUBOs | sizes: [4, 4, 4, 4, 4, 4, 4, 4, 4, 4]
Starting Iterative Loop...

[Sub-QUBO 1/10] 4 entities | weight=3.7988
  phi before: [0. 0.]
  residual capacity: [9.4177 9.4177]
  Solved in 2185.7ms | energy=-84.337258 | feasible=True
  phi after:  [1.9061 1.8927]

[Sub-QUBO 2/10] 4 entities | weight=3.3219
  phi before: [1.9061 1.8927]
  residual capacity: [7.5116 7.525 ]
  Solved in 2266.0ms | energy=-64.432702 | feasible=True
  phi after:  [3.5574 3.5633]

[Sub-QUBO 3/10] 4 entities | weight=2.8896
  phi before: [3.5574 3.5633]
  residual capacity: [5.8603 5.8544]
  Solved in 2221.0ms | energy=-49.675241 | feasible=True
  phi after:  [5.0251 4.9852]

[Sub-QUBO 4/10] 4 entities | weight=2.4133
  phi before: [5.0251 4.9852]
  residual capacity: [4.3926 4.4325]
  Solved in 2169.6ms | energy=-38.386383 | feasible=True
  phi after:  [6.2037 6.2199]

[Sub-QUBO 5/10] 4 entities | weight=2.0304
  phi before: [6.2037 6.2199]
  residual capacity: [3.214  3.1978]
  Solved in 2176.4ms | energy=-30.957490 | feasible=True
  phi after:  [7.2232 7.2309]

[Sub-QUBO 6/10] 4 entities | weight=1.7488
  phi before: [7.2232 7.2309]
  residual capacity: [2.1946 2.1868]
  Solved in 2214.3ms | energy=-26.130728 | feasible=True
  phi after:  [8.1344 8.0684]

[Sub-QUBO 7/10] 4 entities | weight=1.1365
  phi before: [8.1344 8.0684]
  residual capacity: [1.2833 1.3493]
  Solved in 2178.9ms | energy=-22.348323 | feasible=True
  phi after:  [8.6677 8.6716]

[Sub-QUBO 8/10] 4 entities | weight=0.8886
  phi before: [8.6677 8.6716]
  residual capacity: [0.75   0.7461]
  Solved in 2280.4ms | energy=-20.934678 | feasible=True
  phi after:  [9.1159 9.1121]

[Sub-QUBO 9/10] 4 entities | weight=0.5510
  phi before: [9.1159 9.1121]
  residual capacity: [0.3019 0.3056]
  Solved in 2233.1ms | energy=-20.180153 | feasible=True
  phi after:  [9.3522 9.4268]

[Sub-QUBO 10/10] 4 entities | weight=0.0565
  phi before: [9.3522 9.4268]
  residual capacity: [ 0.0655 -0.0091]
  Solved in 2258.5ms | energy=-20.004213 | feasible=True
  phi after:  [9.4087 9.4268]

--- Run Complete ---
Final core loads: [9.4087 9.4268]
Load imbalance:   0.018125  (L_avg=9.4177)
Movable entities assigned: 40/40 | Fixed RT assignments: 0
Validating assembled global assignment...
Global assignment feasible: True
Global candidate energy:   -377.387169
Global brute-force skipped: None
