
--- Iterative Run Started at Tue Jul  7 15:14:34 2026 ---
Building Q_global...
QUBO Matrix completed in 0.0020s
Partitioning in Sub-QUBOs...
17 sub-QUBOs | sizes: [4, 4, 4, 4, 4, 4, 4, 4, 4, 4, 4, 4, 4, 4, 4, 4, 1]
Starting Iterative Loop...

[Sub-QUBO 1/17] 4 entities | weight=3.7823
  phi before: [0. 0.]
  residual capacity: [16.6431 16.6431]
  Solved in 2251.0ms | energy=-138.744605 | feasible=True
  phi after:  [1.8945 1.8877]

[Sub-QUBO 2/17] 4 entities | weight=3.4911
  phi before: [1.8945 1.8877]
  residual capacity: [14.7486 14.7554]
  Solved in 2427.9ms | energy=-116.907252 | feasible=True
  phi after:  [3.636  3.6374]

[Sub-QUBO 3/17] 4 entities | weight=3.2245
  phi before: [3.636  3.6374]
  residual capacity: [13.0071 13.0057]
  Solved in 2518.9ms | energy=-98.679838 | feasible=True
  phi after:  [5.2574 5.2405]

[Sub-QUBO 4/17] 4 entities | weight=2.9995
  phi before: [5.2574 5.2405]
  residual capacity: [11.3857 11.4026]
  Solved in 2257.3ms | energy=-83.856079 | feasible=True
  phi after:  [6.7513 6.7461]

[Sub-QUBO 5/17] 4 entities | weight=2.9015
  phi before: [6.7513 6.7461]
  residual capacity: [9.8917 9.897 ]
  Solved in 2347.0ms | energy=-73.208503 | feasible=True
  phi after:  [8.1962 8.2028]

[Sub-QUBO 6/17] 4 entities | weight=2.7379
  phi before: [8.1962 8.2028]
  residual capacity: [8.4469 8.4403]
  Solved in 2303.1ms | energy=-62.487992 | feasible=True
  phi after:  [9.5752 9.5617]

[Sub-QUBO 7/17] 4 entities | weight=2.5492
  phi before: [9.5752 9.5617]
  residual capacity: [7.0679 7.0813]
  Solved in 2264.9ms | energy=-52.820199 | feasible=True
  phi after:  [10.8457 10.8404]

[Sub-QUBO 8/17] 4 entities | weight=2.3211
  phi before: [10.8457 10.8404]
  residual capacity: [5.7974 5.8027]
  Solved in 2394.7ms | energy=-44.231189 | feasible=True
  phi after:  [11.9995 12.0077]

[Sub-QUBO 9/17] 4 entities | weight=2.0373
  phi before: [11.9995 12.0077]
  residual capacity: [4.6436 4.6354]
  Solved in 2324.8ms | energy=-36.828039 | feasible=True
  phi after:  [13.0404 13.0041]

[Sub-QUBO 10/17] 4 entities | weight=1.7636
  phi before: [13.0404 13.0041]
  residual capacity: [3.6027 3.639 ]
  Solved in 2682.9ms | energy=-31.217171 | feasible=True
  phi after:  [13.9041 13.904 ]

[Sub-QUBO 11/17] 4 entities | weight=1.5591
  phi before: [13.9041 13.904 ]
  residual capacity: [2.739  2.7391]
  Solved in 2395.0ms | energy=-27.325206 | feasible=True
  phi after:  [14.678  14.6892]

[Sub-QUBO 12/17] 4 entities | weight=1.2033
  phi before: [14.678  14.6892]
  residual capacity: [1.9651 1.9539]
  Solved in 2202.7ms | energy=-23.991752 | feasible=True
  phi after:  [15.2847 15.2857]

[Sub-QUBO 13/17] 4 entities | weight=1.0884
  phi before: [15.2847 15.2857]
  residual capacity: [1.3584 1.3574]
  Solved in 2430.5ms | energy=-22.362993 | feasible=True
  phi after:  [15.8443 15.8145]

[Sub-QUBO 14/17] 4 entities | weight=0.8028
  phi before: [15.8443 15.8145]
  residual capacity: [0.7988 0.8286]
  Solved in 2414.6ms | energy=-20.984674 | feasible=True
  phi after:  [16.2318 16.2299]

[Sub-QUBO 15/17] 4 entities | weight=0.5221
  phi before: [16.2318 16.2299]
  residual capacity: [0.4113 0.4132]
  Solved in 2184.2ms | energy=-20.294185 | feasible=True
  phi after:  [16.4918 16.4919]

[Sub-QUBO 16/17] 4 entities | weight=0.3010
  phi before: [16.4918 16.4919]
  residual capacity: [0.1513 0.1512]
  Solved in 2331.9ms | energy=-20.044396 | feasible=True
  phi after:  [16.6683 16.6164]

[Sub-QUBO 17/17] 1 entities | weight=0.0015
  phi before: [16.6683 16.6164]
  residual capacity: [-0.0252  0.0267]
  Solved in 750.1ms | energy=-5.000077 | feasible=True
  phi after:  [16.6683 16.6179]

--- Run Complete ---
Final core loads: [16.6683 16.6179]
Load imbalance:   0.050386  (L_avg=16.6431)
Movable entities assigned: 65/65 | Fixed RT assignments: 0
Validating assembled global assignment...
Global assignment feasible: True
Global candidate energy:   -878.984150
Global brute-force skipped: None
