
--- Iterative Run Started at Tue Jul  7 16:05:09 2026 ---
Building Q_global...
QUBO Matrix completed in 0.0127s
Partitioning in Sub-QUBOs...
40 sub-QUBOs | sizes: [4, 4, 4, 4, 4, 4, 4, 4, 4, 4, 4, 4, 4, 4, 4, 4, 4, 4, 4, 4, 4, 4, 4, 4, 4, 4, 4, 4, 4, 4, 4, 4, 4, 4, 4, 4, 4, 4, 4, 4]
Starting Iterative Loop...

[Sub-QUBO 1/40] 4 entities | weight=3.9539
  phi before: [0. 0.]
  residual capacity: [40.3543 40.3543]
  Solved in 2228.2ms | energy=-331.297006 | feasible=True
  phi after:  [1.9805 1.9734]

[Sub-QUBO 2/40] 4 entities | weight=3.7915
  phi before: [1.9805 1.9734]
  residual capacity: [38.3738 38.3809]
  Solved in 2326.0ms | energy=-303.828061 | feasible=True
  phi after:  [3.8726 3.8728]

[Sub-QUBO 3/40] 4 entities | weight=3.7327
  phi before: [3.8726 3.8728]
  residual capacity: [36.4817 36.4815]
  Solved in 2359.5ms | energy=-285.385949 | feasible=True
  phi after:  [5.7407 5.7374]

[Sub-QUBO 4/40] 4 entities | weight=3.6065
  phi before: [5.7407 5.7374]
  residual capacity: [34.6135 34.6169]
  Solved in 2355.4ms | energy=-263.178052 | feasible=True
  phi after:  [7.5339 7.5508]

[Sub-QUBO 5/40] 4 entities | weight=3.5089
  phi before: [7.5339 7.5508]
  residual capacity: [32.8204 32.8035]
  Solved in 2337.0ms | energy=-244.113892 | feasible=True
  phi after:  [9.2996 9.294 ]

[Sub-QUBO 6/40] 4 entities | weight=3.4513
  phi before: [9.2996 9.294 ]
  residual capacity: [31.0547 31.0603]
  Solved in 2230.7ms | energy=-228.419231 | feasible=True
  phi after:  [11.0227 11.0221]

[Sub-QUBO 7/40] 4 entities | weight=3.3699
  phi before: [11.0227 11.0221]
  residual capacity: [29.3316 29.3322]
  Solved in 2197.5ms | energy=-212.013805 | feasible=True
  phi after:  [12.7035 12.7113]

[Sub-QUBO 8/40] 4 entities | weight=3.2849
  phi before: [12.7035 12.7113]
  residual capacity: [27.6508 27.643 ]
  Solved in 2261.3ms | energy=-196.239124 | feasible=True
  phi after:  [14.3507 14.3489]

[Sub-QUBO 9/40] 4 entities | weight=3.2190
  phi before: [14.3507 14.3489]
  residual capacity: [26.0035 26.0054]
  Solved in 2388.6ms | energy=-182.237564 | feasible=True
  phi after:  [15.9586 15.9602]

[Sub-QUBO 10/40] 4 entities | weight=3.1891
  phi before: [15.9586 15.9602]
  residual capacity: [24.3957 24.3941]
  Solved in 2334.6ms | energy=-170.508357 | feasible=True
  phi after:  [17.555  17.5528]

[Sub-QUBO 11/40] 4 entities | weight=2.9895
  phi before: [17.555  17.5528]
  residual capacity: [22.7993 22.8015]
  Solved in 2279.4ms | energy=-151.854931 | feasible=True
  phi after:  [19.0339 19.0634]

[Sub-QUBO 12/40] 4 entities | weight=2.8573
  phi before: [19.0339 19.0634]
  residual capacity: [21.3204 21.2909]
  Solved in 2267.5ms | energy=-137.672351 | feasible=True
  phi after:  [20.4708 20.4838]

[Sub-QUBO 13/40] 4 entities | weight=2.7948
  phi before: [20.4708 20.4838]
  residual capacity: [19.8834 19.8705]
  Solved in 2258.2ms | energy=-127.199886 | feasible=True
  phi after:  [21.8749 21.8745]

[Sub-QUBO 14/40] 4 entities | weight=2.7345
  phi before: [21.8749 21.8745]
  residual capacity: [18.4794 18.4798]
  Solved in 2235.1ms | energy=-117.326229 | feasible=True
  phi after:  [23.2395 23.2444]

[Sub-QUBO 15/40] 4 entities | weight=2.6704
  phi before: [23.2395 23.2444]
  residual capacity: [17.1148 17.1098]
  Solved in 2326.6ms | energy=-107.829304 | feasible=True
  phi after:  [24.5809 24.5735]

[Sub-QUBO 16/40] 4 entities | weight=2.5203
  phi before: [24.5809 24.5735]
  residual capacity: [15.7734 15.7808]
  Solved in 2197.6ms | energy=-96.349598 | feasible=True
  phi after:  [25.8343 25.8403]

[Sub-QUBO 17/40] 4 entities | weight=2.3068
  phi before: [25.8343 25.8403]
  residual capacity: [14.52  14.514]
  Solved in 2264.9ms | energy=-84.313701 | feasible=True
  phi after:  [26.9909 26.9905]

[Sub-QUBO 18/40] 4 entities | weight=2.1714
  phi before: [26.9909 26.9905]
  residual capacity: [13.3634 13.3638]
  Solved in 2269.6ms | energy=-75.678208 | feasible=True
  phi after:  [28.0741 28.0787]

[Sub-QUBO 19/40] 4 entities | weight=2.0559
  phi before: [28.0741 28.0787]
  residual capacity: [12.2802 12.2756]
  Solved in 2346.0ms | energy=-68.370502 | feasible=True
  phi after:  [29.1076 29.1011]

[Sub-QUBO 20/40] 4 entities | weight=2.0041
  phi before: [29.1076 29.1011]
  residual capacity: [11.2467 11.2532]
  Solved in 2250.3ms | energy=-63.084411 | feasible=True
  phi after:  [30.107  30.1059]

[Sub-QUBO 21/40] 4 entities | weight=1.9448
  phi before: [30.107  30.1059]
  residual capacity: [10.2473 10.2484]
  Solved in 2269.7ms | energy=-57.968792 | feasible=True
  phi after:  [31.0793 31.0784]

[Sub-QUBO 22/40] 4 entities | weight=1.8443
  phi before: [31.0793 31.0784]
  residual capacity: [9.275  9.2759]
  Solved in 2365.5ms | energy=-52.512858 | feasible=True
  phi after:  [31.9978 32.0041]

[Sub-QUBO 23/40] 4 entities | weight=1.7389
  phi before: [31.9978 32.0041]
  residual capacity: [8.3565 8.3502]
  Solved in 2319.5ms | energy=-47.539689 | feasible=True
  phi after:  [32.8695 32.8714]

[Sub-QUBO 24/40] 4 entities | weight=1.6324
  phi before: [32.8695 32.8714]
  residual capacity: [7.4848 7.4829]
  Solved in 2223.9ms | energy=-43.100951 | feasible=True
  phi after:  [33.6883 33.685 ]

[Sub-QUBO 25/40] 4 entities | weight=1.5920
  phi before: [33.6883 33.685 ]
  residual capacity: [6.666  6.6693]
  Solved in 2316.4ms | energy=-39.963147 | feasible=True
  phi after:  [34.4819 34.4834]

[Sub-QUBO 26/40] 4 entities | weight=1.5308
  phi before: [34.4819 34.4834]
  residual capacity: [5.8724 5.8709]
  Solved in 2319.0ms | energy=-36.805133 | feasible=True
  phi after:  [35.2489 35.2472]

[Sub-QUBO 27/40] 4 entities | weight=1.4595
  phi before: [35.2489 35.2472]
  residual capacity: [5.1054 5.1071]
  Solved in 2200.5ms | energy=-33.839936 | feasible=True
  phi after:  [35.9741 35.9815]

[Sub-QUBO 28/40] 4 entities | weight=1.3480
  phi before: [35.9741 35.9815]
  residual capacity: [4.3802 4.3728]
  Solved in 2224.3ms | energy=-30.890191 | feasible=True
  phi after:  [36.653  36.6505]

[Sub-QUBO 29/40] 4 entities | weight=1.2785
  phi before: [36.653  36.6505]
  residual capacity: [3.7013 3.7038]
  Solved in 2220.6ms | energy=-28.649803 | feasible=True
  phi after:  [37.2901 37.2919]

[Sub-QUBO 30/40] 4 entities | weight=1.1521
  phi before: [37.2901 37.2919]
  residual capacity: [3.0642 3.0624]
  Solved in 2186.9ms | energy=-26.394401 | feasible=True
  phi after:  [37.8777 37.8564]

[Sub-QUBO 31/40] 4 entities | weight=0.9700
  phi before: [37.8777 37.8564]
  residual capacity: [2.4766 2.4979]
  Solved in 2232.2ms | energy=-24.354999 | feasible=True
  phi after:  [38.3533 38.3508]

[Sub-QUBO 32/40] 4 entities | weight=0.9144
  phi before: [38.3533 38.3508]
  residual capacity: [2.001  2.0035]
  Solved in 2233.0ms | energy=-23.243573 | feasible=True
  phi after:  [38.8097 38.8087]

[Sub-QUBO 33/40] 4 entities | weight=0.8373
  phi before: [38.8097 38.8087]
  residual capacity: [1.5446 1.5456]
  Solved in 2252.0ms | energy=-22.236884 | feasible=True
  phi after:  [39.2266 39.2292]

[Sub-QUBO 34/40] 4 entities | weight=0.7341
  phi before: [39.2266 39.2292]
  residual capacity: [1.1277 1.1251]
  Solved in 2245.2ms | energy=-21.384038 | feasible=True
  phi after:  [39.6083 39.5816]

[Sub-QUBO 35/40] 4 entities | weight=0.5907
  phi before: [39.6083 39.5816]
  residual capacity: [0.746  0.7727]
  Solved in 2212.2ms | energy=-20.722941 | feasible=True
  phi after:  [39.8971 39.8835]

[Sub-QUBO 36/40] 4 entities | weight=0.3727
  phi before: [39.8971 39.8835]
  residual capacity: [0.4572 0.4708]
  Solved in 2203.4ms | energy=-20.276477 | feasible=True
  phi after:  [40.0769 40.0764]

[Sub-QUBO 37/40] 4 entities | weight=0.2362
  phi before: [40.0769 40.0764]
  residual capacity: [0.2774 0.2779]
  Solved in 2341.4ms | energy=-20.103279 | feasible=True
  phi after:  [40.1949 40.1945]

[Sub-QUBO 38/40] 4 entities | weight=0.1934
  phi before: [40.1949 40.1945]
  residual capacity: [0.1594 0.1598]
  Solved in 2223.9ms | energy=-20.043024 | feasible=True
  phi after:  [40.2906 40.2923]

[Sub-QUBO 39/40] 4 entities | weight=0.1151
  phi before: [40.2906 40.2923]
  residual capacity: [0.0637 0.062 ]
  Solved in 2185.8ms | energy=-20.007843 | feasible=True
  phi after:  [40.3482 40.3498]

[Sub-QUBO 40/40] 4 entities | weight=0.0106
  phi before: [40.3482 40.3498]
  residual capacity: [0.0061 0.0045]
  Solved in 2174.7ms | energy=-20.000057 | feasible=True
  phi after:  [40.3548 40.3538]

--- Run Complete ---
Final core loads: [40.3548 40.3538]
Load imbalance:   0.001012  (L_avg=40.3543)
Movable entities assigned: 160/160 | Fixed RT assignments: 0
Validating assembled global assignment...
Global assignment feasible: True
Global candidate energy:   -4056.938178
Global brute-force skipped: None
