
--- Iterative Run Started at Tue Jul  7 14:40:52 2026 ---
Building Q_global...
QUBO Matrix completed in 0.0003s
Partitioning in Sub-QUBOs...
7 sub-QUBOs | sizes: [4, 4, 4, 4, 4, 4, 1]
Starting Iterative Loop...

[Sub-QUBO 1/7] 4 entities | weight=3.5684
  phi before: [0. 0.]
  residual capacity: [6.1664 6.1664]
  Solved in 2302.8ms | energy=-57.641726 | feasible=True
  phi after:  [1.7925 1.7759]

[Sub-QUBO 2/7] 4 entities | weight=3.0883
  phi before: [1.7925 1.7759]
  residual capacity: [4.3739 4.3905]
  Solved in 2297.7ms | energy=-42.298289 | feasible=True
  phi after:  [3.3352 3.3214]

[Sub-QUBO 3/7] 4 entities | weight=2.5702
  phi before: [3.3352 3.3214]
  residual capacity: [2.8312 2.845 ]
  Solved in 2350.6ms | energy=-31.285785 | feasible=True
  phi after:  [4.6194 4.6075]

[Sub-QUBO 4/7] 4 entities | weight=2.1144
  phi before: [4.6194 4.6075]
  residual capacity: [1.547 1.559]
  Solved in 2291.0ms | energy=-24.331085 | feasible=True
  phi after:  [5.6487 5.6925]

[Sub-QUBO 5/7] 4 entities | weight=0.8694
  phi before: [5.6487 5.6925]
  residual capacity: [0.5177 0.4739]
  Solved in 2286.6ms | energy=-20.484868 | feasible=True
  phi after:  [6.0942 6.1165]

[Sub-QUBO 6/7] 4 entities | weight=0.1194
  phi before: [6.0942 6.1165]
  residual capacity: [0.0723 0.0499]
  Solved in 2226.9ms | energy=-20.007701 | feasible=True
  phi after:  [6.1635 6.1666]

[Sub-QUBO 7/7] 1 entities | weight=0.0027
  phi before: [6.1635 6.1666]
  residual capacity: [ 0.003  -0.0002]
  Solved in 706.0ms | energy=-5.000009 | feasible=True
  phi after:  [6.1662 6.1666]

--- Run Complete ---
Final core loads: [6.1662 6.1666]
Load imbalance:   0.000456  (L_avg=6.1664)
Movable entities assigned: 25/25 | Fixed RT assignments: 0
Validating assembled global assignment...
Global assignment feasible: True
Global candidate energy:   -201.049463
Global brute-force skipped: None
