
--- Iterative Run Started at Tue Jul  7 14:35:08 2026 ---
Building Q_global...
QUBO Matrix completed in 0.0002s
Partitioning in Sub-QUBOs...
5 sub-QUBOs | sizes: [4, 4, 4, 4, 4]
Starting Iterative Loop...

[Sub-QUBO 1/5] 4 entities | weight=3.5684
  phi before: [0. 0.]
  residual capacity: [5.1235 5.1235]
  Solved in 2603.8ms | energy=-50.198727 | feasible=True
  phi after:  [1.7925 1.7759]

[Sub-QUBO 2/5] 4 entities | weight=3.0883
  phi before: [1.7925 1.7759]
  residual capacity: [3.331  3.3476]
  Solved in 2282.6ms | energy=-35.856757 | feasible=True
  phi after:  [3.3352 3.3214]

[Sub-QUBO 3/5] 4 entities | weight=2.3287
  phi before: [3.3352 3.3214]
  residual capacity: [1.7883 1.8021]
  Solved in 2344.4ms | energy=-25.649399 | feasible=True
  phi after:  [4.4855 4.4999]

[Sub-QUBO 4/5] 4 entities | weight=1.1678
  phi before: [4.4855 4.4999]
  residual capacity: [0.638  0.6237]
  Solved in 2240.8ms | energy=-20.791498 | feasible=True
  phi after:  [5.0838 5.0694]

[Sub-QUBO 5/5] 4 entities | weight=0.0938
  phi before: [5.0838 5.0694]
  residual capacity: [0.0397 0.0542]
  Solved in 2176.0ms | energy=-20.004503 | feasible=True
  phi after:  [5.1248 5.1222]

--- Run Complete ---
Final core loads: [5.1248 5.1222]
Load imbalance:   0.002604  (L_avg=5.1235)
Movable entities assigned: 20/20 | Fixed RT assignments: 0
Validating assembled global assignment...
Global assignment feasible: True
Global candidate energy:   -152.500884
Global optimum energy:     -152.500887
Globally optimal:          False
