INITIATING QAOA SCHEDULING JOB
WORKLOAD:   3 processes on 2 cores
WEIGHTS:    1.000 total CPU load
QUBO CFG:   Penalty (P) = 0.05
QAOA CFG:   Layers (p) = 1 | Steps = 50 | η = 0.05 | Mixer = xy | Init γ/β = 0.5/0.5
----------------------------------------


--- Raw Run Started at Thu May 21 17:09:55 2026 ---
Workload ID: None
Entities: [(1000, 0.1), (1001, 0.8), (1002, 0.1)]
Building QUBO...
QUBO Matrix completed in 3.0040740966796875e-05
QUBO solved in 0.43805789947509766

Core Assignment - Energy: -0.4700
Core Assignment - Feasible: True
Core Assignment - Assignments: {1000: 0, 1001: 1, 1002: 0}
Core Assignment - Solve time: 437.7ms
Validated in 0.0009152889251708984
Core Assignment - Optimal: True
Core Assignment - Global energy: -0.4700

--- Final Schedule ---
  Entity 1000 (w=0.100) → core 0
  Entity 1001 (w=0.800) → core 1
  Entity 1002 (w=0.100) → core 0

Total solve time: 437.675ms
