INITIATING QAOA SCHEDULING JOB
WORKLOAD:   4 processes on 2 cores
WEIGHTS:    1.000 total CPU load
QUBO CFG:   Penalty (P) = 0.7
QAOA CFG:   Layers (p) = 3 | Steps = 100 | η = 0.05 | Mixer = x | Init γ/β = 0.5/0.5
----------------------------------------


--- Raw Run Started at Fri Jun 26 17:46:13 2026 ---
Workload ID: None
Entities: [(1000, 0.15), (1001, 0.35), (1002, 0.25), (1003, 0.25)]
Building QUBO...
QUBO Matrix completed in 3.695487976074219e-05
QUBO solved in 3.1521456241607666

Core Assignment - Energy: -3.3000
Core Assignment - Feasible: True
Core Assignment - Assignments: {1000: 0, 1001: 0, 1002: 1, 1003: 1}
Core Assignment - Solve time: 3151.8ms
Validated in 0.003832101821899414
Core Assignment - Optimal: True
Core Assignment - Global energy: -3.3000

--- Final Schedule ---
  Entity 1000 (w=0.150) → core 0
  Entity 1001 (w=0.350) → core 0
  Entity 1002 (w=0.250) → core 1
  Entity 1003 (w=0.250) → core 1

Total solve time: 3151.790ms
