INITIATING QAOA SCHEDULING JOB
WORKLOAD:   3 processes on 2 cores
WEIGHTS:    1.000 total CPU load
QUBO CFG:   Penalty (P) = 0.1
QAOA CFG:   Layers (p) = 1 | Steps = 50 | η = 0.05 | Mixer = xy | Init γ/β = 0.5/0.5
----------------------------------------


--- Raw Run Started at Thu May 21 16:52:52 2026 ---
Workload ID: None
Entities: [(1000, 0.1), (1001, 0.8), (1002, 0.1)]
Building QUBO...
QUBO Matrix completed in 3.552436828613281e-05
QUBO solved in 0.4880702495574951

Core Assignment - Energy: -0.6200
Core Assignment - Feasible: True
Core Assignment - Assignments: {1000: 0, 1001: 1, 1002: 0}
Core Assignment - Solve time: 487.7ms
Validated in 0.0009136199951171875
Core Assignment - Optimal: True
Core Assignment - Global energy: -0.6200

--- Final Schedule ---
  Entity 1000 (w=0.100) → core 0
  Entity 1001 (w=0.800) → core 1
  Entity 1002 (w=0.100) → core 0

Total solve time: 487.718ms
