
--- Iterative Run Started at Tue Jul  7 17:45:30 2026 ---
Building Q_global...
QUBO Matrix completed in 0.1565s
Partitioning in Sub-QUBOs...
125 sub-QUBOs | sizes: [4, 4, 4, 4, 4, 4, 4, 4, 4, 4, 4, 4, 4, 4, 4, 4, 4, 4, 4, 4, 4, 4, 4, 4, 4, 4, 4, 4, 4, 4, 4, 4, 4, 4, 4, 4, 4, 4, 4, 4, 4, 4, 4, 4, 4, 4, 4, 4, 4, 4, 4, 4, 4, 4, 4, 4, 4, 4, 4, 4, 4, 4, 4, 4, 4, 4, 4, 4, 4, 4, 4, 4, 4, 4, 4, 4, 4, 4, 4, 4, 4, 4, 4, 4, 4, 4, 4, 4, 4, 4, 4, 4, 4, 4, 4, 4, 4, 4, 4, 4, 4, 4, 4, 4, 4, 4, 4, 4, 4, 4, 4, 4, 4, 4, 4, 4, 4, 4, 4, 4, 4, 4, 4, 4, 4]
Starting Iterative Loop...

[Sub-QUBO 1/125] 4 entities | weight=3.9751
  phi before: [0. 0.]
  residual capacity: [122.9169 122.9169]
  Solved in 1905.0ms | energy=-989.306558 | feasible=True
  phi after:  [1.9878 1.9872]

[Sub-QUBO 2/125] 4 entities | weight=3.9314
  phi before: [1.9878 1.9872]
  residual capacity: [120.9291 120.9297]
  Solved in 1863.1ms | energy=-963.123292 | feasible=True
  phi after:  [3.9523 3.9542]

[Sub-QUBO 3/125] 4 entities | weight=3.8921
  phi before: [3.9523 3.9542]
  residual capacity: [118.9646 118.9627]
  Solved in 1774.7ms | energy=-938.466323 | feasible=True
  phi after:  [5.8987 5.8999]

[Sub-QUBO 4/125] 4 entities | weight=3.8674
  phi before: [5.8987 5.8999]
  residual capacity: [117.0182 117.017 ]
  Solved in 1790.0ms | energy=-917.625563 | feasible=True
  phi after:  [7.8336 7.8324]

[Sub-QUBO 5/125] 4 entities | weight=3.8555
  phi before: [7.8336 7.8324]
  residual capacity: [115.0833 115.0845]
  Solved in 1786.4ms | energy=-899.988518 | feasible=True
  phi after:  [9.761  9.7605]

[Sub-QUBO 6/125] 4 entities | weight=3.8492
  phi before: [9.761  9.7605]
  residual capacity: [113.1559 113.1564]
  Solved in 1990.1ms | energy=-883.702831 | feasible=True
  phi after:  [11.6855 11.6852]

[Sub-QUBO 7/125] 4 entities | weight=3.8139
  phi before: [11.6855 11.6852]
  residual capacity: [111.2314 111.2317]
  Solved in 1773.8ms | energy=-861.187621 | feasible=True
  phi after:  [13.5917 13.5929]

[Sub-QUBO 8/125] 4 entities | weight=3.7897
  phi before: [13.5917 13.5929]
  residual capacity: [109.3252 109.324 ]
  Solved in 1770.3ms | energy=-841.437763 | feasible=True
  phi after:  [15.4873 15.4871]

[Sub-QUBO 9/125] 4 entities | weight=3.7542
  phi before: [15.4873 15.4871]
  residual capacity: [107.4297 107.4298]
  Solved in 1843.3ms | energy=-819.576287 | feasible=True
  phi after:  [17.3618 17.3668]

[Sub-QUBO 10/125] 4 entities | weight=3.6958
  phi before: [17.3618 17.3668]
  residual capacity: [105.5551 105.5501]
  Solved in 1792.6ms | energy=-793.381929 | feasible=True
  phi after:  [19.2125 19.2118]

[Sub-QUBO 11/125] 4 entities | weight=3.6680
  phi before: [19.2125 19.2118]
  residual capacity: [103.7044 103.7051]
  Solved in 1811.7ms | energy=-774.052333 | feasible=True
  phi after:  [21.0458 21.0466]

[Sub-QUBO 12/125] 4 entities | weight=3.6388
  phi before: [21.0458 21.0466]
  residual capacity: [101.8711 101.8703]
  Solved in 1730.9ms | energy=-754.759510 | feasible=True
  phi after:  [22.8661 22.8651]

[Sub-QUBO 13/125] 4 entities | weight=3.5785
  phi before: [22.8661 22.8651]
  residual capacity: [100.0508 100.0518]
  Solved in 2092.5ms | energy=-729.669652 | feasible=True
  phi after:  [24.6525 24.6573]

[Sub-QUBO 14/125] 4 entities | weight=3.5292
  phi before: [24.6525 24.6573]
  residual capacity: [98.2644 98.2596]
  Solved in 1842.1ms | energy=-707.348705 | feasible=True
  phi after:  [26.4197 26.4193]

[Sub-QUBO 15/125] 4 entities | weight=3.4858
  phi before: [26.4197 26.4193]
  residual capacity: [96.4973 96.4976]
  Solved in 2036.3ms | energy=-686.671146 | feasible=True
  phi after:  [28.1621 28.1627]

[Sub-QUBO 16/125] 4 entities | weight=3.4458
  phi before: [28.1621 28.1627]
  residual capacity: [94.7548 94.7542]
  Solved in 1983.1ms | energy=-667.070246 | feasible=True
  phi after:  [29.8854 29.8852]

[Sub-QUBO 17/125] 4 entities | weight=3.4039
  phi before: [29.8854 29.8852]
  residual capacity: [93.0315 93.0317]
  Solved in 1767.4ms | energy=-647.547879 | feasible=True
  phi after:  [31.587  31.5874]

[Sub-QUBO 18/125] 4 entities | weight=3.3658
  phi before: [31.587  31.5874]
  residual capacity: [91.3299 91.3295]
  Solved in 1763.6ms | energy=-629.133563 | feasible=True
  phi after:  [33.2717 33.2686]

[Sub-QUBO 19/125] 4 entities | weight=3.3392
  phi before: [33.2717 33.2686]
  residual capacity: [89.6452 89.6484]
  Solved in 1769.0ms | energy=-613.116595 | feasible=True
  phi after:  [34.9404 34.9391]

[Sub-QUBO 20/125] 4 entities | weight=3.3178
  phi before: [34.9404 34.9391]
  residual capacity: [87.9766 87.9778]
  Solved in 1816.4ms | energy=-598.281524 | feasible=True
  phi after:  [36.5992 36.5981]

[Sub-QUBO 21/125] 4 entities | weight=3.3030
  phi before: [36.5992 36.5981]
  residual capacity: [86.3177 86.3188]
  Solved in 1745.3ms | energy=-584.766686 | feasible=True
  phi after:  [38.2499 38.2504]

[Sub-QUBO 22/125] 4 entities | weight=3.2587
  phi before: [38.2499 38.2504]
  residual capacity: [84.667  84.6665]
  Solved in 1885.6ms | energy=-566.501051 | feasible=True
  phi after:  [39.882  39.8771]

[Sub-QUBO 23/125] 4 entities | weight=3.2301
  phi before: [39.882  39.8771]
  residual capacity: [83.0349 83.0399]
  Solved in 1787.5ms | energy=-551.218428 | feasible=True
  phi after:  [41.4944 41.4948]

[Sub-QUBO 24/125] 4 entities | weight=3.2186
  phi before: [41.4944 41.4948]
  residual capacity: [81.4225 81.4222]
  Solved in 1825.4ms | energy=-538.954728 | feasible=True
  phi after:  [43.1046 43.1031]

[Sub-QUBO 25/125] 4 entities | weight=3.1907
  phi before: [43.1046 43.1031]
  residual capacity: [79.8123 79.8138]
  Solved in 1806.1ms | energy=-524.230909 | feasible=True
  phi after:  [44.6988 44.6996]

[Sub-QUBO 26/125] 4 entities | weight=3.1583
  phi before: [44.6988 44.6996]
  residual capacity: [78.2181 78.2173]
  Solved in 2366.1ms | energy=-509.084826 | feasible=True
  phi after:  [46.2784 46.2784]

[Sub-QUBO 27/125] 4 entities | weight=3.1354
  phi before: [46.2784 46.2784]
  residual capacity: [76.6385 76.6385]
  Solved in 1722.4ms | energy=-495.664214 | feasible=True
  phi after:  [47.8462 47.8459]

[Sub-QUBO 28/125] 4 entities | weight=3.1077
  phi before: [47.8462 47.8459]
  residual capacity: [75.0707 75.071 ]
  Solved in 1718.4ms | energy=-481.773067 | feasible=True
  phi after:  [49.3995 49.4004]

[Sub-QUBO 29/125] 4 entities | weight=3.0743
  phi before: [49.3995 49.4004]
  residual capacity: [73.5174 73.5165]
  Solved in 1986.8ms | energy=-467.302468 | feasible=True
  phi after:  [50.9367 50.9374]

[Sub-QUBO 30/125] 4 entities | weight=3.0411
  phi before: [50.9367 50.9374]
  residual capacity: [71.9802 71.9795]
  Solved in 1857.0ms | energy=-453.175614 | feasible=True
  phi after:  [52.4578 52.4575]

[Sub-QUBO 31/125] 4 entities | weight=3.0193
  phi before: [52.4578 52.4575]
  residual capacity: [70.4591 70.4594]
  Solved in 1747.1ms | energy=-440.918041 | feasible=True
  phi after:  [53.9666 53.9681]

[Sub-QUBO 32/125] 4 entities | weight=2.9976
  phi before: [53.9666 53.9681]
  residual capacity: [68.9504 68.9488]
  Solved in 1945.8ms | energy=-428.868604 | feasible=True
  phi after:  [55.4655 55.4666]

[Sub-QUBO 33/125] 4 entities | weight=2.9334
  phi before: [55.4655 55.4666]
  residual capacity: [67.4514 67.4503]
  Solved in 1772.2ms | energy=-411.414002 | feasible=True
  phi after:  [56.933  56.9326]

[Sub-QUBO 34/125] 4 entities | weight=2.8997
  phi before: [56.933  56.9326]
  residual capacity: [65.984  65.9843]
  Solved in 1914.4ms | energy=-398.466222 | feasible=True
  phi after:  [58.3826 58.3827]

[Sub-QUBO 35/125] 4 entities | weight=2.8735
  phi before: [58.3826 58.3827]
  residual capacity: [64.5343 64.5342]
  Solved in 1866.3ms | energy=-386.755901 | feasible=True
  phi after:  [59.8199 59.8189]

[Sub-QUBO 36/125] 4 entities | weight=2.8432
  phi before: [59.8199 59.8189]
  residual capacity: [63.097 63.098]
  Solved in 1784.7ms | energy=-374.756344 | feasible=True
  phi after:  [61.2406 61.2414]

[Sub-QUBO 37/125] 4 entities | weight=2.7757
  phi before: [61.2406 61.2414]
  residual capacity: [61.6763 61.6755]
  Solved in 1878.4ms | energy=-358.537227 | feasible=True
  phi after:  [62.6299 62.6279]

[Sub-QUBO 38/125] 4 entities | weight=2.7494
  phi before: [62.6299 62.6279]
  residual capacity: [60.287  60.2891]
  Solved in 1894.8ms | energy=-347.734181 | feasible=True
  phi after:  [64.0028 64.0044]

[Sub-QUBO 39/125] 4 entities | weight=2.7072
  phi before: [64.0028 64.0044]
  residual capacity: [58.9141 58.9126]
  Solved in 1963.5ms | energy=-335.310386 | feasible=True
  phi after:  [65.3589 65.3554]

[Sub-QUBO 40/125] 4 entities | weight=2.6803
  phi before: [65.3589 65.3554]
  residual capacity: [57.558  57.5615]
  Solved in 1908.0ms | energy=-324.967163 | feasible=True
  phi after:  [66.6974 66.6973]

[Sub-QUBO 41/125] 4 entities | weight=2.6293
  phi before: [66.6974 66.6973]
  residual capacity: [56.2195 56.2196]
  Solved in 1819.0ms | energy=-312.179159 | feasible=True
  phi after:  [68.0116 68.0123]

[Sub-QUBO 42/125] 4 entities | weight=2.5865
  phi before: [68.0116 68.0123]
  residual capacity: [54.9053 54.9046]
  Solved in 1930.3ms | energy=-300.681479 | feasible=True
  phi after:  [69.3062 69.3043]

[Sub-QUBO 43/125] 4 entities | weight=2.5658
  phi before: [69.3062 69.3043]
  residual capacity: [53.6107 53.6126]
  Solved in 1818.0ms | energy=-291.822272 | feasible=True
  phi after:  [70.5877 70.5886]

[Sub-QUBO 44/125] 4 entities | weight=2.5443
  phi before: [70.5877 70.5886]
  residual capacity: [52.3292 52.3283]
  Solved in 1799.8ms | energy=-283.043094 | feasible=True
  phi after:  [71.8603 71.8602]

[Sub-QUBO 45/125] 4 entities | weight=2.5212
  phi before: [71.8603 71.8602]
  residual capacity: [51.0566 51.0567]
  Solved in 1880.4ms | energy=-274.265036 | feasible=True
  phi after:  [73.1194 73.1223]

[Sub-QUBO 46/125] 4 entities | weight=2.4985
  phi before: [73.1194 73.1223]
  residual capacity: [49.7975 49.7946]
  Solved in 1963.3ms | energy=-265.712703 | feasible=True
  phi after:  [74.3696 74.3707]

[Sub-QUBO 47/125] 4 entities | weight=2.4729
  phi before: [74.3696 74.3707]
  residual capacity: [48.5473 48.5462]
  Solved in 1898.9ms | energy=-257.046276 | feasible=True
  phi after:  [75.6063 75.6069]

[Sub-QUBO 48/125] 4 entities | weight=2.4449
  phi before: [75.6063 75.6069]
  residual capacity: [47.3106 47.31  ]
  Solved in 1954.1ms | energy=-248.346477 | feasible=True
  phi after:  [76.8309 76.8272]

[Sub-QUBO 49/125] 4 entities | weight=2.4122
  phi before: [76.8309 76.8272]
  residual capacity: [46.086  46.0897]
  Solved in 1714.9ms | energy=-239.434185 | feasible=True
  phi after:  [78.0355 78.0347]

[Sub-QUBO 50/125] 4 entities | weight=2.3659
  phi before: [78.0355 78.0347]
  residual capacity: [44.8814 44.8822]
  Solved in 1829.5ms | energy=-229.577303 | feasible=True
  phi after:  [79.218  79.2182]

[Sub-QUBO 51/125] 4 entities | weight=2.3137
  phi before: [79.218  79.2182]
  residual capacity: [43.6989 43.6987]
  Solved in 1892.4ms | energy=-219.537845 | feasible=True
  phi after:  [80.3786 80.3712]

[Sub-QUBO 52/125] 4 entities | weight=2.2687
  phi before: [80.3786 80.3712]
  residual capacity: [42.5383 42.5457]
  Solved in 2081.9ms | energy=-210.460566 | feasible=True
  phi after:  [81.5113 81.5074]

[Sub-QUBO 53/125] 4 entities | weight=2.2361
  phi before: [81.5113 81.5074]
  residual capacity: [41.4057 41.4095]
  Solved in 2014.4ms | energy=-202.681311 | feasible=True
  phi after:  [82.6283 82.6264]

[Sub-QUBO 54/125] 4 entities | weight=2.2096
  phi before: [82.6283 82.6264]
  residual capacity: [40.2886 40.2905]
  Solved in 1916.6ms | energy=-195.607825 | feasible=True
  phi after:  [83.7323 83.732 ]

[Sub-QUBO 55/125] 4 entities | weight=2.1699
  phi before: [83.7323 83.732 ]
  residual capacity: [39.1846 39.1849]
  Solved in 1842.1ms | energy=-187.703234 | feasible=True
  phi after:  [84.8172 84.817 ]

[Sub-QUBO 56/125] 4 entities | weight=2.1563
  phi before: [84.8172 84.817 ]
  residual capacity: [38.0997 38.0999]
  Solved in 1876.9ms | energy=-181.981879 | feasible=True
  phi after:  [85.8953 85.8952]

[Sub-QUBO 57/125] 4 entities | weight=2.1231
  phi before: [85.8953 85.8952]
  residual capacity: [37.0216 37.0217]
  Solved in 1928.4ms | energy=-174.951062 | feasible=True
  phi after:  [86.9566 86.9571]

[Sub-QUBO 58/125] 4 entities | weight=2.0854
  phi before: [86.9566 86.9571]
  residual capacity: [35.9603 35.9598]
  Solved in 1827.7ms | energy=-167.810818 | feasible=True
  phi after:  [88.0003 87.9988]

[Sub-QUBO 59/125] 4 entities | weight=2.0513
  phi before: [88.0003 87.9988]
  residual capacity: [34.9166 34.9181]
  Solved in 2160.4ms | energy=-161.150264 | feasible=True
  phi after:  [89.0256 89.0248]

[Sub-QUBO 60/125] 4 entities | weight=2.0297
  phi before: [89.0256 89.0248]
  residual capacity: [33.8913 33.8921]
  Solved in 2504.5ms | energy=-155.517867 | feasible=True
  phi after:  [90.0397 90.0404]

[Sub-QUBO 61/125] 4 entities | weight=1.9918
  phi before: [90.0397 90.0404]
  residual capacity: [32.8772 32.8765]
  Solved in 2578.7ms | energy=-148.985085 | feasible=True
  phi after:  [91.0372 91.0348]

[Sub-QUBO 62/125] 4 entities | weight=1.9524
  phi before: [91.0372 91.0348]
  residual capacity: [31.8797 31.8821]
  Solved in 2593.8ms | energy=-142.583734 | feasible=True
  phi after:  [92.0108 92.0135]

[Sub-QUBO 63/125] 4 entities | weight=1.9155
  phi before: [92.0108 92.0135]
  residual capacity: [30.9061 30.9034]
  Solved in 2752.0ms | energy=-136.560828 | feasible=True
  phi after:  [92.9701 92.9697]

[Sub-QUBO 64/125] 4 entities | weight=1.8880
  phi before: [92.9701 92.9697]
  residual capacity: [29.9468 29.9472]
  Solved in 2115.8ms | energy=-131.295470 | feasible=True
  phi after:  [93.9134 93.9144]

[Sub-QUBO 65/125] 4 entities | weight=1.8466
  phi before: [93.9134 93.9144]
  residual capacity: [29.0035 29.0025]
  Solved in 2457.2ms | energy=-125.408302 | feasible=True
  phi after:  [94.8374 94.837 ]

[Sub-QUBO 66/125] 4 entities | weight=1.8169
  phi before: [94.8374 94.837 ]
  residual capacity: [28.0795 28.0799]
  Solved in 2074.5ms | energy=-120.383199 | feasible=True
  phi after:  [95.7449 95.7464]

[Sub-QUBO 67/125] 4 entities | weight=1.7799
  phi before: [95.7449 95.7464]
  residual capacity: [27.1721 27.1705]
  Solved in 1845.7ms | energy=-115.141759 | feasible=True
  phi after:  [96.6352 96.636 ]

[Sub-QUBO 68/125] 4 entities | weight=1.7401
  phi before: [96.6352 96.636 ]
  residual capacity: [26.2817 26.2809]
  Solved in 1878.5ms | energy=-109.948240 | feasible=True
  phi after:  [97.5058 97.5054]

[Sub-QUBO 69/125] 4 entities | weight=1.6986
  phi before: [97.5058 97.5054]
  residual capacity: [25.4111 25.4115]
  Solved in 2395.0ms | energy=-104.885739 | feasible=True
  phi after:  [98.3536 98.3562]

[Sub-QUBO 70/125] 4 entities | weight=1.6852
  phi before: [98.3536 98.3562]
  residual capacity: [24.5633 24.5607]
  Solved in 2268.2ms | energy=-101.365308 | feasible=True
  phi after:  [99.1975 99.1976]

[Sub-QUBO 71/125] 4 entities | weight=1.6691
  phi before: [99.1975 99.1976]
  residual capacity: [23.7194 23.7193]
  Solved in 2196.3ms | energy=-97.785957 | feasible=True
  phi after:  [100.0327 100.0315]

[Sub-QUBO 72/125] 4 entities | weight=1.6199
  phi before: [100.0327 100.0315]
  residual capacity: [22.8842 22.8854]
  Solved in 1923.1ms | energy=-92.831848 | feasible=True
  phi after:  [100.8418 100.8423]

[Sub-QUBO 73/125] 4 entities | weight=1.5922
  phi before: [100.8418 100.8423]
  residual capacity: [22.0751 22.0746]
  Solved in 2381.4ms | energy=-89.029646 | feasible=True
  phi after:  [101.6385 101.6378]

[Sub-QUBO 74/125] 4 entities | weight=1.5721
  phi before: [101.6385 101.6378]
  residual capacity: [21.2784 21.2791]
  Solved in 1956.3ms | energy=-85.668324 | feasible=True
  phi after:  [102.4244 102.4241]

[Sub-QUBO 75/125] 4 entities | weight=1.5504
  phi before: [102.4244 102.4241]
  residual capacity: [20.4925 20.4928]
  Solved in 1847.0ms | energy=-82.342766 | feasible=True
  phi after:  [103.1989 103.2   ]

[Sub-QUBO 76/125] 4 entities | weight=1.5368
  phi before: [103.1989 103.2   ]
  residual capacity: [19.718  19.7169]
  Solved in 1966.9ms | energy=-79.420988 | feasible=True
  phi after:  [103.9685 103.9671]

[Sub-QUBO 77/125] 4 entities | weight=1.5189
  phi before: [103.9685 103.9671]
  residual capacity: [18.9484 18.9498]
  Solved in 2132.5ms | energy=-76.411836 | feasible=True
  phi after:  [104.726  104.7285]

[Sub-QUBO 78/125] 4 entities | weight=1.4995
  phi before: [104.726  104.7285]
  residual capacity: [18.1909 18.1884]
  Solved in 1784.7ms | energy=-73.427735 | feasible=True
  phi after:  [105.4774 105.4767]

[Sub-QUBO 79/125] 4 entities | weight=1.4616
  phi before: [105.4774 105.4767]
  residual capacity: [17.4395 17.4402]
  Solved in 1725.9ms | energy=-69.911834 | feasible=True
  phi after:  [106.2082 106.2075]

[Sub-QUBO 80/125] 4 entities | weight=1.4439
  phi before: [106.2082 106.2075]
  residual capacity: [16.7088 16.7094]
  Solved in 1657.1ms | energy=-67.211048 | feasible=True
  phi after:  [106.9296 106.93  ]

[Sub-QUBO 81/125] 4 entities | weight=1.4112
  phi before: [106.9296 106.93  ]
  residual capacity: [15.9873 15.9869]
  Solved in 1640.3ms | energy=-64.126824 | feasible=True
  phi after:  [107.6364 107.6344]

[Sub-QUBO 82/125] 4 entities | weight=1.3486
  phi before: [107.6364 107.6344]
  residual capacity: [15.2805 15.2825]
  Solved in 1728.2ms | energy=-60.307131 | feasible=True
  phi after:  [108.308  108.3115]

[Sub-QUBO 83/125] 4 entities | weight=1.2696
  phi before: [108.308  108.3115]
  residual capacity: [14.6089 14.6055]
  Solved in 1841.0ms | energy=-56.285073 | feasible=True
  phi after:  [108.9442 108.9448]

[Sub-QUBO 84/125] 4 entities | weight=1.2484
  phi before: [108.9442 108.9448]
  residual capacity: [13.9727 13.9721]
  Solved in 1827.9ms | energy=-54.106060 | feasible=True
  phi after:  [109.5685 109.5689]

[Sub-QUBO 85/125] 4 entities | weight=1.2245
  phi before: [109.5685 109.5689]
  residual capacity: [13.3484 13.348 ]
  Solved in 1736.3ms | energy=-51.939544 | feasible=True
  phi after:  [110.181  110.1809]

[Sub-QUBO 86/125] 4 entities | weight=1.1933
  phi before: [110.181  110.1809]
  residual capacity: [12.7359 12.736 ]
  Solved in 1717.3ms | energy=-49.682475 | feasible=True
  phi after:  [110.7761 110.7791]

[Sub-QUBO 87/125] 4 entities | weight=1.1525
  phi before: [110.7761 110.7791]
  residual capacity: [12.1408 12.1378]
  Solved in 1798.3ms | energy=-47.317241 | feasible=True
  phi after:  [111.3532 111.3545]

[Sub-QUBO 88/125] 4 entities | weight=1.1389
  phi before: [111.3532 111.3545]
  residual capacity: [11.5638 11.5624]
  Solved in 1789.0ms | energy=-45.690589 | feasible=True
  phi after:  [111.9234 111.9231]

[Sub-QUBO 89/125] 4 entities | weight=1.1189
  phi before: [111.9234 111.9231]
  residual capacity: [10.9935 10.9938]
  Solved in 1667.8ms | energy=-43.975609 | feasible=True
  phi after:  [112.4826 112.4829]

[Sub-QUBO 90/125] 4 entities | weight=1.1065
  phi before: [112.4826 112.4829]
  residual capacity: [10.4343 10.434 ]
  Solved in 1720.1ms | energy=-42.479124 | feasible=True
  phi after:  [113.0359 113.0361]

[Sub-QUBO 91/125] 4 entities | weight=1.0903
  phi before: [113.0359 113.0361]
  residual capacity: [9.881  9.8808]
  Solved in 1692.4ms | energy=-40.951247 | feasible=True
  phi after:  [113.5812 113.5811]

[Sub-QUBO 92/125] 4 entities | weight=1.0605
  phi before: [113.5812 113.5811]
  residual capacity: [9.3357 9.3358]
  Solved in 1673.9ms | energy=-39.238342 | feasible=True
  phi after:  [114.1105 114.1123]

[Sub-QUBO 93/125] 4 entities | weight=1.0477
  phi before: [114.1105 114.1123]
  residual capacity: [8.8064 8.8046]
  Solved in 1671.4ms | energy=-37.901944 | feasible=True
  phi after:  [114.6353 114.6352]

[Sub-QUBO 94/125] 4 entities | weight=1.0351
  phi before: [114.6353 114.6352]
  residual capacity: [8.2816 8.2818]
  Solved in 1743.9ms | energy=-36.609550 | feasible=True
  phi after:  [115.1525 115.1531]

[Sub-QUBO 95/125] 4 entities | weight=0.9971
  phi before: [115.1525 115.1531]
  residual capacity: [7.7644 7.7639]
  Solved in 1666.8ms | energy=-34.985506 | feasible=True
  phi after:  [115.6527 115.6499]

[Sub-QUBO 96/125] 4 entities | weight=0.9411
  phi before: [115.6527 115.6499]
  residual capacity: [7.2642 7.267 ]
  Solved in 1749.3ms | energy=-33.232665 | feasible=True
  phi after:  [116.1187 116.125 ]

[Sub-QUBO 97/125] 4 entities | weight=0.8694
  phi before: [116.1187 116.125 ]
  residual capacity: [6.7982 6.7919]
  Solved in 1915.6ms | energy=-31.437444 | feasible=True
  phi after:  [116.5565 116.5567]

[Sub-QUBO 98/125] 4 entities | weight=0.8491
  phi before: [116.5565 116.5567]
  residual capacity: [6.3604 6.3602]
  Solved in 2123.8ms | energy=-30.440270 | feasible=True
  phi after:  [116.981  116.9812]

[Sub-QUBO 99/125] 4 entities | weight=0.8307
  phi before: [116.981  116.9812]
  residual capacity: [5.9359 5.9357]
  Solved in 2330.5ms | energy=-29.516289 | feasible=True
  phi after:  [117.3978 117.3951]

[Sub-QUBO 100/125] 4 entities | weight=0.8053
  phi before: [117.3978 117.3951]
  residual capacity: [5.5191 5.5218]
  Solved in 2205.1ms | energy=-28.566962 | feasible=True
  phi after:  [117.7986 117.7995]

[Sub-QUBO 101/125] 4 entities | weight=0.7822
  phi before: [117.7986 117.7995]
  residual capacity: [5.1183 5.1174]
  Solved in 2478.6ms | energy=-27.700290 | feasible=True
  phi after:  [118.1917 118.1887]

[Sub-QUBO 102/125] 4 entities | weight=0.7576
  phi before: [118.1917 118.1887]
  residual capacity: [4.7252 4.7282]
  Solved in 2305.8ms | energy=-26.874607 | feasible=True
  phi after:  [118.5698 118.5681]

[Sub-QUBO 103/125] 4 entities | weight=0.7056
  phi before: [118.5698 118.5681]
  residual capacity: [4.3471 4.3488]
  Solved in 2279.1ms | energy=-25.887031 | feasible=True
  phi after:  [118.922  118.9215]

[Sub-QUBO 104/125] 4 entities | weight=0.6680
  phi before: [118.922  118.9215]
  residual capacity: [3.9949 3.9954]
  Solved in 2327.8ms | energy=-25.114313 | feasible=True
  phi after:  [119.2548 119.2567]

[Sub-QUBO 105/125] 4 entities | weight=0.6512
  phi before: [119.2548 119.2567]
  residual capacity: [3.6621 3.6602]
  Solved in 2248.2ms | energy=-24.556173 | feasible=True
  phi after:  [119.5816 119.5811]

[Sub-QUBO 106/125] 4 entities | weight=0.6343
  phi before: [119.5816 119.5811]
  residual capacity: [3.3353 3.3358]
  Solved in 2134.8ms | energy=-24.030386 | feasible=True
  phi after:  [119.898 119.899]

[Sub-QUBO 107/125] 4 entities | weight=0.6103
  phi before: [119.898 119.899]
  residual capacity: [3.0189 3.0179]
  Solved in 2251.8ms | energy=-23.497879 | feasible=True
  phi after:  [120.2034 120.2039]

[Sub-QUBO 108/125] 4 entities | weight=0.5739
  phi before: [120.2034 120.2039]
  residual capacity: [2.7135 2.713 ]
  Solved in 2199.2ms | energy=-22.949635 | feasible=True
  phi after:  [120.4916 120.4896]

[Sub-QUBO 109/125] 4 entities | weight=0.5409
  phi before: [120.4916 120.4896]
  residual capacity: [2.4253 2.4273]
  Solved in 2243.6ms | energy=-22.478439 | feasible=True
  phi after:  [120.7612 120.7609]

[Sub-QUBO 110/125] 4 entities | weight=0.5251
  phi before: [120.7612 120.7609]
  residual capacity: [2.1558 2.156 ]
  Solved in 2246.8ms | energy=-22.126381 | feasible=True
  phi after:  [121.0225 121.0247]

[Sub-QUBO 111/125] 4 entities | weight=0.5014
  phi before: [121.0225 121.0247]
  residual capacity: [1.8944 1.8922]
  Solved in 2230.1ms | energy=-21.772967 | feasible=True
  phi after:  [121.2746 121.274 ]

[Sub-QUBO 112/125] 4 entities | weight=0.4639
  phi before: [121.2746 121.274 ]
  residual capacity: [1.6423 1.6429]
  Solved in 2420.8ms | energy=-21.416260 | feasible=True
  phi after:  [121.5059 121.5066]

[Sub-QUBO 113/125] 4 entities | weight=0.4202
  phi before: [121.5059 121.5066]
  residual capacity: [1.411  1.4103]
  Solved in 2385.9ms | energy=-21.097258 | feasible=True
  phi after:  [121.7161 121.7166]

[Sub-QUBO 114/125] 4 entities | weight=0.3819
  phi before: [121.7161 121.7166]
  residual capacity: [1.2008 1.2003]
  Solved in 2275.3ms | energy=-20.844114 | feasible=True
  phi after:  [121.9073 121.9073]

[Sub-QUBO 115/125] 4 entities | weight=0.3477
  phi before: [121.9073 121.9073]
  residual capacity: [1.0096 1.0096]
  Solved in 2325.1ms | energy=-20.641630 | feasible=True
  phi after:  [122.0813 122.0811]

[Sub-QUBO 116/125] 4 entities | weight=0.3138
  phi before: [122.0813 122.0811]
  residual capacity: [0.8356 0.8358]
  Solved in 2310.1ms | energy=-20.475257 | feasible=True
  phi after:  [122.238  122.2381]

[Sub-QUBO 117/125] 4 entities | weight=0.2726
  phi before: [122.238  122.2381]
  residual capacity: [0.6789 0.6788]
  Solved in 2243.4ms | energy=-20.332895 | feasible=True
  phi after:  [122.3766 122.3721]

[Sub-QUBO 118/125] 4 entities | weight=0.2522
  phi before: [122.3766 122.3721]
  residual capacity: [0.5403 0.5448]
  Solved in 2259.3ms | energy=-20.241884 | feasible=True
  phi after:  [122.5012 122.4997]

[Sub-QUBO 119/125] 4 entities | weight=0.2181
  phi before: [122.5012 122.4997]
  residual capacity: [0.4157 0.4172]
  Solved in 2386.0ms | energy=-20.157900 | feasible=True
  phi after:  [122.6092 122.6098]

[Sub-QUBO 120/125] 4 entities | weight=0.1816
  phi before: [122.6092 122.6098]
  residual capacity: [0.3077 0.3071]
  Solved in 2146.7ms | energy=-20.095145 | feasible=True
  phi after:  [122.7017 122.6989]

[Sub-QUBO 121/125] 4 entities | weight=0.1434
  phi before: [122.7017 122.6989]
  residual capacity: [0.2152 0.218 ]
  Solved in 2258.4ms | energy=-20.051848 | feasible=True
  phi after:  [122.7726 122.7715]

[Sub-QUBO 122/125] 4 entities | weight=0.1106
  phi before: [122.7726 122.7715]
  residual capacity: [0.1443 0.1454]
  Solved in 2460.7ms | energy=-20.025929 | feasible=True
  phi after:  [122.8266 122.8281]

[Sub-QUBO 123/125] 4 entities | weight=0.0881
  phi before: [122.8266 122.8281]
  residual capacity: [0.0903 0.0888]
  Solved in 2443.8ms | energy=-20.011902 | feasible=True
  phi after:  [122.872  122.8709]

[Sub-QUBO 124/125] 4 entities | weight=0.0732
  phi before: [122.872  122.8709]
  residual capacity: [0.0449 0.046 ]
  Solved in 2443.6ms | energy=-20.003980 | feasible=True
  phi after:  [122.9086 122.9075]

[Sub-QUBO 125/125] 4 entities | weight=0.0177
  phi before: [122.9086 122.9075]
  residual capacity: [0.0084 0.0094]
  Solved in 1764.5ms | energy=-20.000157 | feasible=True
  phi after:  [122.9171 122.9167]

--- Run Complete ---
Final core loads: [122.9171 122.9167]
Load imbalance:   0.000430  (L_avg=122.9169)
Movable entities assigned: 500/500 | Fixed RT assignments: 0
Validating assembled global assignment...
Global assignment feasible: True
Global candidate energy:   -32717.132352
Global brute-force skipped: None
