
--- Iterative Run Started at Tue Jul  7 17:50:39 2026 ---
Building Q_global...
QUBO Matrix completed in 0.1639s
Partitioning in Sub-QUBOs...
125 sub-QUBOs | sizes: [4, 4, 4, 4, 4, 4, 4, 4, 4, 4, 4, 4, 4, 4, 4, 4, 4, 4, 4, 4, 4, 4, 4, 4, 4, 4, 4, 4, 4, 4, 4, 4, 4, 4, 4, 4, 4, 4, 4, 4, 4, 4, 4, 4, 4, 4, 4, 4, 4, 4, 4, 4, 4, 4, 4, 4, 4, 4, 4, 4, 4, 4, 4, 4, 4, 4, 4, 4, 4, 4, 4, 4, 4, 4, 4, 4, 4, 4, 4, 4, 4, 4, 4, 4, 4, 4, 4, 4, 4, 4, 4, 4, 4, 4, 4, 4, 4, 4, 4, 4, 4, 4, 4, 4, 4, 4, 4, 4, 4, 4, 4, 4, 4, 4, 4, 4, 4, 4, 4, 4, 4, 4, 4, 4, 4]
Starting Iterative Loop...

[Sub-QUBO 1/125] 4 entities | weight=3.9835
  phi before: [0. 0.]
  residual capacity: [123.5876 123.5876]
  Solved in 2433.5ms | energy=-996.700024 | feasible=True
  phi after:  [1.9889 1.9946]

[Sub-QUBO 2/125] 4 entities | weight=3.9349
  phi before: [1.9889 1.9946]
  residual capacity: [121.5986 121.593 ]
  Solved in 2214.1ms | energy=-969.198865 | feasible=True
  phi after:  [3.9594 3.9591]

[Sub-QUBO 3/125] 4 entities | weight=3.8940
  phi before: [3.9594 3.9591]
  residual capacity: [119.6282 119.6285]
  Solved in 2144.0ms | energy=-944.079895 | feasible=True
  phi after:  [5.9062 5.9063]

[Sub-QUBO 4/125] 4 entities | weight=3.8690
  phi before: [5.9062 5.9063]
  residual capacity: [117.6814 117.6813]
  Solved in 2210.7ms | energy=-923.140572 | feasible=True
  phi after:  [7.8413 7.8402]

[Sub-QUBO 5/125] 4 entities | weight=3.8529
  phi before: [7.8413 7.8402]
  residual capacity: [115.7463 115.7474]
  Solved in 2193.9ms | energy=-904.510212 | feasible=True
  phi after:  [9.7676 9.7668]

[Sub-QUBO 6/125] 4 entities | weight=3.8216
  phi before: [9.7676 9.7668]
  residual capacity: [113.82   113.8208]
  Solved in 2207.6ms | energy=-882.657792 | feasible=True
  phi after:  [11.677  11.6791]

[Sub-QUBO 7/125] 4 entities | weight=3.7830
  phi before: [11.677  11.6791]
  residual capacity: [111.9106 111.9085]
  Solved in 2092.9ms | energy=-859.542653 | feasible=True
  phi after:  [13.5707 13.5683]

[Sub-QUBO 8/125] 4 entities | weight=3.7424
  phi before: [13.5707 13.5683]
  residual capacity: [110.0169 110.0193]
  Solved in 2114.1ms | energy=-836.456582 | feasible=True
  phi after:  [15.4407 15.4407]

[Sub-QUBO 9/125] 4 entities | weight=3.7002
  phi before: [15.4407 15.4407]
  residual capacity: [108.1469 108.1469]
  Solved in 2026.1ms | energy=-813.488100 | feasible=True
  phi after:  [17.2898 17.2918]

[Sub-QUBO 10/125] 4 entities | weight=3.6800
  phi before: [17.2898 17.2918]
  residual capacity: [106.2978 106.2958]
  Solved in 1965.1ms | energy=-795.578726 | feasible=True
  phi after:  [19.1317 19.13  ]

[Sub-QUBO 11/125] 4 entities | weight=3.6556
  phi before: [19.1317 19.13  ]
  residual capacity: [104.4559 104.4576]
  Solved in 2011.7ms | energy=-777.016360 | feasible=True
  phi after:  [20.9575 20.9598]

[Sub-QUBO 12/125] 4 entities | weight=3.6254
  phi before: [20.9575 20.9598]
  residual capacity: [102.6301 102.6278]
  Solved in 2033.2ms | energy=-757.569447 | feasible=True
  phi after:  [22.7713 22.7713]

[Sub-QUBO 13/125] 4 entities | weight=3.5831
  phi before: [22.7713 22.7713]
  residual capacity: [100.8162 100.8163]
  Solved in 2241.4ms | energy=-736.050017 | feasible=True
  phi after:  [24.5626 24.5631]

[Sub-QUBO 14/125] 4 entities | weight=3.5683
  phi before: [24.5626 24.5631]
  residual capacity: [99.0249 99.0245]
  Solved in 2113.0ms | energy=-720.329734 | feasible=True
  phi after:  [26.3472 26.3468]

[Sub-QUBO 15/125] 4 entities | weight=3.5571
  phi before: [26.3472 26.3468]
  residual capacity: [97.2404 97.2407]
  Solved in 2093.9ms | energy=-705.462971 | feasible=True
  phi after:  [28.123  28.1281]

[Sub-QUBO 16/125] 4 entities | weight=3.5310
  phi before: [28.123  28.1281]
  residual capacity: [95.4646 95.4595]
  Solved in 2169.2ms | energy=-687.916161 | feasible=True
  phi after:  [29.8899 29.8922]

[Sub-QUBO 17/125] 4 entities | weight=3.4928
  phi before: [29.8899 29.8922]
  residual capacity: [93.6977 93.6954]
  Solved in 2072.4ms | energy=-668.430024 | feasible=True
  phi after:  [31.6378 31.6371]

[Sub-QUBO 18/125] 4 entities | weight=3.4276
  phi before: [31.6378 31.6371]
  residual capacity: [91.9497 91.9505]
  Solved in 2035.6ms | energy=-644.453344 | feasible=True
  phi after:  [33.351  33.3514]

[Sub-QUBO 19/125] 4 entities | weight=3.3879
  phi before: [33.351  33.3514]
  residual capacity: [90.2366 90.2361]
  Solved in 2160.1ms | energy=-625.686930 | feasible=True
  phi after:  [35.0451 35.0452]

[Sub-QUBO 20/125] 4 entities | weight=3.3508
  phi before: [35.0451 35.0452]
  residual capacity: [88.5424 88.5424]
  Solved in 2176.9ms | energy=-607.755194 | feasible=True
  phi after:  [36.7207 36.7204]

[Sub-QUBO 21/125] 4 entities | weight=3.3208
  phi before: [36.7207 36.7204]
  residual capacity: [86.8669 86.8672]
  Solved in 2162.5ms | energy=-591.426482 | feasible=True
  phi after:  [38.3794 38.3826]

[Sub-QUBO 22/125] 4 entities | weight=3.3027
  phi before: [38.3794 38.3826]
  residual capacity: [85.2082 85.205 ]
  Solved in 2110.1ms | energy=-577.367809 | feasible=True
  phi after:  [40.031  40.0337]

[Sub-QUBO 23/125] 4 entities | weight=3.2722
  phi before: [40.031  40.0337]
  residual capacity: [83.5566 83.5539]
  Solved in 2020.7ms | energy=-561.472272 | feasible=True
  phi after:  [41.6683 41.6686]

[Sub-QUBO 24/125] 4 entities | weight=3.2485
  phi before: [41.6683 41.6686]
  residual capacity: [81.9193 81.919 ]
  Solved in 2177.5ms | energy=-546.952407 | feasible=True
  phi after:  [43.2936 43.2917]

[Sub-QUBO 25/125] 4 entities | weight=3.2173
  phi before: [43.2936 43.2917]
  residual capacity: [80.2939 80.2959]
  Solved in 2109.7ms | energy=-531.486885 | feasible=True
  phi after:  [44.9014 44.9013]

[Sub-QUBO 26/125] 4 entities | weight=3.1834
  phi before: [44.9014 44.9013]
  residual capacity: [78.6862 78.6863]
  Solved in 2092.2ms | energy=-515.907855 | feasible=True
  phi after:  [46.4928 46.4932]

[Sub-QUBO 27/125] 4 entities | weight=3.1466
  phi before: [46.4928 46.4932]
  residual capacity: [77.0947 77.0944]
  Solved in 2033.0ms | energy=-500.228026 | feasible=True
  phi after:  [48.0667 48.066 ]

[Sub-QUBO 28/125] 4 entities | weight=3.1112
  phi before: [48.0667 48.066 ]
  residual capacity: [75.5209 75.5216]
  Solved in 2348.0ms | energy=-485.085182 | feasible=True
  phi after:  [49.6222 49.6217]

[Sub-QUBO 29/125] 4 entities | weight=3.0757
  phi before: [49.6222 49.6217]
  residual capacity: [73.9654 73.9659]
  Solved in 2054.9ms | energy=-470.262573 | feasible=True
  phi after:  [51.1596 51.16  ]

[Sub-QUBO 30/125] 4 entities | weight=3.0242
  phi before: [51.1596 51.16  ]
  residual capacity: [72.428  72.4276]
  Solved in 2111.8ms | energy=-453.493767 | feasible=True
  phi after:  [52.6759 52.6679]

[Sub-QUBO 31/125] 4 entities | weight=2.9855
  phi before: [52.6759 52.6679]
  residual capacity: [70.9117 70.9197]
  Solved in 2362.9ms | energy=-438.975074 | feasible=True
  phi after:  [54.1674 54.1618]

[Sub-QUBO 32/125] 4 entities | weight=2.9508
  phi before: [54.1674 54.1618]
  residual capacity: [69.4202 69.4258]
  Solved in 2635.7ms | energy=-425.349322 | feasible=True
  phi after:  [55.6416 55.6384]

[Sub-QUBO 33/125] 4 entities | weight=2.9347
  phi before: [55.6416 55.6384]
  residual capacity: [67.946  67.9492]
  Solved in 2281.4ms | energy=-414.499894 | feasible=True
  phi after:  [57.107  57.1077]

[Sub-QUBO 34/125] 4 entities | weight=2.9147
  phi before: [57.107  57.1077]
  residual capacity: [66.4806 66.4799]
  Solved in 1992.0ms | energy=-403.298505 | feasible=True
  phi after:  [58.5647 58.5647]

[Sub-QUBO 35/125] 4 entities | weight=2.8768
  phi before: [58.5647 58.5647]
  residual capacity: [65.0229 65.0229]
  Solved in 1975.8ms | energy=-389.979391 | feasible=True
  phi after:  [60.0018 60.0044]

[Sub-QUBO 36/125] 4 entities | weight=2.8418
  phi before: [60.0018 60.0044]
  residual capacity: [63.5858 63.5831]
  Solved in 2163.9ms | energy=-377.346564 | feasible=True
  phi after:  [61.4236 61.4244]

[Sub-QUBO 37/125] 4 entities | weight=2.8141
  phi before: [61.4236 61.4244]
  residual capacity: [62.164  62.1632]
  Solved in 2254.8ms | energy=-365.912986 | feasible=True
  phi after:  [62.8307 62.8314]

[Sub-QUBO 38/125] 4 entities | weight=2.7764
  phi before: [62.8307 62.8314]
  residual capacity: [60.7569 60.7562]
  Solved in 2508.9ms | energy=-353.514226 | feasible=True
  phi after:  [64.2206 64.2179]

[Sub-QUBO 39/125] 4 entities | weight=2.7568
  phi before: [64.2206 64.2179]
  residual capacity: [59.367  59.3697]
  Solved in 2196.0ms | energy=-343.534738 | feasible=True
  phi after:  [65.5985 65.5968]

[Sub-QUBO 40/125] 4 entities | weight=2.7226
  phi before: [65.5985 65.5968]
  residual capacity: [57.9891 57.9908]
  Solved in 2312.6ms | energy=-332.061312 | feasible=True
  phi after:  [66.9592 66.9588]

[Sub-QUBO 41/125] 4 entities | weight=2.6943
  phi before: [66.9592 66.9588]
  residual capacity: [56.6284 56.6288]
  Solved in 2446.3ms | energy=-321.516325 | feasible=True
  phi after:  [68.3056 68.3066]

[Sub-QUBO 42/125] 4 entities | weight=2.6642
  phi before: [68.3056 68.3066]
  residual capacity: [55.282 55.281]
  Solved in 2377.3ms | energy=-311.009524 | feasible=True
  phi after:  [69.6383 69.638 ]

[Sub-QUBO 43/125] 4 entities | weight=2.6348
  phi before: [69.6383 69.638 ]
  residual capacity: [53.9493 53.9495]
  Solved in 2363.3ms | energy=-300.824473 | feasible=True
  phi after:  [70.9549 70.9563]

[Sub-QUBO 44/125] 4 entities | weight=2.6214
  phi before: [70.9549 70.9563]
  residual capacity: [52.6327 52.6313]
  Solved in 2274.6ms | energy=-292.502880 | feasible=True
  phi after:  [72.2678 72.2648]

[Sub-QUBO 45/125] 4 entities | weight=2.5835
  phi before: [72.2678 72.2648]
  residual capacity: [51.3198 51.3228]
  Solved in 2226.5ms | energy=-281.841819 | feasible=True
  phi after:  [73.5582 73.5579]

[Sub-QUBO 46/125] 4 entities | weight=2.5507
  phi before: [73.5582 73.5579]
  residual capacity: [50.0294 50.0297]
  Solved in 2346.3ms | energy=-271.963171 | feasible=True
  phi after:  [74.8322 74.8345]

[Sub-QUBO 47/125] 4 entities | weight=2.5028
  phi before: [74.8322 74.8345]
  residual capacity: [48.7554 48.753 ]
  Solved in 2267.7ms | energy=-260.910399 | feasible=True
  phi after:  [76.0842 76.0853]

[Sub-QUBO 48/125] 4 entities | weight=2.4830
  phi before: [76.0842 76.0853]
  residual capacity: [47.5034 47.5023]
  Solved in 2435.7ms | energy=-252.816222 | feasible=True
  phi after:  [77.3262 77.3264]

[Sub-QUBO 49/125] 4 entities | weight=2.4724
  phi before: [77.3262 77.3264]
  residual capacity: [46.2614 46.2612]
  Solved in 2295.9ms | energy=-245.693710 | feasible=True
  phi after:  [78.563  78.5619]

[Sub-QUBO 50/125] 4 entities | weight=2.4565
  phi before: [78.563  78.5619]
  residual capacity: [45.0246 45.0257]
  Solved in 2430.5ms | energy=-238.190798 | feasible=True
  phi after:  [79.791  79.7904]

[Sub-QUBO 51/125] 4 entities | weight=2.4366
  phi before: [79.791  79.7904]
  residual capacity: [43.7966 43.7972]
  Solved in 2358.5ms | energy=-230.463387 | feasible=True
  phi after:  [81.0086 81.0094]

[Sub-QUBO 52/125] 4 entities | weight=2.4067
  phi before: [81.0086 81.0094]
  residual capacity: [42.579  42.5782]
  Solved in 2431.9ms | energy=-222.055417 | feasible=True
  phi after:  [82.2125 82.2122]

[Sub-QUBO 53/125] 4 entities | weight=2.3716
  phi before: [82.2125 82.2122]
  residual capacity: [41.3751 41.3754]
  Solved in 2347.5ms | energy=-213.435924 | feasible=True
  phi after:  [83.398  83.3983]

[Sub-QUBO 54/125] 4 entities | weight=2.3032
  phi before: [83.398  83.3983]
  residual capacity: [40.1896 40.1893]
  Solved in 2258.1ms | energy=-202.476377 | feasible=True
  phi after:  [84.5519 84.5476]

[Sub-QUBO 55/125] 4 entities | weight=2.2653
  phi before: [84.5519 84.5476]
  residual capacity: [39.0357 39.04  ]
  Solved in 2239.9ms | energy=-194.300983 | feasible=True
  phi after:  [85.6838 85.6811]

[Sub-QUBO 56/125] 4 entities | weight=2.2294
  phi before: [85.6838 85.6811]
  residual capacity: [37.9038 37.9065]
  Solved in 2370.1ms | energy=-186.528037 | feasible=True
  phi after:  [86.7982 86.796 ]

[Sub-QUBO 57/125] 4 entities | weight=2.1867
  phi before: [86.7982 86.796 ]
  residual capacity: [36.7893 36.7916]
  Solved in 2217.6ms | energy=-178.506988 | feasible=True
  phi after:  [87.8897 87.8912]

[Sub-QUBO 58/125] 4 entities | weight=2.1486
  phi before: [87.8897 87.8912]
  residual capacity: [35.6979 35.6963]
  Solved in 2251.6ms | energy=-171.090283 | feasible=True
  phi after:  [88.9681 88.9614]

[Sub-QUBO 59/125] 4 entities | weight=2.0915
  phi before: [88.9681 88.9614]
  residual capacity: [34.6195 34.6262]
  Solved in 2306.0ms | energy=-162.637407 | feasible=True
  phi after:  [90.0133 90.0077]

[Sub-QUBO 60/125] 4 entities | weight=2.0716
  phi before: [90.0133 90.0077]
  residual capacity: [33.5743 33.5798]
  Solved in 2265.2ms | energy=-156.967947 | feasible=True
  phi after:  [91.0478 91.0447]

[Sub-QUBO 61/125] 4 entities | weight=2.0494
  phi before: [91.0478 91.0447]
  residual capacity: [32.5398 32.5428]
  Solved in 2419.8ms | energy=-151.281229 | feasible=True
  phi after:  [92.071 92.071]

[Sub-QUBO 62/125] 4 entities | weight=1.9880
  phi before: [92.071 92.071]
  residual capacity: [31.5166 31.5166]
  Solved in 2371.0ms | energy=-143.331731 | feasible=True
  phi after:  [93.0677 93.0623]

[Sub-QUBO 63/125] 4 entities | weight=1.9555
  phi before: [93.0677 93.0623]
  residual capacity: [30.5199 30.5253]
  Solved in 2418.5ms | energy=-137.461377 | feasible=True
  phi after:  [94.0422 94.0433]

[Sub-QUBO 64/125] 4 entities | weight=1.9057
  phi before: [94.0422 94.0433]
  residual capacity: [29.5454 29.5443]
  Solved in 2248.9ms | energy=-130.791305 | feasible=True
  phi after:  [94.998  94.9931]

[Sub-QUBO 65/125] 4 entities | weight=1.8838
  phi before: [94.998  94.9931]
  residual capacity: [28.5896 28.5945]
  Solved in 2284.6ms | energy=-125.949442 | feasible=True
  phi after:  [95.9389 95.9361]

[Sub-QUBO 66/125] 4 entities | weight=1.8643
  phi before: [95.9389 95.9361]
  residual capacity: [27.6487 27.6515]
  Solved in 2338.0ms | energy=-121.358339 | feasible=True
  phi after:  [96.8698 96.8695]

[Sub-QUBO 67/125] 4 entities | weight=1.8244
  phi before: [96.8698 96.8695]
  residual capacity: [26.7178 26.7181]
  Solved in 2316.7ms | energy=-115.825069 | feasible=True
  phi after:  [97.781  97.7826]

[Sub-QUBO 68/125] 4 entities | weight=1.8100
  phi before: [97.781  97.7826]
  residual capacity: [25.8066 25.8049]
  Solved in 2277.5ms | energy=-111.776827 | feasible=True
  phi after:  [98.6869 98.6867]

[Sub-QUBO 69/125] 4 entities | weight=1.7783
  phi before: [98.6869 98.6867]
  residual capacity: [24.9007 24.9008]
  Solved in 2303.1ms | energy=-106.980160 | feasible=True
  phi after:  [99.5759 99.5761]

[Sub-QUBO 70/125] 4 entities | weight=1.7565
  phi before: [99.5759 99.5761]
  residual capacity: [24.0117 24.0115]
  Solved in 2302.7ms | energy=-102.810995 | feasible=True
  phi after:  [100.4545 100.4539]

[Sub-QUBO 71/125] 4 entities | weight=1.7310
  phi before: [100.4545 100.4539]
  residual capacity: [23.133  23.1337]
  Solved in 2310.5ms | energy=-98.589489 | feasible=True
  phi after:  [101.3198 101.3196]

[Sub-QUBO 72/125] 4 entities | weight=1.6929
  phi before: [101.3198 101.3196]
  residual capacity: [22.2677 22.268 ]
  Solved in 2607.9ms | energy=-93.962546 | feasible=True
  phi after:  [102.1658 102.1666]

[Sub-QUBO 73/125] 4 entities | weight=1.6473
  phi before: [102.1658 102.1666]
  residual capacity: [21.4218 21.421 ]
  Solved in 2541.7ms | energy=-89.218887 | feasible=True
  phi after:  [102.992  102.9876]

[Sub-QUBO 74/125] 4 entities | weight=1.6186
  phi before: [102.992  102.9876]
  residual capacity: [20.5955 20.6   ]
  Solved in 2341.8ms | energy=-85.367314 | feasible=True
  phi after:  [103.7981 103.8002]

[Sub-QUBO 75/125] 4 entities | weight=1.5635
  phi before: [103.7981 103.8002]
  residual capacity: [19.7895 19.7874]
  Solved in 2381.8ms | energy=-80.655092 | feasible=True
  phi after:  [104.5813 104.5804]

[Sub-QUBO 76/125] 4 entities | weight=1.5258
  phi before: [104.5813 104.5804]
  residual capacity: [19.0063 19.0072]
  Solved in 1935.8ms | energy=-76.836645 | feasible=True
  phi after:  [105.3426 105.3449]

[Sub-QUBO 77/125] 4 entities | weight=1.4791
  phi before: [105.3426 105.3449]
  residual capacity: [18.245  18.2427]
  Solved in 1878.1ms | energy=-72.875563 | feasible=True
  phi after:  [106.0829 106.0837]

[Sub-QUBO 78/125] 4 entities | weight=1.4553
  phi before: [106.0829 106.0837]
  residual capacity: [17.5047 17.5039]
  Solved in 2103.9ms | energy=-69.888532 | feasible=True
  phi after:  [106.812  106.8099]

[Sub-QUBO 79/125] 4 entities | weight=1.4156
  phi before: [106.812  106.8099]
  residual capacity: [16.7756 16.7777]
  Solved in 1817.4ms | energy=-66.497153 | feasible=True
  phi after:  [107.5193 107.5182]

[Sub-QUBO 80/125] 4 entities | weight=1.3804
  phi before: [107.5193 107.5182]
  residual capacity: [16.0683 16.0694]
  Solved in 1858.0ms | energy=-63.410262 | feasible=True
  phi after:  [108.2087 108.2092]

[Sub-QUBO 81/125] 4 entities | weight=1.3471
  phi before: [108.2087 108.2092]
  residual capacity: [15.3789 15.3784]
  Solved in 2184.4ms | energy=-60.525443 | feasible=True
  phi after:  [108.8828 108.8822]

[Sub-QUBO 82/125] 4 entities | weight=1.2971
  phi before: [108.8828 108.8822]
  residual capacity: [14.7048 14.7053]
  Solved in 1786.5ms | energy=-57.307246 | feasible=True
  phi after:  [109.531  109.5311]

[Sub-QUBO 83/125] 4 entities | weight=1.2693
  phi before: [109.531  109.5311]
  residual capacity: [14.0566 14.0564]
  Solved in 1852.4ms | energy=-54.877688 | feasible=True
  phi after:  [110.1675 110.1639]

[Sub-QUBO 84/125] 4 entities | weight=1.2352
  phi before: [110.1675 110.1639]
  residual capacity: [13.4201 13.4237]
  Solved in 1731.0ms | energy=-52.394302 | feasible=True
  phi after:  [110.7846 110.782 ]

[Sub-QUBO 85/125] 4 entities | weight=1.2089
  phi before: [110.7846 110.782 ]
  residual capacity: [12.803  12.8056]
  Solved in 1820.3ms | energy=-50.228687 | feasible=True
  phi after:  [111.3874 111.3881]

[Sub-QUBO 86/125] 4 entities | weight=1.1867
  phi before: [111.3874 111.3881]
  residual capacity: [12.2002 12.1994]
  Solved in 2049.5ms | energy=-48.250632 | feasible=True
  phi after:  [111.9813 111.9809]

[Sub-QUBO 87/125] 4 entities | weight=1.1519
  phi before: [111.9813 111.9809]
  residual capacity: [11.6063 11.6067]
  Solved in 1775.1ms | energy=-46.075823 | feasible=True
  phi after:  [112.556  112.5581]

[Sub-QUBO 88/125] 4 entities | weight=1.1285
  phi before: [112.556  112.5581]
  residual capacity: [11.0316 11.0295]
  Solved in 1960.8ms | energy=-44.259254 | feasible=True
  phi after:  [113.1215 113.1212]

[Sub-QUBO 89/125] 4 entities | weight=1.0951
  phi before: [113.1215 113.1212]
  residual capacity: [10.4661 10.4664]
  Solved in 2267.0ms | energy=-42.323356 | feasible=True
  phi after:  [113.669  113.6687]

[Sub-QUBO 90/125] 4 entities | weight=1.0620
  phi before: [113.669  113.6687]
  residual capacity: [9.9186 9.9189]
  Solved in 2633.2ms | energy=-40.503063 | feasible=True
  phi after:  [114.1984 114.2013]

[Sub-QUBO 91/125] 4 entities | weight=1.0348
  phi before: [114.1984 114.2013]
  residual capacity: [9.3892 9.3862]
  Solved in 2177.5ms | energy=-38.893570 | feasible=True
  phi after:  [114.7179 114.7166]

[Sub-QUBO 92/125] 4 entities | weight=1.0247
  phi before: [114.7179 114.7166]
  residual capacity: [8.8697 8.871 ]
  Solved in 2136.2ms | energy=-37.654361 | feasible=True
  phi after:  [115.2299 115.2293]

[Sub-QUBO 93/125] 4 entities | weight=0.9789
  phi before: [115.2299 115.2293]
  residual capacity: [8.3577 8.3582]
  Solved in 2149.4ms | energy=-35.884257 | feasible=True
  phi after:  [115.719  115.7191]

[Sub-QUBO 94/125] 4 entities | weight=0.9653
  phi before: [115.719  115.7191]
  residual capacity: [7.8686 7.8685]
  Solved in 2137.6ms | energy=-34.724966 | feasible=True
  phi after:  [116.2035 116.2   ]

[Sub-QUBO 95/125] 4 entities | weight=0.9312
  phi before: [116.2035 116.2   ]
  residual capacity: [7.3841 7.3876]
  Solved in 2434.0ms | energy=-33.322156 | feasible=True
  phi after:  [116.6668 116.6678]

[Sub-QUBO 96/125] 4 entities | weight=0.8860
  phi before: [116.6668 116.6678]
  residual capacity: [6.9207 6.9198]
  Solved in 1910.2ms | energy=-31.870273 | feasible=True
  phi after:  [117.1105 117.1102]

[Sub-QUBO 97/125] 4 entities | weight=0.8623
  phi before: [117.1105 117.1102]
  residual capacity: [6.4771 6.4774]
  Solved in 2095.6ms | energy=-30.798420 | feasible=True
  phi after:  [117.5393 117.5437]

[Sub-QUBO 98/125] 4 entities | weight=0.8210
  phi before: [117.5393 117.5437]
  residual capacity: [6.0483 6.0439]
  Solved in 2115.1ms | energy=-29.590853 | feasible=True
  phi after:  [117.9521 117.9518]

[Sub-QUBO 99/125] 4 entities | weight=0.8013
  phi before: [117.9521 117.9518]
  residual capacity: [5.6354 5.6358]
  Solved in 1957.0ms | energy=-28.710521 | feasible=True
  phi after:  [118.3508 118.3544]

[Sub-QUBO 100/125] 4 entities | weight=0.7802
  phi before: [118.3508 118.3544]
  residual capacity: [5.2367 5.2332]
  Solved in 1945.3ms | energy=-27.864601 | feasible=True
  phi after:  [118.7428 118.7427]

[Sub-QUBO 101/125] 4 entities | weight=0.7581
  phi before: [118.7428 118.7427]
  residual capacity: [4.8448 4.8449]
  Solved in 1865.1ms | energy=-27.058660 | feasible=True
  phi after:  [119.1211 119.1225]

[Sub-QUBO 102/125] 4 entities | weight=0.7328
  phi before: [119.1211 119.1225]
  residual capacity: [4.4665 4.465 ]
  Solved in 1952.6ms | energy=-26.276373 | feasible=True
  phi after:  [119.4875 119.4889]

[Sub-QUBO 103/125] 4 entities | weight=0.7172
  phi before: [119.4875 119.4889]
  residual capacity: [4.1001 4.0987]
  Solved in 2069.4ms | energy=-25.622778 | feasible=True
  phi after:  [119.8469 119.8467]

[Sub-QUBO 104/125] 4 entities | weight=0.6872
  phi before: [119.8469 119.8467]
  residual capacity: [3.7407 3.7409]
  Solved in 1854.6ms | energy=-24.905130 | feasible=True
  phi after:  [120.1897 120.191 ]

[Sub-QUBO 105/125] 4 entities | weight=0.6678
  phi before: [120.1897 120.191 ]
  residual capacity: [3.3979 3.3965]
  Solved in 1877.7ms | energy=-24.314522 | feasible=True
  phi after:  [120.5239 120.5247]

[Sub-QUBO 106/125] 4 entities | weight=0.6250
  phi before: [120.5239 120.5247]
  residual capacity: [3.0637 3.0629]
  Solved in 1881.5ms | energy=-23.633897 | feasible=True
  phi after:  [120.8367 120.8369]

[Sub-QUBO 107/125] 4 entities | weight=0.6024
  phi before: [120.8367 120.8369]
  residual capacity: [2.7509 2.7507]
  Solved in 1917.7ms | energy=-23.132600 | feasible=True
  phi after:  [121.1382 121.1377]

[Sub-QUBO 108/125] 4 entities | weight=0.5614
  phi before: [121.1382 121.1377]
  residual capacity: [2.4493 2.4499]
  Solved in 2062.7ms | energy=-22.592769 | feasible=True
  phi after:  [121.417  121.4204]

[Sub-QUBO 109/125] 4 entities | weight=0.5017
  phi before: [121.417  121.4204]
  residual capacity: [2.1706 2.1672]
  Solved in 1972.5ms | energy=-22.050502 | feasible=True
  phi after:  [121.6684 121.6706]

[Sub-QUBO 110/125] 4 entities | weight=0.4524
  phi before: [121.6684 121.6706]
  residual capacity: [1.9192 1.9169]
  Solved in 1974.0ms | energy=-21.633090 | feasible=True
  phi after:  [121.8964 121.895 ]

[Sub-QUBO 111/125] 4 entities | weight=0.4299
  phi before: [121.8964 121.895 ]
  residual capacity: [1.6912 1.6925]
  Solved in 1922.6ms | energy=-21.362119 | feasible=True
  phi after:  [122.1113 122.11  ]

[Sub-QUBO 112/125] 4 entities | weight=0.4147
  phi before: [122.1113 122.11  ]
  residual capacity: [1.4763 1.4775]
  Solved in 1905.4ms | energy=-21.139062 | feasible=True
  phi after:  [122.3175 122.3186]

[Sub-QUBO 113/125] 4 entities | weight=0.3813
  phi before: [122.3175 122.3186]
  residual capacity: [1.2701 1.269 ]
  Solved in 2148.3ms | energy=-20.895412 | feasible=True
  phi after:  [122.5088 122.5085]

[Sub-QUBO 114/125] 4 entities | weight=0.3530
  phi before: [122.5088 122.5085]
  residual capacity: [1.0788 1.079 ]
  Solved in 1862.2ms | energy=-20.699332 | feasible=True
  phi after:  [122.6837 122.6866]

[Sub-QUBO 115/125] 4 entities | weight=0.3154
  phi before: [122.6837 122.6866]
  residual capacity: [0.9039 0.901 ]
  Solved in 2000.7ms | energy=-20.519595 | feasible=True
  phi after:  [122.8429 122.8429]

[Sub-QUBO 116/125] 4 entities | weight=0.2545
  phi before: [122.8429 122.8429]
  residual capacity: [0.7447 0.7447]
  Solved in 2016.2ms | energy=-20.346721 | feasible=True
  phi after:  [122.968  122.9723]

[Sub-QUBO 117/125] 4 entities | weight=0.2284
  phi before: [122.968  122.9723]
  residual capacity: [0.6196 0.6153]
  Solved in 1800.6ms | energy=-20.255996 | feasible=True
  phi after:  [123.0843 123.0844]

[Sub-QUBO 118/125] 4 entities | weight=0.2130
  phi before: [123.0843 123.0844]
  residual capacity: [0.5033 0.5032]
  Solved in 2184.5ms | energy=-20.191711 | feasible=True
  phi after:  [123.192  123.1897]

[Sub-QUBO 119/125] 4 entities | weight=0.1954
  phi before: [123.192  123.1897]
  residual capacity: [0.3956 0.3978]
  Solved in 2013.9ms | energy=-20.135960 | feasible=True
  phi after:  [123.2884 123.2887]

[Sub-QUBO 120/125] 4 entities | weight=0.1780
  phi before: [123.2884 123.2887]
  residual capacity: [0.2992 0.2989]
  Solved in 2117.0ms | energy=-20.090611 | feasible=True
  phi after:  [123.3774 123.3777]

[Sub-QUBO 121/125] 4 entities | weight=0.1630
  phi before: [123.3774 123.3777]
  residual capacity: [0.2102 0.2099]
  Solved in 1708.4ms | energy=-20.055182 | feasible=True
  phi after:  [123.4596 123.4585]

[Sub-QUBO 122/125] 4 entities | weight=0.1111
  phi before: [123.4596 123.4585]
  residual capacity: [0.128  0.1291]
  Solved in 1712.8ms | energy=-20.022351 | feasible=True
  phi after:  [123.5101 123.5191]

[Sub-QUBO 123/125] 4 entities | weight=0.0711
  phi before: [123.5101 123.5191]
  residual capacity: [0.0775 0.0685]
  Solved in 1699.1ms | energy=-20.007883 | feasible=True
  phi after:  [123.5518 123.5484]

[Sub-QUBO 124/125] 4 entities | weight=0.0492
  phi before: [123.5518 123.5484]
  residual capacity: [0.0358 0.0391]
  Solved in 1776.0ms | energy=-20.002479 | feasible=True
  phi after:  [123.5758 123.5737]

[Sub-QUBO 125/125] 4 entities | weight=0.0257
  phi before: [123.5758 123.5737]
  residual capacity: [0.0118 0.0139]
  Solved in 1787.5ms | energy=-20.000331 | feasible=True
  phi after:  [123.5885 123.5867]

--- Run Complete ---
Final core loads: [123.5885 123.5867]
Load imbalance:   0.001794  (L_avg=123.5876)
Movable entities assigned: 500/500 | Fixed RT assignments: 0
Validating assembled global assignment...
Global assignment feasible: True
Global candidate energy:   -33047.783438
Global brute-force skipped: None
