INITIATING QAOA SCHEDULING JOB
WORKLOAD:   2 processes on 2 cores
WEIGHTS:    1.000 total CPU load
QUBO CFG:   Penalty (P) = 5.0
QAOA CFG:   Layers (p) = 1 | Steps = 50 | η = 0.05 | Mixer = xy | Init γ/β = 0.5/0.5
----------------------------------------


--- Raw Run Started at Thu May 21 16:52:45 2026 ---
Workload ID: None
Entities: [(1000, 0.3), (1001, 0.7)]
Building QUBO...
QUBO Matrix completed in 4.172325134277344e-05
QUBO solved in 1.3789186477661133

Core Assignment - Energy: -10.4200
Core Assignment - Feasible: True
Core Assignment - Assignments: {1000: 1, 1001: 0}
Core Assignment - Solve time: 1378.9ms
Validated in 0.00033855438232421875
Core Assignment - Optimal: True
Core Assignment - Global energy: -10.4200

--- Final Schedule ---
  Entity 1000 (w=0.300) → core 1
  Entity 1001 (w=0.700) → core 0

Total solve time: 1378.854ms
