INITIATING QAOA SCHEDULING JOB
WORKLOAD:   2 processes on 2 cores
WEIGHTS:    1.000 total CPU load
QUBO CFG:   Penalty (P) = 5.0
QAOA CFG:   Layers (p) = 1 | Steps = 50 | η = 0.05 | Mixer = xy | Init γ/β = 0.5/0.5
----------------------------------------


--- Raw Run Started at Fri Jun 26 16:24:29 2026 ---
Workload ID: None
Entities: [(1000, 0.3), (1001, 0.7)]
Building QUBO...
QUBO Matrix completed in 4.291534423828125e-05
QUBO solved in 0.6711912155151367

Core Assignment - Energy: -10.4200
Core Assignment - Feasible: True
Core Assignment - Assignments: {1000: 1, 1001: 0}
Core Assignment - Solve time: 671.1ms
Validated in 0.0003192424774169922
Core Assignment - Optimal: True
Core Assignment - Global energy: -10.4200

--- Final Schedule ---
  Entity 1000 (w=0.300) → core 1
  Entity 1001 (w=0.700) → core 0

Total solve time: 671.148ms
