
--- Iterative Run Started at Tue Jul  7 14:03:17 2026 ---
Building Q_global...
QUBO Matrix completed in 0.0001s
Partitioning in Sub-QUBOs...
3 sub-QUBOs | sizes: [4, 4, 2]
Starting Iterative Loop...

[Sub-QUBO 1/3] 4 entities | weight=2.8003
  phi before: [0. 0.]
  residual capacity: [1.9852 1.9852]
  Solved in 2273.0ms | energy=-27.196970 | feasible=True
  phi after:  [1.386  1.4143]

[Sub-QUBO 2/3] 4 entities | weight=1.0230
  phi before: [1.386  1.4143]
  residual capacity: [0.5992 0.5709]
  Solved in 1860.8ms | energy=-20.673841 | feasible=True
  phi after:  [1.9226 1.9007]

[Sub-QUBO 3/3] 2 entities | weight=0.1471
  phi before: [1.9226 1.9007]
  residual capacity: [0.0626 0.0845]
  Solved in 1033.3ms | energy=-10.010941 | feasible=True
  phi after:  [1.9777 1.9926]

--- Run Complete ---
Final core loads: [1.9777 1.9926]
Load imbalance:   0.014913  (L_avg=1.9852)
Movable entities assigned: 10/10 | Fixed RT assignments: 0
Validating assembled global assignment...
Global assignment feasible: True
Global candidate energy:   -57.881753
Global optimum energy:     -57.881862
Globally optimal:          False
