
--- Iterative Run Started at Tue Jul  7 14:03:53 2026 ---
Building Q_global...
QUBO Matrix completed in 0.0001s
Partitioning in Sub-QUBOs...
3 sub-QUBOs | sizes: [4, 4, 2]
Starting Iterative Loop...

[Sub-QUBO 1/3] 4 entities | weight=3.5643
  phi before: [0. 0.]
  residual capacity: [3.2058 3.2058]
  Solved in 2109.2ms | energy=-36.500863 | feasible=True
  phi after:  [1.7856 1.7786]

[Sub-QUBO 2/3] 4 entities | weight=2.5340
  phi before: [1.7856 1.7786]
  residual capacity: [1.4202 1.4272]
  Solved in 2000.9ms | energy=-24.000037 | feasible=True
  phi after:  [3.0004 3.0979]

[Sub-QUBO 3/3] 2 entities | weight=0.3134
  phi before: [3.0004 3.0979]
  residual capacity: [0.2054 0.108 ]
  Solved in 826.0ms | energy=-10.040609 | feasible=True
  phi after:  [3.2872 3.1244]

--- Run Complete ---
Final core loads: [3.2872 3.1244]
Load imbalance:   0.162787  (L_avg=3.2058)
Movable entities assigned: 10/10 | Fixed RT assignments: 0
Validating assembled global assignment...
Global assignment feasible: True
Global candidate energy:   -70.541509
Global optimum energy:     -70.554615
Globally optimal:          False
