
--- Iterative Run Started at Tue Jul  7 14:03:27 2026 ---
Building Q_global...
QUBO Matrix completed in 0.0001s
Partitioning in Sub-QUBOs...
3 sub-QUBOs | sizes: [4, 4, 2]
Starting Iterative Loop...

[Sub-QUBO 1/3] 4 entities | weight=3.5928
  phi before: [0. 0.]
  residual capacity: [2.9437 2.9437]
  Solved in 2102.3ms | energy=-34.697242 | feasible=True
  phi after:  [1.8147 1.7781]

[Sub-QUBO 2/3] 4 entities | weight=2.0391
  phi before: [1.8147 1.7781]
  residual capacity: [1.129  1.1655]
  Solved in 2287.3ms | energy=-22.599762 | feasible=True
  phi after:  [2.7985 2.8334]

[Sub-QUBO 3/3] 2 entities | weight=0.2554
  phi before: [2.7985 2.8334]
  residual capacity: [0.1451 0.1102]
  Solved in 817.8ms | energy=-10.031484 | feasible=True
  phi after:  [2.9731 2.9142]

--- Run Complete ---
Final core loads: [2.9731 2.9142]
Load imbalance:   0.058812  (L_avg=2.9437)
Movable entities assigned: 10/10 | Fixed RT assignments: 0
Validating assembled global assignment...
Global assignment feasible: True
Global candidate energy:   -67.328489
Global optimum energy:     -67.330217
Globally optimal:          False
