
--- Iterative Run Started at Tue Jul  7 14:04:11 2026 ---
Building Q_global...
QUBO Matrix completed in 0.0001s
Partitioning in Sub-QUBOs...
3 sub-QUBOs | sizes: [4, 4, 2]
Starting Iterative Loop...

[Sub-QUBO 1/3] 4 entities | weight=3.7065
  phi before: [0. 0.]
  residual capacity: [3.1639 3.1639]
  Solved in 1671.5ms | energy=-36.585078 | feasible=True
  phi after:  [1.8569 1.8496]

[Sub-QUBO 2/3] 4 entities | weight=2.5416
  phi before: [1.8569 1.8496]
  residual capacity: [1.3071 1.3143]
  Solved in 1956.8ms | energy=-23.387455 | feasible=True
  phi after:  [2.9736 3.2744]

[Sub-QUBO 3/3] 2 entities | weight=0.0798
  phi before: [2.9736 3.2744]
  residual capacity: [ 0.1903 -0.1105]
  Solved in 826.8ms | energy=-10.024012 | feasible=True
  phi after:  [3.0535 3.2744]

--- Run Complete ---
Final core loads: [3.0535 3.2744]
Load imbalance:   0.220964  (L_avg=3.1639)
Movable entities assigned: 10/10 | Fixed RT assignments: 0
Validating assembled global assignment...
Global assignment feasible: True
Global candidate energy:   -69.996545
Global optimum energy:     -70.020421
Globally optimal:          False
