
--- Iterative Run Started at Tue Jul  7 14:04:15 2026 ---
Building Q_global...
QUBO Matrix completed in 0.0001s
Partitioning in Sub-QUBOs...
3 sub-QUBOs | sizes: [4, 4, 2]
Starting Iterative Loop...

[Sub-QUBO 1/3] 4 entities | weight=3.1697
  phi before: [0. 0.]
  residual capacity: [3.2314 3.2314]
  Solved in 1846.0ms | energy=-35.461354 | feasible=True
  phi after:  [1.5933 1.5764]

[Sub-QUBO 2/3] 4 entities | weight=2.4649
  phi before: [1.5933 1.5764]
  residual capacity: [1.6381 1.6549]
  Solved in 1957.6ms | energy=-25.078951 | feasible=True
  phi after:  [2.8071 2.8275]

[Sub-QUBO 3/3] 2 entities | weight=0.8281
  phi before: [2.8071 2.8275]
  residual capacity: [0.4243 0.4038]
  Solved in 707.6ms | energy=-10.339420 | feasible=True
  phi after:  [3.2742 3.1885]

--- Run Complete ---
Final core loads: [3.2742 3.1885]
Load imbalance:   0.085760  (L_avg=3.2314)
Movable entities assigned: 10/10 | Fixed RT assignments: 0
Validating assembled global assignment...
Global assignment feasible: True
Global candidate energy:   -70.879725
Global optimum energy:     -70.883395
Globally optimal:          False
