
--- Iterative Run Started at Tue Jul  7 14:04:25 2026 ---
Building Q_global...
QUBO Matrix completed in 0.0001s
Partitioning in Sub-QUBOs...
3 sub-QUBOs | sizes: [4, 4, 2]
Starting Iterative Loop...

[Sub-QUBO 1/3] 4 entities | weight=3.1526
  phi before: [0. 0.]
  residual capacity: [2.3292 2.3292]
  Solved in 1907.6ms | energy=-29.703748 | feasible=True
  phi after:  [1.4961 1.6565]

[Sub-QUBO 2/3] 4 entities | weight=1.4398
  phi before: [1.4961 1.6565]
  residual capacity: [0.8331 0.6727]
  Solved in 1632.9ms | energy=-21.143451 | feasible=True
  phi after:  [2.275  2.3175]

[Sub-QUBO 3/3] 2 entities | weight=0.0660
  phi before: [2.275  2.3175]
  residual capacity: [0.0542 0.0117]
  Solved in 688.0ms | energy=-10.002881 | feasible=True
  phi after:  [2.3193 2.3391]

--- Run Complete ---
Final core loads: [2.3193 2.3391]
Load imbalance:   0.019847  (L_avg=2.3292)
Movable entities assigned: 10/10 | Fixed RT assignments: 0
Validating assembled global assignment...
Global assignment feasible: True
Global candidate energy:   -60.850081
Global optimum energy:     -60.850182
Globally optimal:          False
