
--- Iterative Run Started at Tue Jul  7 14:03:33 2026 ---
Building Q_global...
QUBO Matrix completed in 0.0001s
Partitioning in Sub-QUBOs...
3 sub-QUBOs | sizes: [4, 4, 2]
Starting Iterative Loop...

[Sub-QUBO 1/3] 4 entities | weight=3.1274
  phi before: [0. 0.]
  residual capacity: [2.1765 2.1765]
  Solved in 1907.8ms | energy=-28.718631 | feasible=True
  phi after:  [1.5145 1.6129]

[Sub-QUBO 2/3] 4 entities | weight=1.1316
  phi before: [1.5145 1.6129]
  residual capacity: [0.662  0.5636]
  Solved in 1795.1ms | energy=-20.738914 | feasible=True
  phi after:  [2.2088 2.0502]

[Sub-QUBO 3/3] 2 entities | weight=0.0940
  phi before: [2.2088 2.0502]
  residual capacity: [-0.0323  0.1263]
  Solved in 1104.0ms | energy=-10.014907 | feasible=True
  phi after:  [2.2088 2.1443]

--- Run Complete ---
Final core loads: [2.2088 2.1443]
Load imbalance:   0.064500  (L_avg=2.1765)
Movable entities assigned: 10/10 | Fixed RT assignments: 0
Validating assembled global assignment...
Global assignment feasible: True
Global candidate energy:   -59.472453
Global optimum energy:     -59.474532
Globally optimal:          False
