
--- Iterative Run Started at Tue Jul  7 14:03:48 2026 ---
Building Q_global...
QUBO Matrix completed in 0.0001s
Partitioning in Sub-QUBOs...
3 sub-QUBOs | sizes: [4, 4, 2]
Starting Iterative Loop...

[Sub-QUBO 1/3] 4 entities | weight=3.1247
  phi before: [0. 0.]
  residual capacity: [2.5395 2.5395]
  Solved in 2117.0ms | energy=-30.970106 | feasible=True
  phi after:  [1.4662 1.6584]

[Sub-QUBO 2/3] 4 entities | weight=1.5287
  phi before: [1.4662 1.6584]
  residual capacity: [1.0733 0.8811]
  Solved in 2076.8ms | energy=-21.835641 | feasible=True
  phi after:  [2.2952 2.3582]

[Sub-QUBO 3/3] 2 entities | weight=0.4257
  phi before: [2.2952 2.3582]
  residual capacity: [0.2443 0.1814]
  Solved in 782.2ms | energy=-10.081506 | feasible=True
  phi after:  [2.6139 2.4651]

--- Run Complete ---
Final core loads: [2.6139 2.4651]
Load imbalance:   0.148800  (L_avg=2.5395)
Movable entities assigned: 10/10 | Fixed RT assignments: 0
Validating assembled global assignment...
Global assignment feasible: True
Global candidate energy:   -62.887253
Global optimum energy:     -62.898324
Globally optimal:          False
