
--- Iterative Run Started at Tue Jul  7 14:04:37 2026 ---
Building Q_global...
QUBO Matrix completed in 0.0001s
Partitioning in Sub-QUBOs...
3 sub-QUBOs | sizes: [4, 4, 2]
Starting Iterative Loop...

[Sub-QUBO 1/3] 4 entities | weight=3.3414
  phi before: [0. 0.]
  residual capacity: [2.6283 2.6283]
  Solved in 1652.1ms | energy=-31.980370 | feasible=True
  phi after:  [1.6441 1.6973]

[Sub-QUBO 2/3] 4 entities | weight=1.5813
  phi before: [1.6441 1.6973]
  residual capacity: [0.9842 0.931 ]
  Solved in 1746.6ms | energy=-21.777631 | feasible=True
  phi after:  [2.4933 2.4294]

[Sub-QUBO 3/3] 2 entities | weight=0.3339
  phi before: [2.4933 2.4294]
  residual capacity: [0.135  0.1989]
  Solved in 727.2ms | energy=-10.046562 | feasible=True
  phi after:  [2.5533 2.7032]

--- Run Complete ---
Final core loads: [2.5533 2.7032]
Load imbalance:   0.149883  (L_avg=2.6283)
Movable entities assigned: 10/10 | Fixed RT assignments: 0
Validating assembled global assignment...
Global assignment feasible: True
Global candidate energy:   -63.804563
Global optimum energy:     -63.815748
Globally optimal:          False
