
--- Iterative Run Started at Tue Jul  7 14:03:07 2026 ---
Building Q_global...
QUBO Matrix completed in 0.0001s
Partitioning in Sub-QUBOs...
3 sub-QUBOs | sizes: [4, 4, 2]
Starting Iterative Loop...

[Sub-QUBO 1/3] 4 entities | weight=3.3906
  phi before: [0. 0.]
  residual capacity: [2.7526 2.7526]
  Solved in 1825.7ms | energy=-32.915626 | feasible=True
  phi after:  [1.726  1.6646]

[Sub-QUBO 2/3] 4 entities | weight=2.0570
  phi before: [1.726  1.6646]
  residual capacity: [1.0265 1.088 ]
  Solved in 2327.9ms | energy=-22.219240 | feasible=True
  phi after:  [2.6328 2.8148]

[Sub-QUBO 3/3] 2 entities | weight=0.0575
  phi before: [2.6328 2.8148]
  residual capacity: [ 0.1198 -0.0623]
  Solved in 1003.0ms | energy=-10.010468 | feasible=True
  phi after:  [2.6903 2.8148]

--- Run Complete ---
Final core loads: [2.6903 2.8148]
Load imbalance:   0.124554  (L_avg=2.7526)
Movable entities assigned: 10/10 | Fixed RT assignments: 0
Validating assembled global assignment...
Global assignment feasible: True
Global candidate energy:   -65.145334
Global optimum energy:     -65.153083
Globally optimal:          False
