INITIATING QAOA SCHEDULING JOB
WORKLOAD:   3 processes on 2 cores
WEIGHTS:    1.000 total CPU load
QUBO CFG:   Penalty (P) = 5.0
QAOA CFG:   Layers (p) = 2 | Steps = 100 | η = 0.05 | Mixer = xy | Init γ/β = 0.5/0.5
----------------------------------------


--- Raw Run Started at Fri Jun 26 17:48:26 2026 ---
Workload ID: None
Entities: [(1000, 0.3333333333333333), (1001, 0.3333333333333333), (1002, 0.3333333333333333)]
Building QUBO...
QUBO Matrix completed in 3.647804260253906e-05
QUBO solved in 1.2476119995117188

Core Assignment - Energy: -15.4444
Core Assignment - Feasible: True
Core Assignment - Assignments: {1000: 0, 1001: 1, 1002: 1}
Core Assignment - Solve time: 1247.2ms
Validated in 0.0009176731109619141
Core Assignment - Optimal: True
Core Assignment - Global energy: -15.4444

--- Final Schedule ---
  Entity 1000 (w=0.333) → core 0
  Entity 1001 (w=0.333) → core 1
  Entity 1002 (w=0.333) → core 1

Total solve time: 1247.203ms
