INITIATING QAOA SCHEDULING JOB
WORKLOAD:   6 processes on 2 cores
WEIGHTS:    1.000 total CPU load
QUBO CFG:   Penalty (P) = 5.0
QAOA CFG:   Layers (p) = 2 | Steps = 100 | η = 0.05 | Mixer = xy | Init γ/β = 0.5/0.5
----------------------------------------


--- Iterative Run Started at Fri Jun 26 17:49:11 2026 ---
Building Q_global...
QUBO Matrix completed in 0.0001s
Partitioning in Sub-QUBOs...
2 sub-QUBOs | sizes: [3, 3]
Starting Iterative Loop...

[Sub-QUBO 1/2] 3 entities | weight=0.5000
  phi before: [0. 0.]
  residual capacity: [0.5 0.5]
  Solved in 1716.4ms | energy=-15.361111 | feasible=True
  phi after:  [0.1667 0.3333]

[Sub-QUBO 2/2] 3 entities | weight=0.5000
  phi before: [0.1667 0.3333]
  residual capacity: [0.3333 0.1667]
  Solved in 1560.8ms | energy=-15.138889 | feasible=True
  phi after:  [0.5 0.5]

--- Run Complete ---
Final core loads: [0.5 0.5]
Load imbalance:   0.000000  (L_avg=0.5000)
Movable entities assigned: 6/6 | Fixed RT assignments: 0
Validating assembled global assignment...
Global assignment feasible: True
Global candidate energy:   -30.500000
Global optimum energy:     -30.500000
Globally optimal:          True
