INITIATING QAOA SCHEDULING JOB
WORKLOAD:   10 processes on 2 cores
WEIGHTS:    1.000 total CPU load
QUBO CFG:   Penalty (P) = 5.0
QAOA CFG:   Layers (p) = 2 | Steps = 100 | η = 0.05 | Mixer = xy | Init γ/β = 0.5/0.5
----------------------------------------


--- Iterative Run Started at Fri Jun 26 17:50:02 2026 ---
Building Q_global...
QUBO Matrix completed in 0.0001s
Partitioning in Sub-QUBOs...
4 sub-QUBOs | sizes: [3, 3, 3, 1]
Starting Iterative Loop...

[Sub-QUBO 1/4] 3 entities | weight=0.3000
  phi before: [0. 0.]
  residual capacity: [0.5 0.5]
  Solved in 1708.8ms | energy=-15.250000 | feasible=True
  phi after:  [0.1 0.2]

[Sub-QUBO 2/4] 3 entities | weight=0.3000
  phi before: [0.1 0.2]
  residual capacity: [0.4 0.3]
  Solved in 1652.2ms | energy=-15.170000 | feasible=True
  phi after:  [0.3 0.3]

[Sub-QUBO 3/4] 3 entities | weight=0.3000
  phi before: [0.3 0.3]
  residual capacity: [0.2 0.2]
  Solved in 1739.8ms | energy=-15.070000 | feasible=True
  phi after:  [0.4 0.5]

[Sub-QUBO 4/4] 1 entities | weight=0.1000
  phi before: [0.4 0.5]
  residual capacity: [0.1 0. ]
  Solved in 742.7ms | energy=-5.010000 | feasible=True
  phi after:  [0.5 0.5]

--- Run Complete ---
Final core loads: [0.5 0.5]
Load imbalance:   0.000000  (L_avg=0.5000)
Movable entities assigned: 10/10 | Fixed RT assignments: 0
Validating assembled global assignment...
Global assignment feasible: True
Global candidate energy:   -50.500000
Global optimum energy:     -50.500000
Globally optimal:          True
