INITIATING QAOA SCHEDULING JOB
WORKLOAD:   4 processes on 2 cores
WEIGHTS:    1.000 total CPU load
QUBO CFG:   Penalty (P) = 0.0875
QAOA CFG:   Layers (p) = 1 | Steps = 50 | η = 0.1 | Mixer = xy | Init γ/β = 0.5/0.5
----------------------------------------


--- Raw Run Started at Fri Jul  3 17:07:49 2026 ---
Workload ID: None
Entities: [(1000, 0.15), (1001, 0.35), (1002, 0.25), (1003, 0.25)]
Building QUBO...
QUBO Matrix completed in 5.406999844126403e-05
QUBO solved in 0.6862184590008837

Core Assignment - Energy: -0.3500
Core Assignment - Feasible: True
Core Assignment - Assignments: {1000: 1, 1001: 1, 1002: 1, 1003: 1}
Core Assignment - Solve time: 685.9ms
Validated in 0.004344569999375381
Core Assignment - Optimal: False
Core Assignment - Global energy: -0.8500

--- Final Schedule ---
  Entity 1000 (w=0.150) → core 1
  Entity 1001 (w=0.350) → core 1
  Entity 1002 (w=0.250) → core 1
  Entity 1003 (w=0.250) → core 1

Total solve time: 685.874ms
