INITIATING QAOA SCHEDULING JOB
WORKLOAD:   4 processes on 2 cores
WEIGHTS:    1.000 total CPU load
QUBO CFG:   Penalty (P) = 0.175
QAOA CFG:   Layers (p) = 1 | Steps = 3 | η = 0.1 | Mixer = xy | Init γ/β = 0.5/0.5
----------------------------------------


--- Raw Run Started at Fri Jul  3 17:08:14 2026 ---
Workload ID: None
Entities: [(1000, 0.7), (1001, 0.1), (1002, 0.1), (1003, 0.1)]
Building QUBO...
QUBO Matrix completed in 4.764000004797708e-05
QUBO solved in 0.057671021999340155

Core Assignment - Energy: -0.7000
Core Assignment - Feasible: True
Core Assignment - Assignments: {1000: 0, 1001: 0, 1002: 0, 1003: 0}
Core Assignment - Solve time: 57.3ms
Validated in 0.0043272790007904405
Core Assignment - Optimal: False
Core Assignment - Global energy: -1.1200

--- Final Schedule ---
  Entity 1000 (w=0.700) → core 0
  Entity 1001 (w=0.100) → core 0
  Entity 1002 (w=0.100) → core 0
  Entity 1003 (w=0.100) → core 0

Total solve time: 57.301ms
