INITIATING QAOA SCHEDULING JOB
WORKLOAD:   4 processes on 2 cores
WEIGHTS:    1.000 total CPU load
QUBO CFG:   Penalty (P) = 0.35
QAOA CFG:   Layers (p) = 1 | Steps = 1 | η = 0.1 | Mixer = x | Init γ/β = 0.5/0.5
----------------------------------------


--- Raw Run Started at Fri Jul  3 17:09:29 2026 ---
Workload ID: None
Entities: [(1000, 0.15), (1001, 0.35), (1002, 0.25), (1003, 0.25)]
Building QUBO...
QUBO Matrix completed in 5.027100087318104e-05
QUBO solved in 0.34934093599986227

Core Assignment - Energy: 0.0000
Core Assignment - Feasible: False
Core Assignment - Assignments: {}
Core Assignment - Solve time: 349.2ms
WARNING: Infeasible core assignment — increase penalty P
Validated in 0.004085548000148265
Core Assignment - Optimal: False
Core Assignment - Global energy: -1.9000
Core Assignment - Errors: ['Entity 1000 assigned to 2 options', 'Entity 1001 assigned to 2 options', 'Entity 1002 assigned to 2 options', 'Entity 1003 assigned to 2 options']

--- Final Schedule ---
  Entity 1000 (w=0.150) → core ?
  Entity 1001 (w=0.350) → core ?
  Entity 1002 (w=0.250) → core ?
  Entity 1003 (w=0.250) → core ?

Total solve time: 349.246ms
