INITIATING QAOA SCHEDULING JOB
WORKLOAD:   6 processes on 2 cores
WEIGHTS:    1.000 total CPU load
QUBO CFG:   Penalty (P) = 5.0
QAOA CFG:   Layers (p) = 2 | Steps = 100 | η = 0.1 | Mixer = xy | Init γ/β = 0.5/0.5
----------------------------------------


--- Iterative Run Started at Sat Jun 27 19:04:36 2026 ---
Building Q_global...
QUBO Matrix completed in 0.0000s
Partitioning in Sub-QUBOs...
2 sub-QUBOs | sizes: [3, 3]
Starting Iterative Loop...

[Sub-QUBO 1/2] 3 entities | weight=0.8800
  phi before: [0. 0.]
  residual capacity: [0.5 0.5]
  Solved in 1528.9ms | energy=-15.105600 | feasible=True
  phi after:  [0.   0.88]

[Sub-QUBO 2/2] 3 entities | weight=0.1200
  phi before: [0.   0.88]
  residual capacity: [ 0.5  -0.38]
  Solved in 1506.0ms | energy=-15.105600 | feasible=True
  phi after:  [0.12 0.88]

--- Run Complete ---
Final core loads: [0.12 0.88]
Load imbalance:   0.760000  (L_avg=0.5000)
Movable entities assigned: 6/6 | Fixed RT assignments: 0
Validating assembled global assignment...
Global assignment feasible: True
Global candidate energy:   -30.211200
Global optimum energy:     -30.320000
Globally optimal:          False
