INITIATING QAOA SCHEDULING JOB
WORKLOAD:   4 processes on 2 cores
WEIGHTS:    1.001 total CPU load
QUBO CFG:   Penalty (P) = 5.0
QAOA CFG:   Layers (p) = 2 | Steps = 100 | η = 0.1 | Mixer = xy | Init γ/β = 0.5/0.5
----------------------------------------


--- Iterative Run Started at Sat Jun 27 19:06:33 2026 ---
Building Q_global...
QUBO Matrix completed in 0.0000s
Partitioning in Sub-QUBOs...
2 sub-QUBOs | sizes: [3, 1]
Starting Iterative Loop...

[Sub-QUBO 1/2] 3 entities | weight=0.7550
  phi before: [0. 0.]
  residual capacity: [0.5005 0.5005]
  Solved in 1617.4ms | energy=-15.185730 | feasible=True
  phi after:  [0.755 0.   ]

[Sub-QUBO 2/2] 1 entities | weight=0.2460
  phi before: [0.755 0.   ]
  residual capacity: [-0.2545  0.5005]
  Solved in 722.9ms | energy=-5.185730 | feasible=True
  phi after:  [0.755 0.246]

--- Run Complete ---
Final core loads: [0.755 0.246]
Load imbalance:   0.509000  (L_avg=0.5005)
Movable entities assigned: 4/4 | Fixed RT assignments: 0
Validating assembled global assignment...
Global assignment feasible: True
Global candidate energy:   -20.371460
Global optimum energy:     -20.500996
Globally optimal:          False
