INITIATING QAOA SCHEDULING JOB
WORKLOAD:   6 processes on 2 cores
WEIGHTS:    1.000 total CPU load
QUBO CFG:   Penalty (P) = 5.0
QAOA CFG:   Layers (p) = 2 | Steps = 100 | η = 0.1 | Mixer = xy | Init γ/β = 0.5/0.5
----------------------------------------


--- Iterative Run Started at Sat Jun 27 18:30:44 2026 ---
Building Q_global...
QUBO Matrix completed in 0.0000s
Partitioning in Sub-QUBOs...
2 sub-QUBOs | sizes: [3, 3]
Starting Iterative Loop...

[Sub-QUBO 1/2] 3 entities | weight=0.7600
  phi before: [0. 0.]
  residual capacity: [0.5 0.5]
  Solved in 1498.9ms | energy=-15.291200 | feasible=True
  phi after:  [0.08 0.68]

[Sub-QUBO 2/2] 3 entities | weight=0.2400
  phi before: [0.08 0.68]
  residual capacity: [ 0.42 -0.18]
  Solved in 1487.7ms | energy=-15.144000 | feasible=True
  phi after:  [0.32 0.68]

--- Run Complete ---
Final core loads: [0.32 0.68]
Load imbalance:   0.360000  (L_avg=0.5000)
Movable entities assigned: 6/6 | Fixed RT assignments: 0
Validating assembled global assignment...
Global assignment feasible: True
Global candidate energy:   -30.435200
Global optimum energy:     -30.480000
Globally optimal:          False
