INITIATING QAOA SCHEDULING JOB
WORKLOAD:   6 processes on 2 cores
WEIGHTS:    1.000 total CPU load
QUBO CFG:   Penalty (P) = 5.0
QAOA CFG:   Layers (p) = 2 | Steps = 100 | η = 0.1 | Mixer = xy | Init γ/β = 0.5/0.5
----------------------------------------


--- Iterative Run Started at Sat Jun 27 18:33:44 2026 ---
Building Q_global...
QUBO Matrix completed in 0.0000s
Partitioning in Sub-QUBOs...
2 sub-QUBOs | sizes: [3, 3]
Starting Iterative Loop...

[Sub-QUBO 1/2] 3 entities | weight=0.9400
  phi before: [0. 0.]
  residual capacity: [0.5 0.5]
  Solved in 1510.8ms | energy=-15.093200 | feasible=True
  phi after:  [0.02 0.92]

[Sub-QUBO 2/2] 3 entities | weight=0.0600
  phi before: [0.02 0.92]
  residual capacity: [ 0.48 -0.42]
  Solved in 1484.1ms | energy=-15.054000 | feasible=True
  phi after:  [0.08 0.92]

--- Run Complete ---
Final core loads: [0.08 0.92]
Load imbalance:   0.840000  (L_avg=0.5000)
Movable entities assigned: 6/6 | Fixed RT assignments: 0
Validating assembled global assignment...
Global assignment feasible: True
Global candidate energy:   -30.147200
Global optimum energy:     -30.180000
Globally optimal:          False
