INITIATING ADAPTIVE CLUSTERING FOR PRESET SNAPSHOT

================================================================================
 ADAPTIVE CLUSTERING RESULT 
 Source ID: phase4-e1c-synthetic | Bundles: 2
================================================================================
 B_ID |   AGG CPU% |  AGG MEM(MB) | MEMBERS (PIDs)
--------------------------------------------------
    0 |      81.2% |       720.0 | [2101, 2102, 2103]
    1 |      16.6% |      5760.0 | [2201, 2202, 2203]
================================================================================

----------------------------------------

INITIATING QAOA SCHEDULING JOB
WORKLOAD:   2 processes on 2 cores
WEIGHTS:    0.979 total CPU load
QUBO CFG:   Penalty (P) = 5.0
QAOA CFG:   Layers (p) = 1 | Steps = 100 | η = 0.1 | Mixer = xy | Init γ/β = 0.5/0.5
----------------------------------------


--- Iterative Run Started at Sat Jun 27 18:38:09 2026 ---
Building Q_global...
QUBO Matrix completed in 0.0000s
Partitioning in Sub-QUBOs...
1 sub-QUBOs | sizes: [2]
Starting Iterative Loop...

[Sub-QUBO 1/1] 2 entities | weight=0.9785
  phi before: [0. 0.]
  residual capacity: [0.4892 0.4892]
  Solved in 624.5ms | energy=-10.269750 | feasible=True
  phi after:  [0.166  0.8125]

--- Run Complete ---
Final core loads: [0.166  0.8125]
Load imbalance:   0.646500  (L_avg=0.4893)
Movable entities assigned: 2/2 | Fixed RT assignments: 0
Validating assembled global assignment...
Global assignment feasible: True
Global candidate energy:   -10.269750
Global optimum energy:     -10.269750
Globally optimal:          True
