INITIATING QAOA SCHEDULING JOB
WORKLOAD:   4 processes on 2 cores
WEIGHTS:    1.000 total CPU load
QUBO CFG:   Penalty (P) = 0.35
QAOA CFG:   Layers (p) = 3 | Steps = 20 | η = 0.1 | Mixer = xy | Init γ/β = 0.5/0.5
----------------------------------------


--- Raw Run Started at Fri Jul  3 17:09:50 2026 ---
Workload ID: None
Entities: [(1000, 0.15), (1001, 0.35), (1002, 0.25), (1003, 0.25)]
Building QUBO...
QUBO Matrix completed in 4.072999945492484e-05
QUBO solved in 0.58125827099866

Core Assignment - Energy: -1.4000
Core Assignment - Feasible: True
Core Assignment - Assignments: {1000: 1, 1001: 1, 1002: 1, 1003: 1}
Core Assignment - Solve time: 580.8ms
Validated in 0.00439496899889491
Core Assignment - Optimal: False
Core Assignment - Global energy: -1.9000

--- Final Schedule ---
  Entity 1000 (w=0.150) → core 1
  Entity 1001 (w=0.350) → core 1
  Entity 1002 (w=0.250) → core 1
  Entity 1003 (w=0.250) → core 1

Total solve time: 580.847ms
