INITIATING QAOA SCHEDULING JOB
WORKLOAD:   4 processes on 2 cores
WEIGHTS:    1.000 total CPU load
QUBO CFG:   Penalty (P) = 0.7
QAOA CFG:   Layers (p) = 2 | Steps = 100 | η = 0.1 | Mixer = xy | Init γ/β = 0.5/0.5
----------------------------------------


--- Raw Run Started at Fri Jul  3 17:10:12 2026 ---
Workload ID: None
Entities: [(1000, 0.7), (1001, 0.1), (1002, 0.1), (1003, 0.1)]
Building QUBO...
QUBO Matrix completed in 4.6360999476746656e-05
QUBO solved in 1.8251760059993103

Core Assignment - Energy: -2.8000
Core Assignment - Feasible: True
Core Assignment - Assignments: {1000: 1, 1001: 1, 1002: 1, 1003: 1}
Core Assignment - Solve time: 1824.8ms
Validated in 0.003913886999725946
Core Assignment - Optimal: False
Core Assignment - Global energy: -3.2200

--- Final Schedule ---
  Entity 1000 (w=0.700) → core 1
  Entity 1001 (w=0.100) → core 1
  Entity 1002 (w=0.100) → core 1
  Entity 1003 (w=0.100) → core 1

Total solve time: 1824.805ms
