INITIATING QAOA SCHEDULING JOB
WORKLOAD:   4 processes on 2 cores
WEIGHTS:    1.000 total CPU load
QUBO CFG:   Penalty (P) = 1.24
QAOA CFG:   Layers (p) = 2 | Steps = 100 | η = 0.05 | Mixer = x | Init γ/β = 0.5/0.5
----------------------------------------


--- Raw Run Started at Fri Jun 26 17:48:14 2026 ---
Workload ID: None
Entities: [(1000, 0.62), (1001, 0.2), (1002, 0.11), (1003, 0.07)]
Building QUBO...
QUBO Matrix completed in 4.410743713378906e-05
QUBO solved in 2.259592294692993

Core Assignment - Energy: -5.4312
Core Assignment - Feasible: True
Core Assignment - Assignments: {1000: 0, 1001: 1, 1002: 1, 1003: 1}
Core Assignment - Solve time: 2259.2ms
Validated in 0.0038182735443115234
Core Assignment - Optimal: True
Core Assignment - Global energy: -5.4312

--- Final Schedule ---
  Entity 1000 (w=0.620) → core 0
  Entity 1001 (w=0.200) → core 1
  Entity 1002 (w=0.110) → core 1
  Entity 1003 (w=0.070) → core 1

Total solve time: 2259.205ms
