INITIATING QAOA SCHEDULING JOB
WORKLOAD:   4 processes on 2 cores
WEIGHTS:    1.000 total CPU load
QUBO CFG:   Penalty (P) = 0.55
QAOA CFG:   Layers (p) = 2 | Steps = 100 | η = 0.05 | Mixer = x | Init γ/β = 0.5/0.5
----------------------------------------


--- Raw Run Started at Fri Jun 26 17:47:35 2026 ---
Workload ID: None
Entities: [(1000, 0.55), (1001, 0.2), (1002, 0.15), (1003, 0.1)]
Building QUBO...
QUBO Matrix completed in 3.838539123535156e-05
QUBO solved in 2.2607808113098145

Core Assignment - Energy: -2.6950
Core Assignment - Feasible: True
Core Assignment - Assignments: {1000: 0, 1001: 1, 1002: 1, 1003: 1}
Core Assignment - Solve time: 2260.4ms
Validated in 0.0037801265716552734
Core Assignment - Optimal: True
Core Assignment - Global energy: -2.6950

--- Final Schedule ---
  Entity 1000 (w=0.550) → core 0
  Entity 1001 (w=0.200) → core 1
  Entity 1002 (w=0.150) → core 1
  Entity 1003 (w=0.100) → core 1

Total solve time: 2260.357ms
