INITIATING QAOA SCHEDULING JOB
WORKLOAD:   4 processes on 2 cores
WEIGHTS:    1.000 total CPU load
QUBO CFG:   Penalty (P) = 0.48
QAOA CFG:   Layers (p) = 2 | Steps = 100 | η = 0.05 | Mixer = x | Init γ/β = 0.5/0.5
----------------------------------------


--- Raw Run Started at Fri Jun 26 17:47:44 2026 ---
Workload ID: None
Entities: [(1000, 0.48), (1001, 0.27), (1002, 0.15), (1003, 0.1)]
Building QUBO...
QUBO Matrix completed in 4.673004150390625e-05
QUBO solved in 2.2470481395721436

Core Assignment - Energy: -2.4192
Core Assignment - Feasible: True
Core Assignment - Assignments: {1000: 1, 1001: 0, 1002: 0, 1003: 0}
Core Assignment - Solve time: 2246.7ms
Validated in 0.003874063491821289
Core Assignment - Optimal: True
Core Assignment - Global energy: -2.4192

--- Final Schedule ---
  Entity 1000 (w=0.480) → core 1
  Entity 1001 (w=0.270) → core 0
  Entity 1002 (w=0.150) → core 0
  Entity 1003 (w=0.100) → core 0

Total solve time: 2246.676ms
