INITIATING QAOA SCHEDULING JOB
WORKLOAD:   4 processes on 2 cores
WEIGHTS:    1.000 total CPU load
QUBO CFG:   Penalty (P) = 0.58
QAOA CFG:   Layers (p) = 2 | Steps = 100 | η = 0.05 | Mixer = x | Init γ/β = 0.5/0.5
----------------------------------------


--- Raw Run Started at Fri Jun 26 17:48:02 2026 ---
Workload ID: None
Entities: [(1000, 0.58), (1001, 0.22), (1002, 0.13), (1003, 0.07)]
Building QUBO...
QUBO Matrix completed in 3.0994415283203125e-05
QUBO solved in 2.2018373012542725

Core Assignment - Energy: -2.8072
Core Assignment - Feasible: True
Core Assignment - Assignments: {1000: 0, 1001: 1, 1002: 1, 1003: 1}
Core Assignment - Solve time: 2201.5ms
Validated in 0.0038437843322753906
Core Assignment - Optimal: True
Core Assignment - Global energy: -2.8072

--- Final Schedule ---
  Entity 1000 (w=0.580) → core 0
  Entity 1001 (w=0.220) → core 1
  Entity 1002 (w=0.130) → core 1
  Entity 1003 (w=0.070) → core 1

Total solve time: 2201.475ms
