INITIATING QAOA SCHEDULING JOB
WORKLOAD:   4 processes on 2 cores
WEIGHTS:    1.000 total CPU load
QUBO CFG:   Penalty (P) = 0.6
QAOA CFG:   Layers (p) = 2 | Steps = 100 | η = 0.05 | Mixer = x | Init γ/β = 0.5/0.5
----------------------------------------


--- Raw Run Started at Fri Jun 26 17:47:28 2026 ---
Workload ID: None
Entities: [(1000, 0.16), (1001, 0.3), (1002, 0.26), (1003, 0.28)]
Building QUBO...
QUBO Matrix completed in 3.147125244140625e-05
QUBO solved in 2.3302104473114014

Core Assignment - Energy: -2.8968
Core Assignment - Feasible: True
Core Assignment - Assignments: {1000: 0, 1001: 0, 1002: 1, 1003: 1}
Core Assignment - Solve time: 2329.8ms
Validated in 0.003707408905029297
Core Assignment - Optimal: True
Core Assignment - Global energy: -2.8968

--- Final Schedule ---
  Entity 1000 (w=0.160) → core 0
  Entity 1001 (w=0.300) → core 0
  Entity 1002 (w=0.260) → core 1
  Entity 1003 (w=0.280) → core 1

Total solve time: 2329.793ms
