INITIATING QAOA SCHEDULING JOB
WORKLOAD:   4 processes on 2 cores
WEIGHTS:    1.000 total CPU load
QUBO CFG:   Penalty (P) = 0.31
QAOA CFG:   Layers (p) = 2 | Steps = 100 | η = 0.05 | Mixer = x | Init γ/β = 0.5/0.5
----------------------------------------


--- Raw Run Started at Fri Jun 26 17:46:54 2026 ---
Workload ID: None
Entities: [(1000, 0.18), (1001, 0.22), (1002, 0.31), (1003, 0.29)]
Building QUBO...
QUBO Matrix completed in 3.647804260253906e-05
QUBO solved in 2.163881301879883

Core Assignment - Energy: -1.7398
Core Assignment - Feasible: True
Core Assignment - Assignments: {1000: 0, 1001: 1, 1002: 0, 1003: 1}
Core Assignment - Solve time: 2163.5ms
Validated in 0.0037627220153808594
Core Assignment - Optimal: True
Core Assignment - Global energy: -1.7398

--- Final Schedule ---
  Entity 1000 (w=0.180) → core 0
  Entity 1001 (w=0.220) → core 1
  Entity 1002 (w=0.310) → core 0
  Entity 1003 (w=0.290) → core 1

Total solve time: 2163.455ms
