INITIATING QAOA SCHEDULING JOB
WORKLOAD:   4 processes on 2 cores
WEIGHTS:    1.000 total CPU load
QUBO CFG:   Penalty (P) = 0.62
QAOA CFG:   Layers (p) = 2 | Steps = 100 | η = 0.05 | Mixer = x | Init γ/β = 0.5/0.5
----------------------------------------


--- Raw Run Started at Fri Jun 26 17:48:11 2026 ---
Workload ID: None
Entities: [(1000, 0.62), (1001, 0.2), (1002, 0.11), (1003, 0.07)]
Building QUBO...
QUBO Matrix completed in 3.1948089599609375e-05
QUBO solved in 2.2839481830596924

Core Assignment - Energy: -2.9512
Core Assignment - Feasible: True
Core Assignment - Assignments: {1000: 0, 1001: 1, 1002: 1, 1003: 1}
Core Assignment - Solve time: 2283.6ms
Validated in 0.0038633346557617188
Core Assignment - Optimal: True
Core Assignment - Global energy: -2.9512

--- Final Schedule ---
  Entity 1000 (w=0.620) → core 0
  Entity 1001 (w=0.200) → core 1
  Entity 1002 (w=0.110) → core 1
  Entity 1003 (w=0.070) → core 1

Total solve time: 2283.579ms
