INITIATING QAOA SCHEDULING JOB
WORKLOAD:   4 processes on 2 cores
WEIGHTS:    1.000 total CPU load
QUBO CFG:   Penalty (P) = 0.28
QAOA CFG:   Layers (p) = 2 | Steps = 100 | η = 0.05 | Mixer = x | Init γ/β = 0.5/0.5
----------------------------------------


--- Raw Run Started at Fri Jun 26 17:47:21 2026 ---
Workload ID: None
Entities: [(1000, 0.25), (1001, 0.27), (1002, 0.2), (1003, 0.28)]
Building QUBO...
QUBO Matrix completed in 3.814697265625e-05
QUBO solved in 2.3059329986572266

Core Assignment - Energy: -1.6192
Core Assignment - Feasible: True
Core Assignment - Assignments: {1000: 1, 1001: 1, 1002: 0, 1003: 0}
Core Assignment - Solve time: 2305.5ms
Validated in 0.0038323402404785156
Core Assignment - Optimal: True
Core Assignment - Global energy: -1.6192

--- Final Schedule ---
  Entity 1000 (w=0.250) → core 1
  Entity 1001 (w=0.270) → core 1
  Entity 1002 (w=0.200) → core 0
  Entity 1003 (w=0.280) → core 0

Total solve time: 2305.465ms
