INITIATING QAOA SCHEDULING JOB
WORKLOAD:   4 processes on 2 cores
WEIGHTS:    1.000 total CPU load
QUBO CFG:   Penalty (P) = 0.6
QAOA CFG:   Layers (p) = 2 | Steps = 100 | η = 0.05 | Mixer = x | Init γ/β = 0.5/0.5
----------------------------------------


--- Raw Run Started at Fri Jun 26 17:47:40 2026 ---
Workload ID: None
Entities: [(1000, 0.6), (1001, 0.18), (1002, 0.12), (1003, 0.1)]
Building QUBO...
QUBO Matrix completed in 3.719329833984375e-05
QUBO solved in 2.221550703048706

Core Assignment - Energy: -2.8800
Core Assignment - Feasible: True
Core Assignment - Assignments: {1000: 0, 1001: 1, 1002: 1, 1003: 1}
Core Assignment - Solve time: 2221.1ms
Validated in 0.0038466453552246094
Core Assignment - Optimal: True
Core Assignment - Global energy: -2.8800

--- Final Schedule ---
  Entity 1000 (w=0.600) → core 0
  Entity 1001 (w=0.180) → core 1
  Entity 1002 (w=0.120) → core 1
  Entity 1003 (w=0.100) → core 1

Total solve time: 2221.148ms
