INITIATING QAOA SCHEDULING JOB
WORKLOAD:   4 processes on 2 cores
WEIGHTS:    1.000 total CPU load
QUBO CFG:   Penalty (P) = 0.29
QAOA CFG:   Layers (p) = 2 | Steps = 100 | η = 0.05 | Mixer = x | Init γ/β = 0.5/0.5
----------------------------------------


--- Raw Run Started at Fri Jun 26 17:47:30 2026 ---
Workload ID: None
Entities: [(1000, 0.29), (1001, 0.24), (1002, 0.22), (1003, 0.25)]
Building QUBO...
QUBO Matrix completed in 3.6716461181640625e-05
QUBO solved in 2.222500801086426

Core Assignment - Energy: -1.6598
Core Assignment - Feasible: True
Core Assignment - Assignments: {1000: 0, 1001: 1, 1002: 0, 1003: 1}
Core Assignment - Solve time: 2222.1ms
Validated in 0.003970623016357422
Core Assignment - Optimal: True
Core Assignment - Global energy: -1.6598

--- Final Schedule ---
  Entity 1000 (w=0.290) → core 0
  Entity 1001 (w=0.240) → core 1
  Entity 1002 (w=0.220) → core 0
  Entity 1003 (w=0.250) → core 1

Total solve time: 2222.086ms
