INITIATING QAOA SCHEDULING JOB
WORKLOAD:   4 processes on 2 cores
WEIGHTS:    1.000 total CPU load
QUBO CFG:   Penalty (P) = 0.56
QAOA CFG:   Layers (p) = 2 | Steps = 100 | η = 0.05 | Mixer = x | Init γ/β = 0.5/0.5
----------------------------------------


--- Raw Run Started at Fri Jun 26 17:47:05 2026 ---
Workload ID: None
Entities: [(1000, 0.23), (1001, 0.24), (1002, 0.28), (1003, 0.25)]
Building QUBO...
QUBO Matrix completed in 4.7206878662109375e-05
QUBO solved in 2.2180063724517822

Core Assignment - Energy: -2.7398
Core Assignment - Feasible: True
Core Assignment - Assignments: {1000: 0, 1001: 1, 1002: 0, 1003: 1}
Core Assignment - Solve time: 2217.5ms
Validated in 0.0037276744842529297
Core Assignment - Optimal: True
Core Assignment - Global energy: -2.7398

--- Final Schedule ---
  Entity 1000 (w=0.230) → core 0
  Entity 1001 (w=0.240) → core 1
  Entity 1002 (w=0.280) → core 0
  Entity 1003 (w=0.250) → core 1

Total solve time: 2217.547ms
