INITIATING QAOA SCHEDULING JOB
WORKLOAD:   4 processes on 2 cores
WEIGHTS:    1.005 total CPU load
QUBO CFG:   Penalty (P) = 5.0
QAOA CFG:   Layers (p) = 1 | Steps = 100 | η = 0.1 | Mixer = xy | Init γ/β = 0.5/0.5
----------------------------------------


--- Iterative Run Started at Sat Jun 27 18:35:57 2026 ---
Building Q_global...
QUBO Matrix completed in 0.0000s
Partitioning in Sub-QUBOs...
2 sub-QUBOs | sizes: [3, 1]
Starting Iterative Loop...

[Sub-QUBO 1/2] 3 entities | weight=0.7800
  phi before: [0. 0.]
  residual capacity: [0.5025 0.5025]
  Solved in 983.7ms | energy=-15.453250 | feasible=True
  phi after:  [0.275 0.505]

[Sub-QUBO 2/2] 1 entities | weight=0.2250
  phi before: [0.275 0.505]
  residual capacity: [ 0.2275 -0.0025]
  Solved in 566.0ms | energy=-5.051750 | feasible=True
  phi after:  [0.5   0.505]

--- Run Complete ---
Final core loads: [0.5   0.505]
Load imbalance:   0.005000  (L_avg=0.5025)
Movable entities assigned: 4/4 | Fixed RT assignments: 0
Validating assembled global assignment...
Global assignment feasible: True
Global candidate energy:   -20.505000
Global optimum energy:     -20.505000
Globally optimal:          True
