INITIATING QAOA SCHEDULING JOB
WORKLOAD:   4 processes on 2 cores
WEIGHTS:    1.010 total CPU load
QUBO CFG:   Penalty (P) = 5.0
QAOA CFG:   Layers (p) = 1 | Steps = 100 | η = 0.1 | Mixer = xy | Init γ/β = 0.5/0.5
----------------------------------------


--- Iterative Run Started at Sat Jun 27 18:36:35 2026 ---
Building Q_global...
QUBO Matrix completed in 0.0000s
Partitioning in Sub-QUBOs...
2 sub-QUBOs | sizes: [3, 1]
Starting Iterative Loop...

[Sub-QUBO 1/2] 3 entities | weight=0.8100
  phi before: [0. 0.]
  residual capacity: [0.505 0.505]
  Solved in 985.2ms | energy=-15.468000 | feasible=True
  phi after:  [0.3  0.51]

[Sub-QUBO 2/2] 1 entities | weight=0.2000
  phi before: [0.3  0.51]
  residual capacity: [ 0.205 -0.005]
  Solved in 565.4ms | energy=-5.042000 | feasible=True
  phi after:  [0.5  0.51]

--- Run Complete ---
Final core loads: [0.5  0.51]
Load imbalance:   0.010000  (L_avg=0.5050)
Movable entities assigned: 4/4 | Fixed RT assignments: 0
Validating assembled global assignment...
Global assignment feasible: True
Global candidate energy:   -20.510000
Global optimum energy:     -20.510000
Globally optimal:          True
