INITIATING ADAPTIVE CLUSTERING FOR PRESET SNAPSHOT

================================================================================
 ADAPTIVE CLUSTERING RESULT 
 Source ID: phase4-e1c-synthetic | Bundles: 2
================================================================================
 B_ID |   AGG CPU% |  AGG MEM(MB) | MEMBERS (PIDs)
--------------------------------------------------
    0 |      83.5% |       720.0 | [2101, 2102, 2103]
    1 |      27.3% |      5760.0 | [2201, 2202, 2203]
================================================================================

----------------------------------------

INITIATING QAOA SCHEDULING JOB
WORKLOAD:   2 processes on 2 cores
WEIGHTS:    1.108 total CPU load
QUBO CFG:   Penalty (P) = 5.0
QAOA CFG:   Layers (p) = 2 | Steps = 100 | η = 0.1 | Mixer = xy | Init γ/β = 0.5/0.5
----------------------------------------


--- Iterative Run Started at Sat Jun 27 18:38:04 2026 ---
Building Q_global...
QUBO Matrix completed in 0.0000s
Partitioning in Sub-QUBOs...
1 sub-QUBOs | sizes: [2]
Starting Iterative Loop...

[Sub-QUBO 1/1] 2 entities | weight=1.1077
  phi before: [0. 0.]
  residual capacity: [0.5538 0.5538]
  Solved in 790.9ms | energy=-10.455971 | feasible=True
  phi after:  [0.8345 0.2732]

--- Run Complete ---
Final core loads: [0.8345 0.2732]
Load imbalance:   0.561300  (L_avg=0.5538)
Movable entities assigned: 2/2 | Fixed RT assignments: 0
Validating assembled global assignment...
Global assignment feasible: True
Global candidate energy:   -10.455971
Global optimum energy:     -10.455971
Globally optimal:          True
