INITIATING QAOA SCHEDULING JOB
WORKLOAD:   4 processes on 2 cores
WEIGHTS:    1.000 total CPU load
QUBO CFG:   Penalty (P) = 0.7
QAOA CFG:   Layers (p) = 2 | Steps = 100 | η = 0.1 | Mixer = xy | Init γ/β = 0.5/0.5
----------------------------------------


--- Raw Run Started at Fri Jul  3 17:06:10 2026 ---
Workload ID: None
Entities: [(1000, 0.7), (1001, 0.1), (1002, 0.1), (1003, 0.1)]
Building QUBO...
QUBO Matrix completed in 3.41199993272312e-05
QUBO solved in 1.943000540999492

Core Assignment - Energy: -3.2200
Core Assignment - Feasible: True
Core Assignment - Assignments: {1000: 0, 1001: 1, 1002: 1, 1003: 1}
Core Assignment - Solve time: 1942.4ms
Validated in 0.004444299000169849
Core Assignment - Optimal: True
Core Assignment - Global energy: -3.2200

--- Final Schedule ---
  Entity 1000 (w=0.700) → core 0
  Entity 1001 (w=0.100) → core 1
  Entity 1002 (w=0.100) → core 1
  Entity 1003 (w=0.100) → core 1

Total solve time: 1942.425ms
