INITIATING QAOA SCHEDULING JOB
WORKLOAD:   4 processes on 3 cores
WEIGHTS:    1.000 total CPU load
QUBO CFG:   Penalty (P) = 5.0
QAOA CFG:   Layers (p) = 1 | Steps = 60 | η = 0.05 | Mixer = xy | Init γ/β = 0.5/0.5
----------------------------------------


--- Raw Run Started at Thu May 21 17:09:57 2026 ---
Workload ID: None
Entities: [(1000, 0.4), (1001, 0.25), (1002, 0.2), (1003, 0.15)]
Building QUBO...
QUBO Matrix completed in 4.4345855712890625e-05
QUBO solved in 1.4210200309753418

Core Assignment - Energy: -20.3217
Core Assignment - Feasible: True
Core Assignment - Assignments: {1000: 2, 1001: 0, 1002: 1, 1003: 1}
Core Assignment - Solve time: 1420.6ms
Validated in 0.0574803352355957
Core Assignment - Optimal: True
Core Assignment - Global energy: -20.3217

--- Final Schedule ---
  Entity 1000 (w=0.400) → core 2
  Entity 1001 (w=0.250) → core 0
  Entity 1002 (w=0.200) → core 1
  Entity 1003 (w=0.150) → core 1

Total solve time: 1420.584ms
